<html>
<body>
<pre>
<h1>µVision Build Log</h1>
<h2>Tool Versions:</h2>
IDE-Version: ¦ÌVision V5.23.0.0
Copyright (C) 2017 ARM Ltd and ARM Germany GmbH. All rights reserved.
License Information: X ZP, NJTS, LIC=FQQEV-PYUG9-D2UL7-EH8WI-MQ36S-SZ0YT
 
Tool Versions:
Toolchain:       MDK-ARM Professional  Version: 5.23
Toolchain Path:  C:\Program Files (x86)\Keil_v5_MDK\ARM\ARMCC\Bin
C Compiler:      Armcc.exe V5.06 update 4 (build 422)
Assembler:       Armasm.exe V5.06 update 4 (build 422)
Linker/Locator:  ArmLink.exe V5.06 update 4 (build 422)
Library Manager: ArmAr.exe V5.06 update 4 (build 422)
Hex Converter:   FromElf.exe V5.06 update 4 (build 422)
CPU DLL:         SARMCM3.DLL V5.23
Dialog DLL:      DCM.DLL V1.15.0.0
Target DLL:      NULink\Nu_Link.dll V2.01
Dialog DLL:      TCM.DLL V1.27.0.0
 
<h2>Project:</h2>
D:\Study\Huawei LiteOS\LiteOS_Kernel-master\projects\NUTINY-NUC472H-KEIL\HuaweiLiteOS.uvprojx
Project File Date:  06/22/2017

<h2>Output:</h2>
*** Using Compiler 'V5.06 update 4 (build 422)', folder: 'C:\Program Files (x86)\Keil_v5_MDK\ARM\ARMCC\Bin'
Rebuild target 'LiteOS'
compiling los_sys.c...
compiling los_priqueue.c...
compiling los_swtmr.c...
compiling los_tick.c...
compiling los_timeslice.c...
compiling los_task.c...
compiling los_event.c...
compiling los_mux.c...
compiling los_queue.c...
compiling los_sem.c...
compiling los_membox.c...
compiling los_memstat.c...
compiling los_memory.c...
compiling los_multipledlinkhead.c...
compiling los_misc.c...
compiling los_config.c...
compiling los_hw.c...
assembling los_dispatch_keil.s...
compiling los_hw_tick.c...
compiling los_hwi.c...
compiling cmsis_liteos.c...
compiling los_bsp_key.c...
compiling los_bsp_led.c...
compiling los_bsp_adapter.c...
..\..\platform\NUTINY-NUC472H\Library\NUC472_442.h(29203): warning:  #47-D: incompatible redefinition of macro "TRUE"  (declared at line 111 of "..\..\kernel\include\los_typedef.h")
  #define TRUE           (1)      ///< Boolean true, define to use in API parameters or return value
..\..\platform\NUTINY-NUC472H\Library\NUC472_442.h(29204): warning:  #47-D: incompatible redefinition of macro "FALSE"  (declared at line 107 of "..\..\kernel\include\los_typedef.h")
  #define FALSE          (0)      ///< Boolean false, define to use in API parameters or return value
..\..\platform\NUTINY-NUC472H\los_bsp_adapter.c: 2 warnings, 0 errors
assembling los_startup_keil.s...
compiling los_bsp_uart.c...
..\..\platform\NUTINY-NUC472H\Library\NUC472_442.h(29203): warning:  #47-D: incompatible redefinition of macro "TRUE"  (declared at line 111 of "..\..\kernel\include\los_typedef.h")
  #define TRUE           (1)      ///< Boolean true, define to use in API parameters or return value
..\..\platform\NUTINY-NUC472H\Library\NUC472_442.h(29204): warning:  #47-D: incompatible redefinition of macro "FALSE"  (declared at line 107 of "..\..\kernel\include\los_typedef.h")
  #define FALSE          (0)      ///< Boolean false, define to use in API parameters or return value
..\..\platform\NUTINY-NUC472H\los_bsp_uart.c: 2 warnings, 0 errors
compiling clk.c...
compiling main.c...
..\..\platform\NUTINY-NUC472H\Library\NUC472_442.h(29203): warning:  #47-D: incompatible redefinition of macro "TRUE"  (declared at line 111 of "..\..\kernel\include\los_typedef.h")
  #define TRUE           (1)      ///< Boolean true, define to use in API parameters or return value
..\..\platform\NUTINY-NUC472H\Library\NUC472_442.h(29204): warning:  #47-D: incompatible redefinition of macro "FALSE"  (declared at line 107 of "..\..\kernel\include\los_typedef.h")
  #define FALSE          (0)      ///< Boolean false, define to use in API parameters or return value
..\..\user\main.c: 2 warnings, 0 errors
compiling gpio.c...
compiling sys.c...
compiling system_NUC472_442.c...
compiling los_api_dynamic_mem.c...
compiling los_api_event.c...
compiling los_api_fs.c...
compiling los_api_interrupt.c...
compiling los_api_list.c...
compiling los_api_mutex.c...
compiling los_api_msgqueue.c...
compiling los_api_static_mem.c...
compiling los_api_sem.c...
compiling los_api_systick.c...
compiling los_api_task.c...
compiling los_cmsis_main.c...
compiling los_api_timer.c...
compiling los_demo_entry.c...
compiling uart.c...
compiling los_inspect_entry.c...
linking...
Program Size: Code=22840 RO-data=792 RW-data=1480 ZI-data=37752  
".\Objects\HuaweiLiteOS.axf" - 0 Error(s), 6 Warning(s).

<h2>Collection of Component include folders:</h2>
  .\RTE\_LiteOS
  C:\Program Files (x86)\Keil_v5_MDK\ARM\PACK\Nuvoton\NuMicro_DFP\1.0.9\Device\NUC400\Include

<h2>Collection of Component Files used:</h2>
Build Time Elapsed:  00:00:05
</pre>
</body>
</html>
