<html>
<body>
<pre>
<h1>µVision Build Log</h1>
<h2>Tool Versions:</h2>
IDE-Version: ¦ÌVision V5.20.0.0
Copyright (C) 2016 ARM Ltd and ARM Germany GmbH. All rights reserved.
License Information: Cheng Xiaoxia, NARI, LIC=CRMLQ-NAL0Y-PFMIX-H8FCJ-NQ069-G20GX
 
Tool Versions:
Toolchain:       MDK-ARM Professional  Version: 5.20
Toolchain Path:  C:\Keil_v5\ARM\ARMCC\Bin
C Compiler:      Armcc.exe V5.06 update 2 (build 183)
Assembler:       Armasm.exe V5.06 update 2 (build 183)
Linker/Locator:  ArmLink.exe V5.06 update 2 (build 183)
Library Manager: ArmAr.exe V5.06 update 2 (build 183)
Hex Converter:   FromElf.exe V5.06 update 2 (build 183)
CPU DLL:         SARMCM3.DLL V5.20
Dialog DLL:      DCM.DLL V1.13.7.0
Target DLL:      CMSIS_AGDI.dll V1.25.20.0
Dialog DLL:      TCM.DLL V1.14.9.0
 
<h2>Project:</h2>
D:\GitHub\liteos\PortingContest\PortingContest\PortingContest_GD32F103VCT6_ChengXiaoxia_01\GD32F103VCT6\GD32F103VCT6.uvprojx
Project File Date:  06/15/2017

<h2>Output:</h2>
*** Using Compiler 'V5.06 update 2 (build 183)', folder: 'C:\Keil_v5\ARM\ARMCC\Bin'
Build target 'LiteOS'
compiling los_sys.c...
compiling los_priqueue.c...
compiling los_swtmr.c...
compiling los_tick.c...
compiling los_task.c...
compiling los_event.c...
compiling los_timeslice.c...
compiling los_sem.c...
compiling los_queue.c...
compiling los_mux.c...
compiling los_membox.c...
compiling los_memstat.c...
compiling los_memory.c...
compiling los_multipledlinkhead.c...
compiling los_misc.c...
compiling los_hw.c...
compiling los_config.c...
compiling los_hw_tick.c...
assembling los_dispatch_keil.s...
compiling los_hwi.c...
compiling cmsis_liteos.c...
compiling core_cm3.c...
compiling los_bsp_adapter.c...
compiling system_gd32f10x.c...
compiling los_bsp_key.c...
compiling los_bsp_led.c...
assembling startup_gd32f10x_hd.s...
compiling los_bsp_uart.c...
compiling main.c...
compiling gd32f10x_adc.c...
compiling gd32f10x_bkp.c...
compiling gd32f10x_can.c...
compiling gd32f10x_crc.c...
compiling gd32f10x_dac.c...
compiling gd32f10x_eth.c...
compiling gd32f10x_exmc.c...
compiling gd32f10x_dma.c...
compiling gd32f10x_exti.c...
compiling gd32f10X_fmc.c...
compiling gd32f10x_gpio.c...
compiling gd32f10x_i2c.c...
compiling gd32f10x_iwdg.c...
compiling gd32f10x_misc.c...
compiling gd32f10x_mcudbg.c...
compiling gd32f10x_pwr.c...
compiling gd32f10x_rcc.c...
compiling gd32f10x_rtc.c...
compiling gd32f10x_sdio.c...
compiling gd32f10x_spi.c...
compiling gd32f10x_wwdg.c...
compiling gd32f10x_usart.c...
compiling gd32f10x_timer.c...
compiling gd32f10x_it.c...
compiling los_api_event.c...
compiling los_api_dynamic_mem.c...
compiling los_api_fs.c...
compiling los_api_list.c...
compiling los_api_interrupt.c...
compiling los_api_sem.c...
compiling los_api_mutex.c...
compiling los_api_msgqueue.c...
compiling los_api_static_mem.c...
compiling los_api_task.c...
compiling los_api_systick.c...
compiling los_cmsis_main.c...
compiling los_demo_entry.c...
compiling los_api_timer.c...
compiling los_inspect_entry.c...
linking...
Program Size: Code=23396 RO-data=416 RW-data=1456 ZI-data=34680  
".\Objects\GD32F103VCT6.axf" - 0 Error(s), 0 Warning(s).

<h2>Collection of Component include folders:</h2>
  D:\GitHub\liteos\PortingContest\PortingContest\PortingContest_GD32F103VCT6_ChengXiaoxia_01\GD32F103VCT6\RTE
  C:\Keil_v5\ARM\PACK\Keil\GD32F1xx_DFP\1.1.0\Device\GD32F10x\Include

<h2>Collection of Component Files used:</h2>
Build Time Elapsed:  00:01:10
</pre>
</body>
</html>
