<html>
<body>
<pre>
<h1>µVision Build Log</h1>
<h2>Tool Versions:</h2>
IDE-Version: ¦ÌVision V5.20.0.0
Copyright (C) 2016 ARM Ltd and ARM Germany GmbH. All rights reserved.
License Information: zeng Taogal, NBICC, LIC=KIVFW-QHT9S-QHR8A-1CFNW-CZLP4-79WSC
 
Tool Versions:
Toolchain:       MDK-ARM Professional  Version: 5.20
Toolchain Path:  E:\Keil_v5\ARM\ARMCC\Bin
C Compiler:      Armcc.exe V5.06 update 2 (build 183)
Assembler:       Armasm.exe V5.06 update 2 (build 183)
Linker/Locator:  ArmLink.exe V5.06 update 2 (build 183)
Library Manager: ArmAr.exe V5.06 update 2 (build 183)
Hex Converter:   FromElf.exe V5.06 update 2 (build 183)
CPU DLL:         SARMCM3.DLL V5.20
Dialog DLL:      DCM.DLL V1.13.7.0
Target DLL:      Segger\JL2CM3.dll V2.99.20.0
Dialog DLL:      TCM.DLL V1.14.9.0
 
<h2>Project:</h2>
C:\Users\Taogal\Desktop\pull request\PortingContest\PortingContest_NRF52840-PDK-Zenghutao\LiteOS_Kernel\projects\NRF52840-PDK-KEIL\HuaweiLiteOS.uvprojx
Project File Date:  06/30/2017

<h2>Output:</h2>
*** Using Compiler 'V5.06 update 2 (build 183)', folder: 'E:\Keil_v5\ARM\ARMCC\Bin'
Build target 'LiteOS'
compiling los_priqueue.c...
compiling los_event.c...
compiling los_timeslice.c...
compiling los_sys.c...
compiling los_tick.c...
compiling los_swtmr.c...
compiling los_task.c...
compiling los_mux.c...
compiling los_memstat.c...
compiling los_queue.c...
compiling los_multipledlinkhead.c...
compiling los_membox.c...
compiling los_sem.c...
compiling los_memory.c...
compiling los_misc.c...
compiling los_hw_tick.c...
compiling los_hwi.c...
compiling los_hw.c...
compiling los_config.c...
compiling cmsis_liteos.c...
compiling los_api_dynamic_mem.c...
assembling los_dispatch_keil.s...
compiling los_api_event.c...
compiling los_api_interrupt.c...
compiling los_api_list.c...
compiling los_api_msgqueue.c...
compiling los_api_mutex.c...
compiling los_api_sem.c...
compiling los_api_static_mem.c...
compiling los_api_systick.c...
compiling los_api_timer.c...
compiling los_api_task.c...
compiling los_cmsis_main.c...
compiling los_demo_entry.c...
assembling arm_startup_nrf52840.s...
compiling los_bsp_led.c...
compiling los_bsp_key.c...
compiling los_bsp_adapter.c...
compiling los_bsp_uart.c...
compiling los_api_fs.c...
compiling system_nrf52840.c...
compiling los_inspect_entry.c...
compiling main.c...
linking...
Program Size: Code=23168 RO-data=632 RW-data=1436 ZI-data=41844  
FromELF: creating hex file...
".\Objects\HuaweiLiteOS.axf" - 0 Error(s), 0 Warning(s).

<h2>Software Packages used:</h2>

Package Vendor: ARM
                http://www.keil.com/pack/ARM.CMSIS.4.5.0.pack
                ARM::CMSIS:CORE:4.3.0
                CMSIS (Cortex Microcontroller Software Interface Standard)
   * Component: CORE Version: 4.3.0
   * Component: DSP Version: 1.4.6

<h2>Collection of Component include folders:</h2>
  C:\Users\Taogal\Desktop\pull request\PortingContest\PortingContest_NRF52840-PDK-Zenghutao\LiteOS_Kernel\projects\NRF52840-PDK-KEIL\RTE
  E:\Keil_v5\ARM\PACK\ARM\CMSIS\4.5.0\CMSIS\Include
  E:\Keil_v5\ARM\PACK\NordicSemiconductor\nRF_DeviceFamilyPack\8.12.0\Device\Include

<h2>Collection of Component Files used:</h2>

   * Component: ARM::CMSIS:CORE:4.3.0

   * Component: ARM::CMSIS:DSP:1.4.6
      Include file:  CMSIS\Include\arm_math.h
      Library file:  CMSIS\Lib\ARM\arm_cortexM4lf_math.lib
Build Time Elapsed:  00:00:11
</pre>
</body>
</html>
