<!doctype html public "-//w3c//dtd html 4.0 transitional//en">
<html><head>
<title>Static Call Graph - [.\Objects\HuaweiLiteOS.axf]</title></head>
<body><HR>
<H1>Static Call Graph for image .\Objects\HuaweiLiteOS.axf</H1><HR>
<BR><P>#&#060CALLGRAPH&#062# ARM Linker, 5060422: Last Updated: Tue Jun 13 19:52:27 2017
<BR><P>
<H3>Maximum Stack Usage =        288 bytes + Unknown(Functions without stacksize, Untraceable Function Pointers)</H3><H3>
Call chain for Maximum Stack Depth:</H3>
main &rArr; LOS_KernelInit &rArr; osMain &rArr; osSwTmrInit &rArr; osSwTmrTaskCreate &rArr; LOS_TaskCreate &rArr; LOS_TaskCreateOnly &rArr; LOS_MemAllocAlign &rArr; osMemAllocWithCheck &rArr; osMemSpitNode &rArr; LOS_DLnkMultiHead
<P>
<H3>
Functions with no stack information
</H3><UL>
 <LI><a href="#[0]">Reset_Handler</a>
 <LI><a href="#[86]">LOS_StartToRun</a>
 <LI><a href="#[9a]">LOS_IntNumGet</a>
 <LI><a href="#[b0]">osDisableIRQ</a>
 <LI><a href="#[58]">LOS_IntLock</a>
 <LI><a href="#[bb]">LOS_IntUnLock</a>
 <LI><a href="#[59]">LOS_IntRestore</a>
 <LI><a href="#[81]">osTaskSchedule</a>
 <LI><a href="#[2]">PendSV_Handler</a>
</UL>
</UL>
<P>
<H3>
Function Pointers
</H3><UL>
 <LI><a href="#[d]">Example_Dyn_Mem</a> from los_api_dynamic_mem.o(i.Example_Dyn_Mem) referenced 2 times from los_inspect_entry.o(.data)
 <LI><a href="#[16]">Example_Event</a> from los_api_event.o(i.Example_Event) referenced from los_api_event.o(i.Example_SndRcvEvent)
 <LI><a href="#[9]">Example_GetTick</a> from los_api_systick.o(i.Example_GetTick) referenced 2 times from los_inspect_entry.o(.data)
 <LI><a href="#[6]">Example_MsgQueue</a> from los_api_msgqueue.o(i.Example_MsgQueue) referenced 2 times from los_inspect_entry.o(.data)
 <LI><a href="#[8]">Example_MutexLock</a> from los_api_mutex.o(i.Example_MutexLock) referenced 2 times from los_inspect_entry.o(.data)
 <LI><a href="#[12]">Example_MutexTask1</a> from los_api_mutex.o(i.Example_MutexTask1) referenced from los_api_mutex.o(i.Example_MutexLock)
 <LI><a href="#[13]">Example_MutexTask2</a> from los_api_mutex.o(i.Example_MutexTask2) referenced from los_api_mutex.o(i.Example_MutexLock)
 <LI><a href="#[14]">Example_SemTask1</a> from los_api_sem.o(i.Example_SemTask1) referenced from los_api_sem.o(i.Example_Semphore)
 <LI><a href="#[15]">Example_SemTask2</a> from los_api_sem.o(i.Example_SemTask2) referenced from los_api_sem.o(i.Example_Semphore)
 <LI><a href="#[7]">Example_Semphore</a> from los_api_sem.o(i.Example_Semphore) referenced 2 times from los_inspect_entry.o(.data)
 <LI><a href="#[5]">Example_SndRcvEvent</a> from los_api_event.o(i.Example_SndRcvEvent) referenced 2 times from los_inspect_entry.o(.data)
 <LI><a href="#[c]">Example_StaticMem</a> from los_api_static_mem.o(i.Example_StaticMem) referenced 2 times from los_inspect_entry.o(.data)
 <LI><a href="#[17]">Example_TaskHi</a> from los_api_task.o(i.Example_TaskHi) referenced from los_api_task.o(i.Example_TskCaseEntry)
 <LI><a href="#[18]">Example_TaskLo</a> from los_api_task.o(i.Example_TaskLo) referenced from los_api_task.o(i.Example_TskCaseEntry)
 <LI><a href="#[4]">Example_TskCaseEntry</a> from los_api_task.o(i.Example_TskCaseEntry) referenced 2 times from los_inspect_entry.o(.data)
 <LI><a href="#[b]">Example_list</a> from los_api_list.o(i.Example_list) referenced 2 times from los_inspect_entry.o(.data)
 <LI><a href="#[a]">Example_swTimer</a> from los_api_timer.o(i.Example_swTimer) referenced 2 times from los_inspect_entry.o(.data)
 <LI><a href="#[1b]">LOS_Inspect_TskDeal</a> from los_inspect_entry.o(i.LOS_Inspect_TskDeal) referenced from los_inspect_entry.o(i.LOS_Inspect_Entry)
 <LI><a href="#[2]">PendSV_Handler</a> from los_dispatch_keil.o(.text) referenced 2 times from los_hwi.o(.vector.bss)
 <LI><a href="#[2]">PendSV_Handler</a> from los_dispatch_keil.o(.text) referenced from los_startup_keil.o(RESET)
 <LI><a href="#[0]">Reset_Handler</a> from los_startup_keil.o(RESET) referenced 2 times from los_hwi.o(.vector.bss)
 <LI><a href="#[0]">Reset_Handler</a> from los_startup_keil.o(RESET) referenced from los_startup_keil.o(RESET)
 <LI><a href="#[3]">SysTick_Handler</a> from los_bsp_adapter.o(i.SysTick_Handler) referenced 2 times from los_hwi.o(.vector.bss)
 <LI><a href="#[3]">SysTick_Handler</a> from los_bsp_adapter.o(i.SysTick_Handler) referenced from los_startup_keil.o(RESET)
 <LI><a href="#[19]">Timer1_Callback</a> from los_api_timer.o(i.Timer1_Callback) referenced from los_api_timer.o(i.Example_swTimer)
 <LI><a href="#[1a]">Timer2_Callback</a> from los_api_timer.o(i.Timer2_Callback) referenced from los_api_timer.o(i.Example_swTimer)
 <LI><a href="#[e]">__main</a> from entry.o(.ARM.Collect$$$$00000000) referenced from los_startup_keil.o(RESET)
 <LI><a href="#[1c]">fputc</a> from fputc.o(i.fputc) referenced from printf5.o(i.__0printf$5)
 <LI><a href="#[f]">main</a> from main.o(i.main) referenced from entry9a.o(.ARM.Collect$$$$0000000B)
 <LI><a href="#[1]">osHwiDefaultHandler</a> from los_hwi.o(i.osHwiDefaultHandler) referenced 14 times from los_hwi.o(.vector.bss)
 <LI><a href="#[1]">osHwiDefaultHandler</a> from los_hwi.o(i.osHwiDefaultHandler) referenced from los_hwi.o(i.osHwiInit)
 <LI><a href="#[1d]">osIdleTask</a> from los_task.o(i.osIdleTask) referenced from los_task.o(i.osIdleTaskCreate)
 <LI><a href="#[1e]">osSwTmrTask</a> from los_swtmr.o(i.osSwTmrTask) referenced from los_swtmr.o(i.osSwTmrTaskCreate)
 <LI><a href="#[20]">osTaskEntry</a> from los_task.o(i.osTaskEntry) referenced from los_hw.o(i.osTskStackInit)
 <LI><a href="#[1f]">osTaskExit</a> from los_hw.o(i.osTaskExit) referenced from los_hw.o(i.osTskStackInit)
 <LI><a href="#[11]">recv_Entry</a> from los_api_msgqueue.o(i.recv_Entry) referenced from los_api_msgqueue.o(i.Example_MsgQueue)
 <LI><a href="#[10]">send_Entry</a> from los_api_msgqueue.o(i.send_Entry) referenced from los_api_msgqueue.o(i.Example_MsgQueue)
</UL>
<P>
<H3>
Global Symbols
</H3>
<P><STRONG><a name="[0]"></a>Reset_Handler</STRONG> (Thumb, 0 bytes, Stack size unknown bytes, los_startup_keil.o(RESET))
<BR>[Address Reference Count : 2]<UL><LI> los_hwi.o(.vector.bss)
<LI> los_startup_keil.o(RESET)
</UL>
<P><STRONG><a name="[e]"></a>__main</STRONG> (Thumb, 0 bytes, Stack size unknown bytes, entry.o(.ARM.Collect$$$$00000000))
<BR>[Address Reference Count : 1]<UL><LI> los_startup_keil.o(RESET)
</UL>
<P><STRONG><a name="[b5]"></a>_main_stk</STRONG> (Thumb, 0 bytes, Stack size unknown bytes, entry2.o(.ARM.Collect$$$$00000001))

<P><STRONG><a name="[21]"></a>_main_scatterload</STRONG> (Thumb, 0 bytes, Stack size unknown bytes, entry5.o(.ARM.Collect$$$$00000004))
<BR><BR>[Calls]<UL><LI><a href="#[22]">&gt;&gt;</a>&nbsp;&nbsp;&nbsp;__scatterload
</UL>

<P><STRONG><a name="[29]"></a>__main_after_scatterload</STRONG> (Thumb, 0 bytes, Stack size unknown bytes, entry5.o(.ARM.Collect$$$$00000004))
<BR><BR>[Called By]<UL><LI><a href="#[22]">&gt;&gt;</a>&nbsp;&nbsp;&nbsp;__scatterload
</UL>

<P><STRONG><a name="[b6]"></a>_main_clock</STRONG> (Thumb, 0 bytes, Stack size unknown bytes, entry7b.o(.ARM.Collect$$$$00000008))

<P><STRONG><a name="[b7]"></a>_main_cpp_init</STRONG> (Thumb, 0 bytes, Stack size unknown bytes, entry8b.o(.ARM.Collect$$$$0000000A))

<P><STRONG><a name="[b8]"></a>_main_init</STRONG> (Thumb, 0 bytes, Stack size unknown bytes, entry9a.o(.ARM.Collect$$$$0000000B))

<P><STRONG><a name="[b9]"></a>__rt_final_cpp</STRONG> (Thumb, 0 bytes, Stack size unknown bytes, entry10a.o(.ARM.Collect$$$$0000000D))

<P><STRONG><a name="[ba]"></a>__rt_final_exit</STRONG> (Thumb, 0 bytes, Stack size unknown bytes, entry11a.o(.ARM.Collect$$$$0000000F))

<P><STRONG><a name="[86]"></a>LOS_StartToRun</STRONG> (Thumb, 0 bytes, Stack size unknown bytes, los_dispatch_keil.o(.text))
<BR><BR>[Called By]<UL><LI><a href="#[85]">&gt;&gt;</a>&nbsp;&nbsp;&nbsp;LOS_Start
</UL>

<P><STRONG><a name="[9a]"></a>LOS_IntNumGet</STRONG> (Thumb, 0 bytes, Stack size unknown bytes, los_dispatch_keil.o(.text))
<BR><BR>[Called By]<UL><LI><a href="#[96]">&gt;&gt;</a>&nbsp;&nbsp;&nbsp;osIntNumGet
</UL>

<P><STRONG><a name="[b0]"></a>osDisableIRQ</STRONG> (Thumb, 0 bytes, Stack size unknown bytes, los_dispatch_keil.o(.text))
<BR><BR>[Called By]<UL><LI><a href="#[1f]">&gt;&gt;</a>&nbsp;&nbsp;&nbsp;osTaskExit
</UL>

<P><STRONG><a name="[58]"></a>LOS_IntLock</STRONG> (Thumb, 0 bytes, Stack size unknown bytes, los_dispatch_keil.o(.text))
<BR><BR>[Called By]<UL><LI><a href="#[3c]">&gt;&gt;</a>&nbsp;&nbsp;&nbsp;LOS_MuxPost
<LI><a href="#[3b]">&gt;&gt;</a>&nbsp;&nbsp;&nbsp;LOS_MuxPend
<LI><a href="#[39]">&gt;&gt;</a>&nbsp;&nbsp;&nbsp;LOS_MuxDelete
<LI><a href="#[37]">&gt;&gt;</a>&nbsp;&nbsp;&nbsp;LOS_MuxCreate
<LI><a href="#[42]">&gt;&gt;</a>&nbsp;&nbsp;&nbsp;LOS_EventWrite
<LI><a href="#[2f]">&gt;&gt;</a>&nbsp;&nbsp;&nbsp;LOS_EventRead
<LI><a href="#[5a]">&gt;&gt;</a>&nbsp;&nbsp;&nbsp;LOS_EventPoll
<LI><a href="#[43]">&gt;&gt;</a>&nbsp;&nbsp;&nbsp;LOS_EventClear
<LI><a href="#[3e]">&gt;&gt;</a>&nbsp;&nbsp;&nbsp;LOS_SemPost
<LI><a href="#[5d]">&gt;&gt;</a>&nbsp;&nbsp;&nbsp;LOS_Schedule
<LI><a href="#[2d]">&gt;&gt;</a>&nbsp;&nbsp;&nbsp;LOS_MemFree
<LI><a href="#[6e]">&gt;&gt;</a>&nbsp;&nbsp;&nbsp;LOS_MemAllocAlign
<LI><a href="#[20]">&gt;&gt;</a>&nbsp;&nbsp;&nbsp;osTaskEntry
<LI><a href="#[90]">&gt;&gt;</a>&nbsp;&nbsp;&nbsp;LOS_TaskYield
<LI><a href="#[36]">&gt;&gt;</a>&nbsp;&nbsp;&nbsp;LOS_TaskUnlock
<LI><a href="#[48]">&gt;&gt;</a>&nbsp;&nbsp;&nbsp;LOS_TaskSuspend
<LI><a href="#[49]">&gt;&gt;</a>&nbsp;&nbsp;&nbsp;LOS_TaskResume
<LI><a href="#[33]">&gt;&gt;</a>&nbsp;&nbsp;&nbsp;LOS_TaskLock
<LI><a href="#[3a]">&gt;&gt;</a>&nbsp;&nbsp;&nbsp;LOS_TaskDelete
<LI><a href="#[32]">&gt;&gt;</a>&nbsp;&nbsp;&nbsp;LOS_TaskDelay
<LI><a href="#[8a]">&gt;&gt;</a>&nbsp;&nbsp;&nbsp;LOS_TaskCreateOnly
<LI><a href="#[34]">&gt;&gt;</a>&nbsp;&nbsp;&nbsp;LOS_TaskCreate
<LI><a href="#[7f]">&gt;&gt;</a>&nbsp;&nbsp;&nbsp;LOS_QueueWrite
<LI><a href="#[7c]">&gt;&gt;</a>&nbsp;&nbsp;&nbsp;LOS_QueueRead
<LI><a href="#[35]">&gt;&gt;</a>&nbsp;&nbsp;&nbsp;LOS_QueueCreate
<LI><a href="#[44]">&gt;&gt;</a>&nbsp;&nbsp;&nbsp;LOS_MemboxInit
<LI><a href="#[47]">&gt;&gt;</a>&nbsp;&nbsp;&nbsp;LOS_MemboxFree
<LI><a href="#[45]">&gt;&gt;</a>&nbsp;&nbsp;&nbsp;LOS_MemboxAlloc
<LI><a href="#[4e]">&gt;&gt;</a>&nbsp;&nbsp;&nbsp;LOS_SwtmrStop
<LI><a href="#[4d]">&gt;&gt;</a>&nbsp;&nbsp;&nbsp;LOS_SwtmrStart
<LI><a href="#[4f]">&gt;&gt;</a>&nbsp;&nbsp;&nbsp;LOS_SwtmrDelete
<LI><a href="#[4c]">&gt;&gt;</a>&nbsp;&nbsp;&nbsp;LOS_SwtmrCreate
<LI><a href="#[2c]">&gt;&gt;</a>&nbsp;&nbsp;&nbsp;LOS_MemAlloc
<LI><a href="#[92]">&gt;&gt;</a>&nbsp;&nbsp;&nbsp;LOS_TickHandler
<LI><a href="#[2a]">&gt;&gt;</a>&nbsp;&nbsp;&nbsp;LOS_MemInit
<LI><a href="#[3d]">&gt;&gt;</a>&nbsp;&nbsp;&nbsp;LOS_SemPend
<LI><a href="#[40]">&gt;&gt;</a>&nbsp;&nbsp;&nbsp;LOS_SemDelete
<LI><a href="#[3f]">&gt;&gt;</a>&nbsp;&nbsp;&nbsp;LOS_SemCreate
<LI><a href="#[7a]">&gt;&gt;</a>&nbsp;&nbsp;&nbsp;LOS_QueueDelete
</UL>

<P><STRONG><a name="[bb]"></a>LOS_IntUnLock</STRONG> (Thumb, 0 bytes, Stack size unknown bytes, los_dispatch_keil.o(.text), UNUSED)

<P><STRONG><a name="[59]"></a>LOS_IntRestore</STRONG> (Thumb, 0 bytes, Stack size unknown bytes, los_dispatch_keil.o(.text))
<BR><BR>[Called By]<UL><LI><a href="#[3c]">&gt;&gt;</a>&nbsp;&nbsp;&nbsp;LOS_MuxPost
<LI><a href="#[3b]">&gt;&gt;</a>&nbsp;&nbsp;&nbsp;LOS_MuxPend
<LI><a href="#[39]">&gt;&gt;</a>&nbsp;&nbsp;&nbsp;LOS_MuxDelete
<LI><a href="#[37]">&gt;&gt;</a>&nbsp;&nbsp;&nbsp;LOS_MuxCreate
<LI><a href="#[42]">&gt;&gt;</a>&nbsp;&nbsp;&nbsp;LOS_EventWrite
<LI><a href="#[2f]">&gt;&gt;</a>&nbsp;&nbsp;&nbsp;LOS_EventRead
<LI><a href="#[5a]">&gt;&gt;</a>&nbsp;&nbsp;&nbsp;LOS_EventPoll
<LI><a href="#[43]">&gt;&gt;</a>&nbsp;&nbsp;&nbsp;LOS_EventClear
<LI><a href="#[3e]">&gt;&gt;</a>&nbsp;&nbsp;&nbsp;LOS_SemPost
<LI><a href="#[5d]">&gt;&gt;</a>&nbsp;&nbsp;&nbsp;LOS_Schedule
<LI><a href="#[2d]">&gt;&gt;</a>&nbsp;&nbsp;&nbsp;LOS_MemFree
<LI><a href="#[6e]">&gt;&gt;</a>&nbsp;&nbsp;&nbsp;LOS_MemAllocAlign
<LI><a href="#[af]">&gt;&gt;</a>&nbsp;&nbsp;&nbsp;osTaskSelfDelete
<LI><a href="#[20]">&gt;&gt;</a>&nbsp;&nbsp;&nbsp;osTaskEntry
<LI><a href="#[90]">&gt;&gt;</a>&nbsp;&nbsp;&nbsp;LOS_TaskYield
<LI><a href="#[36]">&gt;&gt;</a>&nbsp;&nbsp;&nbsp;LOS_TaskUnlock
<LI><a href="#[48]">&gt;&gt;</a>&nbsp;&nbsp;&nbsp;LOS_TaskSuspend
<LI><a href="#[49]">&gt;&gt;</a>&nbsp;&nbsp;&nbsp;LOS_TaskResume
<LI><a href="#[33]">&gt;&gt;</a>&nbsp;&nbsp;&nbsp;LOS_TaskLock
<LI><a href="#[3a]">&gt;&gt;</a>&nbsp;&nbsp;&nbsp;LOS_TaskDelete
<LI><a href="#[32]">&gt;&gt;</a>&nbsp;&nbsp;&nbsp;LOS_TaskDelay
<LI><a href="#[8a]">&gt;&gt;</a>&nbsp;&nbsp;&nbsp;LOS_TaskCreateOnly
<LI><a href="#[34]">&gt;&gt;</a>&nbsp;&nbsp;&nbsp;LOS_TaskCreate
<LI><a href="#[7f]">&gt;&gt;</a>&nbsp;&nbsp;&nbsp;LOS_QueueWrite
<LI><a href="#[7c]">&gt;&gt;</a>&nbsp;&nbsp;&nbsp;LOS_QueueRead
<LI><a href="#[35]">&gt;&gt;</a>&nbsp;&nbsp;&nbsp;LOS_QueueCreate
<LI><a href="#[44]">&gt;&gt;</a>&nbsp;&nbsp;&nbsp;LOS_MemboxInit
<LI><a href="#[47]">&gt;&gt;</a>&nbsp;&nbsp;&nbsp;LOS_MemboxFree
<LI><a href="#[45]">&gt;&gt;</a>&nbsp;&nbsp;&nbsp;LOS_MemboxAlloc
<LI><a href="#[4e]">&gt;&gt;</a>&nbsp;&nbsp;&nbsp;LOS_SwtmrStop
<LI><a href="#[4d]">&gt;&gt;</a>&nbsp;&nbsp;&nbsp;LOS_SwtmrStart
<LI><a href="#[4f]">&gt;&gt;</a>&nbsp;&nbsp;&nbsp;LOS_SwtmrDelete
<LI><a href="#[4c]">&gt;&gt;</a>&nbsp;&nbsp;&nbsp;LOS_SwtmrCreate
<LI><a href="#[2c]">&gt;&gt;</a>&nbsp;&nbsp;&nbsp;LOS_MemAlloc
<LI><a href="#[92]">&gt;&gt;</a>&nbsp;&nbsp;&nbsp;LOS_TickHandler
<LI><a href="#[2a]">&gt;&gt;</a>&nbsp;&nbsp;&nbsp;LOS_MemInit
<LI><a href="#[3d]">&gt;&gt;</a>&nbsp;&nbsp;&nbsp;LOS_SemPend
<LI><a href="#[40]">&gt;&gt;</a>&nbsp;&nbsp;&nbsp;LOS_SemDelete
<LI><a href="#[3f]">&gt;&gt;</a>&nbsp;&nbsp;&nbsp;LOS_SemCreate
<LI><a href="#[7a]">&gt;&gt;</a>&nbsp;&nbsp;&nbsp;LOS_QueueDelete
</UL>

<P><STRONG><a name="[81]"></a>osTaskSchedule</STRONG> (Thumb, 0 bytes, Stack size unknown bytes, los_dispatch_keil.o(.text))
<BR><BR>[Called By]<UL><LI><a href="#[8b]">&gt;&gt;</a>&nbsp;&nbsp;&nbsp;osSchedule
<LI><a href="#[5d]">&gt;&gt;</a>&nbsp;&nbsp;&nbsp;LOS_Schedule
</UL>

<P><STRONG><a name="[2]"></a>PendSV_Handler</STRONG> (Thumb, 0 bytes, Stack size unknown bytes, los_dispatch_keil.o(.text))
<BR>[Address Reference Count : 2]<UL><LI> los_hwi.o(.vector.bss)
<LI> los_startup_keil.o(RESET)
</UL>
<P><STRONG><a name="[23]"></a>__aeabi_uldivmod</STRONG> (Thumb, 98 bytes, Stack size 40 bytes, uldiv.o(.text), UNUSED)
<BR><BR>[Calls]<UL><LI><a href="#[24]">&gt;&gt;</a>&nbsp;&nbsp;&nbsp;__aeabi_llsr
<LI><a href="#[25]">&gt;&gt;</a>&nbsp;&nbsp;&nbsp;__aeabi_llsl
</UL>
<BR>[Called By]<UL><LI><a href="#[95]">&gt;&gt;</a>&nbsp;&nbsp;&nbsp;_printf_core
</UL>

<P><STRONG><a name="[27]"></a>__aeabi_memset</STRONG> (Thumb, 14 bytes, Stack size 0 bytes, memseta.o(.text))
<BR><BR>[Called By]<UL><LI><a href="#[28]">&gt;&gt;</a>&nbsp;&nbsp;&nbsp;_memset$wrapper
<LI><a href="#[26]">&gt;&gt;</a>&nbsp;&nbsp;&nbsp;__aeabi_memclr
</UL>

<P><STRONG><a name="[bc]"></a>__aeabi_memset4</STRONG> (Thumb, 0 bytes, Stack size 0 bytes, memseta.o(.text), UNUSED)

<P><STRONG><a name="[bd]"></a>__aeabi_memset8</STRONG> (Thumb, 0 bytes, Stack size 0 bytes, memseta.o(.text), UNUSED)

<P><STRONG><a name="[26]"></a>__aeabi_memclr</STRONG> (Thumb, 4 bytes, Stack size 0 bytes, memseta.o(.text))
<BR><BR>[Calls]<UL><LI><a href="#[27]">&gt;&gt;</a>&nbsp;&nbsp;&nbsp;__aeabi_memset
</UL>
<BR>[Called By]<UL><LI><a href="#[46]">&gt;&gt;</a>&nbsp;&nbsp;&nbsp;LOS_MemboxClr
</UL>

<P><STRONG><a name="[38]"></a>__aeabi_memclr4</STRONG> (Thumb, 0 bytes, Stack size 0 bytes, memseta.o(.text))
<BR><BR>[Called By]<UL><LI><a href="#[9d]">&gt;&gt;</a>&nbsp;&nbsp;&nbsp;osTaskInit
<LI><a href="#[99]">&gt;&gt;</a>&nbsp;&nbsp;&nbsp;osIdleTaskCreate
<LI><a href="#[ac]">&gt;&gt;</a>&nbsp;&nbsp;&nbsp;osSwTmrTaskCreate
<LI><a href="#[a1]">&gt;&gt;</a>&nbsp;&nbsp;&nbsp;osSwTmrInit
<LI><a href="#[a0]">&gt;&gt;</a>&nbsp;&nbsp;&nbsp;osQueueInit
<LI><a href="#[78]">&gt;&gt;</a>&nbsp;&nbsp;&nbsp;osQueueCreate
<LI><a href="#[61]">&gt;&gt;</a>&nbsp;&nbsp;&nbsp;LOS_Inspect_Entry
<LI><a href="#[7]">&gt;&gt;</a>&nbsp;&nbsp;&nbsp;Example_Semphore
<LI><a href="#[8]">&gt;&gt;</a>&nbsp;&nbsp;&nbsp;Example_MutexLock
<LI><a href="#[5]">&gt;&gt;</a>&nbsp;&nbsp;&nbsp;Example_SndRcvEvent
</UL>

<P><STRONG><a name="[be]"></a>__aeabi_memclr8</STRONG> (Thumb, 0 bytes, Stack size 0 bytes, memseta.o(.text), UNUSED)

<P><STRONG><a name="[28]"></a>_memset$wrapper</STRONG> (Thumb, 18 bytes, Stack size 8 bytes, memseta.o(.text), UNUSED)
<BR><BR>[Calls]<UL><LI><a href="#[27]">&gt;&gt;</a>&nbsp;&nbsp;&nbsp;__aeabi_memset
</UL>

<P><STRONG><a name="[25]"></a>__aeabi_llsl</STRONG> (Thumb, 30 bytes, Stack size 0 bytes, llshl.o(.text), UNUSED)
<BR><BR>[Called By]<UL><LI><a href="#[23]">&gt;&gt;</a>&nbsp;&nbsp;&nbsp;__aeabi_uldivmod
</UL>

<P><STRONG><a name="[bf]"></a>_ll_shift_l</STRONG> (Thumb, 0 bytes, Stack size 0 bytes, llshl.o(.text), UNUSED)

<P><STRONG><a name="[24]"></a>__aeabi_llsr</STRONG> (Thumb, 32 bytes, Stack size 0 bytes, llushr.o(.text), UNUSED)
<BR><BR>[Called By]<UL><LI><a href="#[23]">&gt;&gt;</a>&nbsp;&nbsp;&nbsp;__aeabi_uldivmod
</UL>

<P><STRONG><a name="[c0]"></a>_ll_ushift_r</STRONG> (Thumb, 0 bytes, Stack size 0 bytes, llushr.o(.text), UNUSED)

<P><STRONG><a name="[22]"></a>__scatterload</STRONG> (Thumb, 28 bytes, Stack size 0 bytes, init.o(.text))
<BR><BR>[Calls]<UL><LI><a href="#[29]">&gt;&gt;</a>&nbsp;&nbsp;&nbsp;__main_after_scatterload
</UL>
<BR>[Called By]<UL><LI><a href="#[21]">&gt;&gt;</a>&nbsp;&nbsp;&nbsp;_main_scatterload
</UL>

<P><STRONG><a name="[c1]"></a>__scatterload_rt2</STRONG> (Thumb, 0 bytes, Stack size 0 bytes, init.o(.text), UNUSED)

<P><STRONG><a name="[c2]"></a>__I$use$semihosting$fputc</STRONG> (Thumb, 0 bytes, Stack size unknown bytes, iusesemip.o(.text), UNUSED)

<P><STRONG><a name="[c3]"></a>__decompress</STRONG> (Thumb, 0 bytes, Stack size unknown bytes, __dczerorl2.o(.text), UNUSED)

<P><STRONG><a name="[c4]"></a>__decompress1</STRONG> (Thumb, 86 bytes, Stack size unknown bytes, __dczerorl2.o(.text), UNUSED)

<P><STRONG><a name="[c5]"></a>__semihosting_library_function</STRONG> (Thumb, 0 bytes, Stack size unknown bytes, semi.o(.text), UNUSED)

<P><STRONG><a name="[d]"></a>Example_Dyn_Mem</STRONG> (Thumb, 134 bytes, Stack size 16 bytes, los_api_dynamic_mem.o(i.Example_Dyn_Mem))
<BR><BR>[Stack]<UL><LI>Max Depth = 120 + Unknown Stack Size
<LI>Call Chain = Example_Dyn_Mem &rArr; LOS_MemAlloc &rArr; osMemAllocWithCheck &rArr; osMemSpitNode &rArr; LOS_DLnkMultiHead
</UL>
<BR>[Calls]<UL><LI><a href="#[2d]">&gt;&gt;</a>&nbsp;&nbsp;&nbsp;LOS_MemFree
<LI><a href="#[2c]">&gt;&gt;</a>&nbsp;&nbsp;&nbsp;LOS_MemAlloc
<LI><a href="#[2a]">&gt;&gt;</a>&nbsp;&nbsp;&nbsp;LOS_MemInit
<LI><a href="#[2e]">&gt;&gt;</a>&nbsp;&nbsp;&nbsp;LOS_InspectStatusSetByID
<LI><a href="#[2b]">&gt;&gt;</a>&nbsp;&nbsp;&nbsp;__2printf
</UL>
<BR>[Address Reference Count : 1]<UL><LI> los_inspect_entry.o(.data)
</UL>
<P><STRONG><a name="[16]"></a>Example_Event</STRONG> (Thumb, 62 bytes, Stack size 8 bytes, los_api_event.o(i.Example_Event))
<BR><BR>[Stack]<UL><LI>Max Depth = 96 + Unknown Stack Size
<LI>Call Chain = Example_Event &rArr; LOS_EventRead &rArr; osTaskAdd2TimerList &rArr; LOS_ListTailInsert
</UL>
<BR>[Calls]<UL><LI><a href="#[2f]">&gt;&gt;</a>&nbsp;&nbsp;&nbsp;LOS_EventRead
<LI><a href="#[2e]">&gt;&gt;</a>&nbsp;&nbsp;&nbsp;LOS_InspectStatusSetByID
<LI><a href="#[2b]">&gt;&gt;</a>&nbsp;&nbsp;&nbsp;__2printf
</UL>
<BR>[Address Reference Count : 1]<UL><LI> los_api_event.o(i.Example_SndRcvEvent)
</UL>
<P><STRONG><a name="[9]"></a>Example_GetTick</STRONG> (Thumb, 126 bytes, Stack size 24 bytes, los_api_systick.o(i.Example_GetTick))
<BR><BR>[Stack]<UL><LI>Max Depth = 88 + Unknown Stack Size
<LI>Call Chain = Example_GetTick &rArr; LOS_TaskDelay &rArr; osTaskAdd2TimerList &rArr; LOS_ListTailInsert
</UL>
<BR>[Calls]<UL><LI><a href="#[32]">&gt;&gt;</a>&nbsp;&nbsp;&nbsp;LOS_TaskDelay
<LI><a href="#[31]">&gt;&gt;</a>&nbsp;&nbsp;&nbsp;LOS_TickCountGet
<LI><a href="#[30]">&gt;&gt;</a>&nbsp;&nbsp;&nbsp;LOS_CyclePerTickGet
<LI><a href="#[2e]">&gt;&gt;</a>&nbsp;&nbsp;&nbsp;LOS_InspectStatusSetByID
<LI><a href="#[2b]">&gt;&gt;</a>&nbsp;&nbsp;&nbsp;__2printf
</UL>
<BR>[Address Reference Count : 1]<UL><LI> los_inspect_entry.o(.data)
</UL>
<P><STRONG><a name="[6]"></a>Example_MsgQueue</STRONG> (Thumb, 130 bytes, Stack size 56 bytes, los_api_msgqueue.o(i.Example_MsgQueue))
<BR><BR>[Stack]<UL><LI>Max Depth = 240 + Unknown Stack Size
<LI>Call Chain = Example_MsgQueue &rArr; LOS_TaskCreate &rArr; LOS_TaskCreateOnly &rArr; LOS_MemAllocAlign &rArr; osMemAllocWithCheck &rArr; osMemSpitNode &rArr; LOS_DLnkMultiHead
</UL>
<BR>[Calls]<UL><LI><a href="#[36]">&gt;&gt;</a>&nbsp;&nbsp;&nbsp;LOS_TaskUnlock
<LI><a href="#[33]">&gt;&gt;</a>&nbsp;&nbsp;&nbsp;LOS_TaskLock
<LI><a href="#[34]">&gt;&gt;</a>&nbsp;&nbsp;&nbsp;LOS_TaskCreate
<LI><a href="#[35]">&gt;&gt;</a>&nbsp;&nbsp;&nbsp;LOS_QueueCreate
<LI><a href="#[2b]">&gt;&gt;</a>&nbsp;&nbsp;&nbsp;__2printf
</UL>
<BR>[Address Reference Count : 1]<UL><LI> los_inspect_entry.o(.data)
</UL>
<P><STRONG><a name="[8]"></a>Example_MutexLock</STRONG> (Thumb, 184 bytes, Stack size 80 bytes, los_api_mutex.o(i.Example_MutexLock))
<BR><BR>[Stack]<UL><LI>Max Depth = 264 + Unknown Stack Size
<LI>Call Chain = Example_MutexLock &rArr; LOS_TaskCreate &rArr; LOS_TaskCreateOnly &rArr; LOS_MemAllocAlign &rArr; osMemAllocWithCheck &rArr; osMemSpitNode &rArr; LOS_DLnkMultiHead
</UL>
<BR>[Calls]<UL><LI><a href="#[39]">&gt;&gt;</a>&nbsp;&nbsp;&nbsp;LOS_MuxDelete
<LI><a href="#[37]">&gt;&gt;</a>&nbsp;&nbsp;&nbsp;LOS_MuxCreate
<LI><a href="#[36]">&gt;&gt;</a>&nbsp;&nbsp;&nbsp;LOS_TaskUnlock
<LI><a href="#[33]">&gt;&gt;</a>&nbsp;&nbsp;&nbsp;LOS_TaskLock
<LI><a href="#[3a]">&gt;&gt;</a>&nbsp;&nbsp;&nbsp;LOS_TaskDelete
<LI><a href="#[32]">&gt;&gt;</a>&nbsp;&nbsp;&nbsp;LOS_TaskDelay
<LI><a href="#[34]">&gt;&gt;</a>&nbsp;&nbsp;&nbsp;LOS_TaskCreate
<LI><a href="#[38]">&gt;&gt;</a>&nbsp;&nbsp;&nbsp;__aeabi_memclr4
<LI><a href="#[2b]">&gt;&gt;</a>&nbsp;&nbsp;&nbsp;__2printf
</UL>
<BR>[Address Reference Count : 1]<UL><LI> los_inspect_entry.o(.data)
</UL>
<P><STRONG><a name="[12]"></a>Example_MutexTask1</STRONG> (Thumb, 94 bytes, Stack size 8 bytes, los_api_mutex.o(i.Example_MutexTask1))
<BR><BR>[Stack]<UL><LI>Max Depth = 88 + Unknown Stack Size
<LI>Call Chain = Example_MutexTask1 &rArr; LOS_MuxPend &rArr; osTaskAdd2TimerList &rArr; LOS_ListTailInsert
</UL>
<BR>[Calls]<UL><LI><a href="#[3c]">&gt;&gt;</a>&nbsp;&nbsp;&nbsp;LOS_MuxPost
<LI><a href="#[3b]">&gt;&gt;</a>&nbsp;&nbsp;&nbsp;LOS_MuxPend
<LI><a href="#[2e]">&gt;&gt;</a>&nbsp;&nbsp;&nbsp;LOS_InspectStatusSetByID
<LI><a href="#[2b]">&gt;&gt;</a>&nbsp;&nbsp;&nbsp;__2printf
</UL>
<BR>[Address Reference Count : 1]<UL><LI> los_api_mutex.o(i.Example_MutexLock)
</UL>
<P><STRONG><a name="[13]"></a>Example_MutexTask2</STRONG> (Thumb, 62 bytes, Stack size 8 bytes, los_api_mutex.o(i.Example_MutexTask2))
<BR><BR>[Stack]<UL><LI>Max Depth = 88 + Unknown Stack Size
<LI>Call Chain = Example_MutexTask2 &rArr; LOS_MuxPend &rArr; osTaskAdd2TimerList &rArr; LOS_ListTailInsert
</UL>
<BR>[Calls]<UL><LI><a href="#[3c]">&gt;&gt;</a>&nbsp;&nbsp;&nbsp;LOS_MuxPost
<LI><a href="#[3b]">&gt;&gt;</a>&nbsp;&nbsp;&nbsp;LOS_MuxPend
<LI><a href="#[32]">&gt;&gt;</a>&nbsp;&nbsp;&nbsp;LOS_TaskDelay
<LI><a href="#[2b]">&gt;&gt;</a>&nbsp;&nbsp;&nbsp;__2printf
</UL>
<BR>[Address Reference Count : 1]<UL><LI> los_api_mutex.o(i.Example_MutexLock)
</UL>
<P><STRONG><a name="[14]"></a>Example_SemTask1</STRONG> (Thumb, 88 bytes, Stack size 8 bytes, los_api_sem.o(i.Example_SemTask1))
<BR><BR>[Stack]<UL><LI>Max Depth = 88 + Unknown Stack Size
<LI>Call Chain = Example_SemTask1 &rArr; LOS_SemPend &rArr; osTaskAdd2TimerList &rArr; LOS_ListTailInsert
</UL>
<BR>[Calls]<UL><LI><a href="#[3e]">&gt;&gt;</a>&nbsp;&nbsp;&nbsp;LOS_SemPost
<LI><a href="#[3d]">&gt;&gt;</a>&nbsp;&nbsp;&nbsp;LOS_SemPend
<LI><a href="#[2e]">&gt;&gt;</a>&nbsp;&nbsp;&nbsp;LOS_InspectStatusSetByID
<LI><a href="#[2b]">&gt;&gt;</a>&nbsp;&nbsp;&nbsp;__2printf
</UL>
<BR>[Address Reference Count : 1]<UL><LI> los_api_sem.o(i.Example_Semphore)
</UL>
<P><STRONG><a name="[15]"></a>Example_SemTask2</STRONG> (Thumb, 52 bytes, Stack size 8 bytes, los_api_sem.o(i.Example_SemTask2))
<BR><BR>[Stack]<UL><LI>Max Depth = 88 + Unknown Stack Size
<LI>Call Chain = Example_SemTask2 &rArr; LOS_SemPend &rArr; osTaskAdd2TimerList &rArr; LOS_ListTailInsert
</UL>
<BR>[Calls]<UL><LI><a href="#[3e]">&gt;&gt;</a>&nbsp;&nbsp;&nbsp;LOS_SemPost
<LI><a href="#[32]">&gt;&gt;</a>&nbsp;&nbsp;&nbsp;LOS_TaskDelay
<LI><a href="#[3d]">&gt;&gt;</a>&nbsp;&nbsp;&nbsp;LOS_SemPend
<LI><a href="#[2b]">&gt;&gt;</a>&nbsp;&nbsp;&nbsp;__2printf
</UL>
<BR>[Address Reference Count : 1]<UL><LI> los_api_sem.o(i.Example_Semphore)
</UL>
<P><STRONG><a name="[7]"></a>Example_Semphore</STRONG> (Thumb, 204 bytes, Stack size 80 bytes, los_api_sem.o(i.Example_Semphore))
<BR><BR>[Stack]<UL><LI>Max Depth = 264 + Unknown Stack Size
<LI>Call Chain = Example_Semphore &rArr; LOS_TaskCreate &rArr; LOS_TaskCreateOnly &rArr; LOS_MemAllocAlign &rArr; osMemAllocWithCheck &rArr; osMemSpitNode &rArr; LOS_DLnkMultiHead
</UL>
<BR>[Calls]<UL><LI><a href="#[3e]">&gt;&gt;</a>&nbsp;&nbsp;&nbsp;LOS_SemPost
<LI><a href="#[36]">&gt;&gt;</a>&nbsp;&nbsp;&nbsp;LOS_TaskUnlock
<LI><a href="#[33]">&gt;&gt;</a>&nbsp;&nbsp;&nbsp;LOS_TaskLock
<LI><a href="#[3a]">&gt;&gt;</a>&nbsp;&nbsp;&nbsp;LOS_TaskDelete
<LI><a href="#[32]">&gt;&gt;</a>&nbsp;&nbsp;&nbsp;LOS_TaskDelay
<LI><a href="#[34]">&gt;&gt;</a>&nbsp;&nbsp;&nbsp;LOS_TaskCreate
<LI><a href="#[40]">&gt;&gt;</a>&nbsp;&nbsp;&nbsp;LOS_SemDelete
<LI><a href="#[3f]">&gt;&gt;</a>&nbsp;&nbsp;&nbsp;LOS_SemCreate
<LI><a href="#[38]">&gt;&gt;</a>&nbsp;&nbsp;&nbsp;__aeabi_memclr4
<LI><a href="#[2b]">&gt;&gt;</a>&nbsp;&nbsp;&nbsp;__2printf
</UL>
<BR>[Address Reference Count : 1]<UL><LI> los_inspect_entry.o(.data)
</UL>
<P><STRONG><a name="[5]"></a>Example_SndRcvEvent</STRONG> (Thumb, 162 bytes, Stack size 48 bytes, los_api_event.o(i.Example_SndRcvEvent))
<BR><BR>[Stack]<UL><LI>Max Depth = 232 + Unknown Stack Size
<LI>Call Chain = Example_SndRcvEvent &rArr; LOS_TaskCreate &rArr; LOS_TaskCreateOnly &rArr; LOS_MemAllocAlign &rArr; osMemAllocWithCheck &rArr; osMemSpitNode &rArr; LOS_DLnkMultiHead
</UL>
<BR>[Calls]<UL><LI><a href="#[42]">&gt;&gt;</a>&nbsp;&nbsp;&nbsp;LOS_EventWrite
<LI><a href="#[41]">&gt;&gt;</a>&nbsp;&nbsp;&nbsp;LOS_EventInit
<LI><a href="#[43]">&gt;&gt;</a>&nbsp;&nbsp;&nbsp;LOS_EventClear
<LI><a href="#[3a]">&gt;&gt;</a>&nbsp;&nbsp;&nbsp;LOS_TaskDelete
<LI><a href="#[34]">&gt;&gt;</a>&nbsp;&nbsp;&nbsp;LOS_TaskCreate
<LI><a href="#[38]">&gt;&gt;</a>&nbsp;&nbsp;&nbsp;__aeabi_memclr4
<LI><a href="#[2b]">&gt;&gt;</a>&nbsp;&nbsp;&nbsp;__2printf
</UL>
<BR>[Address Reference Count : 1]<UL><LI> los_inspect_entry.o(.data)
</UL>
<P><STRONG><a name="[c]"></a>Example_StaticMem</STRONG> (Thumb, 144 bytes, Stack size 24 bytes, los_api_static_mem.o(i.Example_StaticMem))
<BR><BR>[Stack]<UL><LI>Max Depth = 64 + Unknown Stack Size
<LI>Call Chain = Example_StaticMem &rArr; LOS_InspectStatusSetByID &rArr; __2printf
</UL>
<BR>[Calls]<UL><LI><a href="#[44]">&gt;&gt;</a>&nbsp;&nbsp;&nbsp;LOS_MemboxInit
<LI><a href="#[47]">&gt;&gt;</a>&nbsp;&nbsp;&nbsp;LOS_MemboxFree
<LI><a href="#[45]">&gt;&gt;</a>&nbsp;&nbsp;&nbsp;LOS_MemboxAlloc
<LI><a href="#[46]">&gt;&gt;</a>&nbsp;&nbsp;&nbsp;LOS_MemboxClr
<LI><a href="#[2e]">&gt;&gt;</a>&nbsp;&nbsp;&nbsp;LOS_InspectStatusSetByID
<LI><a href="#[2b]">&gt;&gt;</a>&nbsp;&nbsp;&nbsp;__2printf
</UL>
<BR>[Address Reference Count : 1]<UL><LI> los_inspect_entry.o(.data)
</UL>
<P><STRONG><a name="[17]"></a>Example_TaskHi</STRONG> (Thumb, 102 bytes, Stack size 8 bytes, los_api_task.o(i.Example_TaskHi))
<BR><BR>[Stack]<UL><LI>Max Depth = 116 + Unknown Stack Size
<LI>Call Chain = Example_TaskHi &rArr; LOS_TaskDelete &rArr; LOS_MemFree &rArr; osMemCheckUsedNode &rArr; osMemIsNodeValid
</UL>
<BR>[Calls]<UL><LI><a href="#[48]">&gt;&gt;</a>&nbsp;&nbsp;&nbsp;LOS_TaskSuspend
<LI><a href="#[3a]">&gt;&gt;</a>&nbsp;&nbsp;&nbsp;LOS_TaskDelete
<LI><a href="#[32]">&gt;&gt;</a>&nbsp;&nbsp;&nbsp;LOS_TaskDelay
<LI><a href="#[2e]">&gt;&gt;</a>&nbsp;&nbsp;&nbsp;LOS_InspectStatusSetByID
<LI><a href="#[2b]">&gt;&gt;</a>&nbsp;&nbsp;&nbsp;__2printf
</UL>
<BR>[Address Reference Count : 1]<UL><LI> los_api_task.o(i.Example_TskCaseEntry)
</UL>
<P><STRONG><a name="[18]"></a>Example_TaskLo</STRONG> (Thumb, 88 bytes, Stack size 8 bytes, los_api_task.o(i.Example_TaskLo))
<BR><BR>[Stack]<UL><LI>Max Depth = 116 + Unknown Stack Size
<LI>Call Chain = Example_TaskLo &rArr; LOS_TaskDelete &rArr; LOS_MemFree &rArr; osMemCheckUsedNode &rArr; osMemIsNodeValid
</UL>
<BR>[Calls]<UL><LI><a href="#[49]">&gt;&gt;</a>&nbsp;&nbsp;&nbsp;LOS_TaskResume
<LI><a href="#[3a]">&gt;&gt;</a>&nbsp;&nbsp;&nbsp;LOS_TaskDelete
<LI><a href="#[32]">&gt;&gt;</a>&nbsp;&nbsp;&nbsp;LOS_TaskDelay
<LI><a href="#[2e]">&gt;&gt;</a>&nbsp;&nbsp;&nbsp;LOS_InspectStatusSetByID
<LI><a href="#[2b]">&gt;&gt;</a>&nbsp;&nbsp;&nbsp;__2printf
</UL>
<BR>[Address Reference Count : 1]<UL><LI> los_api_task.o(i.Example_TskCaseEntry)
</UL>
<P><STRONG><a name="[4]"></a>Example_TskCaseEntry</STRONG> (Thumb, 152 bytes, Stack size 48 bytes, los_api_task.o(i.Example_TskCaseEntry))
<BR><BR>[Stack]<UL><LI>Max Depth = 232 + Unknown Stack Size
<LI>Call Chain = Example_TskCaseEntry &rArr; LOS_TaskCreate &rArr; LOS_TaskCreateOnly &rArr; LOS_MemAllocAlign &rArr; osMemAllocWithCheck &rArr; osMemSpitNode &rArr; LOS_DLnkMultiHead
</UL>
<BR>[Calls]<UL><LI><a href="#[36]">&gt;&gt;</a>&nbsp;&nbsp;&nbsp;LOS_TaskUnlock
<LI><a href="#[33]">&gt;&gt;</a>&nbsp;&nbsp;&nbsp;LOS_TaskLock
<LI><a href="#[3a]">&gt;&gt;</a>&nbsp;&nbsp;&nbsp;LOS_TaskDelete
<LI><a href="#[34]">&gt;&gt;</a>&nbsp;&nbsp;&nbsp;LOS_TaskCreate
<LI><a href="#[2b]">&gt;&gt;</a>&nbsp;&nbsp;&nbsp;__2printf
</UL>
<BR>[Address Reference Count : 1]<UL><LI> los_inspect_entry.o(.data)
</UL>
<P><STRONG><a name="[b]"></a>Example_list</STRONG> (Thumb, 232 bytes, Stack size 24 bytes, los_api_list.o(i.Example_list))
<BR><BR>[Stack]<UL><LI>Max Depth = 128 + Unknown Stack Size
<LI>Call Chain = Example_list &rArr; LOS_MemAlloc &rArr; osMemAllocWithCheck &rArr; osMemSpitNode &rArr; LOS_DLnkMultiHead
</UL>
<BR>[Calls]<UL><LI><a href="#[2c]">&gt;&gt;</a>&nbsp;&nbsp;&nbsp;LOS_MemAlloc
<LI><a href="#[4a]">&gt;&gt;</a>&nbsp;&nbsp;&nbsp;LOS_ListAdd
<LI><a href="#[2e]">&gt;&gt;</a>&nbsp;&nbsp;&nbsp;LOS_InspectStatusSetByID
<LI><a href="#[4b]">&gt;&gt;</a>&nbsp;&nbsp;&nbsp;free
<LI><a href="#[2b]">&gt;&gt;</a>&nbsp;&nbsp;&nbsp;__2printf
</UL>
<BR>[Address Reference Count : 1]<UL><LI> los_inspect_entry.o(.data)
</UL>
<P><STRONG><a name="[a]"></a>Example_swTimer</STRONG> (Thumb, 148 bytes, Stack size 16 bytes, los_api_timer.o(i.Example_swTimer))
<BR><BR>[Stack]<UL><LI>Max Depth = 80 + Unknown Stack Size
<LI>Call Chain = Example_swTimer &rArr; LOS_TaskDelay &rArr; osTaskAdd2TimerList &rArr; LOS_ListTailInsert
</UL>
<BR>[Calls]<UL><LI><a href="#[32]">&gt;&gt;</a>&nbsp;&nbsp;&nbsp;LOS_TaskDelay
<LI><a href="#[4e]">&gt;&gt;</a>&nbsp;&nbsp;&nbsp;LOS_SwtmrStop
<LI><a href="#[4d]">&gt;&gt;</a>&nbsp;&nbsp;&nbsp;LOS_SwtmrStart
<LI><a href="#[4f]">&gt;&gt;</a>&nbsp;&nbsp;&nbsp;LOS_SwtmrDelete
<LI><a href="#[4c]">&gt;&gt;</a>&nbsp;&nbsp;&nbsp;LOS_SwtmrCreate
<LI><a href="#[2b]">&gt;&gt;</a>&nbsp;&nbsp;&nbsp;__2printf
</UL>
<BR>[Address Reference Count : 1]<UL><LI> los_inspect_entry.o(.data)
</UL>
<P><STRONG><a name="[8c]"></a>LOS_Align</STRONG> (Thumb, 28 bytes, Stack size 0 bytes, los_misc.o(i.LOS_Align))
<BR><BR>[Called By]<UL><LI><a href="#[8a]">&gt;&gt;</a>&nbsp;&nbsp;&nbsp;LOS_TaskCreateOnly
</UL>

<P><STRONG><a name="[30]"></a>LOS_CyclePerTickGet</STRONG> (Thumb, 6 bytes, Stack size 0 bytes, los_sys.o(i.LOS_CyclePerTickGet))
<BR><BR>[Called By]<UL><LI><a href="#[9]">&gt;&gt;</a>&nbsp;&nbsp;&nbsp;Example_GetTick
</UL>

<P><STRONG><a name="[71]"></a>LOS_DLnkInitMultiHead</STRONG> (Thumb, 30 bytes, Stack size 8 bytes, los_multipledlinkhead.o(i.LOS_DLnkInitMultiHead))
<BR><BR>[Stack]<UL><LI>Max Depth = 8<LI>Call Chain = LOS_DLnkInitMultiHead
</UL>
<BR>[Called By]<UL><LI><a href="#[2a]">&gt;&gt;</a>&nbsp;&nbsp;&nbsp;LOS_MemInit
</UL>

<P><STRONG><a name="[50]"></a>LOS_DLnkMultiHead</STRONG> (Thumb, 42 bytes, Stack size 24 bytes, los_multipledlinkhead.o(i.LOS_DLnkMultiHead))
<BR><BR>[Stack]<UL><LI>Max Depth = 24<LI>Call Chain = LOS_DLnkMultiHead
</UL>
<BR>[Calls]<UL><LI><a href="#[51]">&gt;&gt;</a>&nbsp;&nbsp;&nbsp;LOS_Log2
</UL>
<BR>[Called By]<UL><LI><a href="#[2a]">&gt;&gt;</a>&nbsp;&nbsp;&nbsp;LOS_MemInit
<LI><a href="#[a4]">&gt;&gt;</a>&nbsp;&nbsp;&nbsp;osMemSpitNode
<LI><a href="#[70]">&gt;&gt;</a>&nbsp;&nbsp;&nbsp;osMemFreeNode
<LI><a href="#[a3]">&gt;&gt;</a>&nbsp;&nbsp;&nbsp;osMemFindSuitableFreeBlock
</UL>

<P><STRONG><a name="[52]"></a>LOS_EnableTick</STRONG> (Thumb, 18 bytes, Stack size 8 bytes, los_config.o(i.LOS_EnableTick))
<BR><BR>[Stack]<UL><LI>Max Depth = 16<LI>Call Chain = LOS_EnableTick &rArr; osTickStart
</UL>
<BR>[Calls]<UL><LI><a href="#[53]">&gt;&gt;</a>&nbsp;&nbsp;&nbsp;osTickStart
</UL>
<BR>[Called By]<UL><LI><a href="#[f]">&gt;&gt;</a>&nbsp;&nbsp;&nbsp;main
</UL>

<P><STRONG><a name="[63]"></a>LOS_EvbGetKeyVal</STRONG> (Thumb, 6 bytes, Stack size 0 bytes, los_bsp_key.o(i.LOS_EvbGetKeyVal))
<BR><BR>[Called By]<UL><LI><a href="#[62]">&gt;&gt;</a>&nbsp;&nbsp;&nbsp;LOS_Inspect_KeyAndLed
</UL>

<P><STRONG><a name="[57]"></a>LOS_EvbKeyInit</STRONG> (Thumb, 2 bytes, Stack size 0 bytes, los_bsp_key.o(i.LOS_EvbKeyInit))
<BR><BR>[Called By]<UL><LI><a href="#[54]">&gt;&gt;</a>&nbsp;&nbsp;&nbsp;LOS_EvbSetup
</UL>

<P><STRONG><a name="[64]"></a>LOS_EvbLedControl</STRONG> (Thumb, 2 bytes, Stack size 0 bytes, los_bsp_led.o(i.LOS_EvbLedControl))
<BR><BR>[Called By]<UL><LI><a href="#[1b]">&gt;&gt;</a>&nbsp;&nbsp;&nbsp;LOS_Inspect_TskDeal
<LI><a href="#[62]">&gt;&gt;</a>&nbsp;&nbsp;&nbsp;LOS_Inspect_KeyAndLed
</UL>

<P><STRONG><a name="[56]"></a>LOS_EvbLedInit</STRONG> (Thumb, 2 bytes, Stack size 0 bytes, los_bsp_led.o(i.LOS_EvbLedInit))
<BR><BR>[Called By]<UL><LI><a href="#[54]">&gt;&gt;</a>&nbsp;&nbsp;&nbsp;LOS_EvbSetup
</UL>

<P><STRONG><a name="[54]"></a>LOS_EvbSetup</STRONG> (Thumb, 16 bytes, Stack size 8 bytes, los_bsp_adapter.o(i.LOS_EvbSetup))
<BR><BR>[Stack]<UL><LI>Max Depth = 8<LI>Call Chain = LOS_EvbSetup
</UL>
<BR>[Calls]<UL><LI><a href="#[55]">&gt;&gt;</a>&nbsp;&nbsp;&nbsp;LOS_EvbUartInit
<LI><a href="#[56]">&gt;&gt;</a>&nbsp;&nbsp;&nbsp;LOS_EvbLedInit
<LI><a href="#[57]">&gt;&gt;</a>&nbsp;&nbsp;&nbsp;LOS_EvbKeyInit
</UL>
<BR>[Called By]<UL><LI><a href="#[f]">&gt;&gt;</a>&nbsp;&nbsp;&nbsp;main
</UL>

<P><STRONG><a name="[55]"></a>LOS_EvbUartInit</STRONG> (Thumb, 2 bytes, Stack size 0 bytes, los_bsp_uart.o(i.LOS_EvbUartInit))
<BR><BR>[Called By]<UL><LI><a href="#[54]">&gt;&gt;</a>&nbsp;&nbsp;&nbsp;LOS_EvbSetup
</UL>

<P><STRONG><a name="[43]"></a>LOS_EventClear</STRONG> (Thumb, 34 bytes, Stack size 16 bytes, los_event.o(i.LOS_EventClear))
<BR><BR>[Stack]<UL><LI>Max Depth = 16 + Unknown Stack Size
<LI>Call Chain = LOS_EventClear
</UL>
<BR>[Calls]<UL><LI><a href="#[59]">&gt;&gt;</a>&nbsp;&nbsp;&nbsp;LOS_IntRestore
<LI><a href="#[58]">&gt;&gt;</a>&nbsp;&nbsp;&nbsp;LOS_IntLock
</UL>
<BR>[Called By]<UL><LI><a href="#[5]">&gt;&gt;</a>&nbsp;&nbsp;&nbsp;Example_SndRcvEvent
</UL>

<P><STRONG><a name="[41]"></a>LOS_EventInit</STRONG> (Thumb, 24 bytes, Stack size 0 bytes, los_event.o(i.LOS_EventInit))
<BR><BR>[Called By]<UL><LI><a href="#[5]">&gt;&gt;</a>&nbsp;&nbsp;&nbsp;Example_SndRcvEvent
</UL>

<P><STRONG><a name="[5a]"></a>LOS_EventPoll</STRONG> (Thumb, 80 bytes, Stack size 24 bytes, los_event.o(i.LOS_EventPoll))
<BR><BR>[Stack]<UL><LI>Max Depth = 24 + Unknown Stack Size
<LI>Call Chain = LOS_EventPoll
</UL>
<BR>[Calls]<UL><LI><a href="#[59]">&gt;&gt;</a>&nbsp;&nbsp;&nbsp;LOS_IntRestore
<LI><a href="#[58]">&gt;&gt;</a>&nbsp;&nbsp;&nbsp;LOS_IntLock
</UL>
<BR>[Called By]<UL><LI><a href="#[2f]">&gt;&gt;</a>&nbsp;&nbsp;&nbsp;LOS_EventRead
</UL>

<P><STRONG><a name="[2f]"></a>LOS_EventRead</STRONG> (Thumb, 330 bytes, Stack size 40 bytes, los_event.o(i.LOS_EventRead))
<BR><BR>[Stack]<UL><LI>Max Depth = 88 + Unknown Stack Size
<LI>Call Chain = LOS_EventRead &rArr; osTaskAdd2TimerList &rArr; LOS_ListTailInsert
</UL>
<BR>[Calls]<UL><LI><a href="#[5a]">&gt;&gt;</a>&nbsp;&nbsp;&nbsp;LOS_EventPoll
<LI><a href="#[5d]">&gt;&gt;</a>&nbsp;&nbsp;&nbsp;LOS_Schedule
<LI><a href="#[5c]">&gt;&gt;</a>&nbsp;&nbsp;&nbsp;osTaskAdd2TimerList
<LI><a href="#[59]">&gt;&gt;</a>&nbsp;&nbsp;&nbsp;LOS_IntRestore
<LI><a href="#[58]">&gt;&gt;</a>&nbsp;&nbsp;&nbsp;LOS_IntLock
<LI><a href="#[5b]">&gt;&gt;</a>&nbsp;&nbsp;&nbsp;LOS_PriqueueDequeue
</UL>
<BR>[Called By]<UL><LI><a href="#[16]">&gt;&gt;</a>&nbsp;&nbsp;&nbsp;Example_Event
</UL>

<P><STRONG><a name="[42]"></a>LOS_EventWrite</STRONG> (Thumb, 244 bytes, Stack size 32 bytes, los_event.o(i.LOS_EventWrite))
<BR><BR>[Stack]<UL><LI>Max Depth = 56 + Unknown Stack Size
<LI>Call Chain = LOS_EventWrite &rArr; osTimerListDelete
</UL>
<BR>[Calls]<UL><LI><a href="#[5d]">&gt;&gt;</a>&nbsp;&nbsp;&nbsp;LOS_Schedule
<LI><a href="#[5e]">&gt;&gt;</a>&nbsp;&nbsp;&nbsp;osTimerListDelete
<LI><a href="#[59]">&gt;&gt;</a>&nbsp;&nbsp;&nbsp;LOS_IntRestore
<LI><a href="#[58]">&gt;&gt;</a>&nbsp;&nbsp;&nbsp;LOS_IntLock
<LI><a href="#[5f]">&gt;&gt;</a>&nbsp;&nbsp;&nbsp;LOS_PriqueueEnqueue
</UL>
<BR>[Called By]<UL><LI><a href="#[5]">&gt;&gt;</a>&nbsp;&nbsp;&nbsp;Example_SndRcvEvent
</UL>

<P><STRONG><a name="[60]"></a>LOS_InspectByID</STRONG> (Thumb, 204 bytes, Stack size 24 bytes, los_inspect_entry.o(i.LOS_InspectByID))
<BR><BR>[Stack]<UL><LI>Max Depth = 88 + Unknown Stack Size
<LI>Call Chain = LOS_InspectByID &rArr; LOS_TaskDelay &rArr; osTaskAdd2TimerList &rArr; LOS_ListTailInsert
</UL>
<BR>[Calls]<UL><LI><a href="#[32]">&gt;&gt;</a>&nbsp;&nbsp;&nbsp;LOS_TaskDelay
<LI><a href="#[2b]">&gt;&gt;</a>&nbsp;&nbsp;&nbsp;__2printf
</UL>
<BR>[Called By]<UL><LI><a href="#[1b]">&gt;&gt;</a>&nbsp;&nbsp;&nbsp;LOS_Inspect_TskDeal
</UL>

<P><STRONG><a name="[2e]"></a>LOS_InspectStatusSetByID</STRONG> (Thumb, 64 bytes, Stack size 16 bytes, los_inspect_entry.o(i.LOS_InspectStatusSetByID))
<BR><BR>[Stack]<UL><LI>Max Depth = 40<LI>Call Chain = LOS_InspectStatusSetByID &rArr; __2printf
</UL>
<BR>[Calls]<UL><LI><a href="#[2b]">&gt;&gt;</a>&nbsp;&nbsp;&nbsp;__2printf
</UL>
<BR>[Called By]<UL><LI><a href="#[1a]">&gt;&gt;</a>&nbsp;&nbsp;&nbsp;Timer2_Callback
<LI><a href="#[18]">&gt;&gt;</a>&nbsp;&nbsp;&nbsp;Example_TaskLo
<LI><a href="#[17]">&gt;&gt;</a>&nbsp;&nbsp;&nbsp;Example_TaskHi
<LI><a href="#[9]">&gt;&gt;</a>&nbsp;&nbsp;&nbsp;Example_GetTick
<LI><a href="#[c]">&gt;&gt;</a>&nbsp;&nbsp;&nbsp;Example_StaticMem
<LI><a href="#[14]">&gt;&gt;</a>&nbsp;&nbsp;&nbsp;Example_SemTask1
<LI><a href="#[12]">&gt;&gt;</a>&nbsp;&nbsp;&nbsp;Example_MutexTask1
<LI><a href="#[11]">&gt;&gt;</a>&nbsp;&nbsp;&nbsp;recv_Entry
<LI><a href="#[b]">&gt;&gt;</a>&nbsp;&nbsp;&nbsp;Example_list
<LI><a href="#[16]">&gt;&gt;</a>&nbsp;&nbsp;&nbsp;Example_Event
<LI><a href="#[d]">&gt;&gt;</a>&nbsp;&nbsp;&nbsp;Example_Dyn_Mem
</UL>

<P><STRONG><a name="[61]"></a>LOS_Inspect_Entry</STRONG> (Thumb, 52 bytes, Stack size 48 bytes, los_inspect_entry.o(i.LOS_Inspect_Entry))
<BR><BR>[Stack]<UL><LI>Max Depth = 232 + Unknown Stack Size
<LI>Call Chain = LOS_Inspect_Entry &rArr; LOS_TaskCreate &rArr; LOS_TaskCreateOnly &rArr; LOS_MemAllocAlign &rArr; osMemAllocWithCheck &rArr; osMemSpitNode &rArr; LOS_DLnkMultiHead
</UL>
<BR>[Calls]<UL><LI><a href="#[34]">&gt;&gt;</a>&nbsp;&nbsp;&nbsp;LOS_TaskCreate
<LI><a href="#[38]">&gt;&gt;</a>&nbsp;&nbsp;&nbsp;__aeabi_memclr4
</UL>
<BR>[Called By]<UL><LI><a href="#[f]">&gt;&gt;</a>&nbsp;&nbsp;&nbsp;main
</UL>

<P><STRONG><a name="[1b]"></a>LOS_Inspect_TskDeal</STRONG> (Thumb, 80 bytes, Stack size 0 bytes, los_inspect_entry.o(i.LOS_Inspect_TskDeal))
<BR><BR>[Stack]<UL><LI>Max Depth = 88 + Unknown Stack Size
<LI>Call Chain = LOS_Inspect_TskDeal &rArr; LOS_InspectByID &rArr; LOS_TaskDelay &rArr; osTaskAdd2TimerList &rArr; LOS_ListTailInsert
</UL>
<BR>[Calls]<UL><LI><a href="#[60]">&gt;&gt;</a>&nbsp;&nbsp;&nbsp;LOS_InspectByID
<LI><a href="#[62]">&gt;&gt;</a>&nbsp;&nbsp;&nbsp;LOS_Inspect_KeyAndLed
<LI><a href="#[64]">&gt;&gt;</a>&nbsp;&nbsp;&nbsp;LOS_EvbLedControl
<LI><a href="#[2b]">&gt;&gt;</a>&nbsp;&nbsp;&nbsp;__2printf
</UL>
<BR>[Address Reference Count : 1]<UL><LI> los_inspect_entry.o(i.LOS_Inspect_Entry)
</UL>
<P><STRONG><a name="[65]"></a>LOS_KernelInit</STRONG> (Thumb, 18 bytes, Stack size 8 bytes, los_config.o(i.LOS_KernelInit))
<BR><BR>[Stack]<UL><LI>Max Depth = 280 + Unknown Stack Size
<LI>Call Chain = LOS_KernelInit &rArr; osMain &rArr; osSwTmrInit &rArr; osSwTmrTaskCreate &rArr; LOS_TaskCreate &rArr; LOS_TaskCreateOnly &rArr; LOS_MemAllocAlign &rArr; osMemAllocWithCheck &rArr; osMemSpitNode &rArr; LOS_DLnkMultiHead
</UL>
<BR>[Calls]<UL><LI><a href="#[66]">&gt;&gt;</a>&nbsp;&nbsp;&nbsp;osMain
</UL>
<BR>[Called By]<UL><LI><a href="#[f]">&gt;&gt;</a>&nbsp;&nbsp;&nbsp;main
</UL>

<P><STRONG><a name="[2c]"></a>LOS_MemAlloc</STRONG> (Thumb, 58 bytes, Stack size 24 bytes, los_memory.o(i.LOS_MemAlloc))
<BR><BR>[Stack]<UL><LI>Max Depth = 104 + Unknown Stack Size
<LI>Call Chain = LOS_MemAlloc &rArr; osMemAllocWithCheck &rArr; osMemSpitNode &rArr; LOS_DLnkMultiHead
</UL>
<BR>[Calls]<UL><LI><a href="#[59]">&gt;&gt;</a>&nbsp;&nbsp;&nbsp;LOS_IntRestore
<LI><a href="#[58]">&gt;&gt;</a>&nbsp;&nbsp;&nbsp;LOS_IntLock
<LI><a href="#[6d]">&gt;&gt;</a>&nbsp;&nbsp;&nbsp;osMemAllocWithCheck
</UL>
<BR>[Called By]<UL><LI><a href="#[9f]">&gt;&gt;</a>&nbsp;&nbsp;&nbsp;osMuxInit
<LI><a href="#[9d]">&gt;&gt;</a>&nbsp;&nbsp;&nbsp;osTaskInit
<LI><a href="#[a1]">&gt;&gt;</a>&nbsp;&nbsp;&nbsp;osSwTmrInit
<LI><a href="#[aa]">&gt;&gt;</a>&nbsp;&nbsp;&nbsp;osPriqueueInit
<LI><a href="#[9e]">&gt;&gt;</a>&nbsp;&nbsp;&nbsp;osSemInit
<LI><a href="#[a0]">&gt;&gt;</a>&nbsp;&nbsp;&nbsp;osQueueInit
<LI><a href="#[78]">&gt;&gt;</a>&nbsp;&nbsp;&nbsp;osQueueCreate
<LI><a href="#[b]">&gt;&gt;</a>&nbsp;&nbsp;&nbsp;Example_list
<LI><a href="#[d]">&gt;&gt;</a>&nbsp;&nbsp;&nbsp;Example_Dyn_Mem
</UL>

<P><STRONG><a name="[6e]"></a>LOS_MemAllocAlign</STRONG> (Thumb, 108 bytes, Stack size 40 bytes, los_memory.o(i.LOS_MemAllocAlign))
<BR><BR>[Stack]<UL><LI>Max Depth = 120 + Unknown Stack Size
<LI>Call Chain = LOS_MemAllocAlign &rArr; osMemAllocWithCheck &rArr; osMemSpitNode &rArr; LOS_DLnkMultiHead
</UL>
<BR>[Calls]<UL><LI><a href="#[59]">&gt;&gt;</a>&nbsp;&nbsp;&nbsp;LOS_IntRestore
<LI><a href="#[58]">&gt;&gt;</a>&nbsp;&nbsp;&nbsp;LOS_IntLock
<LI><a href="#[6d]">&gt;&gt;</a>&nbsp;&nbsp;&nbsp;osMemAllocWithCheck
</UL>
<BR>[Called By]<UL><LI><a href="#[8a]">&gt;&gt;</a>&nbsp;&nbsp;&nbsp;LOS_TaskCreateOnly
</UL>

<P><STRONG><a name="[2d]"></a>LOS_MemFree</STRONG> (Thumb, 84 bytes, Stack size 32 bytes, los_memory.o(i.LOS_MemFree))
<BR><BR>[Stack]<UL><LI>Max Depth = 84 + Unknown Stack Size
<LI>Call Chain = LOS_MemFree &rArr; osMemCheckUsedNode &rArr; osMemIsNodeValid
</UL>
<BR>[Calls]<UL><LI><a href="#[59]">&gt;&gt;</a>&nbsp;&nbsp;&nbsp;LOS_IntRestore
<LI><a href="#[58]">&gt;&gt;</a>&nbsp;&nbsp;&nbsp;LOS_IntLock
<LI><a href="#[70]">&gt;&gt;</a>&nbsp;&nbsp;&nbsp;osMemFreeNode
<LI><a href="#[6f]">&gt;&gt;</a>&nbsp;&nbsp;&nbsp;osMemCheckUsedNode
</UL>
<BR>[Called By]<UL><LI><a href="#[3a]">&gt;&gt;</a>&nbsp;&nbsp;&nbsp;LOS_TaskDelete
<LI><a href="#[8a]">&gt;&gt;</a>&nbsp;&nbsp;&nbsp;LOS_TaskCreateOnly
<LI><a href="#[7a]">&gt;&gt;</a>&nbsp;&nbsp;&nbsp;LOS_QueueDelete
<LI><a href="#[d]">&gt;&gt;</a>&nbsp;&nbsp;&nbsp;Example_Dyn_Mem
</UL>

<P><STRONG><a name="[2a]"></a>LOS_MemInit</STRONG> (Thumb, 166 bytes, Stack size 32 bytes, los_memory.o(i.LOS_MemInit))
<BR><BR>[Stack]<UL><LI>Max Depth = 56 + Unknown Stack Size
<LI>Call Chain = LOS_MemInit &rArr; LOS_DLnkMultiHead
</UL>
<BR>[Calls]<UL><LI><a href="#[59]">&gt;&gt;</a>&nbsp;&nbsp;&nbsp;LOS_IntRestore
<LI><a href="#[58]">&gt;&gt;</a>&nbsp;&nbsp;&nbsp;LOS_IntLock
<LI><a href="#[50]">&gt;&gt;</a>&nbsp;&nbsp;&nbsp;LOS_DLnkMultiHead
<LI><a href="#[71]">&gt;&gt;</a>&nbsp;&nbsp;&nbsp;LOS_DLnkInitMultiHead
<LI><a href="#[73]">&gt;&gt;</a>&nbsp;&nbsp;&nbsp;osMemSetMagicNumAndTaskid
<LI><a href="#[72]">&gt;&gt;</a>&nbsp;&nbsp;&nbsp;LOS_ListAdd
</UL>
<BR>[Called By]<UL><LI><a href="#[9c]">&gt;&gt;</a>&nbsp;&nbsp;&nbsp;osMemSystemInit
<LI><a href="#[d]">&gt;&gt;</a>&nbsp;&nbsp;&nbsp;Example_Dyn_Mem
</UL>

<P><STRONG><a name="[45]"></a>LOS_MemboxAlloc</STRONG> (Thumb, 60 bytes, Stack size 24 bytes, los_membox.o(i.LOS_MemboxAlloc))
<BR><BR>[Stack]<UL><LI>Max Depth = 24 + Unknown Stack Size
<LI>Call Chain = LOS_MemboxAlloc
</UL>
<BR>[Calls]<UL><LI><a href="#[59]">&gt;&gt;</a>&nbsp;&nbsp;&nbsp;LOS_IntRestore
<LI><a href="#[58]">&gt;&gt;</a>&nbsp;&nbsp;&nbsp;LOS_IntLock
</UL>
<BR>[Called By]<UL><LI><a href="#[ad]">&gt;&gt;</a>&nbsp;&nbsp;&nbsp;osSwTmrTimeoutHandle
<LI><a href="#[c]">&gt;&gt;</a>&nbsp;&nbsp;&nbsp;Example_StaticMem
</UL>

<P><STRONG><a name="[46]"></a>LOS_MemboxClr</STRONG> (Thumb, 28 bytes, Stack size 16 bytes, los_membox.o(i.LOS_MemboxClr))
<BR><BR>[Stack]<UL><LI>Max Depth = 16<LI>Call Chain = LOS_MemboxClr
</UL>
<BR>[Calls]<UL><LI><a href="#[26]">&gt;&gt;</a>&nbsp;&nbsp;&nbsp;__aeabi_memclr
</UL>
<BR>[Called By]<UL><LI><a href="#[c]">&gt;&gt;</a>&nbsp;&nbsp;&nbsp;Example_StaticMem
</UL>

<P><STRONG><a name="[47]"></a>LOS_MemboxFree</STRONG> (Thumb, 158 bytes, Stack size 32 bytes, los_membox.o(i.LOS_MemboxFree))
<BR><BR>[Stack]<UL><LI>Max Depth = 32 + Unknown Stack Size
<LI>Call Chain = LOS_MemboxFree
</UL>
<BR>[Calls]<UL><LI><a href="#[59]">&gt;&gt;</a>&nbsp;&nbsp;&nbsp;LOS_IntRestore
<LI><a href="#[58]">&gt;&gt;</a>&nbsp;&nbsp;&nbsp;LOS_IntLock
</UL>
<BR>[Called By]<UL><LI><a href="#[1e]">&gt;&gt;</a>&nbsp;&nbsp;&nbsp;osSwTmrTask
<LI><a href="#[ad]">&gt;&gt;</a>&nbsp;&nbsp;&nbsp;osSwTmrTimeoutHandle
<LI><a href="#[c]">&gt;&gt;</a>&nbsp;&nbsp;&nbsp;Example_StaticMem
</UL>

<P><STRONG><a name="[44]"></a>LOS_MemboxInit</STRONG> (Thumb, 128 bytes, Stack size 32 bytes, los_membox.o(i.LOS_MemboxInit))
<BR><BR>[Stack]<UL><LI>Max Depth = 32 + Unknown Stack Size
<LI>Call Chain = LOS_MemboxInit
</UL>
<BR>[Calls]<UL><LI><a href="#[59]">&gt;&gt;</a>&nbsp;&nbsp;&nbsp;LOS_IntRestore
<LI><a href="#[58]">&gt;&gt;</a>&nbsp;&nbsp;&nbsp;LOS_IntLock
</UL>
<BR>[Called By]<UL><LI><a href="#[a1]">&gt;&gt;</a>&nbsp;&nbsp;&nbsp;osSwTmrInit
<LI><a href="#[c]">&gt;&gt;</a>&nbsp;&nbsp;&nbsp;Example_StaticMem
</UL>

<P><STRONG><a name="[37]"></a>LOS_MuxCreate</STRONG> (Thumb, 90 bytes, Stack size 24 bytes, los_mux.o(i.LOS_MuxCreate))
<BR><BR>[Stack]<UL><LI>Max Depth = 24 + Unknown Stack Size
<LI>Call Chain = LOS_MuxCreate
</UL>
<BR>[Calls]<UL><LI><a href="#[76]">&gt;&gt;</a>&nbsp;&nbsp;&nbsp;LOS_ListInit
<LI><a href="#[74]">&gt;&gt;</a>&nbsp;&nbsp;&nbsp;LOS_ListEmpty
<LI><a href="#[75]">&gt;&gt;</a>&nbsp;&nbsp;&nbsp;LOS_ListDelete
<LI><a href="#[59]">&gt;&gt;</a>&nbsp;&nbsp;&nbsp;LOS_IntRestore
<LI><a href="#[58]">&gt;&gt;</a>&nbsp;&nbsp;&nbsp;LOS_IntLock
</UL>
<BR>[Called By]<UL><LI><a href="#[8]">&gt;&gt;</a>&nbsp;&nbsp;&nbsp;Example_MutexLock
</UL>

<P><STRONG><a name="[39]"></a>LOS_MuxDelete</STRONG> (Thumb, 90 bytes, Stack size 16 bytes, los_mux.o(i.LOS_MuxDelete))
<BR><BR>[Stack]<UL><LI>Max Depth = 16 + Unknown Stack Size
<LI>Call Chain = LOS_MuxDelete
</UL>
<BR>[Calls]<UL><LI><a href="#[74]">&gt;&gt;</a>&nbsp;&nbsp;&nbsp;LOS_ListEmpty
<LI><a href="#[6a]">&gt;&gt;</a>&nbsp;&nbsp;&nbsp;LOS_ListAdd
<LI><a href="#[59]">&gt;&gt;</a>&nbsp;&nbsp;&nbsp;LOS_IntRestore
<LI><a href="#[58]">&gt;&gt;</a>&nbsp;&nbsp;&nbsp;LOS_IntLock
</UL>
<BR>[Called By]<UL><LI><a href="#[8]">&gt;&gt;</a>&nbsp;&nbsp;&nbsp;Example_MutexLock
</UL>

<P><STRONG><a name="[3b]"></a>LOS_MuxPend</STRONG> (Thumb, 308 bytes, Stack size 32 bytes, los_mux.o(i.LOS_MuxPend))
<BR><BR>[Stack]<UL><LI>Max Depth = 80 + Unknown Stack Size
<LI>Call Chain = LOS_MuxPend &rArr; osTaskAdd2TimerList &rArr; LOS_ListTailInsert
</UL>
<BR>[Calls]<UL><LI><a href="#[69]">&gt;&gt;</a>&nbsp;&nbsp;&nbsp;LOS_ListTailInsert
<LI><a href="#[5d]">&gt;&gt;</a>&nbsp;&nbsp;&nbsp;LOS_Schedule
<LI><a href="#[77]">&gt;&gt;</a>&nbsp;&nbsp;&nbsp;osTaskPriModify
<LI><a href="#[5c]">&gt;&gt;</a>&nbsp;&nbsp;&nbsp;osTaskAdd2TimerList
<LI><a href="#[59]">&gt;&gt;</a>&nbsp;&nbsp;&nbsp;LOS_IntRestore
<LI><a href="#[58]">&gt;&gt;</a>&nbsp;&nbsp;&nbsp;LOS_IntLock
<LI><a href="#[5b]">&gt;&gt;</a>&nbsp;&nbsp;&nbsp;LOS_PriqueueDequeue
</UL>
<BR>[Called By]<UL><LI><a href="#[13]">&gt;&gt;</a>&nbsp;&nbsp;&nbsp;Example_MutexTask2
<LI><a href="#[12]">&gt;&gt;</a>&nbsp;&nbsp;&nbsp;Example_MutexTask1
</UL>

<P><STRONG><a name="[3c]"></a>LOS_MuxPost</STRONG> (Thumb, 238 bytes, Stack size 24 bytes, los_mux.o(i.LOS_MuxPost))
<BR><BR>[Stack]<UL><LI>Max Depth = 48 + Unknown Stack Size
<LI>Call Chain = LOS_MuxPost &rArr; osTimerListDelete
</UL>
<BR>[Calls]<UL><LI><a href="#[74]">&gt;&gt;</a>&nbsp;&nbsp;&nbsp;LOS_ListEmpty
<LI><a href="#[75]">&gt;&gt;</a>&nbsp;&nbsp;&nbsp;LOS_ListDelete
<LI><a href="#[5d]">&gt;&gt;</a>&nbsp;&nbsp;&nbsp;LOS_Schedule
<LI><a href="#[5e]">&gt;&gt;</a>&nbsp;&nbsp;&nbsp;osTimerListDelete
<LI><a href="#[77]">&gt;&gt;</a>&nbsp;&nbsp;&nbsp;osTaskPriModify
<LI><a href="#[59]">&gt;&gt;</a>&nbsp;&nbsp;&nbsp;LOS_IntRestore
<LI><a href="#[58]">&gt;&gt;</a>&nbsp;&nbsp;&nbsp;LOS_IntLock
<LI><a href="#[5f]">&gt;&gt;</a>&nbsp;&nbsp;&nbsp;LOS_PriqueueEnqueue
</UL>
<BR>[Called By]<UL><LI><a href="#[13]">&gt;&gt;</a>&nbsp;&nbsp;&nbsp;Example_MutexTask2
<LI><a href="#[12]">&gt;&gt;</a>&nbsp;&nbsp;&nbsp;Example_MutexTask1
</UL>

<P><STRONG><a name="[5b]"></a>LOS_PriqueueDequeue</STRONG> (Thumb, 24 bytes, Stack size 0 bytes, los_priqueue.o(i.LOS_PriqueueDequeue))
<BR><BR>[Called By]<UL><LI><a href="#[7d]">&gt;&gt;</a>&nbsp;&nbsp;&nbsp;osQueuePend
<LI><a href="#[3b]">&gt;&gt;</a>&nbsp;&nbsp;&nbsp;LOS_MuxPend
<LI><a href="#[2f]">&gt;&gt;</a>&nbsp;&nbsp;&nbsp;LOS_EventRead
<LI><a href="#[af]">&gt;&gt;</a>&nbsp;&nbsp;&nbsp;osTaskSelfDelete
<LI><a href="#[77]">&gt;&gt;</a>&nbsp;&nbsp;&nbsp;osTaskPriModify
<LI><a href="#[20]">&gt;&gt;</a>&nbsp;&nbsp;&nbsp;osTaskEntry
<LI><a href="#[48]">&gt;&gt;</a>&nbsp;&nbsp;&nbsp;LOS_TaskSuspend
<LI><a href="#[3a]">&gt;&gt;</a>&nbsp;&nbsp;&nbsp;LOS_TaskDelete
<LI><a href="#[32]">&gt;&gt;</a>&nbsp;&nbsp;&nbsp;LOS_TaskDelay
<LI><a href="#[3d]">&gt;&gt;</a>&nbsp;&nbsp;&nbsp;LOS_SemPend
</UL>

<P><STRONG><a name="[5f]"></a>LOS_PriqueueEnqueue</STRONG> (Thumb, 32 bytes, Stack size 8 bytes, los_priqueue.o(i.LOS_PriqueueEnqueue))
<BR><BR>[Stack]<UL><LI>Max Depth = 8<LI>Call Chain = LOS_PriqueueEnqueue
</UL>
<BR>[Called By]<UL><LI><a href="#[7e]">&gt;&gt;</a>&nbsp;&nbsp;&nbsp;osQueueWakeUp
<LI><a href="#[3c]">&gt;&gt;</a>&nbsp;&nbsp;&nbsp;LOS_MuxPost
<LI><a href="#[42]">&gt;&gt;</a>&nbsp;&nbsp;&nbsp;LOS_EventWrite
<LI><a href="#[3e]">&gt;&gt;</a>&nbsp;&nbsp;&nbsp;LOS_SemPost
<LI><a href="#[b2]">&gt;&gt;</a>&nbsp;&nbsp;&nbsp;osTaskScan
<LI><a href="#[77]">&gt;&gt;</a>&nbsp;&nbsp;&nbsp;osTaskPriModify
<LI><a href="#[90]">&gt;&gt;</a>&nbsp;&nbsp;&nbsp;LOS_TaskYield
<LI><a href="#[49]">&gt;&gt;</a>&nbsp;&nbsp;&nbsp;LOS_TaskResume
<LI><a href="#[34]">&gt;&gt;</a>&nbsp;&nbsp;&nbsp;LOS_TaskCreate
</UL>

<P><STRONG><a name="[91]"></a>LOS_PriqueueSize</STRONG> (Thumb, 36 bytes, Stack size 0 bytes, los_priqueue.o(i.LOS_PriqueueSize))
<BR><BR>[Called By]<UL><LI><a href="#[90]">&gt;&gt;</a>&nbsp;&nbsp;&nbsp;LOS_TaskYield
</UL>

<P><STRONG><a name="[80]"></a>LOS_PriqueueTop</STRONG> (Thumb, 54 bytes, Stack size 0 bytes, los_priqueue.o(i.LOS_PriqueueTop))
<BR><BR>[Called By]<UL><LI><a href="#[5d]">&gt;&gt;</a>&nbsp;&nbsp;&nbsp;LOS_Schedule
<LI><a href="#[af]">&gt;&gt;</a>&nbsp;&nbsp;&nbsp;osTaskSelfDelete
<LI><a href="#[49]">&gt;&gt;</a>&nbsp;&nbsp;&nbsp;LOS_TaskResume
<LI><a href="#[3a]">&gt;&gt;</a>&nbsp;&nbsp;&nbsp;LOS_TaskDelete
<LI><a href="#[34]">&gt;&gt;</a>&nbsp;&nbsp;&nbsp;LOS_TaskCreate
</UL>

<P><STRONG><a name="[35]"></a>LOS_QueueCreate</STRONG> (Thumb, 118 bytes, Stack size 40 bytes, los_queue.o(i.LOS_QueueCreate))
<BR><BR>[Stack]<UL><LI>Max Depth = 176 + Unknown Stack Size
<LI>Call Chain = LOS_QueueCreate &rArr; osQueueCreate &rArr; LOS_MemAlloc &rArr; osMemAllocWithCheck &rArr; osMemSpitNode &rArr; LOS_DLnkMultiHead
</UL>
<BR>[Calls]<UL><LI><a href="#[79]">&gt;&gt;</a>&nbsp;&nbsp;&nbsp;LOS_ListInit
<LI><a href="#[59]">&gt;&gt;</a>&nbsp;&nbsp;&nbsp;LOS_IntRestore
<LI><a href="#[58]">&gt;&gt;</a>&nbsp;&nbsp;&nbsp;LOS_IntLock
<LI><a href="#[78]">&gt;&gt;</a>&nbsp;&nbsp;&nbsp;osQueueCreate
</UL>
<BR>[Called By]<UL><LI><a href="#[a1]">&gt;&gt;</a>&nbsp;&nbsp;&nbsp;osSwTmrInit
<LI><a href="#[6]">&gt;&gt;</a>&nbsp;&nbsp;&nbsp;Example_MsgQueue
</UL>

<P><STRONG><a name="[7a]"></a>LOS_QueueDelete</STRONG> (Thumb, 162 bytes, Stack size 24 bytes, los_queue.o(i.LOS_QueueDelete))
<BR><BR>[Stack]<UL><LI>Max Depth = 108 + Unknown Stack Size
<LI>Call Chain = LOS_QueueDelete &rArr; LOS_MemFree &rArr; osMemCheckUsedNode &rArr; osMemIsNodeValid
</UL>
<BR>[Calls]<UL><LI><a href="#[7b]">&gt;&gt;</a>&nbsp;&nbsp;&nbsp;LOS_ListEmpty
<LI><a href="#[2d]">&gt;&gt;</a>&nbsp;&nbsp;&nbsp;LOS_MemFree
<LI><a href="#[59]">&gt;&gt;</a>&nbsp;&nbsp;&nbsp;LOS_IntRestore
<LI><a href="#[58]">&gt;&gt;</a>&nbsp;&nbsp;&nbsp;LOS_IntLock
</UL>
<BR>[Called By]<UL><LI><a href="#[11]">&gt;&gt;</a>&nbsp;&nbsp;&nbsp;recv_Entry
</UL>

<P><STRONG><a name="[7c]"></a>LOS_QueueRead</STRONG> (Thumb, 282 bytes, Stack size 48 bytes, los_queue.o(i.LOS_QueueRead))
<BR><BR>[Stack]<UL><LI>Max Depth = 120 + Unknown Stack Size
<LI>Call Chain = LOS_QueueRead &rArr; osQueuePend &rArr; osTaskAdd2TimerList &rArr; LOS_ListTailInsert
</UL>
<BR>[Calls]<UL><LI><a href="#[7e]">&gt;&gt;</a>&nbsp;&nbsp;&nbsp;osQueueWakeUp
<LI><a href="#[7d]">&gt;&gt;</a>&nbsp;&nbsp;&nbsp;osQueuePend
<LI><a href="#[7b]">&gt;&gt;</a>&nbsp;&nbsp;&nbsp;LOS_ListEmpty
<LI><a href="#[5d]">&gt;&gt;</a>&nbsp;&nbsp;&nbsp;LOS_Schedule
<LI><a href="#[59]">&gt;&gt;</a>&nbsp;&nbsp;&nbsp;LOS_IntRestore
<LI><a href="#[58]">&gt;&gt;</a>&nbsp;&nbsp;&nbsp;LOS_IntLock
</UL>
<BR>[Called By]<UL><LI><a href="#[1e]">&gt;&gt;</a>&nbsp;&nbsp;&nbsp;osSwTmrTask
<LI><a href="#[11]">&gt;&gt;</a>&nbsp;&nbsp;&nbsp;recv_Entry
</UL>

<P><STRONG><a name="[7f]"></a>LOS_QueueWrite</STRONG> (Thumb, 296 bytes, Stack size 48 bytes, los_queue.o(i.LOS_QueueWrite))
<BR><BR>[Stack]<UL><LI>Max Depth = 120 + Unknown Stack Size
<LI>Call Chain = LOS_QueueWrite &rArr; osQueuePend &rArr; osTaskAdd2TimerList &rArr; LOS_ListTailInsert
</UL>
<BR>[Calls]<UL><LI><a href="#[7e]">&gt;&gt;</a>&nbsp;&nbsp;&nbsp;osQueueWakeUp
<LI><a href="#[7d]">&gt;&gt;</a>&nbsp;&nbsp;&nbsp;osQueuePend
<LI><a href="#[7b]">&gt;&gt;</a>&nbsp;&nbsp;&nbsp;LOS_ListEmpty
<LI><a href="#[5d]">&gt;&gt;</a>&nbsp;&nbsp;&nbsp;LOS_Schedule
<LI><a href="#[59]">&gt;&gt;</a>&nbsp;&nbsp;&nbsp;LOS_IntRestore
<LI><a href="#[58]">&gt;&gt;</a>&nbsp;&nbsp;&nbsp;LOS_IntLock
</UL>
<BR>[Called By]<UL><LI><a href="#[ad]">&gt;&gt;</a>&nbsp;&nbsp;&nbsp;osSwTmrTimeoutHandle
<LI><a href="#[10]">&gt;&gt;</a>&nbsp;&nbsp;&nbsp;send_Entry
</UL>

<P><STRONG><a name="[5d]"></a>LOS_Schedule</STRONG> (Thumb, 56 bytes, Stack size 8 bytes, los_hw.o(i.LOS_Schedule))
<BR><BR>[Stack]<UL><LI>Max Depth = 8 + Unknown Stack Size
<LI>Call Chain = LOS_Schedule
</UL>
<BR>[Calls]<UL><LI><a href="#[59]">&gt;&gt;</a>&nbsp;&nbsp;&nbsp;LOS_IntRestore
<LI><a href="#[58]">&gt;&gt;</a>&nbsp;&nbsp;&nbsp;LOS_IntLock
<LI><a href="#[80]">&gt;&gt;</a>&nbsp;&nbsp;&nbsp;LOS_PriqueueTop
<LI><a href="#[81]">&gt;&gt;</a>&nbsp;&nbsp;&nbsp;osTaskSchedule
</UL>
<BR>[Called By]<UL><LI><a href="#[3c]">&gt;&gt;</a>&nbsp;&nbsp;&nbsp;LOS_MuxPost
<LI><a href="#[3b]">&gt;&gt;</a>&nbsp;&nbsp;&nbsp;LOS_MuxPend
<LI><a href="#[42]">&gt;&gt;</a>&nbsp;&nbsp;&nbsp;LOS_EventWrite
<LI><a href="#[2f]">&gt;&gt;</a>&nbsp;&nbsp;&nbsp;LOS_EventRead
<LI><a href="#[3e]">&gt;&gt;</a>&nbsp;&nbsp;&nbsp;LOS_SemPost
<LI><a href="#[b2]">&gt;&gt;</a>&nbsp;&nbsp;&nbsp;osTaskScan
<LI><a href="#[20]">&gt;&gt;</a>&nbsp;&nbsp;&nbsp;osTaskEntry
<LI><a href="#[90]">&gt;&gt;</a>&nbsp;&nbsp;&nbsp;LOS_TaskYield
<LI><a href="#[36]">&gt;&gt;</a>&nbsp;&nbsp;&nbsp;LOS_TaskUnlock
<LI><a href="#[48]">&gt;&gt;</a>&nbsp;&nbsp;&nbsp;LOS_TaskSuspend
<LI><a href="#[49]">&gt;&gt;</a>&nbsp;&nbsp;&nbsp;LOS_TaskResume
<LI><a href="#[32]">&gt;&gt;</a>&nbsp;&nbsp;&nbsp;LOS_TaskDelay
<LI><a href="#[7f]">&gt;&gt;</a>&nbsp;&nbsp;&nbsp;LOS_QueueWrite
<LI><a href="#[7c]">&gt;&gt;</a>&nbsp;&nbsp;&nbsp;LOS_QueueRead
<LI><a href="#[3d]">&gt;&gt;</a>&nbsp;&nbsp;&nbsp;LOS_SemPend
</UL>

<P><STRONG><a name="[3f]"></a>LOS_SemCreate</STRONG> (Thumb, 98 bytes, Stack size 24 bytes, los_sem.o(i.LOS_SemCreate))
<BR><BR>[Stack]<UL><LI>Max Depth = 24 + Unknown Stack Size
<LI>Call Chain = LOS_SemCreate
</UL>
<BR>[Calls]<UL><LI><a href="#[59]">&gt;&gt;</a>&nbsp;&nbsp;&nbsp;LOS_IntRestore
<LI><a href="#[58]">&gt;&gt;</a>&nbsp;&nbsp;&nbsp;LOS_IntLock
<LI><a href="#[84]">&gt;&gt;</a>&nbsp;&nbsp;&nbsp;LOS_ListInit
<LI><a href="#[82]">&gt;&gt;</a>&nbsp;&nbsp;&nbsp;LOS_ListEmpty
<LI><a href="#[83]">&gt;&gt;</a>&nbsp;&nbsp;&nbsp;LOS_ListDelete
</UL>
<BR>[Called By]<UL><LI><a href="#[7]">&gt;&gt;</a>&nbsp;&nbsp;&nbsp;Example_Semphore
</UL>

<P><STRONG><a name="[40]"></a>LOS_SemDelete</STRONG> (Thumb, 82 bytes, Stack size 16 bytes, los_sem.o(i.LOS_SemDelete))
<BR><BR>[Stack]<UL><LI>Max Depth = 16 + Unknown Stack Size
<LI>Call Chain = LOS_SemDelete
</UL>
<BR>[Calls]<UL><LI><a href="#[59]">&gt;&gt;</a>&nbsp;&nbsp;&nbsp;LOS_IntRestore
<LI><a href="#[58]">&gt;&gt;</a>&nbsp;&nbsp;&nbsp;LOS_IntLock
<LI><a href="#[82]">&gt;&gt;</a>&nbsp;&nbsp;&nbsp;LOS_ListEmpty
<LI><a href="#[6c]">&gt;&gt;</a>&nbsp;&nbsp;&nbsp;LOS_ListAdd
</UL>
<BR>[Called By]<UL><LI><a href="#[7]">&gt;&gt;</a>&nbsp;&nbsp;&nbsp;Example_Semphore
</UL>

<P><STRONG><a name="[3d]"></a>LOS_SemPend</STRONG> (Thumb, 236 bytes, Stack size 32 bytes, los_sem.o(i.LOS_SemPend))
<BR><BR>[Stack]<UL><LI>Max Depth = 80 + Unknown Stack Size
<LI>Call Chain = LOS_SemPend &rArr; osTaskAdd2TimerList &rArr; LOS_ListTailInsert
</UL>
<BR>[Calls]<UL><LI><a href="#[5d]">&gt;&gt;</a>&nbsp;&nbsp;&nbsp;LOS_Schedule
<LI><a href="#[5c]">&gt;&gt;</a>&nbsp;&nbsp;&nbsp;osTaskAdd2TimerList
<LI><a href="#[59]">&gt;&gt;</a>&nbsp;&nbsp;&nbsp;LOS_IntRestore
<LI><a href="#[58]">&gt;&gt;</a>&nbsp;&nbsp;&nbsp;LOS_IntLock
<LI><a href="#[5b]">&gt;&gt;</a>&nbsp;&nbsp;&nbsp;LOS_PriqueueDequeue
<LI><a href="#[6b]">&gt;&gt;</a>&nbsp;&nbsp;&nbsp;LOS_ListTailInsert
</UL>
<BR>[Called By]<UL><LI><a href="#[15]">&gt;&gt;</a>&nbsp;&nbsp;&nbsp;Example_SemTask2
<LI><a href="#[14]">&gt;&gt;</a>&nbsp;&nbsp;&nbsp;Example_SemTask1
</UL>

<P><STRONG><a name="[3e]"></a>LOS_SemPost</STRONG> (Thumb, 176 bytes, Stack size 24 bytes, los_sem.o(i.LOS_SemPost))
<BR><BR>[Stack]<UL><LI>Max Depth = 48 + Unknown Stack Size
<LI>Call Chain = LOS_SemPost &rArr; osTimerListDelete
</UL>
<BR>[Calls]<UL><LI><a href="#[5d]">&gt;&gt;</a>&nbsp;&nbsp;&nbsp;LOS_Schedule
<LI><a href="#[5e]">&gt;&gt;</a>&nbsp;&nbsp;&nbsp;osTimerListDelete
<LI><a href="#[59]">&gt;&gt;</a>&nbsp;&nbsp;&nbsp;LOS_IntRestore
<LI><a href="#[58]">&gt;&gt;</a>&nbsp;&nbsp;&nbsp;LOS_IntLock
<LI><a href="#[5f]">&gt;&gt;</a>&nbsp;&nbsp;&nbsp;LOS_PriqueueEnqueue
<LI><a href="#[82]">&gt;&gt;</a>&nbsp;&nbsp;&nbsp;LOS_ListEmpty
<LI><a href="#[83]">&gt;&gt;</a>&nbsp;&nbsp;&nbsp;LOS_ListDelete
</UL>
<BR>[Called By]<UL><LI><a href="#[20]">&gt;&gt;</a>&nbsp;&nbsp;&nbsp;osTaskEntry
<LI><a href="#[7]">&gt;&gt;</a>&nbsp;&nbsp;&nbsp;Example_Semphore
<LI><a href="#[15]">&gt;&gt;</a>&nbsp;&nbsp;&nbsp;Example_SemTask2
<LI><a href="#[14]">&gt;&gt;</a>&nbsp;&nbsp;&nbsp;Example_SemTask1
</UL>

<P><STRONG><a name="[b4]"></a>LOS_SetTickSycle</STRONG> (Thumb, 6 bytes, Stack size 0 bytes, los_hw_tick.o(i.LOS_SetTickSycle))
<BR><BR>[Called By]<UL><LI><a href="#[53]">&gt;&gt;</a>&nbsp;&nbsp;&nbsp;osTickStart
</UL>

<P><STRONG><a name="[85]"></a>LOS_Start</STRONG> (Thumb, 12 bytes, Stack size 8 bytes, los_config.o(i.LOS_Start))
<BR><BR>[Stack]<UL><LI>Max Depth = 8 + Unknown Stack Size
<LI>Call Chain = LOS_Start
</UL>
<BR>[Calls]<UL><LI><a href="#[86]">&gt;&gt;</a>&nbsp;&nbsp;&nbsp;LOS_StartToRun
</UL>
<BR>[Called By]<UL><LI><a href="#[f]">&gt;&gt;</a>&nbsp;&nbsp;&nbsp;main
</UL>

<P><STRONG><a name="[4c]"></a>LOS_SwtmrCreate</STRONG> (Thumb, 130 bytes, Stack size 32 bytes, los_swtmr.o(i.LOS_SwtmrCreate))
<BR><BR>[Stack]<UL><LI>Max Depth = 32 + Unknown Stack Size
<LI>Call Chain = LOS_SwtmrCreate
</UL>
<BR>[Calls]<UL><LI><a href="#[59]">&gt;&gt;</a>&nbsp;&nbsp;&nbsp;LOS_IntRestore
<LI><a href="#[58]">&gt;&gt;</a>&nbsp;&nbsp;&nbsp;LOS_IntLock
</UL>
<BR>[Called By]<UL><LI><a href="#[a]">&gt;&gt;</a>&nbsp;&nbsp;&nbsp;Example_swTimer
</UL>

<P><STRONG><a name="[4f]"></a>LOS_SwtmrDelete</STRONG> (Thumb, 122 bytes, Stack size 24 bytes, los_swtmr.o(i.LOS_SwtmrDelete))
<BR><BR>[Stack]<UL><LI>Max Depth = 32 + Unknown Stack Size
<LI>Call Chain = LOS_SwtmrDelete &rArr; osSwtmrStop
</UL>
<BR>[Calls]<UL><LI><a href="#[59]">&gt;&gt;</a>&nbsp;&nbsp;&nbsp;LOS_IntRestore
<LI><a href="#[58]">&gt;&gt;</a>&nbsp;&nbsp;&nbsp;LOS_IntLock
<LI><a href="#[87]">&gt;&gt;</a>&nbsp;&nbsp;&nbsp;osSwtmrStop
<LI><a href="#[88]">&gt;&gt;</a>&nbsp;&nbsp;&nbsp;osSwtmrDelete
</UL>
<BR>[Called By]<UL><LI><a href="#[a]">&gt;&gt;</a>&nbsp;&nbsp;&nbsp;Example_swTimer
</UL>

<P><STRONG><a name="[4d]"></a>LOS_SwtmrStart</STRONG> (Thumb, 122 bytes, Stack size 24 bytes, los_swtmr.o(i.LOS_SwtmrStart))
<BR><BR>[Stack]<UL><LI>Max Depth = 32 + Unknown Stack Size
<LI>Call Chain = LOS_SwtmrStart &rArr; osSwtmrStop
</UL>
<BR>[Calls]<UL><LI><a href="#[59]">&gt;&gt;</a>&nbsp;&nbsp;&nbsp;LOS_IntRestore
<LI><a href="#[58]">&gt;&gt;</a>&nbsp;&nbsp;&nbsp;LOS_IntLock
<LI><a href="#[87]">&gt;&gt;</a>&nbsp;&nbsp;&nbsp;osSwtmrStop
<LI><a href="#[89]">&gt;&gt;</a>&nbsp;&nbsp;&nbsp;osSwTmrStart
</UL>
<BR>[Called By]<UL><LI><a href="#[a]">&gt;&gt;</a>&nbsp;&nbsp;&nbsp;Example_swTimer
</UL>

<P><STRONG><a name="[4e]"></a>LOS_SwtmrStop</STRONG> (Thumb, 120 bytes, Stack size 24 bytes, los_swtmr.o(i.LOS_SwtmrStop))
<BR><BR>[Stack]<UL><LI>Max Depth = 32 + Unknown Stack Size
<LI>Call Chain = LOS_SwtmrStop &rArr; osSwtmrStop
</UL>
<BR>[Calls]<UL><LI><a href="#[59]">&gt;&gt;</a>&nbsp;&nbsp;&nbsp;LOS_IntRestore
<LI><a href="#[58]">&gt;&gt;</a>&nbsp;&nbsp;&nbsp;LOS_IntLock
<LI><a href="#[87]">&gt;&gt;</a>&nbsp;&nbsp;&nbsp;osSwtmrStop
</UL>
<BR>[Called By]<UL><LI><a href="#[a]">&gt;&gt;</a>&nbsp;&nbsp;&nbsp;Example_swTimer
</UL>

<P><STRONG><a name="[34]"></a>LOS_TaskCreate</STRONG> (Thumb, 140 bytes, Stack size 24 bytes, los_task.o(i.LOS_TaskCreate))
<BR><BR>[Stack]<UL><LI>Max Depth = 184 + Unknown Stack Size
<LI>Call Chain = LOS_TaskCreate &rArr; LOS_TaskCreateOnly &rArr; LOS_MemAllocAlign &rArr; osMemAllocWithCheck &rArr; osMemSpitNode &rArr; LOS_DLnkMultiHead
</UL>
<BR>[Calls]<UL><LI><a href="#[8b]">&gt;&gt;</a>&nbsp;&nbsp;&nbsp;osSchedule
<LI><a href="#[8a]">&gt;&gt;</a>&nbsp;&nbsp;&nbsp;LOS_TaskCreateOnly
<LI><a href="#[59]">&gt;&gt;</a>&nbsp;&nbsp;&nbsp;LOS_IntRestore
<LI><a href="#[58]">&gt;&gt;</a>&nbsp;&nbsp;&nbsp;LOS_IntLock
<LI><a href="#[80]">&gt;&gt;</a>&nbsp;&nbsp;&nbsp;LOS_PriqueueTop
<LI><a href="#[5f]">&gt;&gt;</a>&nbsp;&nbsp;&nbsp;LOS_PriqueueEnqueue
</UL>
<BR>[Called By]<UL><LI><a href="#[99]">&gt;&gt;</a>&nbsp;&nbsp;&nbsp;osIdleTaskCreate
<LI><a href="#[ac]">&gt;&gt;</a>&nbsp;&nbsp;&nbsp;osSwTmrTaskCreate
<LI><a href="#[61]">&gt;&gt;</a>&nbsp;&nbsp;&nbsp;LOS_Inspect_Entry
<LI><a href="#[4]">&gt;&gt;</a>&nbsp;&nbsp;&nbsp;Example_TskCaseEntry
<LI><a href="#[7]">&gt;&gt;</a>&nbsp;&nbsp;&nbsp;Example_Semphore
<LI><a href="#[8]">&gt;&gt;</a>&nbsp;&nbsp;&nbsp;Example_MutexLock
<LI><a href="#[6]">&gt;&gt;</a>&nbsp;&nbsp;&nbsp;Example_MsgQueue
<LI><a href="#[5]">&gt;&gt;</a>&nbsp;&nbsp;&nbsp;Example_SndRcvEvent
</UL>

<P><STRONG><a name="[8a]"></a>LOS_TaskCreateOnly</STRONG> (Thumb, 368 bytes, Stack size 40 bytes, los_task.o(i.LOS_TaskCreateOnly))
<BR><BR>[Stack]<UL><LI>Max Depth = 160 + Unknown Stack Size
<LI>Call Chain = LOS_TaskCreateOnly &rArr; LOS_MemAllocAlign &rArr; osMemAllocWithCheck &rArr; osMemSpitNode &rArr; LOS_DLnkMultiHead
</UL>
<BR>[Calls]<UL><LI><a href="#[8f]">&gt;&gt;</a>&nbsp;&nbsp;&nbsp;osTskStackInit
<LI><a href="#[2d]">&gt;&gt;</a>&nbsp;&nbsp;&nbsp;LOS_MemFree
<LI><a href="#[6e]">&gt;&gt;</a>&nbsp;&nbsp;&nbsp;LOS_MemAllocAlign
<LI><a href="#[8c]">&gt;&gt;</a>&nbsp;&nbsp;&nbsp;LOS_Align
<LI><a href="#[8e]">&gt;&gt;</a>&nbsp;&nbsp;&nbsp;LOS_ListEmpty
<LI><a href="#[8d]">&gt;&gt;</a>&nbsp;&nbsp;&nbsp;LOS_ListDelete
<LI><a href="#[68]">&gt;&gt;</a>&nbsp;&nbsp;&nbsp;LOS_ListAdd
<LI><a href="#[59]">&gt;&gt;</a>&nbsp;&nbsp;&nbsp;LOS_IntRestore
<LI><a href="#[58]">&gt;&gt;</a>&nbsp;&nbsp;&nbsp;LOS_IntLock
</UL>
<BR>[Called By]<UL><LI><a href="#[34]">&gt;&gt;</a>&nbsp;&nbsp;&nbsp;LOS_TaskCreate
</UL>

<P><STRONG><a name="[32]"></a>LOS_TaskDelay</STRONG> (Thumb, 106 bytes, Stack size 16 bytes, los_task.o(i.LOS_TaskDelay))
<BR><BR>[Stack]<UL><LI>Max Depth = 64 + Unknown Stack Size
<LI>Call Chain = LOS_TaskDelay &rArr; osTaskAdd2TimerList &rArr; LOS_ListTailInsert
</UL>
<BR>[Calls]<UL><LI><a href="#[5d]">&gt;&gt;</a>&nbsp;&nbsp;&nbsp;LOS_Schedule
<LI><a href="#[5c]">&gt;&gt;</a>&nbsp;&nbsp;&nbsp;osTaskAdd2TimerList
<LI><a href="#[90]">&gt;&gt;</a>&nbsp;&nbsp;&nbsp;LOS_TaskYield
<LI><a href="#[59]">&gt;&gt;</a>&nbsp;&nbsp;&nbsp;LOS_IntRestore
<LI><a href="#[58]">&gt;&gt;</a>&nbsp;&nbsp;&nbsp;LOS_IntLock
<LI><a href="#[5b]">&gt;&gt;</a>&nbsp;&nbsp;&nbsp;LOS_PriqueueDequeue
</UL>
<BR>[Called By]<UL><LI><a href="#[60]">&gt;&gt;</a>&nbsp;&nbsp;&nbsp;LOS_InspectByID
<LI><a href="#[62]">&gt;&gt;</a>&nbsp;&nbsp;&nbsp;LOS_Inspect_KeyAndLed
<LI><a href="#[a]">&gt;&gt;</a>&nbsp;&nbsp;&nbsp;Example_swTimer
<LI><a href="#[18]">&gt;&gt;</a>&nbsp;&nbsp;&nbsp;Example_TaskLo
<LI><a href="#[17]">&gt;&gt;</a>&nbsp;&nbsp;&nbsp;Example_TaskHi
<LI><a href="#[9]">&gt;&gt;</a>&nbsp;&nbsp;&nbsp;Example_GetTick
<LI><a href="#[7]">&gt;&gt;</a>&nbsp;&nbsp;&nbsp;Example_Semphore
<LI><a href="#[15]">&gt;&gt;</a>&nbsp;&nbsp;&nbsp;Example_SemTask2
<LI><a href="#[13]">&gt;&gt;</a>&nbsp;&nbsp;&nbsp;Example_MutexTask2
<LI><a href="#[8]">&gt;&gt;</a>&nbsp;&nbsp;&nbsp;Example_MutexLock
<LI><a href="#[10]">&gt;&gt;</a>&nbsp;&nbsp;&nbsp;send_Entry
<LI><a href="#[11]">&gt;&gt;</a>&nbsp;&nbsp;&nbsp;recv_Entry
</UL>

<P><STRONG><a name="[3a]"></a>LOS_TaskDelete</STRONG> (Thumb, 320 bytes, Stack size 24 bytes, los_task.o(i.LOS_TaskDelete))
<BR><BR>[Stack]<UL><LI>Max Depth = 108 + Unknown Stack Size
<LI>Call Chain = LOS_TaskDelete &rArr; LOS_MemFree &rArr; osMemCheckUsedNode &rArr; osMemIsNodeValid
</UL>
<BR>[Calls]<UL><LI><a href="#[8b]">&gt;&gt;</a>&nbsp;&nbsp;&nbsp;osSchedule
<LI><a href="#[2d]">&gt;&gt;</a>&nbsp;&nbsp;&nbsp;LOS_MemFree
<LI><a href="#[5e]">&gt;&gt;</a>&nbsp;&nbsp;&nbsp;osTimerListDelete
<LI><a href="#[67]">&gt;&gt;</a>&nbsp;&nbsp;&nbsp;LOS_ListTailInsert
<LI><a href="#[8d]">&gt;&gt;</a>&nbsp;&nbsp;&nbsp;LOS_ListDelete
<LI><a href="#[68]">&gt;&gt;</a>&nbsp;&nbsp;&nbsp;LOS_ListAdd
<LI><a href="#[59]">&gt;&gt;</a>&nbsp;&nbsp;&nbsp;LOS_IntRestore
<LI><a href="#[58]">&gt;&gt;</a>&nbsp;&nbsp;&nbsp;LOS_IntLock
<LI><a href="#[80]">&gt;&gt;</a>&nbsp;&nbsp;&nbsp;LOS_PriqueueTop
<LI><a href="#[5b]">&gt;&gt;</a>&nbsp;&nbsp;&nbsp;LOS_PriqueueDequeue
</UL>
<BR>[Called By]<UL><LI><a href="#[4]">&gt;&gt;</a>&nbsp;&nbsp;&nbsp;Example_TskCaseEntry
<LI><a href="#[18]">&gt;&gt;</a>&nbsp;&nbsp;&nbsp;Example_TaskLo
<LI><a href="#[17]">&gt;&gt;</a>&nbsp;&nbsp;&nbsp;Example_TaskHi
<LI><a href="#[7]">&gt;&gt;</a>&nbsp;&nbsp;&nbsp;Example_Semphore
<LI><a href="#[8]">&gt;&gt;</a>&nbsp;&nbsp;&nbsp;Example_MutexLock
<LI><a href="#[5]">&gt;&gt;</a>&nbsp;&nbsp;&nbsp;Example_SndRcvEvent
</UL>

<P><STRONG><a name="[33]"></a>LOS_TaskLock</STRONG> (Thumb, 26 bytes, Stack size 8 bytes, los_task.o(i.LOS_TaskLock))
<BR><BR>[Stack]<UL><LI>Max Depth = 8 + Unknown Stack Size
<LI>Call Chain = LOS_TaskLock
</UL>
<BR>[Calls]<UL><LI><a href="#[59]">&gt;&gt;</a>&nbsp;&nbsp;&nbsp;LOS_IntRestore
<LI><a href="#[58]">&gt;&gt;</a>&nbsp;&nbsp;&nbsp;LOS_IntLock
</UL>
<BR>[Called By]<UL><LI><a href="#[20]">&gt;&gt;</a>&nbsp;&nbsp;&nbsp;osTaskEntry
<LI><a href="#[4]">&gt;&gt;</a>&nbsp;&nbsp;&nbsp;Example_TskCaseEntry
<LI><a href="#[7]">&gt;&gt;</a>&nbsp;&nbsp;&nbsp;Example_Semphore
<LI><a href="#[8]">&gt;&gt;</a>&nbsp;&nbsp;&nbsp;Example_MutexLock
<LI><a href="#[6]">&gt;&gt;</a>&nbsp;&nbsp;&nbsp;Example_MsgQueue
</UL>

<P><STRONG><a name="[49]"></a>LOS_TaskResume</STRONG> (Thumb, 158 bytes, Stack size 24 bytes, los_task.o(i.LOS_TaskResume))
<BR><BR>[Stack]<UL><LI>Max Depth = 32 + Unknown Stack Size
<LI>Call Chain = LOS_TaskResume &rArr; LOS_Schedule
</UL>
<BR>[Calls]<UL><LI><a href="#[5d]">&gt;&gt;</a>&nbsp;&nbsp;&nbsp;LOS_Schedule
<LI><a href="#[59]">&gt;&gt;</a>&nbsp;&nbsp;&nbsp;LOS_IntRestore
<LI><a href="#[58]">&gt;&gt;</a>&nbsp;&nbsp;&nbsp;LOS_IntLock
<LI><a href="#[80]">&gt;&gt;</a>&nbsp;&nbsp;&nbsp;LOS_PriqueueTop
<LI><a href="#[5f]">&gt;&gt;</a>&nbsp;&nbsp;&nbsp;LOS_PriqueueEnqueue
</UL>
<BR>[Called By]<UL><LI><a href="#[18]">&gt;&gt;</a>&nbsp;&nbsp;&nbsp;Example_TaskLo
</UL>

<P><STRONG><a name="[48]"></a>LOS_TaskSuspend</STRONG> (Thumb, 196 bytes, Stack size 24 bytes, los_task.o(i.LOS_TaskSuspend))
<BR><BR>[Stack]<UL><LI>Max Depth = 32 + Unknown Stack Size
<LI>Call Chain = LOS_TaskSuspend &rArr; LOS_Schedule
</UL>
<BR>[Calls]<UL><LI><a href="#[5d]">&gt;&gt;</a>&nbsp;&nbsp;&nbsp;LOS_Schedule
<LI><a href="#[59]">&gt;&gt;</a>&nbsp;&nbsp;&nbsp;LOS_IntRestore
<LI><a href="#[58]">&gt;&gt;</a>&nbsp;&nbsp;&nbsp;LOS_IntLock
<LI><a href="#[5b]">&gt;&gt;</a>&nbsp;&nbsp;&nbsp;LOS_PriqueueDequeue
</UL>
<BR>[Called By]<UL><LI><a href="#[17]">&gt;&gt;</a>&nbsp;&nbsp;&nbsp;Example_TaskHi
</UL>

<P><STRONG><a name="[36]"></a>LOS_TaskUnlock</STRONG> (Thumb, 54 bytes, Stack size 8 bytes, los_task.o(i.LOS_TaskUnlock))
<BR><BR>[Stack]<UL><LI>Max Depth = 16 + Unknown Stack Size
<LI>Call Chain = LOS_TaskUnlock &rArr; LOS_Schedule
</UL>
<BR>[Calls]<UL><LI><a href="#[5d]">&gt;&gt;</a>&nbsp;&nbsp;&nbsp;LOS_Schedule
<LI><a href="#[59]">&gt;&gt;</a>&nbsp;&nbsp;&nbsp;LOS_IntRestore
<LI><a href="#[58]">&gt;&gt;</a>&nbsp;&nbsp;&nbsp;LOS_IntLock
</UL>
<BR>[Called By]<UL><LI><a href="#[20]">&gt;&gt;</a>&nbsp;&nbsp;&nbsp;osTaskEntry
<LI><a href="#[4]">&gt;&gt;</a>&nbsp;&nbsp;&nbsp;Example_TskCaseEntry
<LI><a href="#[7]">&gt;&gt;</a>&nbsp;&nbsp;&nbsp;Example_Semphore
<LI><a href="#[8]">&gt;&gt;</a>&nbsp;&nbsp;&nbsp;Example_MutexLock
<LI><a href="#[6]">&gt;&gt;</a>&nbsp;&nbsp;&nbsp;Example_MsgQueue
</UL>

<P><STRONG><a name="[90]"></a>LOS_TaskYield</STRONG> (Thumb, 118 bytes, Stack size 16 bytes, los_task.o(i.LOS_TaskYield))
<BR><BR>[Stack]<UL><LI>Max Depth = 24 + Unknown Stack Size
<LI>Call Chain = LOS_TaskYield &rArr; LOS_Schedule
</UL>
<BR>[Calls]<UL><LI><a href="#[5d]">&gt;&gt;</a>&nbsp;&nbsp;&nbsp;LOS_Schedule
<LI><a href="#[8d]">&gt;&gt;</a>&nbsp;&nbsp;&nbsp;LOS_ListDelete
<LI><a href="#[59]">&gt;&gt;</a>&nbsp;&nbsp;&nbsp;LOS_IntRestore
<LI><a href="#[58]">&gt;&gt;</a>&nbsp;&nbsp;&nbsp;LOS_IntLock
<LI><a href="#[91]">&gt;&gt;</a>&nbsp;&nbsp;&nbsp;LOS_PriqueueSize
<LI><a href="#[5f]">&gt;&gt;</a>&nbsp;&nbsp;&nbsp;LOS_PriqueueEnqueue
</UL>
<BR>[Called By]<UL><LI><a href="#[b3]">&gt;&gt;</a>&nbsp;&nbsp;&nbsp;osTimesliceCheck
<LI><a href="#[32]">&gt;&gt;</a>&nbsp;&nbsp;&nbsp;LOS_TaskDelay
</UL>

<P><STRONG><a name="[31]"></a>LOS_TickCountGet</STRONG> (Thumb, 6 bytes, Stack size 0 bytes, los_sys.o(i.LOS_TickCountGet))
<BR><BR>[Called By]<UL><LI><a href="#[1a]">&gt;&gt;</a>&nbsp;&nbsp;&nbsp;Timer2_Callback
<LI><a href="#[19]">&gt;&gt;</a>&nbsp;&nbsp;&nbsp;Timer1_Callback
<LI><a href="#[9]">&gt;&gt;</a>&nbsp;&nbsp;&nbsp;Example_GetTick
</UL>

<P><STRONG><a name="[92]"></a>LOS_TickHandler</STRONG> (Thumb, 52 bytes, Stack size 8 bytes, los_hw_tick.o(i.LOS_TickHandler))
<BR><BR>[Stack]<UL><LI>Max Depth = 160 + Unknown Stack Size
<LI>Call Chain = LOS_TickHandler &rArr; osTickHandler &rArr; osSwtmrScan &rArr; osSwTmrTimeoutHandle &rArr; LOS_QueueWrite &rArr; osQueuePend &rArr; osTaskAdd2TimerList &rArr; LOS_ListTailInsert
</UL>
<BR>[Calls]<UL><LI><a href="#[93]">&gt;&gt;</a>&nbsp;&nbsp;&nbsp;osTickHandler
<LI><a href="#[59]">&gt;&gt;</a>&nbsp;&nbsp;&nbsp;LOS_IntRestore
<LI><a href="#[58]">&gt;&gt;</a>&nbsp;&nbsp;&nbsp;LOS_IntLock
</UL>
<BR>[Called By]<UL><LI><a href="#[3]">&gt;&gt;</a>&nbsp;&nbsp;&nbsp;SysTick_Handler
</UL>

<P><STRONG><a name="[98]"></a>LosAdapIntInit</STRONG> (Thumb, 2 bytes, Stack size 0 bytes, los_bsp_adapter.o(i.LosAdapIntInit))
<BR><BR>[Called By]<UL><LI><a href="#[97]">&gt;&gt;</a>&nbsp;&nbsp;&nbsp;osHwiInit
</UL>

<P><STRONG><a name="[3]"></a>SysTick_Handler</STRONG> (Thumb, 8 bytes, Stack size 8 bytes, los_bsp_adapter.o(i.SysTick_Handler))
<BR><BR>[Stack]<UL><LI>Max Depth = 168 + Unknown Stack Size
<LI>Call Chain = SysTick_Handler &rArr; LOS_TickHandler &rArr; osTickHandler &rArr; osSwtmrScan &rArr; osSwTmrTimeoutHandle &rArr; LOS_QueueWrite &rArr; osQueuePend &rArr; osTaskAdd2TimerList &rArr; LOS_ListTailInsert
</UL>
<BR>[Calls]<UL><LI><a href="#[92]">&gt;&gt;</a>&nbsp;&nbsp;&nbsp;LOS_TickHandler
</UL>
<BR>[Address Reference Count : 2]<UL><LI> los_hwi.o(.vector.bss)
<LI> los_startup_keil.o(RESET)
</UL>
<P><STRONG><a name="[19]"></a>Timer1_Callback</STRONG> (Thumb, 40 bytes, Stack size 16 bytes, los_api_timer.o(i.Timer1_Callback))
<BR><BR>[Stack]<UL><LI>Max Depth = 40<LI>Call Chain = Timer1_Callback &rArr; __2printf
</UL>
<BR>[Calls]<UL><LI><a href="#[31]">&gt;&gt;</a>&nbsp;&nbsp;&nbsp;LOS_TickCountGet
<LI><a href="#[2b]">&gt;&gt;</a>&nbsp;&nbsp;&nbsp;__2printf
</UL>
<BR>[Address Reference Count : 1]<UL><LI> los_api_timer.o(i.Example_swTimer)
</UL>
<P><STRONG><a name="[1a]"></a>Timer2_Callback</STRONG> (Thumb, 48 bytes, Stack size 16 bytes, los_api_timer.o(i.Timer2_Callback))
<BR><BR>[Stack]<UL><LI>Max Depth = 56<LI>Call Chain = Timer2_Callback &rArr; LOS_InspectStatusSetByID &rArr; __2printf
</UL>
<BR>[Calls]<UL><LI><a href="#[31]">&gt;&gt;</a>&nbsp;&nbsp;&nbsp;LOS_TickCountGet
<LI><a href="#[2e]">&gt;&gt;</a>&nbsp;&nbsp;&nbsp;LOS_InspectStatusSetByID
<LI><a href="#[2b]">&gt;&gt;</a>&nbsp;&nbsp;&nbsp;__2printf
</UL>
<BR>[Address Reference Count : 1]<UL><LI> los_api_timer.o(i.Example_swTimer)
</UL>
<P><STRONG><a name="[94]"></a>__0printf$5</STRONG> (Thumb, 22 bytes, Stack size 24 bytes, printf5.o(i.__0printf$5), UNUSED)
<BR><BR>[Calls]<UL><LI><a href="#[95]">&gt;&gt;</a>&nbsp;&nbsp;&nbsp;_printf_core
</UL>

<P><STRONG><a name="[c6]"></a>__1printf$5</STRONG> (Thumb, 0 bytes, Stack size 24 bytes, printf5.o(i.__0printf$5), UNUSED)

<P><STRONG><a name="[2b]"></a>__2printf</STRONG> (Thumb, 0 bytes, Stack size 24 bytes, printf5.o(i.__0printf$5))
<BR><BR>[Stack]<UL><LI>Max Depth = 24<LI>Call Chain = __2printf
</UL>
<BR>[Called By]<UL><LI><a href="#[1b]">&gt;&gt;</a>&nbsp;&nbsp;&nbsp;LOS_Inspect_TskDeal
<LI><a href="#[60]">&gt;&gt;</a>&nbsp;&nbsp;&nbsp;LOS_InspectByID
<LI><a href="#[62]">&gt;&gt;</a>&nbsp;&nbsp;&nbsp;LOS_Inspect_KeyAndLed
<LI><a href="#[1a]">&gt;&gt;</a>&nbsp;&nbsp;&nbsp;Timer2_Callback
<LI><a href="#[19]">&gt;&gt;</a>&nbsp;&nbsp;&nbsp;Timer1_Callback
<LI><a href="#[a]">&gt;&gt;</a>&nbsp;&nbsp;&nbsp;Example_swTimer
<LI><a href="#[4]">&gt;&gt;</a>&nbsp;&nbsp;&nbsp;Example_TskCaseEntry
<LI><a href="#[18]">&gt;&gt;</a>&nbsp;&nbsp;&nbsp;Example_TaskLo
<LI><a href="#[17]">&gt;&gt;</a>&nbsp;&nbsp;&nbsp;Example_TaskHi
<LI><a href="#[9]">&gt;&gt;</a>&nbsp;&nbsp;&nbsp;Example_GetTick
<LI><a href="#[c]">&gt;&gt;</a>&nbsp;&nbsp;&nbsp;Example_StaticMem
<LI><a href="#[7]">&gt;&gt;</a>&nbsp;&nbsp;&nbsp;Example_Semphore
<LI><a href="#[15]">&gt;&gt;</a>&nbsp;&nbsp;&nbsp;Example_SemTask2
<LI><a href="#[14]">&gt;&gt;</a>&nbsp;&nbsp;&nbsp;Example_SemTask1
<LI><a href="#[13]">&gt;&gt;</a>&nbsp;&nbsp;&nbsp;Example_MutexTask2
<LI><a href="#[12]">&gt;&gt;</a>&nbsp;&nbsp;&nbsp;Example_MutexTask1
<LI><a href="#[8]">&gt;&gt;</a>&nbsp;&nbsp;&nbsp;Example_MutexLock
<LI><a href="#[10]">&gt;&gt;</a>&nbsp;&nbsp;&nbsp;send_Entry
<LI><a href="#[11]">&gt;&gt;</a>&nbsp;&nbsp;&nbsp;recv_Entry
<LI><a href="#[6]">&gt;&gt;</a>&nbsp;&nbsp;&nbsp;Example_MsgQueue
<LI><a href="#[b]">&gt;&gt;</a>&nbsp;&nbsp;&nbsp;Example_list
<LI><a href="#[5]">&gt;&gt;</a>&nbsp;&nbsp;&nbsp;Example_SndRcvEvent
<LI><a href="#[16]">&gt;&gt;</a>&nbsp;&nbsp;&nbsp;Example_Event
<LI><a href="#[2e]">&gt;&gt;</a>&nbsp;&nbsp;&nbsp;LOS_InspectStatusSetByID
<LI><a href="#[d]">&gt;&gt;</a>&nbsp;&nbsp;&nbsp;Example_Dyn_Mem
</UL>

<P><STRONG><a name="[c7]"></a>__scatterload_copy</STRONG> (Thumb, 14 bytes, Stack size unknown bytes, handlers.o(i.__scatterload_copy), UNUSED)

<P><STRONG><a name="[c8]"></a>__scatterload_null</STRONG> (Thumb, 2 bytes, Stack size unknown bytes, handlers.o(i.__scatterload_null), UNUSED)

<P><STRONG><a name="[c9]"></a>__scatterload_zeroinit</STRONG> (Thumb, 14 bytes, Stack size unknown bytes, handlers.o(i.__scatterload_zeroinit), UNUSED)

<P><STRONG><a name="[1c]"></a>fputc</STRONG> (Thumb, 18 bytes, Stack size 16 bytes, fputc.o(i.fputc))
<BR><BR>[Stack]<UL><LI>Max Depth = 16<LI>Call Chain = fputc
</UL>
<BR>[Address Reference Count : 1]<UL><LI> printf5.o(i.__0printf$5)
</UL>
<P><STRONG><a name="[4b]"></a>free</STRONG> (Thumb, 76 bytes, Stack size 8 bytes, malloc.o(i.free))
<BR><BR>[Stack]<UL><LI>Max Depth = 8<LI>Call Chain = free
</UL>
<BR>[Called By]<UL><LI><a href="#[b]">&gt;&gt;</a>&nbsp;&nbsp;&nbsp;Example_list
</UL>

<P><STRONG><a name="[f]"></a>main</STRONG> (Thumb, 34 bytes, Stack size 8 bytes, main.o(i.main))
<BR><BR>[Stack]<UL><LI>Max Depth = 288 + Unknown Stack Size
<LI>Call Chain = main &rArr; LOS_KernelInit &rArr; osMain &rArr; osSwTmrInit &rArr; osSwTmrTaskCreate &rArr; LOS_TaskCreate &rArr; LOS_TaskCreateOnly &rArr; LOS_MemAllocAlign &rArr; osMemAllocWithCheck &rArr; osMemSpitNode &rArr; LOS_DLnkMultiHead
</UL>
<BR>[Calls]<UL><LI><a href="#[85]">&gt;&gt;</a>&nbsp;&nbsp;&nbsp;LOS_Start
<LI><a href="#[65]">&gt;&gt;</a>&nbsp;&nbsp;&nbsp;LOS_KernelInit
<LI><a href="#[52]">&gt;&gt;</a>&nbsp;&nbsp;&nbsp;LOS_EnableTick
<LI><a href="#[61]">&gt;&gt;</a>&nbsp;&nbsp;&nbsp;LOS_Inspect_Entry
<LI><a href="#[54]">&gt;&gt;</a>&nbsp;&nbsp;&nbsp;LOS_EvbSetup
</UL>
<BR>[Address Reference Count : 1]<UL><LI> entry9a.o(.ARM.Collect$$$$0000000B)
</UL>
<P><STRONG><a name="[1]"></a>osHwiDefaultHandler</STRONG> (Thumb, 8 bytes, Stack size 0 bytes, los_hwi.o(i.osHwiDefaultHandler))
<BR><BR>[Stack]<UL><LI>Max Depth = 8 + Unknown Stack Size
<LI>Call Chain = osHwiDefaultHandler &rArr; osIntNumGet
</UL>
<BR>[Calls]<UL><LI><a href="#[96]">&gt;&gt;</a>&nbsp;&nbsp;&nbsp;osIntNumGet
</UL>
<BR>[Address Reference Count : 2]<UL><LI> los_hwi.o(i.osHwiInit)
<LI> los_hwi.o(.vector.bss)
</UL>
<P><STRONG><a name="[97]"></a>osHwiInit</STRONG> (Thumb, 26 bytes, Stack size 8 bytes, los_hwi.o(i.osHwiInit))
<BR><BR>[Stack]<UL><LI>Max Depth = 8<LI>Call Chain = osHwiInit
</UL>
<BR>[Calls]<UL><LI><a href="#[98]">&gt;&gt;</a>&nbsp;&nbsp;&nbsp;LosAdapIntInit
</UL>
[...]
<BR><BR>[Stack]<UL><LI>Max Depth = 32 + Unknown Stack Size
<LI>Call Chain = osTaskScan &rArr; LOS_Schedule
</UL>
<BR>[Calls]<UL><LI><a href="#[5d]">&gt;&gt;</a>&nbsp;&nbsp;&nbsp;LOS_Schedule
<LI><a href="#[8d]">&gt;&gt;</a>&nbsp;&nbsp;&nbsp;LOS_ListDelete
<LI><a href="#[5f]">&gt;&gt;</a>&nbsp;&nbsp;&nbsp;LOS_PriqueueEnqueue
</UL>
<BR>[Called By]<UL><LI><a href="#[93]">&gt;&gt;</a>&nbsp;&nbsp;&nbsp;osTickHandler
</UL>

<P><STRONG><a name="[af]"></a>osTaskSelfDelete</STRONG> (Thumb, 236 bytes, Stack size 24 bytes, los_task.o(i.osTaskSelfDelete))
<BR><BR>[Stack]<UL><LI>Max Depth = 48 + Unknown Stack Size
<LI>Call Chain = osTaskSelfDelete &rArr; osTimerListDelete
</UL>
<BR>[Calls]<UL><LI><a href="#[8b]">&gt;&gt;</a>&nbsp;&nbsp;&nbsp;osSchedule
<LI><a href="#[5e]">&gt;&gt;</a>&nbsp;&nbsp;&nbsp;osTimerListDelete
<LI><a href="#[67]">&gt;&gt;</a>&nbsp;&nbsp;&nbsp;LOS_ListTailInsert
<LI><a href="#[8d]">&gt;&gt;</a>&nbsp;&nbsp;&nbsp;LOS_ListDelete
<LI><a href="#[59]">&gt;&gt;</a>&nbsp;&nbsp;&nbsp;LOS_IntRestore
<LI><a href="#[80]">&gt;&gt;</a>&nbsp;&nbsp;&nbsp;LOS_PriqueueTop
<LI><a href="#[5b]">&gt;&gt;</a>&nbsp;&nbsp;&nbsp;LOS_PriqueueDequeue
</UL>
<BR>[Called By]<UL><LI><a href="#[20]">&gt;&gt;</a>&nbsp;&nbsp;&nbsp;osTaskEntry
</UL>

<P><STRONG><a name="[93]"></a>osTickHandler</STRONG> (Thumb, 34 bytes, Stack size 8 bytes, los_tick.o(i.osTickHandler))
<BR><BR>[Stack]<UL><LI>Max Depth = 152 + Unknown Stack Size
<LI>Call Chain = osTickHandler &rArr; osSwtmrScan &rArr; osSwTmrTimeoutHandle &rArr; LOS_QueueWrite &rArr; osQueuePend &rArr; osTaskAdd2TimerList &rArr; LOS_ListTailInsert
</UL>
<BR>[Calls]<UL><LI><a href="#[b3]">&gt;&gt;</a>&nbsp;&nbsp;&nbsp;osTimesliceCheck
<LI><a href="#[b2]">&gt;&gt;</a>&nbsp;&nbsp;&nbsp;osTaskScan
<LI><a href="#[ae]">&gt;&gt;</a>&nbsp;&nbsp;&nbsp;osSwtmrScan
</UL>
<BR>[Called By]<UL><LI><a href="#[92]">&gt;&gt;</a>&nbsp;&nbsp;&nbsp;LOS_TickHandler
</UL>

<P><STRONG><a name="[53]"></a>osTickStart</STRONG> (Thumb, 54 bytes, Stack size 8 bytes, los_bsp_adapter.o(i.osTickStart))
<BR><BR>[Stack]<UL><LI>Max Depth = 8<LI>Call Chain = osTickStart
</UL>
<BR>[Calls]<UL><LI><a href="#[b4]">&gt;&gt;</a>&nbsp;&nbsp;&nbsp;LOS_SetTickSycle
</UL>
<BR>[Called By]<UL><LI><a href="#[52]">&gt;&gt;</a>&nbsp;&nbsp;&nbsp;LOS_EnableTick
</UL>

<P><STRONG><a name="[5e]"></a>osTimerListDelete</STRONG> (Thumb, 66 bytes, Stack size 24 bytes, los_task.o(i.osTimerListDelete))
<BR><BR>[Stack]<UL><LI>Max Depth = 24<LI>Call Chain = osTimerListDelete
</UL>
<BR>[Calls]<UL><LI><a href="#[8d]">&gt;&gt;</a>&nbsp;&nbsp;&nbsp;LOS_ListDelete
</UL>
<BR>[Called By]<UL><LI><a href="#[7e]">&gt;&gt;</a>&nbsp;&nbsp;&nbsp;osQueueWakeUp
<LI><a href="#[3c]">&gt;&gt;</a>&nbsp;&nbsp;&nbsp;LOS_MuxPost
<LI><a href="#[42]">&gt;&gt;</a>&nbsp;&nbsp;&nbsp;LOS_EventWrite
<LI><a href="#[3e]">&gt;&gt;</a>&nbsp;&nbsp;&nbsp;LOS_SemPost
<LI><a href="#[af]">&gt;&gt;</a>&nbsp;&nbsp;&nbsp;osTaskSelfDelete
<LI><a href="#[3a]">&gt;&gt;</a>&nbsp;&nbsp;&nbsp;LOS_TaskDelete
</UL>

<P><STRONG><a name="[b3]"></a>osTimesliceCheck</STRONG> (Thumb, 64 bytes, Stack size 8 bytes, los_timeslice.o(i.osTimesliceCheck))
<BR><BR>[Stack]<UL><LI>Max Depth = 32 + Unknown Stack Size
<LI>Call Chain = osTimesliceCheck &rArr; LOS_TaskYield &rArr; LOS_Schedule
</UL>
<BR>[Calls]<UL><LI><a href="#[90]">&gt;&gt;</a>&nbsp;&nbsp;&nbsp;LOS_TaskYield
</UL>
<BR>[Called By]<UL><LI><a href="#[93]">&gt;&gt;</a>&nbsp;&nbsp;&nbsp;osTickHandler
</UL>

<P><STRONG><a name="[a2]"></a>osTimesliceInit</STRONG> (Thumb, 12 bytes, Stack size 0 bytes, los_timeslice.o(i.osTimesliceInit))
<BR><BR>[Called By]<UL><LI><a href="#[66]">&gt;&gt;</a>&nbsp;&nbsp;&nbsp;osMain
</UL>

<P><STRONG><a name="[8f]"></a>osTskStackInit</STRONG> (Thumb, 306 bytes, Stack size 12 bytes, los_hw.o(i.osTskStackInit))
<BR><BR>[Stack]<UL><LI>Max Depth = 12<LI>Call Chain = osTskStackInit
</UL>
<BR>[Called By]<UL><LI><a href="#[8a]">&gt;&gt;</a>&nbsp;&nbsp;&nbsp;LOS_TaskCreateOnly
</UL>

<P><STRONG><a name="[11]"></a>recv_Entry</STRONG> (Thumb, 120 bytes, Stack size 32 bytes, los_api_msgqueue.o(i.recv_Entry))
<BR><BR>[Stack]<UL><LI>Max Depth = 152 + Unknown Stack Size
<LI>Call Chain = recv_Entry &rArr; LOS_QueueRead &rArr; osQueuePend &rArr; osTaskAdd2TimerList &rArr; LOS_ListTailInsert
</UL>
<BR>[Calls]<UL><LI><a href="#[32]">&gt;&gt;</a>&nbsp;&nbsp;&nbsp;LOS_TaskDelay
<LI><a href="#[7c]">&gt;&gt;</a>&nbsp;&nbsp;&nbsp;LOS_QueueRead
<LI><a href="#[7a]">&gt;&gt;</a>&nbsp;&nbsp;&nbsp;LOS_QueueDelete
<LI><a href="#[2e]">&gt;&gt;</a>&nbsp;&nbsp;&nbsp;LOS_InspectStatusSetByID
<LI><a href="#[2b]">&gt;&gt;</a>&nbsp;&nbsp;&nbsp;__2printf
</UL>
<BR>[Address Reference Count : 1]<UL><LI> los_api_msgqueue.o(i.Example_MsgQueue)
</UL>
<P><STRONG><a name="[10]"></a>send_Entry</STRONG> (Thumb, 76 bytes, Stack size 32 bytes, los_api_msgqueue.o(i.send_Entry))
<BR><BR>[Stack]<UL><LI>Max Depth = 152 + Unknown Stack Size
<LI>Call Chain = send_Entry &rArr; LOS_QueueWrite &rArr; osQueuePend &rArr; osTaskAdd2TimerList &rArr; LOS_ListTailInsert
</UL>
<BR>[Calls]<UL><LI><a href="#[32]">&gt;&gt;</a>&nbsp;&nbsp;&nbsp;LOS_TaskDelay
<LI><a href="#[7f]">&gt;&gt;</a>&nbsp;&nbsp;&nbsp;LOS_QueueWrite
<LI><a href="#[2b]">&gt;&gt;</a>&nbsp;&nbsp;&nbsp;__2printf
</UL>
<BR>[Address Reference Count : 1]<UL><LI> los_api_msgqueue.o(i.Example_MsgQueue)
</UL><P>
<H3>
Local Symbols
</H3>
<P><STRONG><a name="[ad]"></a>osSwTmrTimeoutHandle</STRONG> (Thumb, 128 bytes, Stack size 16 bytes, los_swtmr.o(i.osSwTmrTimeoutHandle))
<BR><BR>[Stack]<UL><LI>Max Depth = 136 + Unknown Stack Size
<LI>Call Chain = osSwTmrTimeoutHandle &rArr; LOS_QueueWrite &rArr; osQueuePend &rArr; osTaskAdd2TimerList &rArr; LOS_ListTailInsert
</UL>
<BR>[Calls]<UL><LI><a href="#[7f]">&gt;&gt;</a>&nbsp;&nbsp;&nbsp;LOS_QueueWrite
<LI><a href="#[47]">&gt;&gt;</a>&nbsp;&nbsp;&nbsp;LOS_MemboxFree
<LI><a href="#[45]">&gt;&gt;</a>&nbsp;&nbsp;&nbsp;LOS_MemboxAlloc
<LI><a href="#[89]">&gt;&gt;</a>&nbsp;&nbsp;&nbsp;osSwTmrStart
<LI><a href="#[88]">&gt;&gt;</a>&nbsp;&nbsp;&nbsp;osSwtmrDelete
</UL>
<BR>[Called By]<UL><LI><a href="#[ae]">&gt;&gt;</a>&nbsp;&nbsp;&nbsp;osSwtmrScan
</UL>

<P><STRONG><a name="[88]"></a>osSwtmrDelete</STRONG> (Thumb, 16 bytes, Stack size 0 bytes, los_swtmr.o(i.osSwtmrDelete))
<BR><BR>[Called By]<UL><LI><a href="#[4f]">&gt;&gt;</a>&nbsp;&nbsp;&nbsp;LOS_SwtmrDelete
<LI><a href="#[ad]">&gt;&gt;</a>&nbsp;&nbsp;&nbsp;osSwTmrTimeoutHandle
</UL>

<P><STRONG><a name="[68]"></a>LOS_ListAdd</STRONG> (Thumb, 14 bytes, Stack size 0 bytes, los_task.o(i.LOS_ListAdd))
<BR><BR>[Called By]<UL><LI><a href="#[3a]">&gt;&gt;</a>&nbsp;&nbsp;&nbsp;LOS_TaskDelete
<LI><a href="#[8a]">&gt;&gt;</a>&nbsp;&nbsp;&nbsp;LOS_TaskCreateOnly
<LI><a href="#[67]">&gt;&gt;</a>&nbsp;&nbsp;&nbsp;LOS_ListTailInsert
</UL>

<P><STRONG><a name="[8d]"></a>LOS_ListDelete</STRONG> (Thumb, 20 bytes, Stack size 0 bytes, los_task.o(i.LOS_ListDelete))
<BR><BR>[Called By]<UL><LI><a href="#[5e]">&gt;&gt;</a>&nbsp;&nbsp;&nbsp;osTimerListDelete
<LI><a href="#[af]">&gt;&gt;</a>&nbsp;&nbsp;&nbsp;osTaskSelfDelete
<LI><a href="#[b2]">&gt;&gt;</a>&nbsp;&nbsp;&nbsp;osTaskScan
<LI><a href="#[90]">&gt;&gt;</a>&nbsp;&nbsp;&nbsp;LOS_TaskYield
<LI><a href="#[3a]">&gt;&gt;</a>&nbsp;&nbsp;&nbsp;LOS_TaskDelete
<LI><a href="#[8a]">&gt;&gt;</a>&nbsp;&nbsp;&nbsp;LOS_TaskCreateOnly
</UL>

<P><STRONG><a name="[8e]"></a>LOS_ListEmpty</STRONG> (Thumb, 16 bytes, Stack size 0 bytes, los_task.o(i.LOS_ListEmpty))
<BR><BR>[Called By]<UL><LI><a href="#[8a]">&gt;&gt;</a>&nbsp;&nbsp;&nbsp;LOS_TaskCreateOnly
</UL>

<P><STRONG><a name="[b1]"></a>LOS_ListInit</STRONG> (Thumb, 6 bytes, Stack size 0 bytes, los_task.o(i.LOS_ListInit))
<BR><BR>[Called By]<UL><LI><a href="#[9d]">&gt;&gt;</a>&nbsp;&nbsp;&nbsp;osTaskInit
</UL>

<P><STRONG><a name="[67]"></a>LOS_ListTailInsert</STRONG> (Thumb, 16 bytes, Stack size 16 bytes, los_task.o(i.LOS_ListTailInsert))
<BR><BR>[Stack]<UL><LI>Max Depth = 16<LI>Call Chain = LOS_ListTailInsert
</UL>
<BR>[Calls]<UL><LI><a href="#[68]">&gt;&gt;</a>&nbsp;&nbsp;&nbsp;LOS_ListAdd
</UL>
<BR>[Called By]<UL><LI><a href="#[af]">&gt;&gt;</a>&nbsp;&nbsp;&nbsp;osTaskSelfDelete
<LI><a href="#[9d]">&gt;&gt;</a>&nbsp;&nbsp;&nbsp;osTaskInit
<LI><a href="#[5c]">&gt;&gt;</a>&nbsp;&nbsp;&nbsp;osTaskAdd2TimerList
<LI><a href="#[3a]">&gt;&gt;</a>&nbsp;&nbsp;&nbsp;LOS_TaskDelete
</UL>

<P><STRONG><a name="[6a]"></a>LOS_ListAdd</STRONG> (Thumb, 14 bytes, Stack size 0 bytes, los_mux.o(i.LOS_ListAdd))
<BR><BR>[Called By]<UL><LI><a href="#[39]">&gt;&gt;</a>&nbsp;&nbsp;&nbsp;LOS_MuxDelete
<LI><a href="#[69]">&gt;&gt;</a>&nbsp;&nbsp;&nbsp;LOS_ListTailInsert
</UL>

<P><STRONG><a name="[75]"></a>LOS_ListDelete</STRONG> (Thumb, 20 bytes, Stack size 0 bytes, los_mux.o(i.LOS_ListDelete))
<BR><BR>[Called By]<UL><LI><a href="#[3c]">&gt;&gt;</a>&nbsp;&nbsp;&nbsp;LOS_MuxPost
<LI><a href="#[37]">&gt;&gt;</a>&nbsp;&nbsp;&nbsp;LOS_MuxCreate
</UL>

<P><STRONG><a name="[74]"></a>LOS_ListEmpty</STRONG> (Thumb, 16 bytes, Stack size 0 bytes, los_mux.o(i.LOS_ListEmpty))
<BR><BR>[Called By]<UL><LI><a href="#[3c]">&gt;&gt;</a>&nbsp;&nbsp;&nbsp;LOS_MuxPost
<LI><a href="#[39]">&gt;&gt;</a>&nbsp;&nbsp;&nbsp;LOS_MuxDelete
<LI><a href="#[37]">&gt;&gt;</a>&nbsp;&nbsp;&nbsp;LOS_MuxCreate
</UL>

<P><STRONG><a name="[76]"></a>LOS_ListInit</STRONG> (Thumb, 6 bytes, Stack size 0 bytes, los_mux.o(i.LOS_ListInit))
<BR><BR>[Called By]<UL><LI><a href="#[9f]">&gt;&gt;</a>&nbsp;&nbsp;&nbsp;osMuxInit
<LI><a href="#[37]">&gt;&gt;</a>&nbsp;&nbsp;&nbsp;LOS_MuxCreate
</UL>

<P><STRONG><a name="[69]"></a>LOS_ListTailInsert</STRONG> (Thumb, 16 bytes, Stack size 16 bytes, los_mux.o(i.LOS_ListTailInsert))
<BR><BR>[Stack]<UL><LI>Max Depth = 16<LI>Call Chain = LOS_ListTailInsert
</UL>
<BR>[Calls]<UL><LI><a href="#[6a]">&gt;&gt;</a>&nbsp;&nbsp;&nbsp;LOS_ListAdd
</UL>
<BR>[Called By]<UL><LI><a href="#[9f]">&gt;&gt;</a>&nbsp;&nbsp;&nbsp;osMuxInit
<LI><a href="#[3b]">&gt;&gt;</a>&nbsp;&nbsp;&nbsp;LOS_MuxPend
</UL>

<P><STRONG><a name="[ab]"></a>LOS_ListAdd</STRONG> (Thumb, 14 bytes, Stack size 0 bytes, los_queue.o(i.LOS_ListAdd))
<BR><BR>[Called By]<UL><LI><a href="#[7d]">&gt;&gt;</a>&nbsp;&nbsp;&nbsp;osQueuePend
</UL>

<P><STRONG><a name="[7b]"></a>LOS_ListEmpty</STRONG> (Thumb, 16 bytes, Stack size 0 bytes, los_queue.o(i.LOS_ListEmpty))
<BR><BR>[Called By]<UL><LI><a href="#[7d]">&gt;&gt;</a>&nbsp;&nbsp;&nbsp;osQueuePend
<LI><a href="#[7f]">&gt;&gt;</a>&nbsp;&nbsp;&nbsp;LOS_QueueWrite
<LI><a href="#[7c]">&gt;&gt;</a>&nbsp;&nbsp;&nbsp;LOS_QueueRead
<LI><a href="#[7a]">&gt;&gt;</a>&nbsp;&nbsp;&nbsp;LOS_QueueDelete
</UL>

<P><STRONG><a name="[79]"></a>LOS_ListInit</STRONG> (Thumb, 6 bytes, Stack size 0 bytes, los_queue.o(i.LOS_ListInit))
<BR><BR>[Called By]<UL><LI><a href="#[35]">&gt;&gt;</a>&nbsp;&nbsp;&nbsp;LOS_QueueCreate
</UL>

<P><STRONG><a name="[7d]"></a>osQueuePend</STRONG> (Thumb, 132 bytes, Stack size 24 bytes, los_queue.o(i.osQueuePend))
<BR><BR>[Stack]<UL><LI>Max Depth = 72<LI>Call Chain = osQueuePend &rArr; osTaskAdd2TimerList &rArr; LOS_ListTailInsert
</UL>
<BR>[Calls]<UL><LI><a href="#[7b]">&gt;&gt;</a>&nbsp;&nbsp;&nbsp;LOS_ListEmpty
<LI><a href="#[ab]">&gt;&gt;</a>&nbsp;&nbsp;&nbsp;LOS_ListAdd
<LI><a href="#[5c]">&gt;&gt;</a>&nbsp;&nbsp;&nbsp;osTaskAdd2TimerList
<LI><a href="#[5b]">&gt;&gt;</a>&nbsp;&nbsp;&nbsp;LOS_PriqueueDequeue
</UL>
<BR>[Called By]<UL><LI><a href="#[7f]">&gt;&gt;</a>&nbsp;&nbsp;&nbsp;LOS_QueueWrite
<LI><a href="#[7c]">&gt;&gt;</a>&nbsp;&nbsp;&nbsp;LOS_QueueRead
</UL>

<P><STRONG><a name="[7e]"></a>osQueueWakeUp</STRONG> (Thumb, 90 bytes, Stack size 16 bytes, los_queue.o(i.osQueueWakeUp))
<BR><BR>[Stack]<UL><LI>Max Depth = 40<LI>Call Chain = osQueueWakeUp &rArr; osTimerListDelete
</UL>
<BR>[Calls]<UL><LI><a href="#[5e]">&gt;&gt;</a>&nbsp;&nbsp;&nbsp;osTimerListDelete
<LI><a href="#[5f]">&gt;&gt;</a>&nbsp;&nbsp;&nbsp;LOS_PriqueueEnqueue
</UL>
<BR>[Called By]<UL><LI><a href="#[7f]">&gt;&gt;</a>&nbsp;&nbsp;&nbsp;LOS_QueueWrite
<LI><a href="#[7c]">&gt;&gt;</a>&nbsp;&nbsp;&nbsp;LOS_QueueRead
</UL>

<P><STRONG><a name="[6c]"></a>LOS_ListAdd</STRONG> (Thumb, 14 bytes, Stack size 0 bytes, los_sem.o(i.LOS_ListAdd))
<BR><BR>[Called By]<UL><LI><a href="#[40]">&gt;&gt;</a>&nbsp;&nbsp;&nbsp;LOS_SemDelete
<LI><a href="#[6b]">&gt;&gt;</a>&nbsp;&nbsp;&nbsp;LOS_ListTailInsert
</UL>

<P><STRONG><a name="[83]"></a>LOS_ListDelete</STRONG> (Thumb, 20 bytes, Stack size 0 bytes, los_sem.o(i.LOS_ListDelete))
<BR><BR>[Called By]<UL><LI><a href="#[3e]">&gt;&gt;</a>&nbsp;&nbsp;&nbsp;LOS_SemPost
<LI><a href="#[3f]">&gt;&gt;</a>&nbsp;&nbsp;&nbsp;LOS_SemCreate
</UL>

<P><STRONG><a name="[82]"></a>LOS_ListEmpty</STRONG> (Thumb, 16 bytes, Stack size 0 bytes, los_sem.o(i.LOS_ListEmpty))
<BR><BR>[Called By]<UL><LI><a href="#[3e]">&gt;&gt;</a>&nbsp;&nbsp;&nbsp;LOS_SemPost
<LI><a href="#[40]">&gt;&gt;</a>&nbsp;&nbsp;&nbsp;LOS_SemDelete
<LI><a href="#[3f]">&gt;&gt;</a>&nbsp;&nbsp;&nbsp;LOS_SemCreate
</UL>

<P><STRONG><a name="[84]"></a>LOS_ListInit</STRONG> (Thumb, 6 bytes, Stack size 0 bytes, los_sem.o(i.LOS_ListInit))
<BR><BR>[Called By]<UL><LI><a href="#[9e]">&gt;&gt;</a>&nbsp;&nbsp;&nbsp;osSemInit
<LI><a href="#[3f]">&gt;&gt;</a>&nbsp;&nbsp;&nbsp;LOS_SemCreate
</UL>

<P><STRONG><a name="[6b]"></a>LOS_ListTailInsert</STRONG> (Thumb, 16 bytes, Stack size 16 bytes, los_sem.o(i.LOS_ListTailInsert))
<BR><BR>[Stack]<UL><LI>Max Depth = 16<LI>Call Chain = LOS_ListTailInsert
</UL>
<BR>[Calls]<UL><LI><a href="#[6c]">&gt;&gt;</a>&nbsp;&nbsp;&nbsp;LOS_ListAdd
</UL>
<BR>[Called By]<UL><LI><a href="#[9e]">&gt;&gt;</a>&nbsp;&nbsp;&nbsp;osSemInit
<LI><a href="#[3d]">&gt;&gt;</a>&nbsp;&nbsp;&nbsp;LOS_SemPend
</UL>

<P><STRONG><a name="[72]"></a>LOS_ListAdd</STRONG> (Thumb, 14 bytes, Stack size 0 bytes, los_memory.o(i.LOS_ListAdd))
<BR><BR>[Called By]<UL><LI><a href="#[2a]">&gt;&gt;</a>&nbsp;&nbsp;&nbsp;LOS_MemInit
<LI><a href="#[a4]">&gt;&gt;</a>&nbsp;&nbsp;&nbsp;osMemSpitNode
<LI><a href="#[70]">&gt;&gt;</a>&nbsp;&nbsp;&nbsp;osMemFreeNode
</UL>

<P><STRONG><a name="[a5]"></a>LOS_ListDelete</STRONG> (Thumb, 20 bytes, Stack size 0 bytes, los_memory.o(i.LOS_ListDelete))
<BR><BR>[Called By]<UL><LI><a href="#[a4]">&gt;&gt;</a>&nbsp;&nbsp;&nbsp;osMemSpitNode
<LI><a href="#[70]">&gt;&gt;</a>&nbsp;&nbsp;&nbsp;osMemFreeNode
<LI><a href="#[6d]">&gt;&gt;</a>&nbsp;&nbsp;&nbsp;osMemAllocWithCheck
</UL>

<P><STRONG><a name="[6d]"></a>osMemAllocWithCheck</STRONG> (Thumb, 92 bytes, Stack size 24 bytes, los_memory.o(i.osMemAllocWithCheck))
<BR><BR>[Stack]<UL><LI>Max Depth = 80<LI>Call Chain = osMemAllocWithCheck &rArr; osMemSpitNode &rArr; LOS_DLnkMultiHead
</UL>
<BR>[Calls]<UL><LI><a href="#[a6]">&gt;&gt;</a>&nbsp;&nbsp;&nbsp;osTaskMemUsedInc
<LI><a href="#[a4]">&gt;&gt;</a>&nbsp;&nbsp;&nbsp;osMemSpitNode
<LI><a href="#[73]">&gt;&gt;</a>&nbsp;&nbsp;&nbsp;osMemSetMagicNumAndTaskid
<LI><a href="#[a3]">&gt;&gt;</a>&nbsp;&nbsp;&nbsp;osMemFindSuitableFreeBlock
<LI><a href="#[a5]">&gt;&gt;</a>&nbsp;&nbsp;&nbsp;LOS_ListDelete
</UL>
<BR>[Called By]<UL><LI><a href="#[6e]">&gt;&gt;</a>&nbsp;&nbsp;&nbsp;LOS_MemAllocAlign
<LI><a href="#[2c]">&gt;&gt;</a>&nbsp;&nbsp;&nbsp;LOS_MemAlloc
</UL>

<P><STRONG><a name="[6f]"></a>osMemCheckUsedNode</STRONG> (Thumb, 152 bytes, Stack size 40 bytes, los_memory.o(i.osMemCheckUsedNode))
<BR><BR>[Stack]<UL><LI>Max Depth = 52<LI>Call Chain = osMemCheckUsedNode &rArr; osMemIsNodeValid
</UL>
<BR>[Calls]<UL><LI><a href="#[a7]">&gt;&gt;</a>&nbsp;&nbsp;&nbsp;osMemIsNodeValid
</UL>
<BR>[Called By]<UL><LI><a href="#[2d]">&gt;&gt;</a>&nbsp;&nbsp;&nbsp;LOS_MemFree
</UL>

<P><STRONG><a name="[a3]"></a>osMemFindSuitableFreeBlock</STRONG> (Thumb, 80 bytes, Stack size 16 bytes, los_memory.o(i.osMemFindSuitableFreeBlock))
<BR><BR>[Stack]<UL><LI>Max Depth = 40<LI>Call Chain = osMemFindSuitableFreeBlock &rArr; LOS_DLnkMultiHead
</UL>
<BR>[Calls]<UL><LI><a href="#[50]">&gt;&gt;</a>&nbsp;&nbsp;&nbsp;LOS_DLnkMultiHead
</UL>
<BR>[Called By]<UL><LI><a href="#[6d]">&gt;&gt;</a>&nbsp;&nbsp;&nbsp;osMemAllocWithCheck
</UL>

<P><STRONG><a name="[70]"></a>osMemFreeNode</STRONG> (Thumb, 178 bytes, Stack size 24 bytes, los_memory.o(i.osMemFreeNode))
<BR><BR>[Stack]<UL><LI>Max Depth = 48<LI>Call Chain = osMemFreeNode &rArr; LOS_DLnkMultiHead
</UL>
<BR>[Calls]<UL><LI><a href="#[a8]">&gt;&gt;</a>&nbsp;&nbsp;&nbsp;osTaskMemUsedDec
<LI><a href="#[50]">&gt;&gt;</a>&nbsp;&nbsp;&nbsp;LOS_DLnkMultiHead
<LI><a href="#[a9]">&gt;&gt;</a>&nbsp;&nbsp;&nbsp;osMemMergeNode
<LI><a href="#[a5]">&gt;&gt;</a>&nbsp;&nbsp;&nbsp;LOS_ListDelete
<LI><a href="#[72]">&gt;&gt;</a>&nbsp;&nbsp;&nbsp;LOS_ListAdd
</UL>
<BR>[Called By]<UL><LI><a href="#[2d]">&gt;&gt;</a>&nbsp;&nbsp;&nbsp;LOS_MemFree
</UL>

<P><STRONG><a name="[a7]"></a>osMemIsNodeValid</STRONG> (Thumb, 62 bytes, Stack size 12 bytes, los_memory.o(i.osMemIsNodeValid))
<BR><BR>[Stack]<UL><LI>Max Depth = 12<LI>Call Chain = osMemIsNodeValid
</UL>
<BR>[Called By]<UL><LI><a href="#[6f]">&gt;&gt;</a>&nbsp;&nbsp;&nbsp;osMemCheckUsedNode
</UL>

<P><STRONG><a name="[a9]"></a>osMemMergeNode</STRONG> (Thumb, 36 bytes, Stack size 0 bytes, los_memory.o(i.osMemMergeNode))
<BR><BR>[Called By]<UL><LI><a href="#[a4]">&gt;&gt;</a>&nbsp;&nbsp;&nbsp;osMemSpitNode
<LI><a href="#[70]">&gt;&gt;</a>&nbsp;&nbsp;&nbsp;osMemFreeNode
</UL>

<P><STRONG><a name="[73]"></a>osMemSetMagicNumAndTaskid</STRONG> (Thumb, 28 bytes, Stack size 0 bytes, los_memory.o(i.osMemSetMagicNumAndTaskid))
<BR><BR>[Called By]<UL><LI><a href="#[2a]">&gt;&gt;</a>&nbsp;&nbsp;&nbsp;LOS_MemInit
<LI><a href="#[6d]">&gt;&gt;</a>&nbsp;&nbsp;&nbsp;osMemAllocWithCheck
</UL>

<P><STRONG><a name="[a4]"></a>osMemSpitNode</STRONG> (Thumb, 92 bytes, Stack size 32 bytes, los_memory.o(i.osMemSpitNode))
<BR><BR>[Stack]<UL><LI>Max Depth = 56<LI>Call Chain = osMemSpitNode &rArr; LOS_DLnkMultiHead
</UL>
<BR>[Calls]<UL><LI><a href="#[50]">&gt;&gt;</a>&nbsp;&nbsp;&nbsp;LOS_DLnkMultiHead
<LI><a href="#[a9]">&gt;&gt;</a>&nbsp;&nbsp;&nbsp;osMemMergeNode
<LI><a href="#[a5]">&gt;&gt;</a>&nbsp;&nbsp;&nbsp;LOS_ListDelete
<LI><a href="#[72]">&gt;&gt;</a>&nbsp;&nbsp;&nbsp;LOS_ListAdd
</UL>
<BR>[Called By]<UL><LI><a href="#[6d]">&gt;&gt;</a>&nbsp;&nbsp;&nbsp;osMemAllocWithCheck
</UL>

<P><STRONG><a name="[51]"></a>LOS_Log2</STRONG> (Thumb, 320 bytes, Stack size 0 bytes, los_multipledlinkhead.o(i.LOS_Log2))
<BR><BR>[Called By]<UL><LI><a href="#[50]">&gt;&gt;</a>&nbsp;&nbsp;&nbsp;LOS_DLnkMultiHead
</UL>

<P><STRONG><a name="[4a]"></a>LOS_ListAdd</STRONG> (Thumb, 14 bytes, Stack size 0 bytes, los_api_list.o(i.LOS_ListAdd))
<BR><BR>[Called By]<UL><LI><a href="#[b]">&gt;&gt;</a>&nbsp;&nbsp;&nbsp;Example_list
</UL>

<P><STRONG><a name="[62]"></a>LOS_Inspect_KeyAndLed</STRONG> (Thumb, 76 bytes, Stack size 16 bytes, los_inspect_entry.o(i.LOS_Inspect_KeyAndLed))
<BR><BR>[Stack]<UL><LI>Max Depth = 80 + Unknown Stack Size
<LI>Call Chain = LOS_Inspect_KeyAndLed &rArr; LOS_TaskDelay &rArr; osTaskAdd2TimerList &rArr; LOS_ListTailInsert
</UL>
<BR>[Calls]<UL><LI><a href="#[32]">&gt;&gt;</a>&nbsp;&nbsp;&nbsp;LOS_TaskDelay
<LI><a href="#[64]">&gt;&gt;</a>&nbsp;&nbsp;&nbsp;LOS_EvbLedControl
<LI><a href="#[63]">&gt;&gt;</a>&nbsp;&nbsp;&nbsp;LOS_EvbGetKeyVal
<LI><a href="#[2b]">&gt;&gt;</a>&nbsp;&nbsp;&nbsp;__2printf
</UL>
<BR>[Called By]<UL><LI><a href="#[1b]">&gt;&gt;</a>&nbsp;&nbsp;&nbsp;LOS_Inspect_TskDeal
</UL>

<P><STRONG><a name="[95]"></a>_printf_core</STRONG> (Thumb, 658 bytes, Stack size 104 bytes, printf5.o(i._printf_core), UNUSED)
<BR><BR>[Calls]<UL><LI><a href="#[23]">&gt;&gt;</a>&nbsp;&nbsp;&nbsp;__aeabi_uldivmod
</UL>
<BR>[Called By]<UL><LI><a href="#[94]">&gt;&gt;</a>&nbsp;&nbsp;&nbsp;__0printf$5
</UL>
<P>
<H3>
Undefined Global Symbols
</H3><HR></body></html>
