<html>
<body>
<pre>
<h1>µVision Build Log</h1>
<h2>Tool Versions:</h2>
IDE-Version: ¦ÌVision V5.17.0.0
Copyright (C) 2015 ARM Ltd and ARM Germany GmbH. All rights reserved.
License Information: 123 123, 123, LIC=YA39U-SCLY1-01ZP1-CJ6PW-77GGN-6FRAE
 
Tool Versions:
Toolchain:       MDK-ARM Standard  Version: 5.17
Toolchain Path:  D:\Program Files (x86)\Keil\MDK\ARM\ARMCC\Bin
C Compiler:      Armcc.exe V5.06 update 1 (build 61)
Assembler:       Armasm.exe V5.06 update 1 (build 61)
Linker/Locator:  ArmLink.exe V5.06 update 1 (build 61)
Library Manager: ArmAr.exe V5.06 update 1 (build 61)
Hex Converter:   FromElf.exe V5.06 update 1 (build 61)
CPU DLL:         SARMCM3.DLL V5.17
Dialog DLL:      DARMCM1.DLL V1.12.0.0
Target DLL:      PEMicro\Pemicro_ArmCortexInterface.dll V1.11
Dialog DLL:      TARMCM1.DLL V1.9.0.0
 
<h2>Project:</h2>
C:\Users\Hotriver\Desktop\PortingContest\PortingContest\PortingContest_FRDM-KL25Z_FRDM-KL26Z_forlock\LiteOS_Kernel-master\projects\FRDM-KL25Z-KEIL\HuaweiLiteOS.uvprojx
Project File Date:  05/05/2017

<h2>Output:</h2>
*** Using Compiler 'V5.06 update 1 (build 61)', folder: 'D:\Program Files (x86)\Keil\MDK\ARM\ARMCC\Bin'
Build target 'LiteOS'
compiling los_sys.c...
compiling los_priqueue.c...
compiling los_swtmr.c...
compiling los_tick.c...
compiling los_timeslice.c...
compiling los_task.c...
compiling los_event.c...
compiling los_mux.c...
compiling los_queue.c...
compiling los_sem.c...
compiling los_membox.c...
compiling los_memstat.c...
compiling los_memory.c...
compiling los_multipledlinkhead.c...
compiling los_misc.c...
compiling los_config.c...
assembling los_dispatch_keil.s...
compiling los_hw.c...
compiling los_hw_tick.c...
compiling los_hwi.c...
compiling los_bsp_adapter.c...
compiling cmsis_liteos.c...
compiling los_bsp_key.c...
compiling los_bsp_led.c...
compiling los_bsp_uart.c...
..\..\platform\FRDM-KL25Z\los_bsp_uart.c(52): warning:  #186-D: pointless comparison of unsigned integer with zero
          if(diff_abs_baud < 0)
..\..\platform\FRDM-KL25Z\los_bsp_uart.c(78): warning:  #186-D: pointless comparison of unsigned integer with zero
          if(diff_abs_baud < 0)
..\..\platform\FRDM-KL25Z\los_bsp_uart.c: 2 warnings, 0 errors
assembling startup_MKL25Z4.s...
compiling system_MKL25Z4.c...
compiling main.c...
compiling los_api_dynamic_mem.c...
compiling los_api_event.c...
compiling los_api_interrupt.c...
compiling los_api_list.c...
compiling los_api_mutex.c...
compiling los_api_sem.c...
compiling los_api_msgqueue.c...
compiling los_api_static_mem.c...
compiling los_api_systick.c...
compiling los_api_task.c...
compiling los_api_timer.c...
compiling los_cmsis_main.c...
compiling los_demo_entry.c...
compiling los_inspect_entry.c...
linking...
Program Size: Code=23332 RO-data=304 RW-data=1436 ZI-data=12012  
FromELF: creating hex file...
".\Objects\HuaweiLiteOS.axf" - 0 Error(s), 2 Warning(s).

<h2>Collection of Component include folders:</h2>
  C:\Users\Hotriver\Desktop\PortingContest\PortingContest\PortingContest_FRDM-KL25Z_FRDM-KL26Z_forlock\LiteOS_Kernel-master\projects\FRDM-KL25Z-KEIL\RTE
  D:\Program Files (x86)\Keil\MDK\PACK\Keil\Kinetis_KLxx_DFP\1.10.0\Device\Include

<h2>Collection of Component Files used:</h2>
Build Time Elapsed:  00:00:06
</pre>
</body>
</html>
