<html>
<body>
<pre>
<h1>µVision Build Log</h1>
<h2>Tool Versions:</h2>
IDE-Version: ¦ÌVision V5.14.0.0
Copyright (C) 2015 ARM Ltd and ARM Germany GmbH. All rights reserved.
License Information: 1 2, 34, LIC=1WS63-ACTKA-8WD2D-8K4D9-AINFC-X45JD
 
Tool Versions:
Toolchain:       MDK-ARM Professional  Version: 5.14.0.0
Toolchain Path:  C:\Keil_v5\ARM\ARMCC\Bin
C Compiler:      Armcc.exe V5.05 update 1 (build 106)
Assembler:       Armasm.exe V5.05 update 1 (build 106)
Linker/Locator:  ArmLink.exe V5.05 update 1 (build 106)
Library Manager: ArmAr.exe V5.05 update 1 (build 106)
Hex Converter:   FromElf.exe V5.05 update 1 (build 106)
CPU DLL:         SARMCM3.DLL V5.14.0.0
Dialog DLL:      DARMCM1.DLL V1.12.0.0
Target DLL:      CMSIS_AGDI.dll V1.21.0.0
Dialog DLL:      TARMCM1.DLL V1.9.0.0
 
<h2>Project:</h2>
C:\Users\Administrator\Desktop\LiteOS_Kernel-master\projects\LPC824_LITE_KEIL\HuaweiLiteOS.uvprojx
Project File Date:  03/31/2017

<h2>Output:</h2>
Rebuild target 'HuaweiLiteOS'
compiling los_priqueue.c...
compiling los_swtmr.c...
compiling los_sys.c...
compiling los_task.c...
compiling los_tick.c...
compiling los_timeslice.c...
compiling los_event.c...
compiling los_mux.c...
compiling los_queue.c...
compiling los_sem.c...
compiling los_membox.c...
compiling los_memory.c...
compiling los_memstat.c...
compiling los_multipledlinkhead.c...
compiling los_misc.c...
compiling los_hw.c...
compiling los_hw_tick.c...
compiling los_hwi.c...
assembling los_dispatch_keil.s...
compiling los_config.c...
compiling cmsis_liteos.c...
compiling los_bsp_adapter.c...
compiling los_bsp_key.c...
compiling los_bsp_led.c...
compiling los_bsp_uart.c...
compiling los_api_dynamic_mem.c...
compiling los_api_event.c...
compiling los_api_interrupt.c...
compiling los_api_list.c...
compiling los_api_msgqueue.c...
compiling los_api_mutex.c...
compiling los_api_sem.c...
compiling los_api_static_mem.c...
compiling los_api_systick.c...
compiling los_api_task.c...
compiling los_api_timer.c...
compiling los_cmsis_main.c...
compiling los_demo_entry.c...
compiling los_inspect_entry.c...
assembling los_startup_keil.s...
compiling main.c...
linking...
Program Size: Code=8492 RO-data=32 RW-data=164 ZI-data=7252  
".\Objects\HuaweiLiteOS.axf" - 0 Error(s), 0 Warning(s).

<h2>Collection of Component include folders:</h2>
  C:\Users\Administrator\Desktop\LiteOS_Kernel-master\projects\LPC824_LITE_KEIL\RTE
  C:\Keil_v5\ARM\PACK\Keil\LPC800_DFP\1.4.0

<h2>Collection of Component Files used:</h2>
</pre>
</body>
</html>
