Component: ARM Compiler 5.06 update 2 (build 183) Tool: armlink [4d35b7]

==============================================================================

Section Cross References

    los_priqueue.o(i.LOS_PriqueueEnqueue) refers to los_priqueue.o(.data) for g_pstLosPriorityQueueList
    los_priqueue.o(i.LOS_PriqueueSize) refers to los_priqueue.o(.data) for g_pstLosPriorityQueueList
    los_priqueue.o(i.LOS_PriqueueTop) refers to los_priqueue.o(.data) for g_pstLosPriorityQueueList
    los_priqueue.o(i.LOS_PriqueueTotalSize) refers to los_priqueue.o(i.LOS_PriqueueSize) for LOS_PriqueueSize
    los_priqueue.o(i.osPriqueueInit) refers to los_memory.o(i.LOS_MemAlloc) for LOS_MemAlloc
    los_priqueue.o(i.osPriqueueInit) refers to los_config.o(.data) for m_aucSysMem0
    los_priqueue.o(i.osPriqueueInit) refers to los_priqueue.o(.data) for g_pstLosPriorityQueueList
    los_swtmr.o(i.LOS_SwtmrCreate) refers to los_dispatch_keil.o(.text) for LOS_IntLock
    los_swtmr.o(i.LOS_SwtmrCreate) refers to los_swtmr.o(.data) for m_pstSwtmrFreeList
    los_swtmr.o(i.LOS_SwtmrDelete) refers to los_dispatch_keil.o(.text) for LOS_IntLock
    los_swtmr.o(i.LOS_SwtmrDelete) refers to los_swtmr.o(i.osSwtmrStop) for osSwtmrStop
    los_swtmr.o(i.LOS_SwtmrDelete) refers to los_swtmr.o(i.osSwtmrDelete) for osSwtmrDelete
    los_swtmr.o(i.LOS_SwtmrDelete) refers to los_swtmr.o(.data) for m_pstSwtmrCBArray
    los_swtmr.o(i.LOS_SwtmrStart) refers to los_dispatch_keil.o(.text) for LOS_IntLock
    los_swtmr.o(i.LOS_SwtmrStart) refers to los_swtmr.o(i.osSwtmrStop) for osSwtmrStop
    los_swtmr.o(i.LOS_SwtmrStart) refers to los_swtmr.o(i.osSwTmrStart) for osSwTmrStart
    los_swtmr.o(i.LOS_SwtmrStart) refers to los_swtmr.o(.data) for m_pstSwtmrCBArray
    los_swtmr.o(i.LOS_SwtmrStop) refers to los_dispatch_keil.o(.text) for LOS_IntLock
    los_swtmr.o(i.LOS_SwtmrStop) refers to los_swtmr.o(i.osSwtmrStop) for osSwtmrStop
    los_swtmr.o(i.LOS_SwtmrStop) refers to los_swtmr.o(.data) for m_pstSwtmrCBArray
    los_swtmr.o(i.osSwTmrAdjust) refers to los_swtmr.o(i.osSwTmrTimeoutHandle) for osSwTmrTimeoutHandle
    los_swtmr.o(i.osSwTmrAdjust) refers to los_swtmr.o(.data) for m_pstSwtmrSortList
    los_swtmr.o(i.osSwTmrGetNextTimeout) refers to los_swtmr.o(.data) for m_pstSwtmrSortList
    los_swtmr.o(i.osSwTmrInit) refers to los_memory.o(i.LOS_MemAlloc) for LOS_MemAlloc
    los_swtmr.o(i.osSwTmrInit) refers to memseta.o(.text) for __aeabi_memclr4
    los_swtmr.o(i.osSwTmrInit) refers to los_membox.o(i.LOS_MemboxInit) for LOS_MemboxInit
    los_swtmr.o(i.osSwTmrInit) refers to los_queue.o(i.LOS_QueueCreate) for LOS_QueueCreate
    los_swtmr.o(i.osSwTmrInit) refers to los_swtmr.o(i.osSwTmrTaskCreate) for osSwTmrTaskCreate
    los_swtmr.o(i.osSwTmrInit) refers to los_swtmr.o(.data) for m_pstSwtmrSortList
    los_swtmr.o(i.osSwTmrInit) refers to los_config.o(.data) for m_aucSysMem0
    los_swtmr.o(i.osSwTmrInit) refers to los_swtmr.o(.bss) for m_aucSwTmrHandlerPool
    los_swtmr.o(i.osSwTmrStart) refers to los_swtmr.o(.data) for m_pstSwtmrSortList
    los_swtmr.o(i.osSwTmrTask) refers to los_queue.o(i.LOS_QueueRead) for LOS_QueueRead
    los_swtmr.o(i.osSwTmrTask) refers to los_membox.o(i.LOS_MemboxFree) for LOS_MemboxFree
    los_swtmr.o(i.osSwTmrTask) refers to los_swtmr.o(.data) for m_uwSwTmrHandlerQueue
    los_swtmr.o(i.osSwTmrTask) refers to los_swtmr.o(.bss) for m_aucSwTmrHandlerPool
    los_swtmr.o(i.osSwTmrTaskCreate) refers to memseta.o(.text) for __aeabi_memclr4
    los_swtmr.o(i.osSwTmrTaskCreate) refers to los_task.o(i.LOS_TaskCreate) for LOS_TaskCreate
    los_swtmr.o(i.osSwTmrTaskCreate) refers to los_swtmr.o(i.osSwTmrTask) for osSwTmrTask
    los_swtmr.o(i.osSwTmrTaskCreate) refers to los_task.o(.data) for g_uwSwtmrTaskID
    los_swtmr.o(i.osSwTmrTimeoutHandle) refers to los_membox.o(i.LOS_MemboxAlloc) for LOS_MemboxAlloc
    los_swtmr.o(i.osSwTmrTimeoutHandle) refers to los_queue.o(i.LOS_QueueWrite) for LOS_QueueWrite
    los_swtmr.o(i.osSwTmrTimeoutHandle) refers to los_membox.o(i.LOS_MemboxFree) for LOS_MemboxFree
    los_swtmr.o(i.osSwTmrTimeoutHandle) refers to los_swtmr.o(i.osSwtmrDelete) for osSwtmrDelete
    los_swtmr.o(i.osSwTmrTimeoutHandle) refers to los_swtmr.o(i.osSwTmrStart) for osSwTmrStart
    los_swtmr.o(i.osSwTmrTimeoutHandle) refers to los_swtmr.o(.data) for m_pstSwtmrSortList
    los_swtmr.o(i.osSwTmrTimeoutHandle) refers to los_swtmr.o(.bss) for m_aucSwTmrHandlerPool
    los_swtmr.o(i.osSwtmrDelete) refers to los_swtmr.o(.data) for m_pstSwtmrFreeList
    los_swtmr.o(i.osSwtmrScan) refers to los_swtmr.o(i.osSwTmrTimeoutHandle) for osSwTmrTimeoutHandle
    los_swtmr.o(i.osSwtmrScan) refers to los_swtmr.o(.data) for m_pstSwtmrSortList
    los_swtmr.o(i.osSwtmrStop) refers to los_swtmr.o(.data) for m_pstSwtmrSortList
    los_sys.o(i.LOS_MS2Tick) refers to uldiv.o(.text) for __aeabi_uldivmod
    los_sys.o(i.LOS_Reboot) refers to los_dispatch_keil.o(.text) for LOS_IntLock
[...]
    Removing cmsis_liteos.o(i.osKernelInitialize), (26 bytes).
    Removing cmsis_liteos.o(i.osKernelStart), (10 bytes).
    Removing cmsis_liteos.o(i.osKernelSysTick), (12 bytes).
    Removing cmsis_liteos.o(i.osMailAlloc), (42 bytes).
    Removing cmsis_liteos.o(i.osMailCAlloc), (42 bytes).
    Removing cmsis_liteos.o(i.osMailClear), (66 bytes).
    Removing cmsis_liteos.o(i.osMailCreate), (86 bytes).
    Removing cmsis_liteos.o(i.osMailFree), (76 bytes).
    Removing cmsis_liteos.o(i.osMailGet), (70 bytes).
    Removing cmsis_liteos.o(i.osMailPut), (32 bytes).
    Removing cmsis_liteos.o(i.osMessageCreate), (44 bytes).
    Removing cmsis_liteos.o(i.osMessageGet), (112 bytes).
    Removing cmsis_liteos.o(i.osMessagePut), (88 bytes).
    Removing cmsis_liteos.o(i.osMutexCreate), (48 bytes).
    Removing cmsis_liteos.o(i.osMutexDelete), (60 bytes).
    Removing cmsis_liteos.o(i.osMutexRelease), (44 bytes).
    Removing cmsis_liteos.o(i.osMutexWait), (100 bytes).
    Removing cmsis_liteos.o(i.osPoolAlloc), (22 bytes).
    Removing cmsis_liteos.o(i.osPoolCAlloc), (30 bytes).
    Removing cmsis_liteos.o(i.osPoolCreate), (70 bytes).
    Removing cmsis_liteos.o(i.osPoolFree), (32 bytes).
    Removing cmsis_liteos.o(i.osSemaphoreCreate), (52 bytes).
    Removing cmsis_liteos.o(i.osSemaphoreDelete), (60 bytes).
    Removing cmsis_liteos.o(i.osSemaphoreRelease), (44 bytes).
    Removing cmsis_liteos.o(i.osSemaphoreWait), (68 bytes).
    Removing cmsis_liteos.o(i.osSignalClear), (58 bytes).
    Removing cmsis_liteos.o(i.osSignalSet), (80 bytes).
    Removing cmsis_liteos.o(i.osSignalWait), (256 bytes).
    Removing cmsis_liteos.o(i.osThreadCreate), (120 bytes).
    Removing cmsis_liteos.o(i.osThreadGetId), (12 bytes).
    Removing cmsis_liteos.o(i.osThreadGetPId), (6 bytes).
    Removing cmsis_liteos.o(i.osThreadGetPriority), (42 bytes).
    Removing cmsis_liteos.o(i.osThreadSetPriority), (72 bytes).
    Removing cmsis_liteos.o(i.osThreadTerminate), (44 bytes).
    Removing cmsis_liteos.o(i.osThreadYield), (32 bytes).
    Removing cmsis_liteos.o(i.osTimerCreate), (92 bytes).
    Removing cmsis_liteos.o(i.osTimerDelete), (44 bytes).
    Removing cmsis_liteos.o(i.osTimerStart), (68 bytes).
    Removing cmsis_liteos.o(i.osTimerStop), (44 bytes).
    Removing cmsis_liteos.o(i.osWait), (88 bytes).
    Removing los_bsp_adapter.o(i.LOS_EvbTrace), (12 bytes).
    Removing los_bsp_adapter.o(i.LosAdapIrqDisable), (26 bytes).
    Removing los_bsp_adapter.o(i.LosAdapIrqEnable), (46 bytes).
    Removing los_bsp_key.o(i.EXTIxxx_IRQHandler), (2 bytes).
    Removing los_bsp_uart.o(i.LOS_EvbUartPrintf), (2 bytes).
    Removing los_bsp_uart.o(i.LOS_EvbUartReadByte), (2 bytes).
    Removing los_bsp_uart.o(i.LOS_EvbUartWriteStr), (2 bytes).
    Removing los_api_interrupt.o(i.Example_Exti0_Init), (2 bytes).
    Removing los_api_interrupt.o(i.Example_Interrupt), (44 bytes).
    Removing los_api_interrupt.o(i.User_IRQHandler), (32 bytes).
    Removing los_api_systick.o(i.Example_TransformTime), (68 bytes).
    Removing los_cmsis_main.o(i.Cmsis_Task_Test), (14 bytes).
    Removing los_cmsis_main.o(i.Create_Cmsis_Task), (28 bytes).
    Removing los_cmsis_main.o(.constdata), (20 bytes).
    Removing los_cmsis_main.o(.conststring), (16 bytes).
    Removing los_demo_entry.o(i.LOS_Demo_Entry), (112 bytes).
    Removing los_demo_entry.o(i.LOS_Demo_Tskfunc), (10 bytes).
    Removing los_demo_entry.o(i.dprintf_1), (8 bytes).
    Removing los_demo_entry.o(.data), (4 bytes).
    Removing los_startup_keil.o(HEAP), (512 bytes).
    Removing main.o(i.LOS_BoadExampleEntry), (72 bytes).
    Removing main.o(i.LOS_BoadExampleTskfunc), (56 bytes).
    Removing main.o(.data), (4 bytes).
    Removing ddiv.o(.text), (222 bytes).
    Removing dfltul.o(.text), (24 bytes).
    Removing dfixul.o(.text), (48 bytes).
    Removing depilogue.o(.text), (186 bytes).
    Removing dadd.o(.text), (334 bytes).
    Removing dmul.o(.text), (228 bytes).
    Removing cdrcmple.o(.text), (48 bytes).

99 unused section(s) (total 7546 bytes) removed from the image.

==============================================================================

Image Symbol Table

    Local Symbols

    Symbol Name                              Value     Ov Type        Size  Object(Section)

    ../clib/../cmprslib/zerorunl2.c          0x00000000   Number         0  __dczerorl2.o ABSOLUTE
    ../clib/microlib/division.c              0x00000000   Number         0  uidiv.o ABSOLUTE
    ../clib/microlib/division.c              0x00000000   Number         0  uldiv.o ABSOLUTE
    ../clib/microlib/init/entry.s            0x00000000   Number         0  entry.o ABSOLUTE
    ../clib/microlib/init/entry.s            0x00000000   Number         0  entry10a.o ABSOLUTE
    ../clib/microlib/init/entry.s            0x00000000   Number         0  entry9b.o ABSOLUTE
    ../clib/microlib/init/entry.s            0x00000000   Number         0  entry9a.o ABSOLUTE
    ../clib/microlib/init/entry.s            0x00000000   Number         0  entry11a.o ABSOLUTE
    ../clib/microlib/init/entry.s            0x00000000   Number         0  entry5.o ABSOLUTE
    ../clib/microlib/init/entry.s            0x00000000   Number         0  entry8b.o ABSOLUTE
    ../clib/microlib/init/entry.s            0x00000000   Number         0  entry8a.o ABSOLUTE
    ../clib/microlib/init/entry.s            0x00000000   Number         0  entry11b.o ABSOLUTE
    ../clib/microlib/init/entry.s            0x00000000   Number         0  entry7b.o ABSOLUTE
    ../clib/microlib/init/entry.s            0x00000000   Number         0  entry7a.o ABSOLUTE
    ../clib/microlib/init/entry.s            0x00000000   Number         0  entry10b.o ABSOLUTE
    ../clib/microlib/init/entry.s            0x00000000   Number         0  entry2.o ABSOLUTE
    ../clib/microlib/longlong.c              0x00000000   Number         0  llushr.o ABSOLUTE
    ../clib/microlib/longlong.c              0x00000000   Number         0  llshl.o ABSOLUTE
    ../clib/microlib/longlong.c              0x00000000   Number         0  llsshr.o ABSOLUTE
    ../clib/microlib/malloc/malloc.c         0x00000000   Number         0  malloc.o ABSOLUTE
    ../clib/microlib/malloc/malloc.c         0x00000000   Number         0  mallocra.o ABSOLUTE
    ../clib/microlib/malloc/malloc.c         0x00000000   Number         0  malloca.o ABSOLUTE
    ../clib/microlib/malloc/malloc.c         0x00000000   Number         0  mallocr.o ABSOLUTE
    ../clib/microlib/malloc/mvars.c          0x00000000   Number         0  mvars.o ABSOLUTE
    ../clib/microlib/printf/printf.c         0x00000000   Number         0  printf4.o ABSOLUTE
    ../clib/microlib/printf/printf.c         0x00000000   Number         0  printf1.o ABSOLUTE
    ../clib/microlib/printf/printf.c         0x00000000   Number         0  printfb.o ABSOLUTE
    ../clib/microlib/printf/printf.c         0x00000000   Number         0  printf0.o ABSOLUTE
    ../clib/microlib/printf/printf.c         0x00000000   Number         0  printf2.o ABSOLUTE
    ../clib/microlib/printf/printf.c         0x00000000   Number         0  printf3.o ABSOLUTE
    ../clib/microlib/printf/printf.c         0x00000000   Number         0  printfa.o ABSOLUTE
    ../clib/microlib/printf/printf.c         0x00000000   Number         0  printf8.o ABSOLUTE
    ../clib/microlib/printf/printf.c         0x00000000   Number         0  printf7.o ABSOLUTE
    ../clib/microlib/printf/printf.c         0x00000000   Number         0  printf6.o ABSOLUTE
    ../clib/microlib/printf/printf.c         0x00000000   Number         0  printf5.o ABSOLUTE
    ../clib/microlib/printf/stubs.s          0x00000000   Number         0  stubs.o ABSOLUTE
    ../clib/microlib/stdio/streams.c         0x00000000   Number         0  stdout.o ABSOLUTE
    ../clib/microlib/string/memcpy.c         0x00000000   Number         0  memcpya.o ABSOLUTE
    ../clib/microlib/string/memcpy.c         0x00000000   Number         0  memcpyb.o ABSOLUTE
    ../clib/microlib/string/memset.c         0x00000000   Number         0  memseta.o ABSOLUTE
    ../clib/microlib/stubs.s                 0x00000000   Number         0  iusefp.o ABSOLUTE
    ../fplib/microlib/fpadd.c                0x00000000   Number         0  dadd.o ABSOLUTE
    ../fplib/microlib/fpdiv.c                0x00000000   Number         0  ddiv.o ABSOLUTE
    ../fplib/microlib/fpepilogue.c           0x00000000   Number         0  depilogue.o ABSOLUTE
    ../fplib/microlib/fpfix.c                0x00000000   Number         0  dfixul.o ABSOLUTE
    ../fplib/microlib/fpflt.c                0x00000000   Number         0  dfltul.o ABSOLUTE
    ../fplib/microlib/fpmul.c                0x00000000   Number         0  dmul.o ABSOLUTE
    ..\..\example\api\los_api_dynamic_mem.c  0x00000000   Number         0  los_api_dynamic_mem.o ABSOLUTE
    ..\..\example\api\los_api_event.c        0x00000000   Number         0  los_api_event.o ABSOLUTE
    ..\..\example\api\los_api_interrupt.c    0x00000000   Number         0  los_api_interrupt.o ABSOLUTE
    ..\..\example\api\los_api_list.c         0x00000000   Number         0  los_api_list.o ABSOLUTE
    ..\..\example\api\los_api_msgqueue.c     0x00000000   Number         0  los_api_msgqueue.o ABSOLUTE
    ..\..\example\api\los_api_mutex.c        0x00000000   Number         0  los_api_mutex.o ABSOLUTE
    ..\..\example\api\los_api_sem.c          0x00000000   Number         0  los_api_sem.o ABSOLUTE
    ..\..\example\api\los_api_static_mem.c   0x00000000   Number         0  los_api_static_mem.o ABSOLUTE
    ..\..\example\api\los_api_systick.c      0x00000000   Number         0  los_api_systick.o ABSOLUTE
    ..\..\example\api\los_api_task.c         0x00000000   Number         0  los_api_task.o ABSOLUTE
    ..\..\example\api\los_api_timer.c        0x00000000   Number         0  los_api_timer.o ABSOLUTE
    ..\..\example\api\los_cmsis_main.c       0x00000000   Number         0  los_cmsis_main.o ABSOLUTE
    ..\..\example\api\los_demo_entry.c       0x00000000   Number         0  los_demo_entry.o ABSOLUTE
    ..\..\example\api\los_inspect_entry.c    0x00000000   Number         0  los_inspect_entry.o ABSOLUTE
    ..\..\kernel\base\core\los_priqueue.c    0x00000000   Number         0  los_priqueue.o ABSOLUTE
    ..\..\kernel\base\core\los_swtmr.c       0x00000000   Number         0  los_swtmr.o ABSOLUTE
    ..\..\kernel\base\core\los_sys.c         0x00000000   Number         0  los_sys.o ABSOLUTE
    ..\..\kernel\base\core\los_task.c        0x00000000   Number         0  los_task.o ABSOLUTE
    ..\..\kernel\base\core\los_tick.c        0x00000000   Number         0  los_tick.o ABSOLUTE
    ..\..\kernel\base\core\los_timeslice.c   0x00000000   Number         0  los_timeslice.o ABSOLUTE
    ..\..\kernel\base\ipc\los_event.c        0x00000000   Number         0  los_event.o ABSOLUTE
    ..\..\kernel\base\ipc\los_mux.c          0x00000000   Number         0  los_mux.o ABSOLUTE
    ..\..\kernel\base\ipc\los_queue.c        0x00000000   Number         0  los_queue.o ABSOLUTE
    ..\..\kernel\base\ipc\los_sem.c          0x00000000   Number         0  los_sem.o ABSOLUTE
    ..\..\kernel\base\mem\los_membox.c       0x00000000   Number         0  los_membox.o ABSOLUTE
    ..\..\kernel\base\mem\los_memory.c       0x00000000   Number         0  los_memory.o ABSOLUTE
    ..\..\kernel\base\mem\los_memstat.c      0x00000000   Number         0  los_memstat.o ABSOLUTE
    ..\..\kernel\base\mem\los_multipledlinkhead.c 0x00000000   Number         0  los_multipledlinkhead.o ABSOLUTE
    ..\..\kernel\base\misc\los_misc.c        0x00000000   Number         0  los_misc.o ABSOLUTE
    ..\..\kernel\cmsis\cmsis_liteos.c        0x00000000   Number         0  cmsis_liteos.o ABSOLUTE
    ..\..\kernel\config\los_config.c         0x00000000   Number         0  los_config.o ABSOLUTE
    ..\..\kernel\cpu\arm\cortex-m4\los_dispatch_keil.s 0x00000000   Number         0  los_dispatch_keil.o ABSOLUTE
    ..\..\kernel\cpu\arm\cortex-m4\los_hw.c  0x00000000   Number         0  los_hw.o ABSOLUTE
    ..\..\kernel\cpu\arm\cortex-m4\los_hw_tick.c 0x00000000   Number         0  los_hw_tick.o ABSOLUTE
    ..\..\kernel\cpu\arm\cortex-m4\los_hwi.c 0x00000000   Number         0  los_hwi.o ABSOLUTE
    ..\..\platform\STM32F411RE-NUCLEO\los_bsp_adapter.c 0x00000000   Number         0  los_bsp_adapter.o ABSOLUTE
    ..\..\platform\STM32F411RE-NUCLEO\los_bsp_key.c 0x00000000   Number         0  los_bsp_key.o ABSOLUTE
    ..\..\platform\STM32F411RE-NUCLEO\los_bsp_led.c 0x00000000   Number         0  los_bsp_led.o ABSOLUTE
    ..\..\platform\STM32F411RE-NUCLEO\los_bsp_uart.c 0x00000000   Number         0  los_bsp_uart.o ABSOLUTE
    ..\..\platform\STM32F411RE-NUCLEO\los_startup_keil.s 0x00000000   Number         0  los_startup_keil.o ABSOLUTE
    ..\..\user\main.c                        0x00000000   Number         0  main.o ABSOLUTE
    cdrcmple.s                               0x00000000   Number         0  cdrcmple.o ABSOLUTE
    dc.s                                     0x00000000   Number         0  dc.o ABSOLUTE
    handlers.s                               0x00000000   Number         0  handlers.o ABSOLUTE
    init.s                                   0x00000000   Number         0  init.o ABSOLUTE
    RESET                                    0x08000000   Section       92  los_startup_keil.o(RESET)
    $v0                                      0x08000040   Number         0  los_startup_keil.o(RESET)
    .ARM.Collect$$$$00000000                 0x0800005c   Section        0  entry.o(.ARM.Collect$$$$00000000)
    .ARM.Collect$$$$00000001                 0x0800005c   Section        4  entry2.o(.ARM.Collect$$$$00000001)
    .ARM.Collect$$$$00000004                 0x08000060   Section        4  entry5.o(.ARM.Collect$$$$00000004)
    .ARM.Collect$$$$00000008                 0x08000064   Section        0  entry7b.o(.ARM.Collect$$$$00000008)
    .ARM.Collect$$$$0000000A                 0x08000064   Section        0  entry8b.o(.ARM.Collect$$$$0000000A)
    .ARM.Collect$$$$0000000B                 0x08000064   Section        8  entry9a.o(.ARM.Collect$$$$0000000B)
    .ARM.Collect$$$$0000000D                 0x0800006c   Section        0  entry10a.o(.ARM.Collect$$$$0000000D)
    .ARM.Collect$$$$0000000F                 0x0800006c   Section        0  entry11a.o(.ARM.Collect$$$$0000000F)
    .ARM.Collect$$$$00002712                 0x0800006c   Section        4  entry2.o(.ARM.Collect$$$$00002712)
    __lit__00000000                          0x0800006c   Data           4  entry2.o(.ARM.Collect$$$$00002712)
    .text                                    0x08000070   Section      236  los_dispatch_keil.o(.text)
    $v0                                      0x08000070   Number         0  los_dispatch_keil.o(.text)
    .text                                    0x0800015c   Section        0  uldiv.o(.text)
    .text                                    0x080001be   Section        0  memseta.o(.text)
    .text                                    0x080001e2   Section        0  llshl.o(.text)
    .text                                    0x08000200   Section        0  llushr.o(.text)
    .text                                    0x08000220   Section       36  init.o(.text)
    .text                                    0x08000244   Section        0  __dczerorl2.o(.text)
    i.Example_Dyn_Mem                        0x0800029c   Section        0  los_api_dynamic_mem.o(i.Example_Dyn_Mem)
    i.Example_Event                          0x080003ac   Section        0  los_api_event.o(i.Example_Event)
    i.Example_GetTick                        0x08000454   Section        0  los_api_systick.o(i.Example_GetTick)
    i.Example_MsgQueue                       0x0800052c   Section        0  los_api_msgqueue.o(i.Example_MsgQueue)
    i.Example_MutexLock                      0x0800064c   Section        0  los_api_mutex.o(i.Example_MutexLock)
    i.Example_MutexTask1                     0x08000790   Section        0  los_api_mutex.o(i.Example_MutexTask1)
    i.Example_MutexTask2                     0x080008a8   Section        0  los_api_mutex.o(i.Example_MutexTask2)
    i.Example_SemTask1                       0x0800098c   Section        0  los_api_sem.o(i.Example_SemTask1)
    i.Example_SemTask2                       0x08000a6c   Section        0  los_api_sem.o(i.Example_SemTask2)
    i.Example_Semphore                       0x08000b44   Section        0  los_api_sem.o(i.Example_Semphore)
    i.Example_SndRcvEvent                    0x08000c9c   Section        0  los_api_event.o(i.Example_SndRcvEvent)
    i.Example_StaticMem                      0x08000df0   Section        0  los_api_static_mem.o(i.Example_StaticMem)
    i.Example_TaskHi                         0x08000f34   Section        0  los_api_task.o(i.Example_TaskHi)
    i.Example_TaskLo                         0x08001048   Section        0  los_api_task.o(i.Example_TaskLo)
    i.Example_TskCaseEntry                   0x0800112c   Section        0  los_api_task.o(i.Example_TskCaseEntry)
    i.Example_list                           0x080012a8   Section        0  los_api_list.o(i.Example_list)
    i.Example_swTimer                        0x0800143c   Section        0  los_api_timer.o(i.Example_swTimer)
    i.LOS_Align                              0x08001544   Section        0  los_misc.o(i.LOS_Align)
    i.LOS_CyclePerTickGet                    0x08001560   Section        0  los_sys.o(i.LOS_CyclePerTickGet)
    i.LOS_DLnkInitMultiHead                  0x08001566   Section        0  los_multipledlinkhead.o(i.LOS_DLnkInitMultiHead)
    i.LOS_DLnkMultiHead                      0x08001584   Section        0  los_multipledlinkhead.o(i.LOS_DLnkMultiHead)
    i.LOS_EnableTick                         0x080015ae   Section        0  los_config.o(i.LOS_EnableTick)
    i.LOS_EvbGetKeyVal                       0x080015c0   Section        0  los_bsp_key.o(i.LOS_EvbGetKeyVal)
    i.LOS_EvbKeyInit                         0x080015c6   Section        0  los_bsp_key.o(i.LOS_EvbKeyInit)
    i.LOS_EvbLedControl                      0x080015c8   Section        0  los_bsp_led.o(i.LOS_EvbLedControl)
    i.LOS_EvbLedInit                         0x080015ca   Section        0  los_bsp_led.o(i.LOS_EvbLedInit)
    i.LOS_EvbSetup                           0x080015cc   Section        0  los_bsp_adapter.o(i.LOS_EvbSetup)
    i.LOS_EvbUartInit                        0x080015dc   Section        0  los_bsp_uart.o(i.LOS_EvbUartInit)
    i.LOS_EvbUartWriteByte                   0x080015de   Section        0  los_bsp_uart.o(i.LOS_EvbUartWriteByte)
    i.LOS_EventClear                         0x080015e0   Section        0  los_event.o(i.LOS_EventClear)
    i.LOS_EventInit                          0x08001608   Section        0  los_event.o(i.LOS_EventInit)
    i.LOS_EventPoll                          0x08001624   Section        0  los_event.o(i.LOS_EventPoll)
    i.LOS_EventRead                          0x08001674   Section        0  los_event.o(i.LOS_EventRead)
    i.LOS_EventWrite                         0x080017d0   Section        0  los_event.o(i.LOS_EventWrite)
    i.LOS_InspectByID                        0x080018c8   Section        0  los_inspect_entry.o(i.LOS_InspectByID)
    i.LOS_InspectStatusSetByID               0x08001a2c   Section        0  los_inspect_entry.o(i.LOS_InspectStatusSetByID)
    i.LOS_Inspect_Entry                      0x08001a8c   Section        0  los_inspect_entry.o(i.LOS_Inspect_Entry)
    i.LOS_Inspect_KeyAndLed                  0x08001ad4   Section        0  los_inspect_entry.o(i.LOS_Inspect_KeyAndLed)
    LOS_Inspect_KeyAndLed                    0x08001ad5   Thumb Code    76  los_inspect_entry.o(i.LOS_Inspect_KeyAndLed)
    i.LOS_Inspect_TskDeal                    0x08001b38   Section        0  los_inspect_entry.o(i.LOS_Inspect_TskDeal)
    i.LOS_KernelInit                         0x08001c04   Section        0  los_config.o(i.LOS_KernelInit)
    i.LOS_ListAdd                            0x08001c16   Section        0  los_task.o(i.LOS_ListAdd)
    LOS_ListAdd                              0x08001c17   Thumb Code    14  los_task.o(i.LOS_ListAdd)
    i.LOS_ListAdd                            0x08001c24   Section        0  los_mux.o(i.LOS_ListAdd)
    LOS_ListAdd                              0x08001c25   Thumb Code    14  los_mux.o(i.LOS_ListAdd)
    i.LOS_ListAdd                            0x08001c32   Section        0  los_queue.o(i.LOS_ListAdd)
    LOS_ListAdd                              0x08001c33   Thumb Code    14  los_queue.o(i.LOS_ListAdd)
    i.LOS_ListAdd                            0x08001c40   Section        0  los_sem.o(i.LOS_ListAdd)
    LOS_ListAdd                              0x08001c41   Thumb Code    14  los_sem.o(i.LOS_ListAdd)
    i.LOS_ListAdd                            0x08001c4e   Section        0  los_memory.o(i.LOS_ListAdd)
    LOS_ListAdd                              0x08001c4f   Thumb Code    14  los_memory.o(i.LOS_ListAdd)
    i.LOS_ListAdd                            0x08001c5c   Section        0  los_api_list.o(i.LOS_ListAdd)
    LOS_ListAdd                              0x08001c5d   Thumb Code    14  los_api_list.o(i.LOS_ListAdd)
    i.LOS_ListDelete                         0x08001c6a   Section        0  los_task.o(i.LOS_ListDelete)
    LOS_ListDelete                           0x08001c6b   Thumb Code    20  los_task.o(i.LOS_ListDelete)
    i.LOS_ListDelete                         0x08001c7e   Section        0  los_mux.o(i.LOS_ListDelete)
    LOS_ListDelete                           0x08001c7f   Thumb Code    20  los_mux.o(i.LOS_ListDelete)
    i.LOS_ListDelete                         0x08001c92   Section        0  los_sem.o(i.LOS_ListDelete)
    LOS_ListDelete                           0x08001c93   Thumb Code    20  los_sem.o(i.LOS_ListDelete)
    i.LOS_ListDelete                         0x08001ca6   Section        0  los_memory.o(i.LOS_ListDelete)
    LOS_ListDelete                           0x08001ca7   Thumb Code    20  los_memory.o(i.LOS_ListDelete)
    i.LOS_ListEmpty                          0x08001cba   Section        0  los_task.o(i.LOS_ListEmpty)
    LOS_ListEmpty                            0x08001cbb   Thumb Code    16  los_task.o(i.LOS_ListEmpty)
    i.LOS_ListEmpty                          0x08001cca   Section        0  los_mux.o(i.LOS_ListEmpty)
    LOS_ListEmpty                            0x08001ccb   Thumb Code    16  los_mux.o(i.LOS_ListEmpty)
    i.LOS_ListEmpty                          0x08001cda   Section        0  los_queue.o(i.LOS_ListEmpty)
    LOS_ListEmpty                            0x08001cdb   Thumb Code    16  los_queue.o(i.LOS_ListEmpty)
    i.LOS_ListEmpty                          0x08001cea   Section        0  los_sem.o(i.LOS_ListEmpty)
    LOS_ListEmpty                            0x08001ceb   Thumb Code    16  los_sem.o(i.LOS_ListEmpty)
    i.LOS_ListInit                           0x08001cfa   Section        0  los_task.o(i.LOS_ListInit)
    LOS_ListInit                             0x08001cfb   Thumb Code     6  los_task.o(i.LOS_ListInit)
    i.LOS_ListInit                           0x08001d00   Section        0  los_mux.o(i.LOS_ListInit)
    LOS_ListInit                             0x08001d01   Thumb Code     6  los_mux.o(i.LOS_ListInit)
    i.LOS_ListInit                           0x08001d06   Section        0  los_queue.o(i.LOS_ListInit)
    LOS_ListInit                             0x08001d07   Thumb Code     6  los_queue.o(i.LOS_ListInit)
    i.LOS_ListInit                           0x08001d0c   Section        0  los_sem.o(i.LOS_ListInit)
    LOS_ListInit                             0x08001d0d   Thumb Code     6  los_sem.o(i.LOS_ListInit)
    i.LOS_ListTailInsert                     0x08001d12   Section        0  los_task.o(i.LOS_ListTailInsert)
    LOS_ListTailInsert                       0x08001d13   Thumb Code    16  los_task.o(i.LOS_ListTailInsert)
    i.LOS_ListTailInsert                     0x08001d22   Section        0  los_mux.o(i.LOS_ListTailInsert)
    LOS_ListTailInsert                       0x08001d23   Thumb Code    16  los_mux.o(i.LOS_ListTailInsert)
    i.LOS_ListTailInsert                     0x08001d32   Section        0  los_sem.o(i.LOS_ListTailInsert)
    LOS_ListTailInsert                       0x08001d33   Thumb Code    16  los_sem.o(i.LOS_ListTailInsert)
    i.LOS_Log2                               0x08001d44   Section        0  los_multipledlinkhead.o(i.LOS_Log2)
    LOS_Log2                                 0x08001d45   Thumb Code   320  los_multipledlinkhead.o(i.LOS_Log2)
    i.LOS_MemAlloc                           0x08001e88   Section        0  los_memory.o(i.LOS_MemAlloc)
    i.LOS_MemAllocAlign                      0x08001ec2   Section        0  los_memory.o(i.LOS_MemAllocAlign)
    i.LOS_MemFree                            0x08001f2e   Section        0  los_memory.o(i.LOS_MemFree)
    i.LOS_MemInit                            0x08001f82   Section        0  los_memory.o(i.LOS_MemInit)
    i.LOS_MemboxAlloc                        0x08002028   Section        0  los_membox.o(i.LOS_MemboxAlloc)
    i.LOS_MemboxClr                          0x08002068   Section        0  los_membox.o(i.LOS_MemboxClr)
    i.LOS_MemboxFree                         0x08002084   Section        0  los_membox.o(i.LOS_MemboxFree)
    i.LOS_MemboxInit                         0x08002128   Section        0  los_membox.o(i.LOS_MemboxInit)
    i.LOS_MuxCreate                          0x080021a8   Section        0  los_mux.o(i.LOS_MuxCreate)
    i.LOS_MuxDelete                          0x0800220c   Section        0  los_mux.o(i.LOS_MuxDelete)
    i.LOS_MuxPend                            0x08002274   Section        0  los_mux.o(i.LOS_MuxPend)
    i.LOS_MuxPost                            0x080023bc   Section        0  los_mux.o(i.LOS_MuxPost)
    i.LOS_PriqueueDequeue                    0x080024bc   Section        0  los_priqueue.o(i.LOS_PriqueueDequeue)
    i.LOS_PriqueueEnqueue                    0x080024d4   Section        0  los_priqueue.o(i.LOS_PriqueueEnqueue)
    i.LOS_PriqueueSize                       0x080024f8   Section        0  los_priqueue.o(i.LOS_PriqueueSize)
    i.LOS_PriqueueTop                        0x08002520   Section        0  los_priqueue.o(i.LOS_PriqueueTop)
    i.LOS_QueueCreate                        0x0800255c   Section        0  los_queue.o(i.LOS_QueueCreate)
    i.LOS_QueueDelete                        0x080025d8   Section        0  los_queue.o(i.LOS_QueueDelete)
    i.LOS_QueueRead                          0x08002688   Section        0  los_queue.o(i.LOS_QueueRead)
    i.LOS_QueueWrite                         0x080027b8   Section        0  los_queue.o(i.LOS_QueueWrite)
    i.LOS_Schedule                           0x080028f4   Section        0  los_hw.o(i.LOS_Schedule)
    i.LOS_SemCreate                          0x08002934   Section        0  los_sem.o(i.LOS_SemCreate)
    i.LOS_SemDelete                          0x080029a0   Section        0  los_sem.o(i.LOS_SemDelete)
    i.LOS_SemPend                            0x08002a00   Section        0  los_sem.o(i.LOS_SemPend)
    i.LOS_SemPost                            0x08002b00   Section        0  los_sem.o(i.LOS_SemPost)
    i.LOS_SetTickSycle                       0x08002bb8   Section        0  los_hw_tick.o(i.LOS_SetTickSycle)
    i.LOS_Start                              0x08002bc4   Section        0  los_config.o(i.LOS_Start)
    i.LOS_SwtmrCreate                        0x08002bd0   Section        0  los_swtmr.o(i.LOS_SwtmrCreate)
    i.LOS_SwtmrDelete                        0x08002c5c   Section        0  los_swtmr.o(i.LOS_SwtmrDelete)
    i.LOS_SwtmrStart                         0x08002ce0   Section        0  los_swtmr.o(i.LOS_SwtmrStart)
    i.LOS_SwtmrStop                          0x08002d64   Section        0  los_swtmr.o(i.LOS_SwtmrStop)
    i.LOS_TaskCreate                         0x08002de4   Section        0  los_task.o(i.LOS_TaskCreate)
    i.LOS_TaskCreateOnly                     0x08002e80   Section        0  los_task.o(i.LOS_TaskCreateOnly)
    i.LOS_TaskDelay                          0x08003004   Section        0  los_task.o(i.LOS_TaskDelay)
    i.LOS_TaskDelete                         0x08003084   Section        0  los_task.o(i.LOS_TaskDelete)
    i.LOS_TaskLock                           0x080031ec   Section        0  los_task.o(i.LOS_TaskLock)
    i.LOS_TaskResume                         0x0800320c   Section        0  los_task.o(i.LOS_TaskResume)
    i.LOS_TaskSuspend                        0x080032bc   Section        0  los_task.o(i.LOS_TaskSuspend)
    i.LOS_TaskUnlock                         0x080033a0   Section        0  los_task.o(i.LOS_TaskUnlock)
    i.LOS_TaskYield                          0x080033dc   Section        0  los_task.o(i.LOS_TaskYield)
    i.LOS_TickCountGet                       0x08003460   Section        0  los_sys.o(i.LOS_TickCountGet)
    i.LOS_TickHandler                        0x0800346c   Section        0  los_hw_tick.o(i.LOS_TickHandler)
    i.LosAdapIntInit                         0x080034a4   Section        0  los_bsp_adapter.o(i.LosAdapIntInit)
    i.SysTick_Handler                        0x080034a6   Section        0  los_bsp_adapter.o(i.SysTick_Handler)
    i.Timer1_Callback                        0x080034b0   Section        0  los_api_timer.o(i.Timer1_Callback)
    i.Timer2_Callback                        0x08003500   Section        0  los_api_timer.o(i.Timer2_Callback)
    i.__0printf$5                            0x08003558   Section        0  printf5.o(i.__0printf$5)
    i.__scatterload_copy                     0x08003578   Section       14  handlers.o(i.__scatterload_copy)
    i.__scatterload_null                     0x08003586   Section        2  handlers.o(i.__scatterload_null)
    i.__scatterload_zeroinit                 0x08003588   Section       14  handlers.o(i.__scatterload_zeroinit)
    i._printf_core                           0x08003598   Section        0  printf5.o(i._printf_core)
    _printf_core                             0x08003599   Thumb Code   658  printf5.o(i._printf_core)
    i.fputc                                  0x08003858   Section        0  los_bsp_uart.o(i.fputc)
    i.free                                   0x08003868   Section        0  malloc.o(i.free)
    i.main                                   0x080038b8   Section        0  main.o(i.main)
    i.osHwiDefaultHandler                    0x080038da   Section        0  los_hwi.o(i.osHwiDefaultHandler)
    i.osHwiInit                              0x080038e4   Section        0  los_hwi.o(i.osHwiInit)
    i.osIdleTask                             0x08003908   Section        0  los_task.o(i.osIdleTask)
    i.osIdleTaskCreate                       0x0800390c   Section        0  los_task.o(i.osIdleTaskCreate)
    i.osIntNumGet                            0x08003958   Section        0  los_hwi.o(i.osIntNumGet)
    i.osMain                                 0x08003964   Section        0  los_config.o(i.osMain)
    i.osMemAllocWithCheck                    0x080039d4   Section        0  los_memory.o(i.osMemAllocWithCheck)
    osMemAllocWithCheck                      0x080039d5   Thumb Code    92  los_memory.o(i.osMemAllocWithCheck)
    i.osMemCheckUsedNode                     0x08003a30   Section        0  los_memory.o(i.osMemCheckUsedNode)
    osMemCheckUsedNode                       0x08003a31   Thumb Code   152  los_memory.o(i.osMemCheckUsedNode)
    i.osMemFindSuitableFreeBlock             0x08003ac8   Section        0  los_memory.o(i.osMemFindSuitableFreeBlock)
    osMemFindSuitableFreeBlock               0x08003ac9   Thumb Code    80  los_memory.o(i.osMemFindSuitableFreeBlock)
    i.osMemFreeNode                          0x08003b18   Section        0  los_memory.o(i.osMemFreeNode)
    osMemFreeNode                            0x08003b19   Thumb Code   178  los_memory.o(i.osMemFreeNode)
    i.osMemIsNodeValid                       0x08003bca   Section        0  los_memory.o(i.osMemIsNodeValid)
    osMemIsNodeValid                         0x08003bcb   Thumb Code    62  los_memory.o(i.osMemIsNodeValid)
    i.osMemMergeNode                         0x08003c08   Section        0  los_memory.o(i.osMemMergeNode)
    osMemMergeNode                           0x08003c09   Thumb Code    36  los_memory.o(i.osMemMergeNode)
    i.osMemSetMagicNumAndTaskid              0x08003c2c   Section        0  los_memory.o(i.osMemSetMagicNumAndTaskid)
    osMemSetMagicNumAndTaskid                0x08003c2d   Thumb Code    28  los_memory.o(i.osMemSetMagicNumAndTaskid)
    i.osMemSpitNode                          0x08003c4c   Section        0  los_memory.o(i.osMemSpitNode)
    osMemSpitNode                            0x08003c4d   Thumb Code    92  los_memory.o(i.osMemSpitNode)
    i.osMemSystemInit                        0x08003ca8   Section        0  los_memory.o(i.osMemSystemInit)
    i.osMuxInit                              0x08003ccc   Section        0  los_mux.o(i.osMuxInit)
    i.osPriqueueInit                         0x08003d28   Section        0  los_priqueue.o(i.osPriqueueInit)
    i.osQueueCreate                          0x08003d70   Section        0  los_queue.o(i.osQueueCreate)
    i.osQueueInit                            0x08003de0   Section        0  los_queue.o(i.osQueueInit)
    i.osQueuePend                            0x08003e18   Section        0  los_queue.o(i.osQueuePend)
    osQueuePend                              0x08003e19   Thumb Code   132  los_queue.o(i.osQueuePend)
    i.osQueueWakeUp                          0x08003e9c   Section        0  los_queue.o(i.osQueueWakeUp)
    osQueueWakeUp                            0x08003e9d   Thumb Code    90  los_queue.o(i.osQueueWakeUp)
    i.osRegister                             0x08003ef8   Section        0  los_config.o(i.osRegister)
    i.osSchedule                             0x08003f14   Section        0  los_hw.o(i.osSchedule)
    i.osSemInit                              0x08003f1c   Section        0  los_sem.o(i.osSemInit)
    i.osSwTmrInit                            0x08003f74   Section        0  los_swtmr.o(i.osSwTmrInit)
    i.osSwTmrStart                           0x08004020   Section        0  los_swtmr.o(i.osSwTmrStart)
    i.osSwTmrTask                            0x08004080   Section        0  los_swtmr.o(i.osSwTmrTask)
    i.osSwTmrTaskCreate                      0x080040d0   Section        0  los_swtmr.o(i.osSwTmrTaskCreate)
    i.osSwTmrTimeoutHandle                   0x08004118   Section        0  los_swtmr.o(i.osSwTmrTimeoutHandle)
    osSwTmrTimeoutHandle                     0x08004119   Thumb Code   128  los_swtmr.o(i.osSwTmrTimeoutHandle)
    i.osSwtmrDelete                          0x080041a4   Section        0  los_swtmr.o(i.osSwtmrDelete)
    osSwtmrDelete                            0x080041a5   Thumb Code    16  los_swtmr.o(i.osSwtmrDelete)
    i.osSwtmrScan                            0x080041b8   Section        0  los_swtmr.o(i.osSwtmrScan)
    i.osSwtmrStop                            0x080041dc   Section        0  los_swtmr.o(i.osSwtmrStop)
    i.osTaskAdd2TimerList                    0x08004224   Section        0  los_task.o(i.osTaskAdd2TimerList)
    i.osTaskEntry                            0x080042e4   Section        0  los_task.o(i.osTaskEntry)
    i.osTaskExit                             0x08004388   Section        0  los_hw.o(i.osTaskExit)
    i.osTaskInit                             0x08004390   Section        0  los_task.o(i.osTaskInit)
    i.osTaskMemUsedDec                       0x080044b8   Section        0  los_memstat.o(i.osTaskMemUsedDec)
    i.osTaskMemUsedInc                       0x080044ec   Section        0  los_memstat.o(i.osTaskMemUsedInc)
    i.osTaskPriModify                        0x08004528   Section        0  los_task.o(i.osTaskPriModify)
    i.osTaskScan                             0x08004560   Section        0  los_task.o(i.osTaskScan)
    i.osTaskSelfDelete                       0x0800463c   Section        0  los_task.o(i.osTaskSelfDelete)
    i.osTickHandler                          0x08004738   Section        0  los_tick.o(i.osTickHandler)
    i.osTickStart                            0x08004760   Section        0  los_bsp_adapter.o(i.osTickStart)
    i.osTimerListDelete                      0x080047a0   Section        0  los_task.o(i.osTimerListDelete)
    i.osTimesliceCheck                       0x080047e8   Section        0  los_timeslice.o(i.osTimesliceCheck)
    i.osTimesliceInit                        0x08004834   Section        0  los_timeslice.o(i.osTimesliceInit)
    i.osTskStackInit                         0x08004844   Section        0  los_hw.o(i.osTskStackInit)
    i.recv_Entry                             0x08004984   Section        0  los_api_msgqueue.o(i.recv_Entry)
    i.send_Entry                             0x08004a50   Section        0  los_api_msgqueue.o(i.send_Entry)
    .constdata                               0x08004ac4   Section        9  los_bsp_adapter.o(.constdata)
    .conststring                             0x08004ad0   Section       66  los_api_sem.o(.conststring)
    .data                                    0x20000000   Section        4  los_priqueue.o(.data)
    .data                                    0x20000004   Section       16  los_swtmr.o(.data)
    .data                                    0x20000014   Section       68  los_task.o(.data)
    .data                                    0x20000058   Section       16  los_tick.o(.data)
    .data                                    0x20000068   Section        8  los_timeslice.o(.data)
    .data                                    0x20000070   Section       12  los_mux.o(.data)
    .data                                    0x2000007c   Section        4  los_queue.o(.data)
    .data                                    0x20000080   Section       12  los_sem.o(.data)
    .data                                    0x2000008c   Section        4  los_hw_tick.o(.data)
    .data                                    0x20000090   Section        4  los_hwi.o(.data)
    .data                                    0x20000094   Section        8  los_config.o(.data)
    .data                                    0x2000009c   Section        4  los_bsp_adapter.o(.data)
    g_ucycle_per_tick                        0x2000009c   Data           4  los_bsp_adapter.o(.data)
    .data                                    0x200000a0   Section        8  los_api_event.o(.data)
    .data                                    0x200000a8   Section       22  los_api_msgqueue.o(.data)
    g_uwQueue                                0x200000a8   Data           4  los_api_msgqueue.o(.data)
    .data                                    0x200000c0   Section       12  los_api_mutex.o(.data)
    .data                                    0x200000cc   Section       12  los_api_sem.o(.data)
    g_TestTaskID01                           0x200000cc   Data           4  los_api_sem.o(.data)
    g_TestTaskID02                           0x200000d0   Data           4  los_api_sem.o(.data)
    g_usSemID                                0x200000d4   Data           4  los_api_sem.o(.data)
    .data                                    0x200000d8   Section        8  los_api_task.o(.data)
    .data                                    0x200000e0   Section        8  los_api_timer.o(.data)
    .data                                    0x200000e8   Section      168  los_inspect_entry.o(.data)
    gInspectErrCnt                           0x200000e8   Data           4  los_inspect_entry.o(.data)
    g_uwDemoTaskID                           0x200000ec   Data           4  los_inspect_entry.o(.data)
    gInspect                                 0x200000f0   Data         160  los_inspect_entry.o(.data)
    .data                                    0x20000190   Section        4  stdout.o(.data)
    .data                                    0x20000194   Section        4  mvars.o(.data)
    .vector.bss                              0x20000198   Section     1024  los_hwi.o(.vector.bss)
    .bss                                     0x20000598   Section      208  los_swtmr.o(.bss)
    .bss                                     0x20000668   Section    32768  los_memory.o(.bss)
    .bss                                     0x20008668   Section       64  los_memstat.o(.bss)
    .bss                                     0x200086a8   Section       12  los_api_event.o(.bss)
    .bss                                     0x200086b4   Section      600  los_api_static_mem.o(.bss)
    STACK                                    0x20008910   Section     1024  los_startup_keil.o(STACK)

    Global Symbols

    Symbol Name                              Value     Ov Type        Size  Object(Section)

    BuildAttributes$$THM_ISAv4$E$P$D$K$B$S$7EM$VFPi3$EXTD16$VFPS$VFMA$PE$A:L22UL41UL21$X:L11$S22US41US21$IEEE1$IW$USESV6$~STKCKD$USESV7$~SHL$OSPACE$ROPI$EBA8$MICROLIB$REQ8$PRES8$EABIv2 0x00000000   Number         0  anon$$obj.o ABSOLUTE
    __ARM_use_no_argv                        0x00000000   Number         0  main.o ABSOLUTE
    _printf_a                                0x00000000   Number         0  stubs.o ABSOLUTE
    _printf_c                                0x00000000   Number         0  stubs.o ABSOLUTE
    _printf_charcount                        0x00000000   Number         0  stubs.o ABSOLUTE
    _printf_d                                0x00000000   Number         0  stubs.o ABSOLUTE
    _printf_e                                0x00000000   Number         0  stubs.o ABSOLUTE
    _printf_f                                0x00000000   Number         0  stubs.o ABSOLUTE
    _printf_flags                            0x00000000   Number         0  stubs.o ABSOLUTE
    _printf_fp_dec                           0x00000000   Number         0  stubs.o ABSOLUTE
    _printf_fp_hex                           0x00000000   Number         0  stubs.o ABSOLUTE
    _printf_g                                0x00000000   Number         0  stubs.o ABSOLUTE
    _printf_i                                0x00000000   Number         0  stubs.o ABSOLUTE
    _printf_int_dec                          0x00000000   Number         0  stubs.o ABSOLUTE
    _printf_l                                0x00000000   Number         0  stubs.o ABSOLUTE
    _printf_lc                               0x00000000   Number         0  stubs.o ABSOLUTE
    _printf_ll                               0x00000000   Number         0  stubs.o ABSOLUTE
    _printf_lld                              0x00000000   Number         0  stubs.o ABSOLUTE
    _printf_lli                              0x00000000   Number         0  stubs.o ABSOLUTE
    _printf_llo                              0x00000000   Number         0  stubs.o ABSOLUTE
    _printf_llu                              0x00000000   Number         0  stubs.o ABSOLUTE
    _printf_llx                              0x00000000   Number         0  stubs.o ABSOLUTE
    _printf_longlong_dec                     0x00000000   Number         0  stubs.o ABSOLUTE
    _printf_longlong_hex                     0x00000000   Number         0  stubs.o ABSOLUTE
    _printf_longlong_oct                     0x00000000   Number         0  stubs.o ABSOLUTE
    _printf_ls                               0x00000000   Number         0  stubs.o ABSOLUTE
    _printf_mbtowc                           0x00000000   Number         0  stubs.o ABSOLUTE
    _printf_n                                0x00000000   Number         0  stubs.o ABSOLUTE
    _printf_o                                0x00000000   Number         0  stubs.o ABSOLUTE
    _printf_p                                0x00000000   Number         0  stubs.o ABSOLUTE
    _printf_percent                          0x00000000   Number         0  stubs.o ABSOLUTE
    _printf_pre_padding                      0x00000000   Number         0  stubs.o ABSOLUTE
    _printf_return_value                     0x00000000   Number         0  stubs.o ABSOLUTE
    _printf_s                                0x00000000   Number         0  stubs.o ABSOLUTE
    _printf_sizespec                         0x00000000   Number         0  stubs.o ABSOLUTE
    _printf_str                              0x00000000   Number         0  stubs.o ABSOLUTE
    _printf_truncate_signed                  0x00000000   Number         0  stubs.o ABSOLUTE
    _printf_truncate_unsigned                0x00000000   Number         0  stubs.o ABSOLUTE
    _printf_u                                0x00000000   Number         0  stubs.o ABSOLUTE
    _printf_wc                               0x00000000   Number         0  stubs.o ABSOLUTE
    _printf_wctomb                           0x00000000   Number         0  stubs.o ABSOLUTE
    _printf_widthprec                        0x00000000   Number         0  stubs.o ABSOLUTE
    _printf_x                                0x00000000   Number         0  stubs.o ABSOLUTE
    __cpp_initialize__aeabi_                  - Undefined Weak Reference
    __cxa_finalize                            - Undefined Weak Reference
    _clock_init                               - Undefined Weak Reference
    _microlib_exit                            - Undefined Weak Reference
    _BootVectors                             0x08000000   Data           0  los_startup_keil.o(RESET)
    Reset_Handler                            0x08000041   Thumb Code     0  los_startup_keil.o(RESET)
    __main                                   0x0800005d   Thumb Code     0  entry.o(.ARM.Collect$$$$00000000)
    _main_stk                                0x0800005d   Thumb Code     0  entry2.o(.ARM.Collect$$$$00000001)
    _main_scatterload                        0x08000061   Thumb Code     0  entry5.o(.ARM.Collect$$$$00000004)
    __main_after_scatterload                 0x08000065   Thumb Code     0  entry5.o(.ARM.Collect$$$$00000004)
    _main_clock                              0x08000065   Thumb Code     0  entry7b.o(.ARM.Collect$$$$00000008)
    _main_cpp_init                           0x08000065   Thumb Code     0  entry8b.o(.ARM.Collect$$$$0000000A)
    _main_init                               0x08000065   Thumb Code     0  entry9a.o(.ARM.Collect$$$$0000000B)
    __rt_final_cpp                           0x0800006d   Thumb Code     0  entry10a.o(.ARM.Collect$$$$0000000D)
    __rt_final_exit                          0x0800006d   Thumb Code     0  entry11a.o(.ARM.Collect$$$$0000000F)
    LOS_StartToRun                           0x08000071   Thumb Code     0  los_dispatch_keil.o(.text)
    LOS_IntNumGet                            0x080000c1   Thumb Code     0  los_dispatch_keil.o(.text)
    osDisableIRQ                             0x080000c7   Thumb Code     0  los_dispatch_keil.o(.text)
    LOS_IntLock                              0x080000cb   Thumb Code     0  los_dispatch_keil.o(.text)
    LOS_IntUnLock                            0x080000d3   Thumb Code     0  los_dispatch_keil.o(.text)
    LOS_IntRestore                           0x080000db   Thumb Code     0  los_dispatch_keil.o(.text)
    osTaskSchedule                           0x080000e1   Thumb Code     0  los_dispatch_keil.o(.text)
    PendSV_Handler                           0x080000eb   Thumb Code     0  los_dispatch_keil.o(.text)
    __aeabi_uldivmod                         0x0800015d   Thumb Code    98  uldiv.o(.text)
    __aeabi_memset                           0x080001bf   Thumb Code    14  memseta.o(.text)
    __aeabi_memset4                          0x080001bf   Thumb Code     0  memseta.o(.text)
    __aeabi_memset8                          0x080001bf   Thumb Code     0  memseta.o(.text)
    __aeabi_memclr                           0x080001cd   Thumb Code     4  memseta.o(.text)
    __aeabi_memclr4                          0x080001cd   Thumb Code     0  memseta.o(.text)
    __aeabi_memclr8                          0x080001cd   Thumb Code     0  memseta.o(.text)
    _memset$wrapper                          0x080001d1   Thumb Code    18  memseta.o(.text)
    __aeabi_llsl                             0x080001e3   Thumb Code    30  llshl.o(.text)
    _ll_shift_l                              0x080001e3   Thumb Code     0  llshl.o(.text)
    __aeabi_llsr                             0x08000201   Thumb Code    32  llushr.o(.text)
    _ll_ushift_r                             0x08000201   Thumb Code     0  llushr.o(.text)
    __scatterload                            0x08000221   Thumb Code    28  init.o(.text)
    __scatterload_rt2                        0x08000221   Thumb Code     0  init.o(.text)
    __decompress                             0x08000245   Thumb Code     0  __dczerorl2.o(.text)
    __decompress1                            0x08000245   Thumb Code    86  __dczerorl2.o(.text)
    Example_Dyn_Mem                          0x0800029d   Thumb Code   134  los_api_dynamic_mem.o(i.Example_Dyn_Mem)
    Example_Event                            0x080003ad   Thumb Code    62  los_api_event.o(i.Example_Event)
    Example_GetTick                          0x08000455   Thumb Code   126  los_api_systick.o(i.Example_GetTick)
    Example_MsgQueue                         0x0800052d   Thumb Code   130  los_api_msgqueue.o(i.Example_MsgQueue)
    Example_MutexLock                        0x0800064d   Thumb Code   184  los_api_mutex.o(i.Example_MutexLock)
    Example_MutexTask1                       0x08000791   Thumb Code    94  los_api_mutex.o(i.Example_MutexTask1)
    Example_MutexTask2                       0x080008a9   Thumb Code    62  los_api_mutex.o(i.Example_MutexTask2)
    Example_SemTask1                         0x0800098d   Thumb Code    88  los_api_sem.o(i.Example_SemTask1)
    Example_SemTask2                         0x08000a6d   Thumb Code    52  los_api_sem.o(i.Example_SemTask2)
    Example_Semphore                         0x08000b45   Thumb Code   204  los_api_sem.o(i.Example_Semphore)
    Example_SndRcvEvent                      0x08000c9d   Thumb Code   162  los_api_event.o(i.Example_SndRcvEvent)
    Example_StaticMem                        0x08000df1   Thumb Code   144  los_api_static_mem.o(i.Example_StaticMem)
    Example_TaskHi                           0x08000f35   Thumb Code   102  los_api_task.o(i.Example_TaskHi)
    Example_TaskLo                           0x08001049   Thumb Code    88  los_api_task.o(i.Example_TaskLo)
    Example_TskCaseEntry                     0x0800112d   Thumb Code   152  los_api_task.o(i.Example_TskCaseEntry)
    Example_list                             0x080012a9   Thumb Code   232  los_api_list.o(i.Example_list)
    Example_swTimer                          0x0800143d   Thumb Code   148  los_api_timer.o(i.Example_swTimer)
    LOS_Align                                0x08001545   Thumb Code    28  los_misc.o(i.LOS_Align)
    LOS_CyclePerTickGet                      0x08001561   Thumb Code     6  los_sys.o(i.LOS_CyclePerTickGet)
    LOS_DLnkInitMultiHead                    0x08001567   Thumb Code    30  los_multipledlinkhead.o(i.LOS_DLnkInitMultiHead)
    LOS_DLnkMultiHead                        0x08001585   Thumb Code    42  los_multipledlinkhead.o(i.LOS_DLnkMultiHead)
    LOS_EnableTick                           0x080015af   Thumb Code    18  los_config.o(i.LOS_EnableTick)
    LOS_EvbGetKeyVal                         0x080015c1   Thumb Code     6  los_bsp_key.o(i.LOS_EvbGetKeyVal)
    LOS_EvbKeyInit                           0x080015c7   Thumb Code     2  los_bsp_key.o(i.LOS_EvbKeyInit)
    LOS_EvbLedControl                        0x080015c9   Thumb Code     2  los_bsp_led.o(i.LOS_EvbLedControl)
    LOS_EvbLedInit                           0x080015cb   Thumb Code     2  los_bsp_led.o(i.LOS_EvbLedInit)
    LOS_EvbSetup                             0x080015cd   Thumb Code    16  los_bsp_adapter.o(i.LOS_EvbSetup)
    LOS_EvbUartInit                          0x080015dd   Thumb Code     2  los_bsp_uart.o(i.LOS_EvbUartInit)
    LOS_EvbUartWriteByte                     0x080015df   Thumb Code     2  los_bsp_uart.o(i.LOS_EvbUartWriteByte)
    LOS_EventClear                           0x080015e1   Thumb Code    34  los_event.o(i.LOS_EventClear)
    LOS_EventInit                            0x08001609   Thumb Code    24  los_event.o(i.LOS_EventInit)
    LOS_EventPoll                            0x08001625   Thumb Code    80  los_event.o(i.LOS_EventPoll)
    LOS_EventRead                            0x08001675   Thumb Code   330  los_event.o(i.LOS_EventRead)
    LOS_EventWrite                           0x080017d1   Thumb Code   244  los_event.o(i.LOS_EventWrite)
    LOS_InspectByID                          0x080018c9   Thumb Code   204  los_inspect_entry.o(i.LOS_InspectByID)
    LOS_InspectStatusSetByID                 0x08001a2d   Thumb Code    64  los_inspect_entry.o(i.LOS_InspectStatusSetByID)
    LOS_Inspect_Entry                        0x08001a8d   Thumb Code    52  los_inspect_entry.o(i.LOS_Inspect_Entry)
    LOS_Inspect_TskDeal                      0x08001b39   Thumb Code    80  los_inspect_entry.o(i.LOS_Inspect_TskDeal)
    LOS_KernelInit                           0x08001c05   Thumb Code    18  los_config.o(i.LOS_KernelInit)
    LOS_MemAlloc                             0x08001e89   Thumb Code    58  los_memory.o(i.LOS_MemAlloc)
    LOS_MemAllocAlign                        0x08001ec3   Thumb Code   108  los_memory.o(i.LOS_MemAllocAlign)
    LOS_MemFree                              0x08001f2f   Thumb Code    84  los_memory.o(i.LOS_MemFree)
    LOS_MemInit                              0x08001f83   Thumb Code   166  los_memory.o(i.LOS_MemInit)
    LOS_MemboxAlloc                          0x08002029   Thumb Code    60  los_membox.o(i.LOS_MemboxAlloc)
    LOS_MemboxClr                            0x08002069   Thumb Code    28  los_membox.o(i.LOS_MemboxClr)
    LOS_MemboxFree                           0x08002085   Thumb Code   158  los_membox.o(i.LOS_MemboxFree)
    LOS_MemboxInit                           0x08002129   Thumb Code   128  los_membox.o(i.LOS_MemboxInit)
    LOS_MuxCreate                            0x080021a9   Thumb Code    90  los_mux.o(i.LOS_MuxCreate)
    LOS_MuxDelete                            0x0800220d   Thumb Code    90  los_mux.o(i.LOS_MuxDelete)
    LOS_MuxPend                              0x08002275   Thumb Code   308  los_mux.o(i.LOS_MuxPend)
    LOS_MuxPost                              0x080023bd   Thumb Code   238  los_mux.o(i.LOS_MuxPost)
    LOS_PriqueueDequeue                      0x080024bd   Thumb Code    24  los_priqueue.o(i.LOS_PriqueueDequeue)
    LOS_PriqueueEnqueue                      0x080024d5   Thumb Code    32  los_priqueue.o(i.LOS_PriqueueEnqueue)
    LOS_PriqueueSize                         0x080024f9   Thumb Code    36  los_priqueue.o(i.LOS_PriqueueSize)
    LOS_PriqueueTop                          0x08002521   Thumb Code    54  los_priqueue.o(i.LOS_PriqueueTop)
    LOS_QueueCreate                          0x0800255d   Thumb Code   118  los_queue.o(i.LOS_QueueCreate)
    LOS_QueueDelete                          0x080025d9   Thumb Code   162  los_queue.o(i.LOS_QueueDelete)
    LOS_QueueRead                            0x08002689   Thumb Code   282  los_queue.o(i.LOS_QueueRead)
    LOS_QueueWrite                           0x080027b9   Thumb Code   296  los_queue.o(i.LOS_QueueWrite)
    LOS_Schedule                             0x080028f5   Thumb Code    56  los_hw.o(i.LOS_Schedule)
    LOS_SemCreate                            0x08002935   Thumb Code    98  los_sem.o(i.LOS_SemCreate)
    LOS_SemDelete                            0x080029a1   Thumb Code    82  los_sem.o(i.LOS_SemDelete)
    LOS_SemPend                              0x08002a01   Thumb Code   236  los_sem.o(i.LOS_SemPend)
    LOS_SemPost                              0x08002b01   Thumb Code   176  los_sem.o(i.LOS_SemPost)
    LOS_SetTickSycle                         0x08002bb9   Thumb Code     6  los_hw_tick.o(i.LOS_SetTickSycle)
    LOS_Start                                0x08002bc5   Thumb Code    12  los_config.o(i.LOS_Start)
    LOS_SwtmrCreate                          0x08002bd1   Thumb Code   130  los_swtmr.o(i.LOS_SwtmrCreate)
    LOS_SwtmrDelete                          0x08002c5d   Thumb Code   122  los_swtmr.o(i.LOS_SwtmrDelete)
    LOS_SwtmrStart                           0x08002ce1   Thumb Code   122  los_swtmr.o(i.LOS_SwtmrStart)
    LOS_SwtmrStop                            0x08002d65   Thumb Code   120  los_swtmr.o(i.LOS_SwtmrStop)
    LOS_TaskCreate                           0x08002de5   Thumb Code   140  los_task.o(i.LOS_TaskCreate)
    LOS_TaskCreateOnly                       0x08002e81   Thumb Code   368  los_task.o(i.LOS_TaskCreateOnly)
    LOS_TaskDelay                            0x08003005   Thumb Code   106  los_task.o(i.LOS_TaskDelay)
    LOS_TaskDelete                           0x08003085   Thumb Code   320  los_task.o(i.LOS_TaskDelete)
    LOS_TaskLock                             0x080031ed   Thumb Code    26  los_task.o(i.LOS_TaskLock)
    LOS_TaskResume                           0x0800320d   Thumb Code   158  los_task.o(i.LOS_TaskResume)
    LOS_TaskSuspend                          0x080032bd   Thumb Code   196  los_task.o(i.LOS_TaskSuspend)
    LOS_TaskUnlock                           0x080033a1   Thumb Code    54  los_task.o(i.LOS_TaskUnlock)
    LOS_TaskYield                            0x080033dd   Thumb Code   118  los_task.o(i.LOS_TaskYield)
    LOS_TickCountGet                         0x08003461   Thumb Code     6  los_sys.o(i.LOS_TickCountGet)
    LOS_TickHandler                          0x0800346d   Thumb Code    52  los_hw_tick.o(i.LOS_TickHandler)
    LosAdapIntInit                           0x080034a5   Thumb Code     2  los_bsp_adapter.o(i.LosAdapIntInit)
    SysTick_Handler                          0x080034a7   Thumb Code     8  los_bsp_adapter.o(i.SysTick_Handler)
    Timer1_Callback                          0x080034b1   Thumb Code    40  los_api_timer.o(i.Timer1_Callback)
    Timer2_Callback                          0x08003501   Thumb Code    48  los_api_timer.o(i.Timer2_Callback)
    __0printf$5                              0x08003559   Thumb Code    22  printf5.o(i.__0printf$5)
    __1printf$5                              0x08003559   Thumb Code     0  printf5.o(i.__0printf$5)
    __2printf                                0x08003559   Thumb Code     0  printf5.o(i.__0printf$5)
    __scatterload_copy                       0x08003579   Thumb Code    14  handlers.o(i.__scatterload_copy)
    __scatterload_null                       0x08003587   Thumb Code     2  handlers.o(i.__scatterload_null)
    __scatterload_zeroinit                   0x08003589   Thumb Code    14  handlers.o(i.__scatterload_zeroinit)
    fputc                                    0x08003859   Thumb Code    14  los_bsp_uart.o(i.fputc)
    free                                     0x08003869   Thumb Code    76  malloc.o(i.free)
    main                                     0x080038b9   Thumb Code    34  main.o(i.main)
    osHwiDefaultHandler                      0x080038db   Thumb Code     8  los_hwi.o(i.osHwiDefaultHandler)
    osHwiInit                                0x080038e5   Thumb Code    26  los_hwi.o(i.osHwiInit)
    osIdleTask                               0x08003909   Thumb Code     4  los_task.o(i.osIdleTask)
    osIdleTaskCreate                         0x0800390d   Thumb Code    54  los_task.o(i.osIdleTaskCreate)
    osIntNumGet                              0x08003959   Thumb Code    12  los_hwi.o(i.osIntNumGet)
    osMain                                   0x08003965   Thumb Code   108  los_config.o(i.osMain)
    osMemSystemInit                          0x08003ca9   Thumb Code    26  los_memory.o(i.osMemSystemInit)
    osMuxInit                                0x08003ccd   Thumb Code    74  los_mux.o(i.osMuxInit)
    osPriqueueInit                           0x08003d29   Thumb Code    64  los_priqueue.o(i.osPriqueueInit)
    osQueueCreate                            0x08003d71   Thumb Code   100  los_queue.o(i.osQueueCreate)
    osQueueInit                              0x08003de1   Thumb Code    44  los_queue.o(i.osQueueInit)
    osRegister                               0x08003ef9   Thumb Code    14  los_config.o(i.osRegister)
    osSchedule                               0x08003f15   Thumb Code     8  los_hw.o(i.osSchedule)
    osSemInit                                0x08003f1d   Thumb Code    70  los_sem.o(i.osSemInit)
    osSwTmrInit                              0x08003f75   Thumb Code   142  los_swtmr.o(i.osSwTmrInit)
    osSwTmrStart                             0x08004021   Thumb Code    92  los_swtmr.o(i.osSwTmrStart)
    osSwTmrTask                              0x08004081   Thumb Code    70  los_swtmr.o(i.osSwTmrTask)
    osSwTmrTaskCreate                        0x080040d1   Thumb Code    52  los_swtmr.o(i.osSwTmrTaskCreate)
    osSwtmrScan                              0x080041b9   Thumb Code    32  los_swtmr.o(i.osSwtmrScan)
    osSwtmrStop                              0x080041dd   Thumb Code    66  los_swtmr.o(i.osSwtmrStop)
    osTaskAdd2TimerList                      0x08004225   Thumb Code   188  los_task.o(i.osTaskAdd2TimerList)
    osTaskEntry                              0x080042e5   Thumb Code   154  los_task.o(i.osTaskEntry)
    osTaskExit                               0x08004389   Thumb Code     8  los_hw.o(i.osTaskExit)
    osTaskInit                               0x08004391   Thumb Code   258  los_task.o(i.osTaskInit)
    osTaskMemUsedDec                         0x080044b9   Thumb Code    40  los_memstat.o(i.osTaskMemUsedDec)
    osTaskMemUsedInc                         0x080044ed   Thumb Code    48  los_memstat.o(i.osTaskMemUsedInc)
    osTaskPriModify                          0x08004529   Thumb Code    56  los_task.o(i.osTaskPriModify)
    osTaskScan                               0x08004561   Thumb Code   214  los_task.o(i.osTaskScan)
    osTaskSelfDelete                         0x0800463d   Thumb Code   236  los_task.o(i.osTaskSelfDelete)
    osTickHandler                            0x08004739   Thumb Code    34  los_tick.o(i.osTickHandler)
    osTickStart                              0x08004761   Thumb Code    54  los_bsp_adapter.o(i.osTickStart)
    osTimerListDelete                        0x080047a1   Thumb Code    66  los_task.o(i.osTimerListDelete)
    osTimesliceCheck                         0x080047e9   Thumb Code    64  los_timeslice.o(i.osTimesliceCheck)
    osTimesliceInit                          0x08004835   Thumb Code    12  los_timeslice.o(i.osTimesliceInit)
    osTskStackInit                           0x08004845   Thumb Code   306  los_hw.o(i.osTskStackInit)
    recv_Entry                               0x08004985   Thumb Code   120  los_api_msgqueue.o(i.recv_Entry)
    send_Entry                               0x08004a51   Thumb Code    76  los_api_msgqueue.o(i.send_Entry)
    sys_clk_freq                             0x08004ac4   Data           4  los_bsp_adapter.o(.constdata)
    tick_per_second                          0x08004ac8   Data           4  los_bsp_adapter.o(.constdata)
    g_use_ram_vect                           0x08004acc   Data           1  los_bsp_adapter.o(.constdata)
    Region$$Table$$Base                      0x08004b14   Number         0  anon$$obj.o(Region$$Table)
    Region$$Table$$Limit                     0x08004b34   Number         0  anon$$obj.o(Region$$Table)
    g_pstLosPriorityQueueList                0x20000000   Data           4  los_priqueue.o(.data)
    m_uwSwTmrHandlerQueue                    0x20000004   Data           4  los_swtmr.o(.data)
    m_pstSwtmrCBArray                        0x20000008   Data           4  los_swtmr.o(.data)
    m_pstSwtmrFreeList                       0x2000000c   Data           4  los_swtmr.o(.data)
    m_pstSwtmrSortList                       0x20000010   Data           4  los_swtmr.o(.data)
    g_pstTaskCBArray                         0x20000014   Data           4  los_task.o(.data)
    g_stLosTask                              0x20000018   Data           8  los_task.o(.data)
    g_usLosTaskLock                          0x20000020   Data           2  los_task.o(.data)
    g_uwTskMaxNum                            0x20000024   Data           4  los_task.o(.data)
    g_uwIdleTaskID                           0x20000028   Data           4  los_task.o(.data)
    g_uwSwtmrTaskID                          0x2000002c   Data           4  los_task.o(.data)
    g_stTaskTimerList                        0x20000030   Data           8  los_task.o(.data)
    g_stLosFreeTask                          0x20000038   Data           8  los_task.o(.data)
    g_stTskRecyleList                        0x20000040   Data           8  los_task.o(.data)
    g_stTskSortLink                          0x20000048   Data           8  los_task.o(.data)
    g_bTaskScheduled                         0x20000050   Data           4  los_task.o(.data)
    g_pfnTskSwitchHook                       0x20000054   Data           4  los_task.o(.data)
    g_ullTickCount                           0x20000058   Data           8  los_tick.o(.data)
    g_uwTicksPerSec                          0x20000060   Data           4  los_tick.o(.data)
    g_uwCyclePerSec                          0x20000064   Data           4  los_tick.o(.data)
    g_stTaskTimeSlice                        0x20000068   Data           8  los_timeslice.o(.data)
    g_pstAllMux                              0x20000070   Data           4  los_mux.o(.data)
    g_stUnusedMuxList                        0x20000074   Data           8  los_mux.o(.data)
    g_pstAllQueue                            0x2000007c   Data           4  los_queue.o(.data)
    g_stUnusedSemList                        0x20000080   Data           8  los_sem.o(.data)
    g_pstAllSem                              0x20000088   Data           4  los_sem.o(.data)
    g_uwCyclesPerTick                        0x2000008c   Data           4  los_hw_tick.o(.data)
    g_vuwIntCount                            0x20000090   Data           4  los_hwi.o(.data)
    m_aucSysMem0                             0x20000094   Data           4  los_config.o(.data)
    g_sys_mem_addr_end                       0x20000098   Data           4  los_config.o(.data)
    g_TestTaskID                             0x200000a0   Data           4  los_api_event.o(.data)
    g_uweventTaskID                          0x200000a4   Data           4  los_api_event.o(.data)
    abuf                                     0x200000ac   Data          18  los_api_msgqueue.o(.data)
    g_Testmux01                              0x200000c0   Data           4  los_api_mutex.o(.data)
    g_TestTaskID01                           0x200000c4   Data           4  los_api_mutex.o(.data)
    g_TestTaskID02                           0x200000c8   Data           4  los_api_mutex.o(.data)
    g_uwTskHiID                              0x200000d8   Data           4  los_api_task.o(.data)
    g_uwTskLoID                              0x200000dc   Data           4  los_api_task.o(.data)
    g_timercount1                            0x200000e0   Data           4  los_api_timer.o(.data)
    g_timercount2                            0x200000e4   Data           4  los_api_timer.o(.data)
    __stdout                                 0x20000190   Data           4  stdout.o(.data)
    __microlib_freelist                      0x20000194   Data           4  mvars.o(.data)
    m_pstHwiForm                             0x20000198   Data        1024  los_hwi.o(.vector.bss)
    m_aucSwTmrHandlerPool                    0x20000598   Data         208  los_swtmr.o(.bss)
    g_ucMemStart                             0x20000668   Data       32768  los_memory.o(.bss)
    g_TskMemUsedInfo                         0x20008668   Data          64  los_memstat.o(.bss)
    example_event                            0x200086a8   Data          12  los_api_event.o(.bss)
    pBoxMem                                  0x200086b4   Data         600  los_api_static_mem.o(.bss)
    __initial_sp                             0x20008d10   Data           0  los_startup_keil.o(STACK)



==============================================================================

Memory Map of the image

  Image Entry point : 0x0800005d

  Load Region LR_IROM1 (Base: 0x08000000, Size: 0x000050cc, Max: 0x00080000, ABSOLUTE, COMPRESSED[0x00004bdc])

    Execution Region ER_IROM1 (Base: 0x08000000, Size: 0x00004b34, Max: 0x00080000, ABSOLUTE)

    Base Addr    Size         Type   Attr      Idx    E Section Name        Object

    0x08000000   0x0000005c   Code   RO         2189    RESET               los_startup_keil.o
    0x0800005c   0x00000000   Code   RO         2218  * .ARM.Collect$$$$00000000  mc_w.l(entry.o)
    0x0800005c   0x00000004   Code   RO         2524    .ARM.Collect$$$$00000001  mc_w.l(entry2.o)
    0x08000060   0x00000004   Code   RO         2527    .ARM.Collect$$$$00000004  mc_w.l(entry5.o)
    0x08000064   0x00000000   Code   RO         2529    .ARM.Collect$$$$00000008  mc_w.l(entry7b.o)
    0x08000064   0x00000000   Code   RO         2531    .ARM.Collect$$$$0000000A  mc_w.l(entry8b.o)
    0x08000064   0x00000008   Code   RO         2532    .ARM.Collect$$$$0000000B  mc_w.l(entry9a.o)
    0x0800006c   0x00000000   Code   RO         2534    .ARM.Collect$$$$0000000D  mc_w.l(entry10a.o)
    0x0800006c   0x00000000   Code   RO         2536    .ARM.Collect$$$$0000000F  mc_w.l(entry11a.o)
    0x0800006c   0x00000004   Code   RO         2525    .ARM.Collect$$$$00002712  mc_w.l(entry2.o)
    0x08000070   0x000000ec   Code   RO         1220    .text               los_dispatch_keil.o
    0x0800015c   0x00000062   Code   RO         2221    .text               mc_w.l(uldiv.o)
    0x080001be   0x00000024   Code   RO         2225    .text               mc_w.l(memseta.o)
    0x080001e2   0x0000001e   Code   RO         2541    .text               mc_w.l(llshl.o)
    0x08000200   0x00000020   Code   RO         2543    .text               mc_w.l(llushr.o)
    0x08000220   0x00000024   Code   RO         2556    .text               mc_w.l(init.o)
    0x08000244   0x00000056   Code   RO         2568    .text               mc_w.l(__dczerorl2.o)
    0x0800029a   0x00000002   PAD
    0x0800029c   0x00000110   Code   RO         1779    i.Example_Dyn_Mem   los_api_dynamic_mem.o
    0x080003ac   0x000000a8   Code   RO         1810    i.Example_Event     los_api_event.o
    0x08000454   0x000000d8   Code   RO         1991    i.Example_GetTick   los_api_systick.o
    0x0800052c   0x00000120   Code   RO         1883    i.Example_MsgQueue  los_api_msgqueue.o
    0x0800064c   0x00000144   Code   RO         1913    i.Example_MutexLock  los_api_mutex.o
    0x08000790   0x00000118   Code   RO         1914    i.Example_MutexTask1  los_api_mutex.o
    0x080008a8   0x000000e4   Code   RO         1915    i.Example_MutexTask2  los_api_mutex.o
    0x0800098c   0x000000e0   Code   RO         1943    i.Example_SemTask1  los_api_sem.o
    0x08000a6c   0x000000d8   Code   RO         1944    i.Example_SemTask2  los_api_sem.o
    0x08000b44   0x00000158   Code   RO         1945    i.Example_Semphore  los_api_sem.o
    0x08000c9c   0x00000154   Code   RO         1811    i.Example_SndRcvEvent  los_api_event.o
    0x08000df0   0x00000144   Code   RO         1973    i.Example_StaticMem  los_api_static_mem.o
    0x08000f34   0x00000114   Code   RO         2012    i.Example_TaskHi    los_api_task.o
    0x08001048   0x000000e4   Code   RO         2013    i.Example_TaskLo    los_api_task.o
    0x0800112c   0x0000017c   Code   RO         2014    i.Example_TskCaseEntry  los_api_task.o
    0x080012a8   0x00000194   Code   RO         1863    i.Example_list      los_api_list.o
    0x0800143c   0x00000108   Code   RO         2056    i.Example_swTimer   los_api_timer.o
    0x08001544   0x0000001c   Code   RO         1088    i.LOS_Align         los_misc.o
    0x08001560   0x00000006   Code   RO          248    i.LOS_CyclePerTickGet  los_sys.o
    0x08001566   0x0000001e   Code   RO         1056    i.LOS_DLnkInitMultiHead  los_multipledlinkhead.o
    0x08001584   0x0000002a   Code   RO         1057    i.LOS_DLnkMultiHead  los_multipledlinkhead.o
    0x080015ae   0x00000012   Code   RO         1224    i.LOS_EnableTick    los_config.o
    0x080015c0   0x00000006   Code   RO         1683    i.LOS_EvbGetKeyVal  los_bsp_key.o
    0x080015c6   0x00000002   Code   RO         1684    i.LOS_EvbKeyInit    los_bsp_key.o
    0x080015c8   0x00000002   Code   RO         1706    i.LOS_EvbLedControl  los_bsp_led.o
    0x080015ca   0x00000002   Code   RO         1707    i.LOS_EvbLedInit    los_bsp_led.o
    0x080015cc   0x00000010   Code   RO         1618    i.LOS_EvbSetup      los_bsp_adapter.o
    0x080015dc   0x00000002   Code   RO         1724    i.LOS_EvbUartInit   los_bsp_uart.o
    0x080015de   0x00000002   Code   RO         1727    i.LOS_EvbUartWriteByte  los_bsp_uart.o
    0x080015e0   0x00000028   Code   RO          572    i.LOS_EventClear    los_event.o
    0x08001608   0x0000001c   Code   RO          574    i.LOS_EventInit     los_event.o
    0x08001624   0x00000050   Code   RO          575    i.LOS_EventPoll     los_event.o
    0x08001674   0x0000015c   Code   RO          576    i.LOS_EventRead     los_event.o
    0x080017d0   0x000000f8   Code   RO          577    i.LOS_EventWrite    los_event.o
    0x080018c8   0x00000164   Code   RO         2150    i.LOS_InspectByID   los_inspect_entry.o
    0x08001a2c   0x00000060   Code   RO         2151    i.LOS_InspectStatusSetByID  los_inspect_entry.o
    0x08001a8c   0x00000048   Code   RO         2152    i.LOS_Inspect_Entry  los_inspect_entry.o
    0x08001ad4   0x00000064   Code   RO         2153    i.LOS_Inspect_KeyAndLed  los_inspect_entry.o
    0x08001b38   0x000000cc   Code   RO         2154    i.LOS_Inspect_TskDeal  los_inspect_entry.o
    0x08001c04   0x00000012   Code   RO         1225    i.LOS_KernelInit    los_config.o
    0x08001c16   0x0000000e   Code   RO          320    i.LOS_ListAdd       los_task.o
    0x08001c24   0x0000000e   Code   RO          620    i.LOS_ListAdd       los_mux.o
    0x08001c32   0x0000000e   Code   RO          694    i.LOS_ListAdd       los_queue.o
    0x08001c40   0x0000000e   Code   RO          799    i.LOS_ListAdd       los_sem.o
    0x08001c4e   0x0000000e   Code   RO          902    i.LOS_ListAdd       los_memory.o
    0x08001c5c   0x0000000e   Code   RO         1864    i.LOS_ListAdd       los_api_list.o
    0x08001c6a   0x00000014   Code   RO          321    i.LOS_ListDelete    los_task.o
    0x08001c7e   0x00000014   Code   RO          621    i.LOS_ListDelete    los_mux.o
    0x08001c92   0x00000014   Code   RO          800    i.LOS_ListDelete    los_sem.o
    0x08001ca6   0x00000014   Code   RO          903    i.LOS_ListDelete    los_memory.o
    0x08001cba   0x00000010   Code   RO          322    i.LOS_ListEmpty     los_task.o
    0x08001cca   0x00000010   Code   RO          622    i.LOS_ListEmpty     los_mux.o
    0x08001cda   0x00000010   Code   RO          695    i.LOS_ListEmpty     los_queue.o
    0x08001cea   0x00000010   Code   RO          801    i.LOS_ListEmpty     los_sem.o
    0x08001cfa   0x00000006   Code   RO          323    i.LOS_ListInit      los_task.o
    0x08001d00   0x00000006   Code   RO          623    i.LOS_ListInit      los_mux.o
    0x08001d06   0x00000006   Code   RO          696    i.LOS_ListInit      los_queue.o
    0x08001d0c   0x00000006   Code   RO          802    i.LOS_ListInit      los_sem.o
    0x08001d12   0x00000010   Code   RO          324    i.LOS_ListTailInsert  los_task.o
    0x08001d22   0x00000010   Code   RO          624    i.LOS_ListTailInsert  los_mux.o
    0x08001d32   0x00000010   Code   RO          803    i.LOS_ListTailInsert  los_sem.o
    0x08001d42   0x00000002   PAD
    0x08001d44   0x00000144   Code   RO         1058    i.LOS_Log2          los_multipledlinkhead.o
    0x08001e88   0x0000003a   Code   RO          904    i.LOS_MemAlloc      los_memory.o
    0x08001ec2   0x0000006c   Code   RO          905    i.LOS_MemAllocAlign  los_memory.o
    0x08001f2e   0x00000054   Code   RO          906    i.LOS_MemFree       los_memory.o
    0x08001f82   0x000000a6   Code   RO          907    i.LOS_MemInit       los_memory.o
    0x08002028   0x00000040   Code   RO          869    i.LOS_MemboxAlloc   los_membox.o
    0x08002068   0x0000001c   Code   RO          870    i.LOS_MemboxClr     los_membox.o
    0x08002084   0x000000a4   Code   RO          871    i.LOS_MemboxFree    los_membox.o
    0x08002128   0x00000080   Code   RO          872    i.LOS_MemboxInit    los_membox.o
    0x080021a8   0x00000064   Code   RO          625    i.LOS_MuxCreate     los_mux.o
    0x0800220c   0x00000068   Code   RO          626    i.LOS_MuxDelete     los_mux.o
    0x08002274   0x00000148   Code   RO          627    i.LOS_MuxPend       los_mux.o
    0x080023bc   0x00000100   Code   RO          628    i.LOS_MuxPost       los_mux.o
    0x080024bc   0x00000018   Code   RO            1    i.LOS_PriqueueDequeue  los_priqueue.o
    0x080024d4   0x00000024   Code   RO            2    i.LOS_PriqueueEnqueue  los_priqueue.o
    0x080024f8   0x00000028   Code   RO            3    i.LOS_PriqueueSize  los_priqueue.o
    0x08002520   0x0000003c   Code   RO            4    i.LOS_PriqueueTop   los_priqueue.o
    0x0800255c   0x0000007c   Code   RO          697    i.LOS_QueueCreate   los_queue.o
    0x080025d8   0x000000b0   Code   RO          698    i.LOS_QueueDelete   los_queue.o
    0x08002688   0x00000130   Code   RO          699    i.LOS_QueueRead     los_queue.o
    0x080027b8   0x0000013c   Code   RO          700    i.LOS_QueueWrite    los_queue.o
    0x080028f4   0x00000040   Code   RO         1106    i.LOS_Schedule      los_hw.o
    0x08002934   0x0000006c   Code   RO          804    i.LOS_SemCreate     los_sem.o
    0x080029a0   0x00000060   Code   RO          805    i.LOS_SemDelete     los_sem.o
    0x08002a00   0x00000100   Code   RO          806    i.LOS_SemPend       los_sem.o
    0x08002b00   0x000000b8   Code   RO          807    i.LOS_SemPost       los_sem.o
    0x08002bb8   0x0000000c   Code   RO         1137    i.LOS_SetTickSycle  los_hw_tick.o
    0x08002bc4   0x0000000c   Code   RO         1226    i.LOS_Start         los_config.o
    0x08002bd0   0x0000008c   Code   RO          111    i.LOS_SwtmrCreate   los_swtmr.o
    0x08002c5c   0x00000084   Code   RO          112    i.LOS_SwtmrDelete   los_swtmr.o
    0x08002ce0   0x00000084   Code   RO          113    i.LOS_SwtmrStart    los_swtmr.o
    0x08002d64   0x00000080   Code   RO          114    i.LOS_SwtmrStop     los_swtmr.o
    0x08002de4   0x0000009c   Code   RO          325    i.LOS_TaskCreate    los_task.o
    0x08002e80   0x00000184   Code   RO          326    i.LOS_TaskCreateOnly  los_task.o
    0x08003004   0x00000080   Code   RO          327    i.LOS_TaskDelay     los_task.o
    0x08003084   0x00000168   Code   RO          328    i.LOS_TaskDelete    los_task.o
    0x080031ec   0x00000020   Code   RO          329    i.LOS_TaskLock      los_task.o
    0x0800320c   0x000000b0   Code   RO          332    i.LOS_TaskResume    los_task.o
    0x080032bc   0x000000e4   Code   RO          333    i.LOS_TaskSuspend   los_task.o
    0x080033a0   0x0000003c   Code   RO          334    i.LOS_TaskUnlock    los_task.o
    0x080033dc   0x00000084   Code   RO          335    i.LOS_TaskYield     los_task.o
    0x08003460   0x0000000c   Code   RO          252    i.LOS_TickCountGet  los_sys.o
    0x0800346c   0x00000038   Code   RO         1138    i.LOS_TickHandler   los_hw_tick.o
    0x080034a4   0x00000002   Code   RO         1620    i.LosAdapIntInit    los_bsp_adapter.o
    0x080034a6   0x00000008   Code   RO         1623    i.SysTick_Handler   los_bsp_adapter.o
    0x080034ae   0x00000002   PAD
    0x080034b0   0x00000050   Code   RO         2057    i.Timer1_Callback   los_api_timer.o
    0x08003500   0x00000058   Code   RO         2058    i.Timer2_Callback   los_api_timer.o
    0x08003558   0x00000020   Code   RO         2362    i.__0printf$5       mc_w.l(printf5.o)
    0x08003578   0x0000000e   Code   RO         2562    i.__scatterload_copy  mc_w.l(handlers.o)
    0x08003586   0x00000002   Code   RO         2563    i.__scatterload_null  mc_w.l(handlers.o)
    0x08003588   0x0000000e   Code   RO         2564    i.__scatterload_zeroinit  mc_w.l(handlers.o)
    0x08003596   0x00000002   PAD
    0x08003598   0x000002c0   Code   RO         2369    i._printf_core      mc_w.l(printf5.o)
    0x08003858   0x0000000e   Code   RO         1729    i.fputc             los_bsp_uart.o
    0x08003866   0x00000002   PAD
    0x08003868   0x00000050   Code   RO         2490    i.free              mc_w.l(malloc.o)
    0x080038b8   0x00000022   Code   RO         2194    i.main              main.o
    0x080038da   0x00000008   Code   RO         1166    i.osHwiDefaultHandler  los_hwi.o
    0x080038e2   0x00000002   PAD
    0x080038e4   0x00000024   Code   RO         1167    i.osHwiInit         los_hwi.o
    0x08003908   0x00000004   Code   RO          336    i.osIdleTask        los_task.o
    0x0800390c   0x0000004c   Code   RO          337    i.osIdleTaskCreate  los_task.o
    0x08003958   0x0000000c   Code   RO         1168    i.osIntNumGet       los_hwi.o
    0x08003964   0x00000070   Code   RO         1229    i.osMain            los_config.o
    0x080039d4   0x0000005c   Code   RO          909    i.osMemAllocWithCheck  los_memory.o
    0x08003a30   0x00000098   Code   RO          910    i.osMemCheckUsedNode  los_memory.o
    0x08003ac8   0x00000050   Code   RO          911    i.osMemFindSuitableFreeBlock  los_memory.o
    0x08003b18   0x000000b2   Code   RO          912    i.osMemFreeNode     los_memory.o
    0x08003bca   0x0000003e   Code   RO          913    i.osMemIsNodeValid  los_memory.o
    0x08003c08   0x00000024   Code   RO          914    i.osMemMergeNode    los_memory.o
    0x08003c2c   0x00000020   Code   RO          915    i.osMemSetMagicNumAndTaskid  los_memory.o
    0x08003c4c   0x0000005c   Code   RO          916    i.osMemSpitNode     los_memory.o
    0x08003ca8   0x00000024   Code   RO          917    i.osMemSystemInit   los_memory.o
    0x08003ccc   0x0000005c   Code   RO          629    i.osMuxInit         los_mux.o
    0x08003d28   0x00000048   Code   RO            6    i.osPriqueueInit    los_priqueue.o
    0x08003d70   0x00000070   Code   RO          701    i.osQueueCreate     los_queue.o
    0x08003de0   0x00000038   Code   RO          702    i.osQueueInit       los_queue.o
    0x08003e18   0x00000084   Code   RO          705    i.osQueuePend       los_queue.o
    0x08003e9c   0x0000005a   Code   RO          706    i.osQueueWakeUp     los_queue.o
    0x08003ef6   0x00000002   PAD
    0x08003ef8   0x0000001c   Code   RO         1230    i.osRegister        los_config.o
    0x08003f14   0x00000008   Code   RO         1107    i.osSchedule        los_hw.o
    0x08003f1c   0x00000058   Code   RO          808    i.osSemInit         los_sem.o
    0x08003f74   0x000000ac   Code   RO          117    i.osSwTmrInit       los_swtmr.o
    0x08004020   0x00000060   Code   RO          118    i.osSwTmrStart      los_swtmr.o
    0x08004080   0x00000050   Code   RO          119    i.osSwTmrTask       los_swtmr.o
    0x080040d0   0x00000048   Code   RO          120    i.osSwTmrTaskCreate  los_swtmr.o
    0x08004118   0x0000008c   Code   RO          121    i.osSwTmrTimeoutHandle  los_swtmr.o
    0x080041a4   0x00000014   Code   RO          122    i.osSwtmrDelete     los_swtmr.o
    0x080041b8   0x00000024   Code   RO          123    i.osSwtmrScan       los_swtmr.o
    0x080041dc   0x00000048   Code   RO          124    i.osSwtmrStop       los_swtmr.o
    0x08004224   0x000000c0   Code   RO          338    i.osTaskAdd2TimerList  los_task.o
    0x080042e4   0x000000a4   Code   RO          339    i.osTaskEntry       los_task.o
    0x08004388   0x00000008   Code   RO         1108    i.osTaskExit        los_hw.o
    0x08004390   0x00000128   Code   RO          340    i.osTaskInit        los_task.o
    0x080044b8   0x00000034   Code   RO         1027    i.osTaskMemUsedDec  los_memstat.o
    0x080044ec   0x0000003c   Code   RO         1028    i.osTaskMemUsedInc  los_memstat.o
    0x08004528   0x00000038   Code   RO          341    i.osTaskPriModify   los_task.o
    0x08004560   0x000000dc   Code   RO          342    i.osTaskScan        los_task.o
    0x0800463c   0x000000fc   Code   RO          343    i.osTaskSelfDelete  los_task.o
    0x08004738   0x00000028   Code   RO          520    i.osTickHandler     los_tick.o
    0x08004760   0x00000040   Code   RO         1624    i.osTickStart       los_bsp_adapter.o
    0x080047a0   0x00000048   Code   RO          344    i.osTimerListDelete  los_task.o
    0x080047e8   0x0000004c   Code   RO          548    i.osTimesliceCheck  los_timeslice.o
    0x08004834   0x00000010   Code   RO          549    i.osTimesliceInit   los_timeslice.o
    0x08004844   0x00000140   Code   RO         1109    i.osTskStackInit    los_hw.o
    0x08004984   0x000000cc   Code   RO         1884    i.recv_Entry        los_api_msgqueue.o
    0x08004a50   0x00000074   Code   RO         1885    i.send_Entry        los_api_msgqueue.o
    0x08004ac4   0x00000009   Data   RO         1625    .constdata          los_bsp_adapter.o
    0x08004acd   0x00000003   PAD
    0x08004ad0   0x00000042   Data   RO         1946    .conststring        los_api_sem.o
    0x08004b12   0x00000002   PAD
    0x08004b14   0x00000020   Data   RO         2560    Region$$Table       anon$$obj.o


    Execution Region RW_IRAM1 (Base: 0x20000000, Size: 0x00008d10, Max: 0x00020000, ABSOLUTE, COMPRESSED[0x000000a8])

    Base Addr    Size         Type   Attr      Idx    E Section Name        Object

    0x20000000   0x00000004   Data   RW            7    .data               los_priqueue.o
    0x20000004   0x00000010   Data   RW          126    .data               los_swtmr.o
    0x20000014   0x00000044   Data   RW          345    .data               los_task.o
    0x20000058   0x00000010   Data   RW          521    .data               los_tick.o
    0x20000068   0x00000008   Data   RW          550    .data               los_timeslice.o
    0x20000070   0x0000000c   Data   RW          630    .data               los_mux.o
    0x2000007c   0x00000004   Data   RW          707    .data               los_queue.o
    0x20000080   0x0000000c   Data   RW          809    .data               los_sem.o
    0x2000008c   0x00000004   Data   RW         1139    .data               los_hw_tick.o
    0x20000090   0x00000004   Data   RW         1171    .data               los_hwi.o
    0x20000094   0x00000008   Data   RW         1231    .data               los_config.o
    0x2000009c   0x00000004   Data   RW         1626    .data               los_bsp_adapter.o
    0x200000a0   0x00000008   Data   RW         1813    .data               los_api_event.o
    0x200000a8   0x00000016   Data   RW         1886    .data               los_api_msgqueue.o
    0x200000be   0x00000002   PAD
    0x200000c0   0x0000000c   Data   RW         1916    .data               los_api_mutex.o
    0x200000cc   0x0000000c   Data   RW         1947    .data               los_api_sem.o
    0x200000d8   0x00000008   Data   RW         2015    .data               los_api_task.o
    0x200000e0   0x00000008   Data   RW         2059    .data               los_api_timer.o
    0x200000e8   0x000000a8   Data   RW         2155    .data               los_inspect_entry.o
    0x20000190   0x00000004   Data   RW         2538    .data               mc_w.l(stdout.o)
    0x20000194   0x00000004   Data   RW         2545    .data               mc_w.l(mvars.o)
    0x20000198   0x00000400   Data   RW         1172    .vector.bss         los_hwi.o
    0x20000598   0x000000d0   Zero   RW          125    .bss                los_swtmr.o
    0x20000668   0x00008000   Zero   RW          918    .bss                los_memory.o
    0x20008668   0x00000040   Zero   RW         1029    .bss                los_memstat.o
    0x200086a8   0x0000000c   Zero   RW         1812    .bss                los_api_event.o
    0x200086b4   0x00000258   Zero   RW         1974    .bss                los_api_static_mem.o
    0x2000890c   0x00000004   PAD
    0x20008910   0x00000400   Zero   RW         2187    STACK               los_startup_keil.o


==============================================================================

Image component sizes


      Code (inc. data)   RO Data    RW Data    ZI Data      Debug   Object Name

         0          0          0          0          0       7216   cmsis_liteos.o
       272        138          0          0          0       2134   los_api_dynamic_mem.o
       508        284          0          8         12       1759   los_api_event.o
       418        172          0          0          0       1687   los_api_list.o
       608        282          0         22          0       3444   los_api_msgqueue.o
       832        492          0         12          0       2450   los_api_mutex.o
       784        440         66         12          0       2321   los_api_sem.o
       324        180          0          0        600       1602   los_api_static_mem.o
       216         90          0          0          0        798   los_api_systick.o
       884        542          0          8          0       2479   los_api_task.o
       432        196          0          8          0       2248   los_api_timer.o
        90         10          9          4          0       2790   los_bsp_adapter.o
         8          0          0          0          0       1188   los_bsp_key.o
         4          0          0          0          0       1153   los_bsp_led.o
        18          0          0          0          0       3565   los_bsp_uart.o
       188         18          0          8          0       3952   los_config.o
       236         24          0          0          0        440   los_dispatch_keil.o
       744         32          0          0          0       5342   los_event.o
       400         22          0          0          0       3158   los_hw.o
        68         10          0          4          0       1469   los_hw_tick.o
        56         10          0       1028          0       5266   los_hwi.o
       828        352          0        168          0       4927   los_inspect_entry.o
       384         10          0          0          0       4720   los_membox.o
      1210         14          0          0      32768      16188   los_memory.o
       112         24          0          0         64       2073   los_memstat.o
        28          0          0          0          0        652   los_misc.o
       396          4          0          0          0       5268   los_multipledlinkhead.o
       952         80          0         12          0      10808   los_mux.o
       232         22          0          4          0      15450   los_priqueue.o
      1346         86          0          4          0      19555   los_queue.o
       804         70          0         12          0       8480   los_sem.o
        92         74          0          0       1024        340   los_startup_keil.o
      1220        128          0         16        208      21978   los_swtmr.o
        18          6          0          0          0       1093   los_sys.o
      3064        276          0         68          0      29369   los_task.o
        40          6          0         16          0        913   los_tick.o
        92         16          0          8          0       1389   los_timeslice.o
        34          0          0          0          0        603   main.o

    ----------------------------------------------------------------------
     17952       4110        112       1424      34680     200267   Object Totals
         0          0         32          0          0          0   (incl. Generated)
        10          0          5          2          4          0   (incl. Padding)

    ----------------------------------------------------------------------

      Code (inc. data)   RO Data    RW Data    ZI Data      Debug   Library Member Name

        86          0          0          0          0          0   __dczerorl2.o
         0          0          0          0          0          0   entry.o
         0          0          0          0          0          0   entry10a.o
         0          0          0          0          0          0   entry11a.o
         8          4          0          0          0          0   entry2.o
         4          0          0          0          0          0   entry5.o
         0          0          0          0          0          0   entry7b.o
         0          0          0          0          0          0   entry8b.o
         8          4          0          0          0          0   entry9a.o
        30          0          0          0          0          0   handlers.o
        36          8          0          0          0         68   init.o
        30          0          0          0          0         68   llshl.o
        32          0          0          0          0         68   llushr.o
        80          4          0          0          0         76   malloc.o
        36          0          0          0          0        108   memseta.o
         0          0          0          4          0          0   mvars.o
       736         56          0          0          0        184   printf5.o
         0          0          0          4          0          0   stdout.o
        98          0          0          0          0         92   uldiv.o

    ----------------------------------------------------------------------
      1188         76          0          8          0        664   Library Totals
         4          0          0          0          0          0   (incl. Padding)

    ----------------------------------------------------------------------

      Code (inc. data)   RO Data    RW Data    ZI Data      Debug   Library Name

      1184         76          0          8          0        664   mc_w.l

    ----------------------------------------------------------------------
      1188         76          0          8          0        664   Library Totals

    ----------------------------------------------------------------------

==============================================================================


      Code (inc. data)   RO Data    RW Data    ZI Data      Debug   

     19140       4186        112       1432      34680     185655   Grand Totals
     19140       4186        112        168      34680     185655   ELF Image Totals (compressed)
     19140       4186        112        168          0          0   ROM Totals

==============================================================================

    Total RO  Size (Code + RO Data)                19252 (  18.80kB)
    Total RW  Size (RW Data + ZI Data)             36112 (  35.27kB)
    Total ROM Size (Code + RO Data + RW Data)      19420 (  18.96kB)

==============================================================================

