


ARM Macro Assembler    Page 1 


    1 00000000         ;-------------------------------------------------------
                       ---------------------
    2 00000000         ; Copyright (c) <2013-2015>, <Huawei Technologies Co., L
                       td>
    3 00000000         ; All rights reserved.
    4 00000000         ; Redistribution and use in source and binary forms, wit
                       h or without modification,
    5 00000000         ; are permitted provided that the following conditions a
                       re met:
    6 00000000         ; 1. Redistributions of source code must retain the abov
                       e copyright notice, this list of
    7 00000000         ; conditions and the following disclaimer.
    8 00000000         ; 2. Redistributions in binary form must reproduce the a
                       bove copyright notice, this list
    9 00000000         ; of conditions and the following disclaimer in the docu
                       mentation and/or other materials
   10 00000000         ; provided with the distribution.
   11 00000000         ; 3. Neither the name of the copyright holder nor the na
                       mes of its contributors may be used
   12 00000000         ; to endorse or promote products derived from this softw
                       are without specific prior written
   13 00000000         ; permission.
   14 00000000         ; THIS SOFTWARE IS PROVIDED BY THE COPYRIGHT HOLDERS AND
                        CONTRIBUTORS
   15 00000000         ; "AS IS" AND ANY EXPRESS OR IMPLIED WARRANTIES, INCLUDI
                       NG, BUT NOT LIMITED TO,
   16 00000000         ; THE IMPLIED WARRANTIES OF MERCHANTABILITY AND FITNESS 
                       FOR A PARTICULAR
   17 00000000         ; PURPOSE ARE DISCLAIMED. IN NO EVENT SHALL THE COPYRIGH
                       T HOLDER OR
   18 00000000         ; CONTRIBUTORS BE LIABLE FOR ANY DIRECT, INDIRECT, INCID
                       ENTAL, SPECIAL,
   19 00000000         ; EXEMPLARY, OR CONSEQUENTIAL DAMAGES (INCLUDING, BUT NO
                       T LIMITED TO,
   20 00000000         ; PROCUREMENT OF SUBSTITUTE GOODS OR SERVICES; LOSS OF U
                       SE, DATA, OR PROFITS;
   21 00000000         ; OR BUSINESS INTERRUPTION) HOWEVER CAUSED AND ON ANY TH
                       EORY OF LIABILITY,
   22 00000000         ; WHETHER IN CONTRACT, STRICT LIABILITY, OR TORT (INCLUD
                       ING NEGLIGENCE OR
   23 00000000         ; OTHERWISE) ARISING IN ANY WAY OUT OF THE USE OF THIS S
                       OFTWARE, EVEN IF
   24 00000000         ; ADVISED OF THE POSSIBILITY OF SUCH DAMAGE.
   25 00000000         ;-------------------------------------------------------
                       --------------------*/
   26 00000000         ;-------------------------------------------------------
                       ---------------------
   27 00000000         ; Notice of Export Control Law
   28 00000000         ; ===============================================
   29 00000000         ; Huawei LiteOS may be subject to applicable export cont
                       rol laws and regulations, which might
   30 00000000         ; include those applicable to Huawei LiteOS of U.S. and 
                       the country in which you are located.
   31 00000000         ; Import, export and usage of Huawei LiteOS in any manne
                       r by you shall be in compliance with such
   32 00000000         ; applicable export control laws and regulations.
   33 00000000         ;-------------------------------------------------------
                       --------------------*/
   34 00000000         



ARM Macro Assembler    Page 2 


   35 00000000                 PRESERVE8
   36 00000000         
   37 00000000                 EXPORT           LOS_IntLock
   38 00000000                 EXPORT           LOS_IntUnLock
   39 00000000                 EXPORT           LOS_IntRestore
   40 00000000                 EXPORT           LOS_StartToRun
   41 00000000                 EXPORT           osTaskSchedule
   42 00000000                 EXPORT           PendSV_Handler
   43 00000000                 EXPORT           LOS_IntNumGet
   44 00000000                 EXPORT           osDisableIRQ
   45 00000000         
   46 00000000                 IMPORT           g_stLosTask
   47 00000000                 IMPORT           g_pfnTskSwitchHook
   48 00000000                 IMPORT           g_bTaskScheduled
   49 00000000         
   50 00000000 E000ED04 
                       OS_NVIC_INT_CTRL
                               EQU              0xE000ED04
   51 00000000 E000ED20 
                       OS_NVIC_SYSPRI2
                               EQU              0xE000ED20
   52 00000000 F0F00000 
                       OS_NVIC_PENDSV_PRI
                               EQU              0xF0F00000
   53 00000000 10000000 
                       OS_NVIC_PENDSVSET
                               EQU              0x10000000
   54 00000000 00000010 
                       OS_TASK_STATUS_RUNNING
                               EQU              0x0010
   55 00000000         
   56 00000000                 AREA             |.text|, CODE, READONLY
   57 00000000                 THUMB
   58 00000000         
   59 00000000         LOS_StartToRun
   60 00000000 4C10            LDR              R4, =OS_NVIC_SYSPRI2
   61 00000002 4D11            LDR              R5, =OS_NVIC_PENDSV_PRI
   62 00000004 6025            STR              R5, [R4]
   63 00000006         
   64 00000006 4811            LDR              R0, =g_bTaskScheduled
   65 00000008 2101            MOVS             R1, #1
   66 0000000A 6001            STR              R1, [R0]
   67 0000000C         
   68 0000000C 2002            MOVS             R0, #2
   69 0000000E F380 8814       MSR              CONTROL, R0
   70 00000012         
   71 00000012         
   72 00000012 480F            LDR              R0, =g_stLosTask
   73 00000014 6842            LDR              R2, [R0, #4]
   74 00000016 480E            LDR              R0, =g_stLosTask
   75 00000018 6002            STR              R2, [R0]
   76 0000001A         
   77 0000001A 4B0D            LDR              R3, =g_stLosTask
   78 0000001C 6818            LDR              R0, [R3]
   79 0000001E 8887            LDRH             R7, [R0 , #4]
   80 00000020 2610            MOVS             R6,  #OS_TASK_STATUS_RUNNING
   81 00000022 4337            ORRS             R7,  R7,R6
   82 00000024 8087            STRH             R7,  [R0 , #4]
   83 00000026         



ARM Macro Assembler    Page 3 


   84 00000026 6803            LDR              R3, [R0]
   85 00000028 3324            ADDS             R3, R3, #36
   86 0000002A         
   87 0000002A CB07            LDMFD            R3!, {R0-R2}
   88 0000002C 1D1B            ADDS             R3,R3,#4
   89 0000002E CBF0            LDMFD            R3!,{R4-R7}
   90 00000030 F383 8809       MSR              PSP, R3
   91 00000034 3B14            SUBS             R3,R3,#20
   92 00000036 681B            LDR              R3,[R3]
   93 00000038         
   94 00000038 46AE            MOV              LR, R5
   95 0000003A F387 8803       MSR              xPSR, R7
   96 0000003E         
   97 0000003E B662            CPSIE            I
   98 00000040 4730            BX               R6
   99 00000042 BF00            NOP
  100 00000044                 ALIGN
  101 00000044 E000ED20 
              F0F00000 
              00000000 
              00000000         AREA             KERNEL, CODE, READONLY
  102 00000000                 THUMB
  103 00000000         
  104 00000000         LOS_IntNumGet
  105 00000000 F3EF 8005       MRS              R0, IPSR
  106 00000004 4770            BX               LR
  107 00000006         
  108 00000006         osDisableIRQ
  109 00000006 B672            CPSID            I
  110 00000008 4770            BX               LR
  111 0000000A         
  112 0000000A         LOS_IntLock
  113 0000000A F3EF 8010       MRS              R0, PRIMASK
  114 0000000E B672            CPSID            I
  115 00000010 4770            BX               LR
  116 00000012         
  117 00000012         LOS_IntUnLock
  118 00000012 F3EF 8010       MRS              R0, PRIMASK
  119 00000016 B662            CPSIE            I
  120 00000018 4770            BX               LR
  121 0000001A         
  122 0000001A         LOS_IntRestore
  123 0000001A F380 8810       MSR              PRIMASK, R0
  124 0000001E 4770            BX               LR
  125 00000020         
  126 00000020         osTaskSchedule
  127 00000020 4818            LDR              R0, =OS_NVIC_INT_CTRL
  128 00000022 4919            LDR              R1, =OS_NVIC_PENDSVSET
  129 00000024 6001            STR              R1, [R0]
  130 00000026 4770            BX               LR
  131 00000028         
  132 00000028         PendSV_Handler
  133 00000028 F3EF 8C10       MRS              R12, PRIMASK
  134 0000002C B672            CPSID            I
  135 0000002E         
  136 0000002E         ;LDR     R2, =g_pfnTskSwitchHook
  137 0000002E         ;LDR     R2, [R2]
  138 0000002E         ;CBZ     R2, TaskSwitch
  139 0000002E         ;PUSH    {LR}



ARM Macro Assembler    Page 4 


  140 0000002E         ;BLX     R2
  141 0000002E         ;POP     {LR}
  142 0000002E         
  143 0000002E         TaskSwitch
  144 0000002E F3EF 8009       MRS              R0, PSP
  145 00000032         
  146 00000032 3824            SUBS             R0, #36
  147 00000034 C0F0            STMIA            R0!, {R4-R7}
  148 00000036 4643            MOV              R3,  R8
  149 00000038 464C            MOV              R4,  R9
  150 0000003A 4655            MOV              R5,  R10
  151 0000003C 465E            MOV              R6,  R11
  152 0000003E 4667            MOV              R7,  R12
  153 00000040 C0F8            STMIA            R0!,{R3-R7}
  154 00000042         
  155 00000042 3824            SUBS             R0,#36
  156 00000044         
  157 00000044 4D11            LDR              R5, =g_stLosTask
  158 00000046 682E            LDR              R6, [R5]
  159 00000048 6030            STR              R0, [R6]
  160 0000004A         
  161 0000004A 88B7            LDRH             R7, [R6 , #4]
  162 0000004C 2310            MOVS             R3,#OS_TASK_STATUS_RUNNING
  163 0000004E 439F            BICS             R7, R7, R3
  164 00000050 80B7            STRH             R7, [R6 , #4]
  165 00000052         
  166 00000052         
  167 00000052 480E            LDR              R0, =g_stLosTask
  168 00000054 6840            LDR              R0, [R0, #4]
  169 00000056 6028            STR              R0, [R5]
  170 00000058         
  171 00000058         
  172 00000058 8887            LDRH             R7, [R0 , #4]
  173 0000005A 2310            MOVS             R3,  #OS_TASK_STATUS_RUNNING
  174 0000005C 431F            ORRS             R7, R7,R3
  175 0000005E 8087            STRH             R7,  [R0 , #4]
  176 00000060         
  177 00000060 6801            LDR              R1,   [R0]
  178 00000062 3110            ADDS             R1,   #16
  179 00000064 C9F8            LDMFD            R1!,  {R3-R7}
  180 00000066 4698            MOV              R8,   R3
  181 00000068 46A1            MOV              R9,   R4
  182 0000006A 46AA            MOV              R10,  R5
  183 0000006C 46B3            MOV              R11,  R6
  184 0000006E 46BC            MOV              R12,  R7
  185 00000070 3924            SUBS             R1,   #36
  186 00000072 C9F0            LDMFD            R1!, {R4-R7}
  187 00000074         
  188 00000074 3114            ADDS             R1,   #20
  189 00000076 F381 8809       MSR              PSP,  R1
  190 0000007A         
  191 0000007A F38C 8810       MSR              PRIMASK, R12
  192 0000007E 4770            BX               LR
  193 00000080         
  194 00000080 BF00            NOP
  195 00000082 00 00           ALIGN
  196 00000084                 END
              E000ED04 
              10000000 



ARM Macro Assembler    Page 5 


              00000000 
Command Line: --debug --xref --diag_suppress=9931 --cpu=Cortex-M0 --apcs=interw
ork --depend=.\objects\los_dispatch_keil.d -o.\objects\los_dispatch_keil.o -I.\
RTE\_LiteOS -Id:\Keil_v5\ARM\PACK\ARM\CMSIS\5.0.1\CMSIS\Include -Id:\Keil_v5\AR
M\PACK\Nuvoton\NuMicro_DFP\1.0.9\Device\NANO100BN\Include --predefine="__MICROL
IB SETA 1" --predefine="__UVISION_VERSION SETA 523" --predefine="_RTE_ SETA 1" 
--list=.\listings\los_dispatch_keil.lst ..\..\kernel\cpu\arm\cortex-m0\los_disp
atch_keil.s



ARM Macro Assembler    Page 1 Alphabetic symbol ordering
Relocatable symbols

.text 00000000

Symbol: .text
   Definitions
      At line 56 in file ..\..\kernel\cpu\arm\cortex-m0\los_dispatch_keil.s
   Uses
      None
Comment: .text unused
LOS_StartToRun 00000000

Symbol: LOS_StartToRun
   Definitions
      At line 59 in file ..\..\kernel\cpu\arm\cortex-m0\los_dispatch_keil.s
   Uses
      At line 40 in file ..\..\kernel\cpu\arm\cortex-m0\los_dispatch_keil.s
Comment: LOS_StartToRun used once
2 symbols



ARM Macro Assembler    Page 1 Alphabetic symbol ordering
Relocatable symbols

KERNEL 00000000

Symbol: KERNEL
   Definitions
      At line 101 in file ..\..\kernel\cpu\arm\cortex-m0\los_dispatch_keil.s
   Uses
      None
Comment: KERNEL unused
LOS_IntLock 0000000A

Symbol: LOS_IntLock
   Definitions
      At line 112 in file ..\..\kernel\cpu\arm\cortex-m0\los_dispatch_keil.s
   Uses
      At line 37 in file ..\..\kernel\cpu\arm\cortex-m0\los_dispatch_keil.s
Comment: LOS_IntLock used once
LOS_IntNumGet 00000000

Symbol: LOS_IntNumGet
   Definitions
      At line 104 in file ..\..\kernel\cpu\arm\cortex-m0\los_dispatch_keil.s
   Uses
      At line 43 in file ..\..\kernel\cpu\arm\cortex-m0\los_dispatch_keil.s
Comment: LOS_IntNumGet used once
LOS_IntRestore 0000001A

Symbol: LOS_IntRestore
   Definitions
      At line 122 in file ..\..\kernel\cpu\arm\cortex-m0\los_dispatch_keil.s
   Uses
      At line 39 in file ..\..\kernel\cpu\arm\cortex-m0\los_dispatch_keil.s
Comment: LOS_IntRestore used once
LOS_IntUnLock 00000012

Symbol: LOS_IntUnLock
   Definitions
      At line 117 in file ..\..\kernel\cpu\arm\cortex-m0\los_dispatch_keil.s
   Uses
      At line 38 in file ..\..\kernel\cpu\arm\cortex-m0\los_dispatch_keil.s
Comment: LOS_IntUnLock used once
PendSV_Handler 00000028

Symbol: PendSV_Handler
   Definitions
      At line 132 in file ..\..\kernel\cpu\arm\cortex-m0\los_dispatch_keil.s
   Uses
      At line 42 in file ..\..\kernel\cpu\arm\cortex-m0\los_dispatch_keil.s
Comment: PendSV_Handler used once
TaskSwitch 0000002E

Symbol: TaskSwitch
   Definitions
      At line 143 in file ..\..\kernel\cpu\arm\cortex-m0\los_dispatch_keil.s
   Uses
      None
Comment: TaskSwitch unused
osDisableIRQ 00000006

Symbol: osDisableIRQ



ARM Macro Assembler    Page 2 Alphabetic symbol ordering
Relocatable symbols

   Definitions
      At line 108 in file ..\..\kernel\cpu\arm\cortex-m0\los_dispatch_keil.s
   Uses
      At line 44 in file ..\..\kernel\cpu\arm\cortex-m0\los_dispatch_keil.s
Comment: osDisableIRQ used once
osTaskSchedule 00000020

Symbol: osTaskSchedule
   Definitions
      At line 126 in file ..\..\kernel\cpu\arm\cortex-m0\los_dispatch_keil.s
   Uses
      At line 41 in file ..\..\kernel\cpu\arm\cortex-m0\los_dispatch_keil.s
Comment: osTaskSchedule used once
9 symbols



ARM Macro Assembler    Page 1 Alphabetic symbol ordering
Absolute symbols

OS_NVIC_INT_CTRL E000ED04

Symbol: OS_NVIC_INT_CTRL
   Definitions
      At line 50 in file ..\..\kernel\cpu\arm\cortex-m0\los_dispatch_keil.s
   Uses
      At line 127 in file ..\..\kernel\cpu\arm\cortex-m0\los_dispatch_keil.s
Comment: OS_NVIC_INT_CTRL used once
OS_NVIC_PENDSVSET 10000000

Symbol: OS_NVIC_PENDSVSET
   Definitions
      At line 53 in file ..\..\kernel\cpu\arm\cortex-m0\los_dispatch_keil.s
   Uses
      At line 128 in file ..\..\kernel\cpu\arm\cortex-m0\los_dispatch_keil.s
Comment: OS_NVIC_PENDSVSET used once
OS_NVIC_PENDSV_PRI F0F00000

Symbol: OS_NVIC_PENDSV_PRI
   Definitions
      At line 52 in file ..\..\kernel\cpu\arm\cortex-m0\los_dispatch_keil.s
   Uses
      At line 61 in file ..\..\kernel\cpu\arm\cortex-m0\los_dispatch_keil.s
Comment: OS_NVIC_PENDSV_PRI used once
OS_NVIC_SYSPRI2 E000ED20

Symbol: OS_NVIC_SYSPRI2
   Definitions
      At line 51 in file ..\..\kernel\cpu\arm\cortex-m0\los_dispatch_keil.s
   Uses
      At line 60 in file ..\..\kernel\cpu\arm\cortex-m0\los_dispatch_keil.s
Comment: OS_NVIC_SYSPRI2 used once
OS_TASK_STATUS_RUNNING 00000010

Symbol: OS_TASK_STATUS_RUNNING
   Definitions
      At line 54 in file ..\..\kernel\cpu\arm\cortex-m0\los_dispatch_keil.s
   Uses
      At line 80 in file ..\..\kernel\cpu\arm\cortex-m0\los_dispatch_keil.s
      At line 162 in file ..\..\kernel\cpu\arm\cortex-m0\los_dispatch_keil.s
      At line 173 in file ..\..\kernel\cpu\arm\cortex-m0\los_dispatch_keil.s

5 symbols



ARM Macro Assembler    Page 1 Alphabetic symbol ordering
External symbols

g_bTaskScheduled 00000000

Symbol: g_bTaskScheduled
   Definitions
      At line 48 in file ..\..\kernel\cpu\arm\cortex-m0\los_dispatch_keil.s
   Uses
      At line 64 in file ..\..\kernel\cpu\arm\cortex-m0\los_dispatch_keil.s
Comment: g_bTaskScheduled used once
g_pfnTskSwitchHook 00000000

Symbol: g_pfnTskSwitchHook
   Definitions
      At line 47 in file ..\..\kernel\cpu\arm\cortex-m0\los_dispatch_keil.s
   Uses
      None
Comment: g_pfnTskSwitchHook unused
g_stLosTask 00000000

Symbol: g_stLosTask
   Definitions
      At line 46 in file ..\..\kernel\cpu\arm\cortex-m0\los_dispatch_keil.s
   Uses
      At line 72 in file ..\..\kernel\cpu\arm\cortex-m0\los_dispatch_keil.s
      At line 74 in file ..\..\kernel\cpu\arm\cortex-m0\los_dispatch_keil.s
      At line 77 in file ..\..\kernel\cpu\arm\cortex-m0\los_dispatch_keil.s
      At line 157 in file ..\..\kernel\cpu\arm\cortex-m0\los_dispatch_keil.s
      At line 167 in file ..\..\kernel\cpu\arm\cortex-m0\los_dispatch_keil.s

3 symbols
356 symbols in table
