<html>
<body>
<pre>
<h1>µVision Build Log</h1>
<h2>Tool Versions:</h2>
IDE-Version: ¦ÌVision V5.23.0.0
Copyright (C) 2017 ARM Ltd and ARM Germany GmbH. All rights reserved.
License Information: li LockinLi, zx, LIC=3UUCX-HML54-59VGZ-JPX6J-CGL9C-G87JC
 
Tool Versions:
Toolchain:       MDK-ARM Professional  Version: 5.23
Toolchain Path:  D:\Keil_v5\ARM\ARMCC\Bin
C Compiler:      Armcc.exe V5.06 update 4 (build 422)
Assembler:       Armasm.exe V5.06 update 4 (build 422)
Linker/Locator:  ArmLink.exe V5.06 update 4 (build 422)
Library Manager: ArmAr.exe V5.06 update 4 (build 422)
Hex Converter:   FromElf.exe V5.06 update 4 (build 422)
CPU DLL:         SARMCM3.DLL V5.23
Dialog DLL:      DCM.DLL V1.15.0.0
Target DLL:      CMSIS_AGDI.dll V1.27.5.0
Dialog DLL:      TCM.DLL V1.27.0.0
 
<h2>Project:</h2>
C:\Users\lockinli\Documents\GitHub\new\PortingContest\PortingContest_ATSAME70Q21_liliangju\projects\ATSAME70Q21-KEIL\ATSAME70Q21.uvprojx
Project File Date:  07/03/2017

<h2>Output:</h2>
*** Using Compiler 'V5.06 update 4 (build 422)', folder: 'D:\Keil_v5\ARM\ARMCC\Bin'
Rebuild target 'LiteOS'
compiling los_sys.c...
compiling los_event.c...
compiling los_tick.c...
compiling los_timeslice.c...
compiling los_priqueue.c...
compiling los_task.c...
compiling los_swtmr.c...
compiling los_memstat.c...
compiling los_mux.c...
compiling los_sem.c...
compiling los_queue.c...
compiling los_membox.c...
compiling los_memory.c...
compiling los_multipledlinkhead.c...
compiling los_misc.c...
compiling los_hw.c...
assembling los_dispatch_keil.s...
compiling los_bsp_key.c...
compiling los_hwi.c...
compiling los_hw_tick.c...
compiling los_bsp_led.c...
compiling los_bsp_adapter.c...
compiling LED_SAME70-XPLD.c...
compiling los_bsp_uart.c...
compiling system_SAME70.c...
compiling Buttons_SAME70-XPLD.c...
compiling pio.c...
compiling pmc.c...
compiling los_config.c...
compiling los_api_dynamic_mem.c...
compiling cmsis_liteos.c...
compiling los_api_event.c...
compiling los_api_interrupt.c...
compiling los_api_list.c...
compiling los_api_msgqueue.c...
compiling los_api_mutex.c...
compiling los_api_static_mem.c...
compiling los_api_sem.c...
compiling los_api_systick.c...
compiling los_api_task.c...
compiling los_api_timer.c...
compiling los_cmsis_main.c...
compiling los_demo_entry.c...
assembling startup_SAME70.s...
compiling los_inspect_entry.c...
compiling dbg_console.c...
compiling main.c...
linking...
Program Size: Code=23720 RO-data=476 RW-data=1452 ZI-data=34676  
".\Objects\ATSAME70Q21.axf" - 0 Error(s), 0 Warning(s).

<h2>Collection of Component include folders:</h2>
  .\RTE\_LiteOS
  D:\Keil_v5\ARM\PACK\Keil\SAM-E_DFP\2.1.0\include

<h2>Collection of Component Files used:</h2>
Build Time Elapsed:  00:00:12
</pre>
</body>
</html>
