<html>
<body>
<pre>
<h1>µVision Build Log</h1>
<h2>Tool Versions:</h2>
IDE-Version: ¦ÌVision V5.23.0.0
Copyright (C) 2017 ARM Ltd and ARM Germany GmbH. All rights reserved.
License Information: li LockinLi, zx, LIC=----
 
Tool Versions:
Toolchain:       MDK-Lite  Version: 5.23
Toolchain Path:  D:\Keil_v5\ARM\ARMCC\Bin
C Compiler:      Armcc.exe V5.06 update 4 (build 422)
Assembler:       Armasm.exe V5.06 update 4 (build 422)
Linker/Locator:  ArmLink.exe V5.06 update 4 (build 422)
Library Manager: ArmAr.exe V5.06 update 4 (build 422)
Hex Converter:   FromElf.exe V5.06 update 4 (build 422)
CPU DLL:         SARMCM3.DLL V5.23
Dialog DLL:      DCM.DLL V1.15.0.0
Target DLL:      STLink\ST-LINKIII-KEIL_SWO.dll V2.0.18.0
Dialog DLL:      TCM.DLL V1.27.0.0
 
<h2>Project:</h2>
C:\Users\lockinli\Documents\GitHub\LiteOS_Kernel\projects\stm32f429_keil\HuaweiLiteOS.uvprojx
Project File Date:  04/07/2017

<h2>Output:</h2>
*** Using Compiler 'V5.06 update 4 (build 422)', folder: 'D:\Keil_v5\ARM\ARMCC\Bin'
Build target 'LiteOS'
compiling los_tick.c...
compiling los_priqueue.c...
compiling los_event.c...
compiling los_timeslice.c...
compiling los_task.c...
compiling los_swtmr.c...
compiling los_sys.c...
compiling los_mux.c...
compiling los_memstat.c...
compiling los_queue.c...
compiling los_sem.c...
compiling los_membox.c...
compiling los_multipledlinkhead.c...
compiling los_memory.c...
compiling los_misc.c...
compiling los_api_dynamic_mem.c...
compiling los_api_interrupt.c...
compiling los_api_event.c...
compiling cmsis_liteos.c...
compiling los_api_msgqueue.c...
compiling los_api_list.c...
compiling los_api_mutex.c...
compiling los_api_static_mem.c...
compiling los_api_sem.c...
compiling los_api_systick.c...
compiling los_api_timer.c...
compiling los_api_task.c...
compiling los_demo_entry.c...
compiling los_cmsis_main.c...
assembling los_vendor.s...
assembling los_dispatch.s...
compiling los_hw.c...
compiling los_bsp_adapter.c...
compiling los_hwi.c...
compiling los_hw_tick.c...
compiling los_config.c...
compiling main.c...
linking...
Program Size: Code=8204 RO-data=60 RW-data=1184 ZI-data=34064  
".\Objects\HuaweiLiteOS.axf" - 0 Error(s), 0 Warning(s).

<h2>Collection of Component include folders:</h2>
  .\RTE\_LiteOS
  D:\Keil_v5\ARM\PACK\Keil\STM32F4xx_DFP\2.11.0\Drivers\CMSIS\Device\ST\STM32F4xx\Include

<h2>Collection of Component Files used:</h2>
Build Time Elapsed:  00:00:08
</pre>
</body>
</html>
