Component: ARM Compiler 5.06 update 2 (build 183) Tool: armlink [4d35b7]

==============================================================================

Section Cross References

    los_priqueue.o(i.LOS_PriqueueEnqueue) refers to los_priqueue.o(.data) for g_pstLosPriorityQueueList
    los_priqueue.o(i.LOS_PriqueueSize) refers to los_priqueue.o(.data) for g_pstLosPriorityQueueList
    los_priqueue.o(i.LOS_PriqueueTop) refers to los_priqueue.o(.data) for g_pstLosPriorityQueueList
    los_priqueue.o(i.LOS_PriqueueTotalSize) refers to los_priqueue.o(i.LOS_PriqueueSize) for LOS_PriqueueSize
    los_priqueue.o(i.osPriqueueInit) refers to los_memory.o(i.LOS_MemAlloc) for LOS_MemAlloc
    los_priqueue.o(i.osPriqueueInit) refers to los_config.o(.data) for m_aucSysMem0
    los_priqueue.o(i.osPriqueueInit) refers to los_priqueue.o(.data) for g_pstLosPriorityQueueList
    los_swtmr.o(i.LOS_SwtmrCreate) refers to los_dispatch_keil.o(.text) for LOS_IntLock
    los_swtmr.o(i.LOS_SwtmrCreate) refers to los_swtmr.o(.data) for m_pstSwtmrFreeList
    los_swtmr.o(i.LOS_SwtmrDelete) refers to los_dispatch_keil.o(.text) for LOS_IntLock
    los_swtmr.o(i.LOS_SwtmrDelete) refers to los_swtmr.o(i.osSwtmrStop) for osSwtmrStop
    los_swtmr.o(i.LOS_SwtmrDelete) refers to los_swtmr.o(i.osSwtmrDelete) for osSwtmrDelete
    los_swtmr.o(i.LOS_SwtmrDelete) refers to los_swtmr.o(.data) for m_pstSwtmrCBArray
    los_swtmr.o(i.LOS_SwtmrStart) refers to los_dispatch_keil.o(.text) for LOS_IntLock
    los_swtmr.o(i.LOS_SwtmrStart) refers to los_swtmr.o(i.osSwtmrStop) for osSwtmrStop
    los_swtmr.o(i.LOS_SwtmrStart) refers to los_swtmr.o(i.osSwTmrStart) for osSwTmrStart
    los_swtmr.o(i.LOS_SwtmrStart) refers to los_swtmr.o(.data) for m_pstSwtmrCBArray
    los_swtmr.o(i.LOS_SwtmrStop) refers to los_dispatch_keil.o(.text) for LOS_IntLock
    los_swtmr.o(i.LOS_SwtmrStop) refers to los_swtmr.o(i.osSwtmrStop) for osSwtmrStop
    los_swtmr.o(i.LOS_SwtmrStop) refers to los_swtmr.o(.data) for m_pstSwtmrCBArray
    los_swtmr.o(i.osSwTmrAdjust) refers to los_swtmr.o(i.osSwTmrTimeoutHandle) for osSwTmrTimeoutHandle
    los_swtmr.o(i.osSwTmrAdjust) refers to los_swtmr.o(.data) for m_pstSwtmrSortList
    los_swtmr.o(i.osSwTmrGetNextTimeout) refers to los_swtmr.o(.data) for m_pstSwtmrSortList
    los_swtmr.o(i.osSwTmrInit) refers to los_memory.o(i.LOS_MemAlloc) for LOS_MemAlloc
    los_swtmr.o(i.osSwTmrInit) refers to memseta.o(.text) for __aeabi_memclr4
    los_swtmr.o(i.osSwTmrInit) refers to los_membox.o(i.LOS_MemboxInit) for LOS_MemboxInit
    los_swtmr.o(i.osSwTmrInit) refers to los_queue.o(i.LOS_QueueCreate) for LOS_QueueCreate
    los_swtmr.o(i.osSwTmrInit) refers to los_swtmr.o(i.osSwTmrTaskCreate) for osSwTmrTaskCreate
    los_swtmr.o(i.osSwTmrInit) refers to los_swtmr.o(.data) for m_pstSwtmrSortList
    los_swtmr.o(i.osSwTmrInit) refers to los_config.o(.data) for m_aucSysMem0
    los_swtmr.o(i.osSwTmrInit) refers to los_swtmr.o(.bss) for m_aucSwTmrHandlerPool
    los_swtmr.o(i.osSwTmrStart) refers to los_swtmr.o(.data) for m_pstSwtmrSortList
    los_swtmr.o(i.osSwTmrTask) refers to los_queue.o(i.LOS_QueueRead) for LOS_QueueRead
    los_swtmr.o(i.osSwTmrTask) refers to los_membox.o(i.LOS_MemboxFree) for LOS_MemboxFree
    los_swtmr.o(i.osSwTmrTask) refers to los_swtmr.o(.data) for m_uwSwTmrHandlerQueue
    los_swtmr.o(i.osSwTmrTask) refers to los_swtmr.o(.bss) for m_aucSwTmrHandlerPool
    los_swtmr.o(i.osSwTmrTaskCreate) refers to memseta.o(.text) for __aeabi_memclr4
    los_swtmr.o(i.osSwTmrTaskCreate) refers to los_task.o(i.LOS_TaskCreate) for LOS_TaskCreate
    los_swtmr.o(i.osSwTmrTaskCreate) refers to los_swtmr.o(i.osSwTmrTask) for osSwTmrTask
    los_swtmr.o(i.osSwTmrTaskCreate) refers to los_task.o(.data) for g_uwSwtmrTaskID
    los_swtmr.o(i.osSwTmrTimeoutHandle) refers to los_membox.o(i.LOS_MemboxAlloc) for LOS_MemboxAlloc
    los_swtmr.o(i.osSwTmrTimeoutHandle) refers to los_queue.o(i.LOS_QueueWrite) for LOS_QueueWrite
    los_swtmr.o(i.osSwTmrTimeoutHandle) refers to los_membox.o(i.LOS_MemboxFree) for LOS_MemboxFree
    los_swtmr.o(i.osSwTmrTimeoutHandle) refers to los_swtmr.o(i.osSwtmrDelete) for osSwtmrDelete
    los_swtmr.o(i.osSwTmrTimeoutHandle) refers to los_swtmr.o(i.osSwTmrStart) for osSwTmrStart
    los_swtmr.o(i.osSwTmrTimeoutHandle) refers to los_swtmr.o(.data) for m_pstSwtmrSortList
    los_swtmr.o(i.osSwTmrTimeoutHandle) refers to los_swtmr.o(.bss) for m_aucSwTmrHandlerPool
    los_swtmr.o(i.osSwtmrDelete) refers to los_swtmr.o(.data) for m_pstSwtmrFreeList
    los_swtmr.o(i.osSwtmrScan) refers to los_swtmr.o(i.osSwTmrTimeoutHandle) for osSwTmrTimeoutHandle
    los_swtmr.o(i.osSwtmrScan) refers to los_swtmr.o(.data) for m_pstSwtmrSortList
    los_swtmr.o(i.osSwtmrStop) refers to los_swtmr.o(.data) for m_pstSwtmrSortList
    los_sys.o(i.LOS_MS2Tick) refers to uldiv.o(.text) for __aeabi_uldivmod
    los_sys.o(i.LOS_Reboot) refers to los_dispatch_keil.o(.text) for LOS_IntLock
[...]
    i.Example_swTimer                        0x00001a80   Section        0  los_api_timer.o(i.Example_swTimer)
    i.LOS_Align                              0x00001b88   Section        0  los_misc.o(i.LOS_Align)
    i.LOS_CyclePerTickGet                    0x00001ba4   Section        0  los_sys.o(i.LOS_CyclePerTickGet)
    i.LOS_DLnkInitMultiHead                  0x00001baa   Section        0  los_multipledlinkhead.o(i.LOS_DLnkInitMultiHead)
    i.LOS_DLnkMultiHead                      0x00001bc8   Section        0  los_multipledlinkhead.o(i.LOS_DLnkMultiHead)
    i.LOS_EnableTick                         0x00001bf2   Section        0  los_config.o(i.LOS_EnableTick)
    i.LOS_EvbGetKeyVal                       0x00001c04   Section        0  los_bsp_key.o(i.LOS_EvbGetKeyVal)
    i.LOS_EvbKeyInit                         0x00001c1e   Section        0  los_bsp_key.o(i.LOS_EvbKeyInit)
    i.LOS_EvbLedControl                      0x00001c26   Section        0  los_bsp_led.o(i.LOS_EvbLedControl)
    i.LOS_EvbLedInit                         0x00001c40   Section        0  los_bsp_led.o(i.LOS_EvbLedInit)
    i.LOS_EvbSetup                           0x00001c48   Section        0  los_bsp_adapter.o(i.LOS_EvbSetup)
    i.LOS_EvbUartInit                        0x00001c58   Section        0  los_bsp_uart.o(i.LOS_EvbUartInit)
    i.LOS_EvbUartWriteByte                   0x00001c60   Section        0  los_bsp_uart.o(i.LOS_EvbUartWriteByte)
    i.LOS_EventClear                         0x00001c6c   Section        0  los_event.o(i.LOS_EventClear)
    i.LOS_EventInit                          0x00001c94   Section        0  los_event.o(i.LOS_EventInit)
    i.LOS_EventPoll                          0x00001cb0   Section        0  los_event.o(i.LOS_EventPoll)
    i.LOS_EventRead                          0x00001d00   Section        0  los_event.o(i.LOS_EventRead)
    i.LOS_EventWrite                         0x00001e5c   Section        0  los_event.o(i.LOS_EventWrite)
    i.LOS_InspectByID                        0x00001f54   Section        0  los_inspect_entry.o(i.LOS_InspectByID)
    i.LOS_InspectStatusSetByID               0x000020b8   Section        0  los_inspect_entry.o(i.LOS_InspectStatusSetByID)
    i.LOS_Inspect_Entry                      0x00002118   Section        0  los_inspect_entry.o(i.LOS_Inspect_Entry)
    i.LOS_Inspect_KeyAndLed                  0x00002160   Section        0  los_inspect_entry.o(i.LOS_Inspect_KeyAndLed)
    LOS_Inspect_KeyAndLed                    0x00002161   Thumb Code    76  los_inspect_entry.o(i.LOS_Inspect_KeyAndLed)
    i.LOS_Inspect_TskDeal                    0x000021c8   Section        0  los_inspect_entry.o(i.LOS_Inspect_TskDeal)
    i.LOS_KernelInit                         0x00002294   Section        0  los_config.o(i.LOS_KernelInit)
    i.LOS_ListAdd                            0x000022a6   Section        0  los_task.o(i.LOS_ListAdd)
    LOS_ListAdd                              0x000022a7   Thumb Code    14  los_task.o(i.LOS_ListAdd)
    i.LOS_ListAdd                            0x000022b4   Section        0  los_mux.o(i.LOS_ListAdd)
    LOS_ListAdd                              0x000022b5   Thumb Code    14  los_mux.o(i.LOS_ListAdd)
    i.LOS_ListAdd                            0x000022c2   Section        0  los_queue.o(i.LOS_ListAdd)
    LOS_ListAdd                              0x000022c3   Thumb Code    14  los_queue.o(i.LOS_ListAdd)
    i.LOS_ListAdd                            0x000022d0   Section        0  los_sem.o(i.LOS_ListAdd)
    LOS_ListAdd                              0x000022d1   Thumb Code    14  los_sem.o(i.LOS_ListAdd)
    i.LOS_ListAdd                            0x000022de   Section        0  los_memory.o(i.LOS_ListAdd)
    LOS_ListAdd                              0x000022df   Thumb Code    14  los_memory.o(i.LOS_ListAdd)
    i.LOS_ListAdd                            0x000022ec   Section        0  los_api_list.o(i.LOS_ListAdd)
    LOS_ListAdd                              0x000022ed   Thumb Code    14  los_api_list.o(i.LOS_ListAdd)
    i.LOS_ListDelete                         0x000022fa   Section        0  los_task.o(i.LOS_ListDelete)
    LOS_ListDelete                           0x000022fb   Thumb Code    20  los_task.o(i.LOS_ListDelete)
    i.LOS_ListDelete                         0x0000230e   Section        0  los_mux.o(i.LOS_ListDelete)
    LOS_ListDelete                           0x0000230f   Thumb Code    20  los_mux.o(i.LOS_ListDelete)
    i.LOS_ListDelete                         0x00002322   Section        0  los_sem.o(i.LOS_ListDelete)
    LOS_ListDelete                           0x00002323   Thumb Code    20  los_sem.o(i.LOS_ListDelete)
    i.LOS_ListDelete                         0x00002336   Section        0  los_memory.o(i.LOS_ListDelete)
    LOS_ListDelete                           0x00002337   Thumb Code    20  los_memory.o(i.LOS_ListDelete)
    i.LOS_ListEmpty                          0x0000234a   Section        0  los_task.o(i.LOS_ListEmpty)
    LOS_ListEmpty                            0x0000234b   Thumb Code    16  los_task.o(i.LOS_ListEmpty)
    i.LOS_ListEmpty                          0x0000235a   Section        0  los_mux.o(i.LOS_ListEmpty)
    LOS_ListEmpty                            0x0000235b   Thumb Code    16  los_mux.o(i.LOS_ListEmpty)
    i.LOS_ListEmpty                          0x0000236a   Section        0  los_queue.o(i.LOS_ListEmpty)
    LOS_ListEmpty                            0x0000236b   Thumb Code    16  los_queue.o(i.LOS_ListEmpty)
    i.LOS_ListEmpty                          0x0000237a   Section        0  los_sem.o(i.LOS_ListEmpty)
    LOS_ListEmpty                            0x0000237b   Thumb Code    16  los_sem.o(i.LOS_ListEmpty)
    i.LOS_ListInit                           0x0000238a   Section        0  los_task.o(i.LOS_ListInit)
    LOS_ListInit                             0x0000238b   Thumb Code     6  los_task.o(i.LOS_ListInit)
    i.LOS_ListInit                           0x00002390   Section        0  los_mux.o(i.LOS_ListInit)
    LOS_ListInit                             0x00002391   Thumb Code     6  los_mux.o(i.LOS_ListInit)
    i.LOS_ListInit                           0x00002396   Section        0  los_queue.o(i.LOS_ListInit)
    LOS_ListInit                             0x00002397   Thumb Code     6  los_queue.o(i.LOS_ListInit)
    i.LOS_ListInit                           0x0000239c   Section        0  los_sem.o(i.LOS_ListInit)
    LOS_ListInit                             0x0000239d   Thumb Code     6  los_sem.o(i.LOS_ListInit)
    i.LOS_ListTailInsert                     0x000023a2   Section        0  los_task.o(i.LOS_ListTailInsert)
    LOS_ListTailInsert                       0x000023a3   Thumb Code    16  los_task.o(i.LOS_ListTailInsert)
    i.LOS_ListTailInsert                     0x000023b2   Section        0  los_mux.o(i.LOS_ListTailInsert)
    LOS_ListTailInsert                       0x000023b3   Thumb Code    16  los_mux.o(i.LOS_ListTailInsert)
    i.LOS_ListTailInsert                     0x000023c2   Section        0  los_sem.o(i.LOS_ListTailInsert)
    LOS_ListTailInsert                       0x000023c3   Thumb Code    16  los_sem.o(i.LOS_ListTailInsert)
    i.LOS_Log2                               0x000023d4   Section        0  los_multipledlinkhead.o(i.LOS_Log2)
    LOS_Log2                                 0x000023d5   Thumb Code   320  los_multipledlinkhead.o(i.LOS_Log2)
    i.LOS_MemAlloc                           0x00002518   Section        0  los_memory.o(i.LOS_MemAlloc)
    i.LOS_MemAllocAlign                      0x00002552   Section        0  los_memory.o(i.LOS_MemAllocAlign)
    i.LOS_MemFree                            0x000025be   Section        0  los_memory.o(i.LOS_MemFree)
    i.LOS_MemInit                            0x00002612   Section        0  los_memory.o(i.LOS_MemInit)
    i.LOS_MemboxAlloc                        0x000026b8   Section        0  los_membox.o(i.LOS_MemboxAlloc)
    i.LOS_MemboxClr                          0x000026f8   Section        0  los_membox.o(i.LOS_MemboxClr)
    i.LOS_MemboxFree                         0x00002714   Section        0  los_membox.o(i.LOS_MemboxFree)
    i.LOS_MemboxInit                         0x000027b8   Section        0  los_membox.o(i.LOS_MemboxInit)
    i.LOS_MuxCreate                          0x00002838   Section        0  los_mux.o(i.LOS_MuxCreate)
    i.LOS_MuxDelete                          0x0000289c   Section        0  los_mux.o(i.LOS_MuxDelete)
    i.LOS_MuxPend                            0x00002904   Section        0  los_mux.o(i.LOS_MuxPend)
    i.LOS_MuxPost                            0x00002a4c   Section        0  los_mux.o(i.LOS_MuxPost)
    i.LOS_PriqueueDequeue                    0x00002b4c   Section        0  los_priqueue.o(i.LOS_PriqueueDequeue)
    i.LOS_PriqueueEnqueue                    0x00002b64   Section        0  los_priqueue.o(i.LOS_PriqueueEnqueue)
    i.LOS_PriqueueSize                       0x00002b88   Section        0  los_priqueue.o(i.LOS_PriqueueSize)
    i.LOS_PriqueueTop                        0x00002bb0   Section        0  los_priqueue.o(i.LOS_PriqueueTop)
    i.LOS_QueueCreate                        0x00002bec   Section        0  los_queue.o(i.LOS_QueueCreate)
    i.LOS_QueueDelete                        0x00002c68   Section        0  los_queue.o(i.LOS_QueueDelete)
    i.LOS_QueueRead                          0x00002d18   Section        0  los_queue.o(i.LOS_QueueRead)
    i.LOS_QueueWrite                         0x00002e48   Section        0  los_queue.o(i.LOS_QueueWrite)
    i.LOS_Schedule                           0x00002f84   Section        0  los_hw.o(i.LOS_Schedule)
    i.LOS_SemCreate                          0x00002fc4   Section        0  los_sem.o(i.LOS_SemCreate)
    i.LOS_SemDelete                          0x00003030   Section        0  los_sem.o(i.LOS_SemDelete)
    i.LOS_SemPend                            0x00003090   Section        0  los_sem.o(i.LOS_SemPend)
    i.LOS_SemPost                            0x00003190   Section        0  los_sem.o(i.LOS_SemPost)
    i.LOS_SetTickSycle                       0x00003248   Section        0  los_hw_tick.o(i.LOS_SetTickSycle)
    i.LOS_Start                              0x00003254   Section        0  los_config.o(i.LOS_Start)
    i.LOS_SwtmrCreate                        0x00003260   Section        0  los_swtmr.o(i.LOS_SwtmrCreate)
    i.LOS_SwtmrDelete                        0x000032ec   Section        0  los_swtmr.o(i.LOS_SwtmrDelete)
    i.LOS_SwtmrStart                         0x00003370   Section        0  los_swtmr.o(i.LOS_SwtmrStart)
    i.LOS_SwtmrStop                          0x000033f4   Section        0  los_swtmr.o(i.LOS_SwtmrStop)
    i.LOS_TaskCreate                         0x00003474   Section        0  los_task.o(i.LOS_TaskCreate)
    i.LOS_TaskCreateOnly                     0x00003510   Section        0  los_task.o(i.LOS_TaskCreateOnly)
    i.LOS_TaskDelay                          0x00003694   Section        0  los_task.o(i.LOS_TaskDelay)
    i.LOS_TaskDelete                         0x00003714   Section        0  los_task.o(i.LOS_TaskDelete)
    i.LOS_TaskLock                           0x0000387c   Section        0  los_task.o(i.LOS_TaskLock)
    i.LOS_TaskResume                         0x0000389c   Section        0  los_task.o(i.LOS_TaskResume)
    i.LOS_TaskSuspend                        0x0000394c   Section        0  los_task.o(i.LOS_TaskSuspend)
    i.LOS_TaskUnlock                         0x00003a30   Section        0  los_task.o(i.LOS_TaskUnlock)
    i.LOS_TaskYield                          0x00003a6c   Section        0  los_task.o(i.LOS_TaskYield)
    i.LOS_TickCountGet                       0x00003af0   Section        0  los_sys.o(i.LOS_TickCountGet)
    i.LOS_TickHandler                        0x00003afc   Section        0  los_hw_tick.o(i.LOS_TickHandler)
    i.LosAdapIntInit                         0x00003b34   Section        0  los_bsp_adapter.o(i.LosAdapIntInit)
    i.SysTick_Handler                        0x00003b36   Section        0  los_bsp_adapter.o(i.SysTick_Handler)
    i.SystemCoreClockUpdate                  0x00003b40   Section        0  system_nrf52840.o(i.SystemCoreClockUpdate)
    i.SystemInit                             0x00003b50   Section        0  system_nrf52840.o(i.SystemInit)
    i.Timer1_Callback                        0x00003d64   Section        0  los_api_timer.o(i.Timer1_Callback)
    i.Timer2_Callback                        0x00003db4   Section        0  los_api_timer.o(i.Timer2_Callback)
    i.__0printf                              0x00003e0c   Section        0  printfa.o(i.__0printf)
    i.__scatterload_copy                     0x00003e2c   Section       14  handlers.o(i.__scatterload_copy)
    i.__scatterload_null                     0x00003e3a   Section        2  handlers.o(i.__scatterload_null)
    i.__scatterload_zeroinit                 0x00003e3c   Section       14  handlers.o(i.__scatterload_zeroinit)
    i._fp_digits                             0x00003e4c   Section        0  printfa.o(i._fp_digits)
    _fp_digits                               0x00003e4d   Thumb Code   334  printfa.o(i._fp_digits)
    i._printf_core                           0x00003fb0   Section        0  printfa.o(i._printf_core)
    _printf_core                             0x00003fb1   Thumb Code  1744  printfa.o(i._printf_core)
    i._printf_post_padding                   0x0000468c   Section        0  printfa.o(i._printf_post_padding)
    _printf_post_padding                     0x0000468d   Thumb Code    36  printfa.o(i._printf_post_padding)
    i._printf_pre_padding                    0x000046b0   Section        0  printfa.o(i._printf_pre_padding)
    _printf_pre_padding                      0x000046b1   Thumb Code    46  printfa.o(i._printf_pre_padding)
    i.bsp_board_button_state_get             0x000046e0   Section        0  los_bsp_key.o(i.bsp_board_button_state_get)
    i.bsp_board_buttons_init                 0x00004714   Section        0  los_bsp_key.o(i.bsp_board_buttons_init)
    i.bsp_board_led_off                      0x00004760   Section        0  los_bsp_led.o(i.bsp_board_led_off)
    i.bsp_board_led_on                       0x00004774   Section        0  los_bsp_led.o(i.bsp_board_led_on)
    i.bsp_board_leds_init                    0x00004788   Section        0  los_bsp_led.o(i.bsp_board_leds_init)
    i.bsp_board_leds_off                     0x000047dc   Section        0  los_bsp_led.o(i.bsp_board_leds_off)
    i.errata_103                             0x000047f0   Section        0  system_nrf52840.o(i.errata_103)
    errata_103                               0x000047f1   Thumb Code    24  system_nrf52840.o(i.errata_103)
    i.errata_115                             0x0000480c   Section        0  system_nrf52840.o(i.errata_115)
    errata_115                               0x0000480d   Thumb Code    24  system_nrf52840.o(i.errata_115)
    i.errata_120                             0x00004828   Section        0  system_nrf52840.o(i.errata_120)
    errata_120                               0x00004829   Thumb Code    24  system_nrf52840.o(i.errata_120)
    i.errata_36                              0x00004844   Section        0  system_nrf52840.o(i.errata_36)
    errata_36                                0x00004845   Thumb Code    24  system_nrf52840.o(i.errata_36)
    i.errata_66                              0x00004860   Section        0  system_nrf52840.o(i.errata_66)
    errata_66                                0x00004861   Thumb Code    24  system_nrf52840.o(i.errata_66)
    i.errata_98                              0x0000487c   Section        0  system_nrf52840.o(i.errata_98)
    errata_98                                0x0000487d   Thumb Code    24  system_nrf52840.o(i.errata_98)
    i.fputc                                  0x00004898   Section        0  los_bsp_uart.o(i.fputc)
    i.free                                   0x000048a8   Section        0  malloc.o(i.free)
    i.main                                   0x000048f8   Section        0  main.o(i.main)
    i.nrf_gpio_cfg                           0x0000491c   Section        0  los_bsp_uart.o(i.nrf_gpio_cfg)
    nrf_gpio_cfg                             0x0000491d   Thumb Code    52  los_bsp_uart.o(i.nrf_gpio_cfg)
    i.nrf_gpio_pin_port_decode               0x00004954   Section        0  los_bsp_key.o(i.nrf_gpio_pin_port_decode)
    nrf_gpio_pin_port_decode                 0x00004955   Thumb Code    26  los_bsp_key.o(i.nrf_gpio_pin_port_decode)
    i.nrf_gpio_pin_port_decode               0x00004974   Section        0  los_bsp_led.o(i.nrf_gpio_pin_port_decode)
    nrf_gpio_pin_port_decode                 0x00004975   Thumb Code    26  los_bsp_led.o(i.nrf_gpio_pin_port_decode)
    i.nrf_gpio_pin_write                     0x00004994   Section        0  los_bsp_led.o(i.nrf_gpio_pin_write)
    nrf_gpio_pin_write                       0x00004995   Thumb Code    66  los_bsp_led.o(i.nrf_gpio_pin_write)
    i.osHwiDefaultHandler                    0x000049d6   Section        0  los_hwi.o(i.osHwiDefaultHandler)
    i.osHwiInit                              0x000049e0   Section        0  los_hwi.o(i.osHwiInit)
    i.osIdleTask                             0x00004a04   Section        0  los_task.o(i.osIdleTask)
    i.osIdleTaskCreate                       0x00004a08   Section        0  los_task.o(i.osIdleTaskCreate)
    i.osIntNumGet                            0x00004a54   Section        0  los_hwi.o(i.osIntNumGet)
    i.osMain                                 0x00004a60   Section        0  los_config.o(i.osMain)
    i.osMemAllocWithCheck                    0x00004ad0   Section        0  los_memory.o(i.osMemAllocWithCheck)
    osMemAllocWithCheck                      0x00004ad1   Thumb Code    92  los_memory.o(i.osMemAllocWithCheck)
    i.osMemCheckUsedNode                     0x00004b2c   Section        0  los_memory.o(i.osMemCheckUsedNode)
    osMemCheckUsedNode                       0x00004b2d   Thumb Code   152  los_memory.o(i.osMemCheckUsedNode)
    i.osMemFindSuitableFreeBlock             0x00004bc4   Section        0  los_memory.o(i.osMemFindSuitableFreeBlock)
    osMemFindSuitableFreeBlock               0x00004bc5   Thumb Code    80  los_memory.o(i.osMemFindSuitableFreeBlock)
    i.osMemFreeNode                          0x00004c14   Section        0  los_memory.o(i.osMemFreeNode)
    osMemFreeNode                            0x00004c15   Thumb Code   178  los_memory.o(i.osMemFreeNode)
    i.osMemIsNodeValid                       0x00004cc6   Section        0  los_memory.o(i.osMemIsNodeValid)
    osMemIsNodeValid                         0x00004cc7   Thumb Code    62  los_memory.o(i.osMemIsNodeValid)
    i.osMemMergeNode                         0x00004d04   Section        0  los_memory.o(i.osMemMergeNode)
    osMemMergeNode                           0x00004d05   Thumb Code    36  los_memory.o(i.osMemMergeNode)
    i.osMemSetMagicNumAndTaskid              0x00004d28   Section        0  los_memory.o(i.osMemSetMagicNumAndTaskid)
    osMemSetMagicNumAndTaskid                0x00004d29   Thumb Code    28  los_memory.o(i.osMemSetMagicNumAndTaskid)
    i.osMemSpitNode                          0x00004d48   Section        0  los_memory.o(i.osMemSpitNode)
    osMemSpitNode                            0x00004d49   Thumb Code    92  los_memory.o(i.osMemSpitNode)
    i.osMemSystemInit                        0x00004da4   Section        0  los_memory.o(i.osMemSystemInit)
    i.osMuxInit                              0x00004dc8   Section        0  los_mux.o(i.osMuxInit)
    i.osPriqueueInit                         0x00004e24   Section        0  los_priqueue.o(i.osPriqueueInit)
    i.osQueueCreate                          0x00004e6c   Section        0  los_queue.o(i.osQueueCreate)
    i.osQueueInit                            0x00004edc   Section        0  los_queue.o(i.osQueueInit)
    i.osQueuePend                            0x00004f14   Section        0  los_queue.o(i.osQueuePend)
    osQueuePend                              0x00004f15   Thumb Code   132  los_queue.o(i.osQueuePend)
    i.osQueueWakeUp                          0x00004f98   Section        0  los_queue.o(i.osQueueWakeUp)
    osQueueWakeUp                            0x00004f99   Thumb Code    90  los_queue.o(i.osQueueWakeUp)
    i.osRegister                             0x00004ff4   Section        0  los_config.o(i.osRegister)
    i.osSchedule                             0x00005010   Section        0  los_hw.o(i.osSchedule)
    i.osSemInit                              0x00005018   Section        0  los_sem.o(i.osSemInit)
    i.osSwTmrInit                            0x00005070   Section        0  los_swtmr.o(i.osSwTmrInit)
    i.osSwTmrStart                           0x0000511c   Section        0  los_swtmr.o(i.osSwTmrStart)
    i.osSwTmrTask                            0x0000517c   Section        0  los_swtmr.o(i.osSwTmrTask)
    i.osSwTmrTaskCreate                      0x000051cc   Section        0  los_swtmr.o(i.osSwTmrTaskCreate)
    i.osSwTmrTimeoutHandle                   0x00005214   Section        0  los_swtmr.o(i.osSwTmrTimeoutHandle)
    osSwTmrTimeoutHandle                     0x00005215   Thumb Code   128  los_swtmr.o(i.osSwTmrTimeoutHandle)
    i.osSwtmrDelete                          0x000052a0   Section        0  los_swtmr.o(i.osSwtmrDelete)
    osSwtmrDelete                            0x000052a1   Thumb Code    16  los_swtmr.o(i.osSwtmrDelete)
    i.osSwtmrScan                            0x000052b4   Section        0  los_swtmr.o(i.osSwtmrScan)
    i.osSwtmrStop                            0x000052d8   Section        0  los_swtmr.o(i.osSwtmrStop)
    i.osTaskAdd2TimerList                    0x00005320   Section        0  los_task.o(i.osTaskAdd2TimerList)
    i.osTaskEntry                            0x000053e0   Section        0  los_task.o(i.osTaskEntry)
    i.osTaskExit                             0x00005484   Section        0  los_hw.o(i.osTaskExit)
    i.osTaskInit                             0x0000548c   Section        0  los_task.o(i.osTaskInit)
    i.osTaskMemUsedDec                       0x000055b4   Section        0  los_memstat.o(i.osTaskMemUsedDec)
    i.osTaskMemUsedInc                       0x000055e8   Section        0  los_memstat.o(i.osTaskMemUsedInc)
    i.osTaskPriModify                        0x00005624   Section        0  los_task.o(i.osTaskPriModify)
    i.osTaskScan                             0x0000565c   Section        0  los_task.o(i.osTaskScan)
    i.osTaskSelfDelete                       0x00005738   Section        0  los_task.o(i.osTaskSelfDelete)
    i.osTickHandler                          0x00005834   Section        0  los_tick.o(i.osTickHandler)
    i.osTickStart                            0x0000585c   Section        0  los_bsp_adapter.o(i.osTickStart)
    i.osTimerListDelete                      0x000058c8   Section        0  los_task.o(i.osTimerListDelete)
    i.osTimesliceCheck                       0x00005910   Section        0  los_timeslice.o(i.osTimesliceCheck)
    i.osTimesliceInit                        0x0000595c   Section        0  los_timeslice.o(i.osTimesliceInit)
    i.osTskStackInit                         0x0000596c   Section        0  los_hw.o(i.osTskStackInit)
    i.recv_Entry                             0x00005aac   Section        0  los_api_msgqueue.o(i.recv_Entry)
    i.send_Entry                             0x00005b78   Section        0  los_api_msgqueue.o(i.send_Entry)
    i.uart_init                              0x00005bec   Section        0  los_bsp_uart.o(i.uart_init)
    i.uart_send                              0x00005c5c   Section        0  los_bsp_uart.o(i.uart_send)
    .constdata                               0x00005c7c   Section        9  los_bsp_adapter.o(.constdata)
    .constdata                               0x00005c85   Section        4  los_bsp_key.o(.constdata)
    m_board_btn_list                         0x00005c85   Data           4  los_bsp_key.o(.constdata)
    .constdata                               0x00005c89   Section        4  los_bsp_led.o(.constdata)
    m_board_led_list                         0x00005c89   Data           4  los_bsp_led.o(.constdata)
    .conststring                             0x00005c90   Section       66  los_api_sem.o(.conststring)
    .data                                    0x20000000   Section        4  los_priqueue.o(.data)
    .data                                    0x20000004   Section       16  los_swtmr.o(.data)
    .data                                    0x20000014   Section       68  los_task.o(.data)
    .data                                    0x20000058   Section       16  los_tick.o(.data)
    .data                                    0x20000068   Section        8  los_timeslice.o(.data)
    .data                                    0x20000070   Section       12  los_mux.o(.data)
    .data                                    0x2000007c   Section        4  los_queue.o(.data)
    .data                                    0x20000080   Section       12  los_sem.o(.data)
    .data                                    0x2000008c   Section        4  los_hw_tick.o(.data)
    .data                                    0x20000090   Section        4  los_hwi.o(.data)
    .data                                    0x20000094   Section        8  los_config.o(.data)
    .data                                    0x2000009c   Section        4  los_bsp_adapter.o(.data)
    g_ucycle_per_tick                        0x2000009c   Data           4  los_bsp_adapter.o(.data)
    .data                                    0x200000a0   Section        8  los_api_event.o(.data)
    .data                                    0x200000a8   Section       22  los_api_msgqueue.o(.data)
    g_uwQueue                                0x200000a8   Data           4  los_api_msgqueue.o(.data)
    .data                                    0x200000c0   Section       12  los_api_mutex.o(.data)
    .data                                    0x200000cc   Section       12  los_api_sem.o(.data)
    g_TestTaskID01                           0x200000cc   Data           4  los_api_sem.o(.data)
    g_TestTaskID02                           0x200000d0   Data           4  los_api_sem.o(.data)
    g_usSemID                                0x200000d4   Data           4  los_api_sem.o(.data)
    .data                                    0x200000d8   Section        8  los_api_task.o(.data)
    .data                                    0x200000e0   Section        8  los_api_timer.o(.data)
    .data                                    0x200000e8   Section      168  los_inspect_entry.o(.data)
    gInspectErrCnt                           0x200000e8   Data           4  los_inspect_entry.o(.data)
    g_uwDemoTaskID                           0x200000ec   Data           4  los_inspect_entry.o(.data)
    gInspect                                 0x200000f0   Data         160  los_inspect_entry.o(.data)
    .data                                    0x20000190   Section        4  system_nrf52840.o(.data)
    __tagsym$$used                           0x20000190   Number         0  system_nrf52840.o(.data)
    .data                                    0x20000194   Section        4  stdout.o(.data)
    .data                                    0x20000198   Section        4  mvars.o(.data)
    .vector.bss                              0x2000019c   Section     1024  los_hwi.o(.vector.bss)
    .bss                                     0x2000059c   Section      208  los_swtmr.o(.bss)
    .bss                                     0x2000066c   Section    32768  los_memory.o(.bss)
    .bss                                     0x2000866c   Section       64  los_memstat.o(.bss)
    .bss                                     0x200086ac   Section       12  los_api_event.o(.bss)
    .bss                                     0x200086b8   Section      600  los_api_static_mem.o(.bss)
    STACK                                    0x20008910   Section     8192  arm_startup_nrf52840.o(STACK)

    Global Symbols

    Symbol Name                              Value     Ov Type        Size  Object(Section)

    BuildAttributes$$THM_ISAv4$E$P$D$K$B$S$7EM$VFPi3$EXTD16$VFPS$VFMA$PE$A:L22UL41UL21$X:L11$S22US41US21$IEEE1$IW$USESV6$~STKCKD$USESV7$~SHL$OSPACE$ROPI$EBA8$MICROLIB$REQ8$PRES8$EABIv2 0x00000000   Number         0  anon$$obj.o ABSOLUTE
    __ARM_use_no_argv                        0x00000000   Number         0  main.o ABSOLUTE
    __Vectors                                0x00000000   Data           4  arm_startup_nrf52840.o(RESET)
    _printf_a                                0x00000000   Number         0  stubs.o ABSOLUTE
    _printf_c                                0x00000000   Number         0  stubs.o ABSOLUTE
    _printf_charcount                        0x00000000   Number         0  stubs.o ABSOLUTE
    _printf_d                                0x00000000   Number         0  stubs.o ABSOLUTE
    _printf_e                                0x00000000   Number         0  stubs.o ABSOLUTE
    _printf_f                                0x00000000   Number         0  stubs.o ABSOLUTE
    _printf_flags                            0x00000000   Number         0  stubs.o ABSOLUTE
    _printf_fp_dec                           0x00000000   Number         0  stubs.o ABSOLUTE
    _printf_fp_hex                           0x00000000   Number         0  stubs.o ABSOLUTE
    _printf_g                                0x00000000   Number         0  stubs.o ABSOLUTE
    _printf_i                                0x00000000   Number         0  stubs.o ABSOLUTE
    _printf_int_dec                          0x00000000   Number         0  stubs.o ABSOLUTE
    _printf_l                                0x00000000   Number         0  stubs.o ABSOLUTE
    _printf_lc                               0x00000000   Number         0  stubs.o ABSOLUTE
    _printf_ll                               0x00000000   Number         0  stubs.o ABSOLUTE
    _printf_lld                              0x00000000   Number         0  stubs.o ABSOLUTE
    _printf_lli                              0x00000000   Number         0  stubs.o ABSOLUTE
    _printf_llo                              0x00000000   Number         0  stubs.o ABSOLUTE
    _printf_llu                              0x00000000   Number         0  stubs.o ABSOLUTE
    _printf_llx                              0x00000000   Number         0  stubs.o ABSOLUTE
    _printf_longlong_dec                     0x00000000   Number         0  stubs.o ABSOLUTE
    _printf_longlong_hex                     0x00000000   Number         0  stubs.o ABSOLUTE
    _printf_longlong_oct                     0x00000000   Number         0  stubs.o ABSOLUTE
    _printf_ls                               0x00000000   Number         0  stubs.o ABSOLUTE
    _printf_mbtowc                           0x00000000   Number         0  stubs.o ABSOLUTE
    _printf_n                                0x00000000   Number         0  stubs.o ABSOLUTE
    _printf_o                                0x00000000   Number         0  stubs.o ABSOLUTE
    _printf_p                                0x00000000   Number         0  stubs.o ABSOLUTE
    _printf_percent                          0x00000000   Number         0  stubs.o ABSOLUTE
    _printf_pre_padding                      0x00000000   Number         0  stubs.o ABSOLUTE
    _printf_return_value                     0x00000000   Number         0  stubs.o ABSOLUTE
    _printf_s                                0x00000000   Number         0  stubs.o ABSOLUTE
    _printf_sizespec                         0x00000000   Number         0  stubs.o ABSOLUTE
    _printf_str                              0x00000000   Number         0  stubs.o ABSOLUTE
    _printf_truncate_signed                  0x00000000   Number         0  stubs.o ABSOLUTE
    _printf_truncate_unsigned                0x00000000   Number         0  stubs.o ABSOLUTE
    _printf_u                                0x00000000   Number         0  stubs.o ABSOLUTE
    _printf_wc                               0x00000000   Number         0  stubs.o ABSOLUTE
    _printf_wctomb                           0x00000000   Number         0  stubs.o ABSOLUTE
    _printf_widthprec                        0x00000000   Number         0  stubs.o ABSOLUTE
    _printf_x                                0x00000000   Number         0  stubs.o ABSOLUTE
    __cpp_initialize__aeabi_                  - Undefined Weak Reference
    __cxa_finalize                            - Undefined Weak Reference
    _clock_init                               - Undefined Weak Reference
    _microlib_exit                            - Undefined Weak Reference
    __Vectors_End                            0x00000200   Data           0  arm_startup_nrf52840.o(RESET)
    __Vectors_Size                           0x00000200   Number         0  arm_startup_nrf52840.o ABSOLUTE
    __main                                   0x00000201   Thumb Code     0  entry.o(.ARM.Collect$$$$00000000)
    _main_stk                                0x00000201   Thumb Code     0  entry2.o(.ARM.Collect$$$$00000001)
    _main_scatterload                        0x00000205   Thumb Code     0  entry5.o(.ARM.Collect$$$$00000004)
    __main_after_scatterload                 0x00000209   Thumb Code     0  entry5.o(.ARM.Collect$$$$00000004)
    _main_clock                              0x00000209   Thumb Code     0  entry7b.o(.ARM.Collect$$$$00000008)
    _main_cpp_init                           0x00000209   Thumb Code     0  entry8b.o(.ARM.Collect$$$$0000000A)
    _main_init                               0x00000209   Thumb Code     0  entry9a.o(.ARM.Collect$$$$0000000B)
    __rt_final_cpp                           0x00000211   Thumb Code     0  entry10a.o(.ARM.Collect$$$$0000000D)
    __rt_final_exit                          0x00000211   Thumb Code     0  entry11a.o(.ARM.Collect$$$$0000000F)
    LOS_StartToRun                           0x00000215   Thumb Code     0  los_dispatch_keil.o(.text)
    LOS_IntNumGet                            0x00000265   Thumb Code     0  los_dispatch_keil.o(.text)
    osDisableIRQ                             0x0000026b   Thumb Code     0  los_dispatch_keil.o(.text)
    LOS_IntLock                              0x0000026f   Thumb Code     0  los_dispatch_keil.o(.text)
    LOS_IntUnLock                            0x00000277   Thumb Code     0  los_dispatch_keil.o(.text)
    LOS_IntRestore                           0x0000027f   Thumb Code     0  los_dispatch_keil.o(.text)
    osTaskSchedule                           0x00000285   Thumb Code     0  los_dispatch_keil.o(.text)
    PendSV_Handler                           0x0000028f   Thumb Code     0  los_dispatch_keil.o(.text)
    Reset_Handler                            0x00000301   Thumb Code     8  arm_startup_nrf52840.o(.text)
    NMI_Handler                              0x00000309   Thumb Code     2  arm_startup_nrf52840.o(.text)
    HardFault_Handler                        0x0000030b   Thumb Code     2  arm_startup_nrf52840.o(.text)
    MemoryManagement_Handler                 0x0000030d   Thumb Code     2  arm_startup_nrf52840.o(.text)
    BusFault_Handler                         0x0000030f   Thumb Code     2  arm_startup_nrf52840.o(.text)
    UsageFault_Handler                       0x00000311   Thumb Code     2  arm_startup_nrf52840.o(.text)
    SVC_Handler                              0x00000313   Thumb Code     2  arm_startup_nrf52840.o(.text)
    DebugMon_Handler                         0x00000315   Thumb Code     2  arm_startup_nrf52840.o(.text)
    CCM_AAR_IRQHandler                       0x0000031b   Thumb Code     0  arm_startup_nrf52840.o(.text)
    COMP_LPCOMP_IRQHandler                   0x0000031b   Thumb Code     0  arm_startup_nrf52840.o(.text)
    CRYPTOCELL_IRQHandler                    0x0000031b   Thumb Code     0  arm_startup_nrf52840.o(.text)
    ECB_IRQHandler                           0x0000031b   Thumb Code     0  arm_startup_nrf52840.o(.text)
    FPU_IRQHandler                           0x0000031b   Thumb Code     0  arm_startup_nrf52840.o(.text)
    GPIOTE_IRQHandler                        0x0000031b   Thumb Code     0  arm_startup_nrf52840.o(.text)
    I2S_IRQHandler                           0x0000031b   Thumb Code     0  arm_startup_nrf52840.o(.text)
    MWU_IRQHandler                           0x0000031b   Thumb Code     0  arm_startup_nrf52840.o(.text)
    NFCT_IRQHandler                          0x0000031b   Thumb Code     0  arm_startup_nrf52840.o(.text)
    PDM_IRQHandler                           0x0000031b   Thumb Code     0  arm_startup_nrf52840.o(.text)
    POWER_CLOCK_IRQHandler                   0x0000031b   Thumb Code     0  arm_startup_nrf52840.o(.text)
    PWM0_IRQHandler                          0x0000031b   Thumb Code     0  arm_startup_nrf52840.o(.text)
    PWM1_IRQHandler                          0x0000031b   Thumb Code     0  arm_startup_nrf52840.o(.text)
    PWM2_IRQHandler                          0x0000031b   Thumb Code     0  arm_startup_nrf52840.o(.text)
    PWM3_IRQHandler                          0x0000031b   Thumb Code     0  arm_startup_nrf52840.o(.text)
    QDEC_IRQHandler                          0x0000031b   Thumb Code     0  arm_startup_nrf52840.o(.text)
    QSPI_IRQHandler                          0x0000031b   Thumb Code     0  arm_startup_nrf52840.o(.text)
    RADIO_IRQHandler                         0x0000031b   Thumb Code     0  arm_startup_nrf52840.o(.text)
    RNG_IRQHandler                           0x0000031b   Thumb Code     0  arm_startup_nrf52840.o(.text)
    RTC0_IRQHandler                          0x0000031b   Thumb Code     0  arm_startup_nrf52840.o(.text)
    RTC1_IRQHandler                          0x0000031b   Thumb Code     0  arm_startup_nrf52840.o(.text)
    RTC2_IRQHandler                          0x0000031b   Thumb Code     0  arm_startup_nrf52840.o(.text)
    SAADC_IRQHandler                         0x0000031b   Thumb Code     0  arm_startup_nrf52840.o(.text)
    SPIM0_SPIS0_TWIM0_TWIS0_SPI0_TWI0_IRQHandler 0x0000031b   Thumb Code     0  arm_startup_nrf52840.o(.text)
    SPIM1_SPIS1_TWIM1_TWIS1_SPI1_TWI1_IRQHandler 0x0000031b   Thumb Code     0  arm_startup_nrf52840.o(.text)
    SPIM2_SPIS2_SPI2_IRQHandler              0x0000031b   Thumb Code     0  arm_startup_nrf52840.o(.text)
    SPIM3_IRQHandler                         0x0000031b   Thumb Code     0  arm_startup_nrf52840.o(.text)
    SWI0_EGU0_IRQHandler                     0x0000031b   Thumb Code     0  arm_startup_nrf52840.o(.text)
    SWI1_EGU1_IRQHandler                     0x0000031b   Thumb Code     0  arm_startup_nrf52840.o(.text)
    SWI2_EGU2_IRQHandler                     0x0000031b   Thumb Code     0  arm_startup_nrf52840.o(.text)
    SWI3_EGU3_IRQHandler                     0x0000031b   Thumb Code     0  arm_startup_nrf52840.o(.text)
    SWI4_EGU4_IRQHandler                     0x0000031b   Thumb Code     0  arm_startup_nrf52840.o(.text)
    SWI5_EGU5_IRQHandler                     0x0000031b   Thumb Code     0  arm_startup_nrf52840.o(.text)
    TEMP_IRQHandler                          0x0000031b   Thumb Code     0  arm_startup_nrf52840.o(.text)
    TIMER0_IRQHandler                        0x0000031b   Thumb Code     0  arm_startup_nrf52840.o(.text)
    TIMER1_IRQHandler                        0x0000031b   Thumb Code     0  arm_startup_nrf52840.o(.text)
    TIMER2_IRQHandler                        0x0000031b   Thumb Code     0  arm_startup_nrf52840.o(.text)
    TIMER3_IRQHandler                        0x0000031b   Thumb Code     0  arm_startup_nrf52840.o(.text)
    TIMER4_IRQHandler                        0x0000031b   Thumb Code     0  arm_startup_nrf52840.o(.text)
    UARTE0_UART0_IRQHandler                  0x0000031b   Thumb Code     0  arm_startup_nrf52840.o(.text)
    UARTE1_IRQHandler                        0x0000031b   Thumb Code     0  arm_startup_nrf52840.o(.text)
    USBD_IRQHandler                          0x0000031b   Thumb Code     0  arm_startup_nrf52840.o(.text)
    WDT_IRQHandler                           0x0000031b   Thumb Code     0  arm_startup_nrf52840.o(.text)
    __aeabi_uldivmod                         0x00000325   Thumb Code    98  uldiv.o(.text)
    __aeabi_memset                           0x00000387   Thumb Code    14  memseta.o(.text)
    __aeabi_memset4                          0x00000387   Thumb Code     0  memseta.o(.text)
    __aeabi_memset8                          0x00000387   Thumb Code     0  memseta.o(.text)
    __aeabi_memclr                           0x00000395   Thumb Code     4  memseta.o(.text)
    __aeabi_memclr4                          0x00000395   Thumb Code     0  memseta.o(.text)
    __aeabi_memclr8                          0x00000395   Thumb Code     0  memseta.o(.text)
    _memset$wrapper                          0x00000399   Thumb Code    18  memseta.o(.text)
    __aeabi_ddiv                             0x000003ab   Thumb Code   222  ddiv.o(.text)
    __aeabi_d2ulz                            0x00000489   Thumb Code    48  dfixul.o(.text)
    __aeabi_uidiv                            0x000004b9   Thumb Code     0  uidiv.o(.text)
    __aeabi_uidivmod                         0x000004b9   Thumb Code    44  uidiv.o(.text)
    __aeabi_llsl                             0x000004e5   Thumb Code    30  llshl.o(.text)
    _ll_shift_l                              0x000004e5   Thumb Code     0  llshl.o(.text)
    __aeabi_llsr                             0x00000503   Thumb Code    32  llushr.o(.text)
    _ll_ushift_r                             0x00000503   Thumb Code     0  llushr.o(.text)
    __I$use$fp                               0x00000523   Thumb Code     0  iusefp.o(.text)
    _double_round                            0x00000523   Thumb Code    30  depilogue.o(.text)
    _double_epilogue                         0x00000541   Thumb Code   156  depilogue.o(.text)
    __aeabi_dadd                             0x000005dd   Thumb Code   322  dadd.o(.text)
    __aeabi_dsub                             0x0000071f   Thumb Code     6  dadd.o(.text)
    __aeabi_drsub                            0x00000725   Thumb Code     6  dadd.o(.text)
    __aeabi_dmul                             0x0000072b   Thumb Code   228  dmul.o(.text)
    __aeabi_cdrcmple                         0x00000811   Thumb Code    48  cdrcmple.o(.text)
    __scatterload                            0x00000841   Thumb Code    28  init.o(.text)
    __scatterload_rt2                        0x00000841   Thumb Code     0  init.o(.text)
    __aeabi_lasr                             0x00000865   Thumb Code    36  llsshr.o(.text)
    _ll_sshift_r                             0x00000865   Thumb Code     0  llsshr.o(.text)
    __decompress                             0x00000889   Thumb Code     0  __dczerorl2.o(.text)
    __decompress1                            0x00000889   Thumb Code    86  __dczerorl2.o(.text)
    Example_Dyn_Mem                          0x000008e1   Thumb Code   134  los_api_dynamic_mem.o(i.Example_Dyn_Mem)
    Example_Event                            0x000009f1   Thumb Code    62  los_api_event.o(i.Example_Event)
    Example_GetTick                          0x00000a99   Thumb Code   126  los_api_systick.o(i.Example_GetTick)
    Example_MsgQueue                         0x00000b71   Thumb Code   130  los_api_msgqueue.o(i.Example_MsgQueue)
    Example_MutexLock                        0x00000c91   Thumb Code   184  los_api_mutex.o(i.Example_MutexLock)
    Example_MutexTask1                       0x00000dd5   Thumb Code    94  los_api_mutex.o(i.Example_MutexTask1)
    Example_MutexTask2                       0x00000eed   Thumb Code    62  los_api_mutex.o(i.Example_MutexTask2)
    Example_SemTask1                         0x00000fd1   Thumb Code    88  los_api_sem.o(i.Example_SemTask1)
    Example_SemTask2                         0x000010b1   Thumb Code    52  los_api_sem.o(i.Example_SemTask2)
    Example_Semphore                         0x00001189   Thumb Code   204  los_api_sem.o(i.Example_Semphore)
    Example_SndRcvEvent                      0x000012e1   Thumb Code   162  los_api_event.o(i.Example_SndRcvEvent)
    Example_StaticMem                        0x00001435   Thumb Code   144  los_api_static_mem.o(i.Example_StaticMem)
    Example_TaskHi                           0x00001579   Thumb Code   102  los_api_task.o(i.Example_TaskHi)
    Example_TaskLo                           0x0000168d   Thumb Code    88  los_api_task.o(i.Example_TaskLo)
    Example_TskCaseEntry                     0x00001771   Thumb Code   152  los_api_task.o(i.Example_TskCaseEntry)
    Example_list                             0x000018ed   Thumb Code   232  los_api_list.o(i.Example_list)
    Example_swTimer                          0x00001a81   Thumb Code   148  los_api_timer.o(i.Example_swTimer)
    LOS_Align                                0x00001b89   Thumb Code    28  los_misc.o(i.LOS_Align)
    LOS_CyclePerTickGet                      0x00001ba5   Thumb Code     6  los_sys.o(i.LOS_CyclePerTickGet)
    LOS_DLnkInitMultiHead                    0x00001bab   Thumb Code    30  los_multipledlinkhead.o(i.LOS_DLnkInitMultiHead)
    LOS_DLnkMultiHead                        0x00001bc9   Thumb Code    42  los_multipledlinkhead.o(i.LOS_DLnkMultiHead)
    LOS_EnableTick                           0x00001bf3   Thumb Code    18  los_config.o(i.LOS_EnableTick)
    LOS_EvbGetKeyVal                         0x00001c05   Thumb Code    26  los_bsp_key.o(i.LOS_EvbGetKeyVal)
    LOS_EvbKeyInit                           0x00001c1f   Thumb Code     8  los_bsp_key.o(i.LOS_EvbKeyInit)
    LOS_EvbLedControl                        0x00001c27   Thumb Code    26  los_bsp_led.o(i.LOS_EvbLedControl)
    LOS_EvbLedInit                           0x00001c41   Thumb Code     8  los_bsp_led.o(i.LOS_EvbLedInit)
    LOS_EvbSetup                             0x00001c49   Thumb Code    16  los_bsp_adapter.o(i.LOS_EvbSetup)
    LOS_EvbUartInit                          0x00001c59   Thumb Code     8  los_bsp_uart.o(i.LOS_EvbUartInit)
    LOS_EvbUartWriteByte                     0x00001c61   Thumb Code    12  los_bsp_uart.o(i.LOS_EvbUartWriteByte)
    LOS_EventClear                           0x00001c6d   Thumb Code    34  los_event.o(i.LOS_EventClear)
    LOS_EventInit                            0x00001c95   Thumb Code    24  los_event.o(i.LOS_EventInit)
    LOS_EventPoll                            0x00001cb1   Thumb Code    80  los_event.o(i.LOS_EventPoll)
    LOS_EventRead                            0x00001d01   Thumb Code   330  los_event.o(i.LOS_EventRead)
    LOS_EventWrite                           0x00001e5d   Thumb Code   244  los_event.o(i.LOS_EventWrite)
    LOS_InspectByID                          0x00001f55   Thumb Code   204  los_inspect_entry.o(i.LOS_InspectByID)
    LOS_InspectStatusSetByID                 0x000020b9   Thumb Code    64  los_inspect_entry.o(i.LOS_InspectStatusSetByID)
    LOS_Inspect_Entry                        0x00002119   Thumb Code    52  los_inspect_entry.o(i.LOS_Inspect_Entry)
    LOS_Inspect_TskDeal                      0x000021c9   Thumb Code    80  los_inspect_entry.o(i.LOS_Inspect_TskDeal)
    LOS_KernelInit                           0x00002295   Thumb Code    18  los_config.o(i.LOS_KernelInit)
    LOS_MemAlloc                             0x00002519   Thumb Code    58  los_memory.o(i.LOS_MemAlloc)
    LOS_MemAllocAlign                        0x00002553   Thumb Code   108  los_memory.o(i.LOS_MemAllocAlign)
    LOS_MemFree                              0x000025bf   Thumb Code    84  los_memory.o(i.LOS_MemFree)
    LOS_MemInit                              0x00002613   Thumb Code   166  los_memory.o(i.LOS_MemInit)
    LOS_MemboxAlloc                          0x000026b9   Thumb Code    60  los_membox.o(i.LOS_MemboxAlloc)
    LOS_MemboxClr                            0x000026f9   Thumb Code    28  los_membox.o(i.LOS_MemboxClr)
    LOS_MemboxFree                           0x00002715   Thumb Code   158  los_membox.o(i.LOS_MemboxFree)
    LOS_MemboxInit                           0x000027b9   Thumb Code   128  los_membox.o(i.LOS_MemboxInit)
    LOS_MuxCreate                            0x00002839   Thumb Code    90  los_mux.o(i.LOS_MuxCreate)
    LOS_MuxDelete                            0x0000289d   Thumb Code    90  los_mux.o(i.LOS_MuxDelete)
    LOS_MuxPend                              0x00002905   Thumb Code   308  los_mux.o(i.LOS_MuxPend)
    LOS_MuxPost                              0x00002a4d   Thumb Code   238  los_mux.o(i.LOS_MuxPost)
    LOS_PriqueueDequeue                      0x00002b4d   Thumb Code    24  los_priqueue.o(i.LOS_PriqueueDequeue)
    LOS_PriqueueEnqueue                      0x00002b65   Thumb Code    32  los_priqueue.o(i.LOS_PriqueueEnqueue)
    LOS_PriqueueSize                         0x00002b89   Thumb Code    36  los_priqueue.o(i.LOS_PriqueueSize)
    LOS_PriqueueTop                          0x00002bb1   Thumb Code    54  los_priqueue.o(i.LOS_PriqueueTop)
    LOS_QueueCreate                          0x00002bed   Thumb Code   118  los_queue.o(i.LOS_QueueCreate)
    LOS_QueueDelete                          0x00002c69   Thumb Code   162  los_queue.o(i.LOS_QueueDelete)
    LOS_QueueRead                            0x00002d19   Thumb Code   282  los_queue.o(i.LOS_QueueRead)
    LOS_QueueWrite                           0x00002e49   Thumb Code   296  los_queue.o(i.LOS_QueueWrite)
    LOS_Schedule                             0x00002f85   Thumb Code    56  los_hw.o(i.LOS_Schedule)
    LOS_SemCreate                            0x00002fc5   Thumb Code    98  los_sem.o(i.LOS_SemCreate)
    LOS_SemDelete                            0x00003031   Thumb Code    82  los_sem.o(i.LOS_SemDelete)
    LOS_SemPend                              0x00003091   Thumb Code   236  los_sem.o(i.LOS_SemPend)
    LOS_SemPost                              0x00003191   Thumb Code   176  los_sem.o(i.LOS_SemPost)
    LOS_SetTickSycle                         0x00003249   Thumb Code     6  los_hw_tick.o(i.LOS_SetTickSycle)
    LOS_Start                                0x00003255   Thumb Code    12  los_config.o(i.LOS_Start)
    LOS_SwtmrCreate                          0x00003261   Thumb Code   130  los_swtmr.o(i.LOS_SwtmrCreate)
    LOS_SwtmrDelete                          0x000032ed   Thumb Code   122  los_swtmr.o(i.LOS_SwtmrDelete)
    LOS_SwtmrStart                           0x00003371   Thumb Code   122  los_swtmr.o(i.LOS_SwtmrStart)
    LOS_SwtmrStop                            0x000033f5   Thumb Code   120  los_swtmr.o(i.LOS_SwtmrStop)
    LOS_TaskCreate                           0x00003475   Thumb Code   140  los_task.o(i.LOS_TaskCreate)
    LOS_TaskCreateOnly                       0x00003511   Thumb Code   368  los_task.o(i.LOS_TaskCreateOnly)
    LOS_TaskDelay                            0x00003695   Thumb Code   106  los_task.o(i.LOS_TaskDelay)
    LOS_TaskDelete                           0x00003715   Thumb Code   320  los_task.o(i.LOS_TaskDelete)
    LOS_TaskLock                             0x0000387d   Thumb Code    26  los_task.o(i.LOS_TaskLock)
    LOS_TaskResume                           0x0000389d   Thumb Code   158  los_task.o(i.LOS_TaskResume)
    LOS_TaskSuspend                          0x0000394d   Thumb Code   196  los_task.o(i.LOS_TaskSuspend)
    LOS_TaskUnlock                           0x00003a31   Thumb Code    54  los_task.o(i.LOS_TaskUnlock)
    LOS_TaskYield                            0x00003a6d   Thumb Code   118  los_task.o(i.LOS_TaskYield)
    LOS_TickCountGet                         0x00003af1   Thumb Code     6  los_sys.o(i.LOS_TickCountGet)
    LOS_TickHandler                          0x00003afd   Thumb Code    52  los_hw_tick.o(i.LOS_TickHandler)
    LosAdapIntInit                           0x00003b35   Thumb Code     2  los_bsp_adapter.o(i.LosAdapIntInit)
    SysTick_Handler                          0x00003b37   Thumb Code     8  los_bsp_adapter.o(i.SysTick_Handler)
    SystemCoreClockUpdate                    0x00003b41   Thumb Code     8  system_nrf52840.o(i.SystemCoreClockUpdate)
    SystemInit                               0x00003b51   Thumb Code   470  system_nrf52840.o(i.SystemInit)
    Timer1_Callback                          0x00003d65   Thumb Code    40  los_api_timer.o(i.Timer1_Callback)
    Timer2_Callback                          0x00003db5   Thumb Code    48  los_api_timer.o(i.Timer2_Callback)
    __0printf                                0x00003e0d   Thumb Code    22  printfa.o(i.__0printf)
    __1printf                                0x00003e0d   Thumb Code     0  printfa.o(i.__0printf)
    __2printf                                0x00003e0d   Thumb Code     0  printfa.o(i.__0printf)
    __c89printf                              0x00003e0d   Thumb Code     0  printfa.o(i.__0printf)
    printf                                   0x00003e0d   Thumb Code     0  printfa.o(i.__0printf)
    __scatterload_copy                       0x00003e2d   Thumb Code    14  handlers.o(i.__scatterload_copy)
    __scatterload_null                       0x00003e3b   Thumb Code     2  handlers.o(i.__scatterload_null)
    __scatterload_zeroinit                   0x00003e3d   Thumb Code    14  handlers.o(i.__scatterload_zeroinit)
    bsp_board_button_state_get               0x000046e1   Thumb Code    48  los_bsp_key.o(i.bsp_board_button_state_get)
    bsp_board_buttons_init                   0x00004715   Thumb Code    72  los_bsp_key.o(i.bsp_board_buttons_init)
    bsp_board_led_off                        0x00004761   Thumb Code    16  los_bsp_led.o(i.bsp_board_led_off)
    bsp_board_led_on                         0x00004775   Thumb Code    16  los_bsp_led.o(i.bsp_board_led_on)
    bsp_board_leds_init                      0x00004789   Thumb Code    78  los_bsp_led.o(i.bsp_board_leds_init)
    bsp_board_leds_off                       0x000047dd   Thumb Code    20  los_bsp_led.o(i.bsp_board_leds_off)
    fputc                                    0x00004899   Thumb Code    16  los_bsp_uart.o(i.fputc)
    free                                     0x000048a9   Thumb Code    76  malloc.o(i.free)
    main                                     0x000048f9   Thumb Code    34  main.o(i.main)
    osHwiDefaultHandler                      0x000049d7   Thumb Code     8  los_hwi.o(i.osHwiDefaultHandler)
    osHwiInit                                0x000049e1   Thumb Code    26  los_hwi.o(i.osHwiInit)
    osIdleTask                               0x00004a05   Thumb Code     4  los_task.o(i.osIdleTask)
    osIdleTaskCreate                         0x00004a09   Thumb Code    54  los_task.o(i.osIdleTaskCreate)
    osIntNumGet                              0x00004a55   Thumb Code    12  los_hwi.o(i.osIntNumGet)
    osMain                                   0x00004a61   Thumb Code   108  los_config.o(i.osMain)
    osMemSystemInit                          0x00004da5   Thumb Code    26  los_memory.o(i.osMemSystemInit)
    osMuxInit                                0x00004dc9   Thumb Code    74  los_mux.o(i.osMuxInit)
    osPriqueueInit                           0x00004e25   Thumb Code    64  los_priqueue.o(i.osPriqueueInit)
    osQueueCreate                            0x00004e6d   Thumb Code   100  los_queue.o(i.osQueueCreate)
    osQueueInit                              0x00004edd   Thumb Code    44  los_queue.o(i.osQueueInit)
    osRegister                               0x00004ff5   Thumb Code    14  los_config.o(i.osRegister)
    osSchedule                               0x00005011   Thumb Code     8  los_hw.o(i.osSchedule)
    osSemInit                                0x00005019   Thumb Code    70  los_sem.o(i.osSemInit)
    osSwTmrInit                              0x00005071   Thumb Code   142  los_swtmr.o(i.osSwTmrInit)
    osSwTmrStart                             0x0000511d   Thumb Code    92  los_swtmr.o(i.osSwTmrStart)
    osSwTmrTask                              0x0000517d   Thumb Code    70  los_swtmr.o(i.osSwTmrTask)
    osSwTmrTaskCreate                        0x000051cd   Thumb Code    52  los_swtmr.o(i.osSwTmrTaskCreate)
    osSwtmrScan                              0x000052b5   Thumb Code    32  los_swtmr.o(i.osSwtmrScan)
    osSwtmrStop                              0x000052d9   Thumb Code    66  los_swtmr.o(i.osSwtmrStop)
    osTaskAdd2TimerList                      0x00005321   Thumb Code   188  los_task.o(i.osTaskAdd2TimerList)
    osTaskEntry                              0x000053e1   Thumb Code   154  los_task.o(i.osTaskEntry)
    osTaskExit                               0x00005485   Thumb Code     8  los_hw.o(i.osTaskExit)
    osTaskInit                               0x0000548d   Thumb Code   258  los_task.o(i.osTaskInit)
    osTaskMemUsedDec                         0x000055b5   Thumb Code    40  los_memstat.o(i.osTaskMemUsedDec)
    osTaskMemUsedInc                         0x000055e9   Thumb Code    48  los_memstat.o(i.osTaskMemUsedInc)
    osTaskPriModify                          0x00005625   Thumb Code    56  los_task.o(i.osTaskPriModify)
    osTaskScan                               0x0000565d   Thumb Code   214  los_task.o(i.osTaskScan)
    osTaskSelfDelete                         0x00005739   Thumb Code   236  los_task.o(i.osTaskSelfDelete)
    osTickHandler                            0x00005835   Thumb Code    34  los_tick.o(i.osTickHandler)
    osTickStart                              0x0000585d   Thumb Code    94  los_bsp_adapter.o(i.osTickStart)
    osTimerListDelete                        0x000058c9   Thumb Code    66  los_task.o(i.osTimerListDelete)
    osTimesliceCheck                         0x00005911   Thumb Code    64  los_timeslice.o(i.osTimesliceCheck)
    osTimesliceInit                          0x0000595d   Thumb Code    12  los_timeslice.o(i.osTimesliceInit)
    osTskStackInit                           0x0000596d   Thumb Code   306  los_hw.o(i.osTskStackInit)
    recv_Entry                               0x00005aad   Thumb Code   120  los_api_msgqueue.o(i.recv_Entry)
    send_Entry                               0x00005b79   Thumb Code    76  los_api_msgqueue.o(i.send_Entry)
    uart_init                                0x00005bed   Thumb Code    94  los_bsp_uart.o(i.uart_init)
    uart_send                                0x00005c5d   Thumb Code    22  los_bsp_uart.o(i.uart_send)
    sys_clk_freq                             0x00005c7c   Data           4  los_bsp_adapter.o(.constdata)
    tick_per_second                          0x00005c80   Data           4  los_bsp_adapter.o(.constdata)
    g_use_ram_vect                           0x00005c84   Data           1  los_bsp_adapter.o(.constdata)
    Region$$Table$$Base                      0x00005cd4   Number         0  anon$$obj.o(Region$$Table)
    Region$$Table$$Limit                     0x00005cf4   Number         0  anon$$obj.o(Region$$Table)
    g_pstLosPriorityQueueList                0x20000000   Data           4  los_priqueue.o(.data)
    m_uwSwTmrHandlerQueue                    0x20000004   Data           4  los_swtmr.o(.data)
    m_pstSwtmrCBArray                        0x20000008   Data           4  los_swtmr.o(.data)
    m_pstSwtmrFreeList                       0x2000000c   Data           4  los_swtmr.o(.data)
    m_pstSwtmrSortList                       0x20000010   Data           4  los_swtmr.o(.data)
    g_pstTaskCBArray                         0x20000014   Data           4  los_task.o(.data)
    g_stLosTask                              0x20000018   Data           8  los_task.o(.data)
    g_usLosTaskLock                          0x20000020   Data           2  los_task.o(.data)
    g_uwTskMaxNum                            0x20000024   Data           4  los_task.o(.data)
    g_uwIdleTaskID                           0x20000028   Data           4  los_task.o(.data)
    g_uwSwtmrTaskID                          0x2000002c   Data           4  los_task.o(.data)
    g_stTaskTimerList                        0x20000030   Data           8  los_task.o(.data)
    g_stLosFreeTask                          0x20000038   Data           8  los_task.o(.data)
    g_stTskRecyleList                        0x20000040   Data           8  los_task.o(.data)
    g_stTskSortLink                          0x20000048   Data           8  los_task.o(.data)
    g_bTaskScheduled                         0x20000050   Data           4  los_task.o(.data)
    g_pfnTskSwitchHook                       0x20000054   Data           4  los_task.o(.data)
    g_ullTickCount                           0x20000058   Data           8  los_tick.o(.data)
    g_uwTicksPerSec                          0x20000060   Data           4  los_tick.o(.data)
    g_uwCyclePerSec                          0x20000064   Data           4  los_tick.o(.data)
    g_stTaskTimeSlice                        0x20000068   Data           8  los_timeslice.o(.data)
    g_pstAllMux                              0x20000070   Data           4  los_mux.o(.data)
    g_stUnusedMuxList                        0x20000074   Data           8  los_mux.o(.data)
    g_pstAllQueue                            0x2000007c   Data           4  los_queue.o(.data)
    g_stUnusedSemList                        0x20000080   Data           8  los_sem.o(.data)
    g_pstAllSem                              0x20000088   Data           4  los_sem.o(.data)
    g_uwCyclesPerTick                        0x2000008c   Data           4  los_hw_tick.o(.data)
    g_vuwIntCount                            0x20000090   Data           4  los_hwi.o(.data)
    m_aucSysMem0                             0x20000094   Data           4  los_config.o(.data)
    g_sys_mem_addr_end                       0x20000098   Data           4  los_config.o(.data)
    g_TestTaskID                             0x200000a0   Data           4  los_api_event.o(.data)
    g_uweventTaskID                          0x200000a4   Data           4  los_api_event.o(.data)
    abuf                                     0x200000ac   Data          18  los_api_msgqueue.o(.data)
    g_Testmux01                              0x200000c0   Data           4  los_api_mutex.o(.data)
    g_TestTaskID01                           0x200000c4   Data           4  los_api_mutex.o(.data)
    g_TestTaskID02                           0x200000c8   Data           4  los_api_mutex.o(.data)
    g_uwTskHiID                              0x200000d8   Data           4  los_api_task.o(.data)
    g_uwTskLoID                              0x200000dc   Data           4  los_api_task.o(.data)
    g_timercount1                            0x200000e0   Data           4  los_api_timer.o(.data)
    g_timercount2                            0x200000e4   Data           4  los_api_timer.o(.data)
    SystemCoreClock                          0x20000190   Data           4  system_nrf52840.o(.data)
    __stdout                                 0x20000194   Data           4  stdout.o(.data)
    __microlib_freelist                      0x20000198   Data           4  mvars.o(.data)
    m_pstHwiForm                             0x2000019c   Data        1024  los_hwi.o(.vector.bss)
    m_aucSwTmrHandlerPool                    0x2000059c   Data         208  los_swtmr.o(.bss)
    g_ucMemStart                             0x2000066c   Data       32768  los_memory.o(.bss)
    g_TskMemUsedInfo                         0x2000866c   Data          64  los_memstat.o(.bss)
    example_event                            0x200086ac   Data          12  los_api_event.o(.bss)
    pBoxMem                                  0x200086b8   Data         600  los_api_static_mem.o(.bss)
    __initial_sp                             0x2000a910   Data           0  arm_startup_nrf52840.o(STACK)



==============================================================================

Memory Map of the image

  Image Entry point : 0x00000201

  Load Region LR_IROM1 (Base: 0x00000000, Size: 0x00006290, Max: 0x00100000, ABSOLUTE, COMPRESSED[0x00005d98])

    Execution Region ER_IROM1 (Base: 0x00000000, Size: 0x00005cf4, Max: 0x00100000, ABSOLUTE)

    Base Addr    Size         Type   Attr      Idx    E Section Name        Object

    0x00000000   0x00000200   Data   RO         2479    RESET               arm_startup_nrf52840.o
    0x00000200   0x00000000   Code   RO         2592  * .ARM.Collect$$$$00000000  mc_w.l(entry.o)
    0x00000200   0x00000004   Code   RO         2898    .ARM.Collect$$$$00000001  mc_w.l(entry2.o)
    0x00000204   0x00000004   Code   RO         2901    .ARM.Collect$$$$00000004  mc_w.l(entry5.o)
    0x00000208   0x00000000   Code   RO         2903    .ARM.Collect$$$$00000008  mc_w.l(entry7b.o)
    0x00000208   0x00000000   Code   RO         2905    .ARM.Collect$$$$0000000A  mc_w.l(entry8b.o)
    0x00000208   0x00000008   Code   RO         2906    .ARM.Collect$$$$0000000B  mc_w.l(entry9a.o)
    0x00000210   0x00000000   Code   RO         2908    .ARM.Collect$$$$0000000D  mc_w.l(entry10a.o)
    0x00000210   0x00000000   Code   RO         2910    .ARM.Collect$$$$0000000F  mc_w.l(entry11a.o)
    0x00000210   0x00000004   Code   RO         2899    .ARM.Collect$$$$00002712  mc_w.l(entry2.o)
    0x00000214   0x000000ec   Code   RO         1106    .text               los_dispatch_keil.o
    0x00000300   0x00000024   Code   RO         2480    .text               arm_startup_nrf52840.o
    0x00000324   0x00000062   Code   RO         2595    .text               mc_w.l(uldiv.o)
    0x00000386   0x00000024   Code   RO         2599    .text               mc_w.l(memseta.o)
    0x000003aa   0x000000de   Code   RO         2892    .text               mf_w.l(ddiv.o)
    0x00000488   0x00000030   Code   RO         2896    .text               mf_w.l(dfixul.o)
    0x000004b8   0x0000002c   Code   RO         2913    .text               mc_w.l(uidiv.o)
    0x000004e4   0x0000001e   Code   RO         2915    .text               mc_w.l(llshl.o)
    0x00000502   0x00000020   Code   RO         2917    .text               mc_w.l(llushr.o)
    0x00000522   0x00000000   Code   RO         2921    .text               mc_w.l(iusefp.o)
    0x00000522   0x000000ba   Code   RO         2922    .text               mf_w.l(depilogue.o)
    0x000005dc   0x0000014e   Code   RO         2924    .text               mf_w.l(dadd.o)
    0x0000072a   0x000000e4   Code   RO         2926    .text               mf_w.l(dmul.o)
    0x0000080e   0x00000002   PAD
    0x00000810   0x00000030   Code   RO         2928    .text               mf_w.l(cdrcmple.o)
    0x00000840   0x00000024   Code   RO         2930    .text               mc_w.l(init.o)
    0x00000864   0x00000024   Code   RO         2932    .text               mc_w.l(llsshr.o)
    0x00000888   0x00000056   Code   RO         2942    .text               mc_w.l(__dczerorl2.o)
    0x000008de   0x00000002   PAD
    0x000008e0   0x00000110   Code   RO         2036    i.Example_Dyn_Mem   los_api_dynamic_mem.o
    0x000009f0   0x000000a8   Code   RO         2067    i.Example_Event     los_api_event.o
    0x00000a98   0x000000d8   Code   RO         2276    i.Example_GetTick   los_api_systick.o
    0x00000b70   0x00000120   Code   RO         2168    i.Example_MsgQueue  los_api_msgqueue.o
    0x00000c90   0x00000144   Code   RO         2198    i.Example_MutexLock  los_api_mutex.o
    0x00000dd4   0x00000118   Code   RO         2199    i.Example_MutexTask1  los_api_mutex.o
    0x00000eec   0x000000e4   Code   RO         2200    i.Example_MutexTask2  los_api_mutex.o
    0x00000fd0   0x000000e0   Code   RO         2228    i.Example_SemTask1  los_api_sem.o
    0x000010b0   0x000000d8   Code   RO         2229    i.Example_SemTask2  los_api_sem.o
    0x00001188   0x00000158   Code   RO         2230    i.Example_Semphore  los_api_sem.o
    0x000012e0   0x00000154   Code   RO         2068    i.Example_SndRcvEvent  los_api_event.o
    0x00001434   0x00000144   Code   RO         2258    i.Example_StaticMem  los_api_static_mem.o
    0x00001578   0x00000114   Code   RO         2297    i.Example_TaskHi    los_api_task.o
    0x0000168c   0x000000e4   Code   RO         2298    i.Example_TaskLo    los_api_task.o
    0x00001770   0x0000017c   Code   RO         2299    i.Example_TskCaseEntry  los_api_task.o
    0x000018ec   0x00000194   Code   RO         2148    i.Example_list      los_api_list.o
    0x00001a80   0x00000108   Code   RO         2341    i.Example_swTimer   los_api_timer.o
    0x00001b88   0x0000001c   Code   RO         1088    i.LOS_Align         los_misc.o
    0x00001ba4   0x00000006   Code   RO          248    i.LOS_CyclePerTickGet  los_sys.o
    0x00001baa   0x0000001e   Code   RO         1056    i.LOS_DLnkInitMultiHead  los_multipledlinkhead.o
    0x00001bc8   0x0000002a   Code   RO         1057    i.LOS_DLnkMultiHead  los_multipledlinkhead.o
    0x00001bf2   0x00000012   Code   RO         1224    i.LOS_EnableTick    los_config.o
    0x00001c04   0x0000001a   Code   RO         1811    i.LOS_EvbGetKeyVal  los_bsp_key.o
    0x00001c1e   0x00000008   Code   RO         1812    i.LOS_EvbKeyInit    los_bsp_key.o
    0x00001c26   0x0000001a   Code   RO         1872    i.LOS_EvbLedControl  los_bsp_led.o
    0x00001c40   0x00000008   Code   RO         1873    i.LOS_EvbLedInit    los_bsp_led.o
    0x00001c48   0x00000010   Code   RO         1621    i.LOS_EvbSetup      los_bsp_adapter.o
    0x00001c58   0x00000008   Code   RO         1947    i.LOS_EvbUartInit   los_bsp_uart.o
    0x00001c60   0x0000000c   Code   RO         1950    i.LOS_EvbUartWriteByte  los_bsp_uart.o
    0x00001c6c   0x00000028   Code   RO          572    i.LOS_EventClear    los_event.o
    0x00001c94   0x0000001c   Code   RO          574    i.LOS_EventInit     los_event.o
    0x00001cb0   0x00000050   Code   RO          575    i.LOS_EventPoll     los_event.o
    0x00001d00   0x0000015c   Code   RO          576    i.LOS_EventRead     los_event.o
    0x00001e5c   0x000000f8   Code   RO          577    i.LOS_EventWrite    los_event.o
    0x00001f54   0x00000164   Code   RO         2431    i.LOS_InspectByID   los_inspect_entry.o
    0x000020b8   0x00000060   Code   RO         2432    i.LOS_InspectStatusSetByID  los_inspect_entry.o
    0x00002118   0x00000048   Code   RO         2433    i.LOS_Inspect_Entry  los_inspect_entry.o
    0x00002160   0x00000068   Code   RO         2434    i.LOS_Inspect_KeyAndLed  los_inspect_entry.o
    0x000021c8   0x000000cc   Code   RO         2435    i.LOS_Inspect_TskDeal  los_inspect_entry.o
    0x00002294   0x00000012   Code   RO         1225    i.LOS_KernelInit    los_config.o
    0x000022a6   0x0000000e   Code   RO          320    i.LOS_ListAdd       los_task.o
    0x000022b4   0x0000000e   Code   RO          620    i.LOS_ListAdd       los_mux.o
    0x000022c2   0x0000000e   Code   RO          694    i.LOS_ListAdd       los_queue.o
    0x000022d0   0x0000000e   Code   RO          799    i.LOS_ListAdd       los_sem.o
    0x000022de   0x0000000e   Code   RO          902    i.LOS_ListAdd       los_memory.o
    0x000022ec   0x0000000e   Code   RO         2149    i.LOS_ListAdd       los_api_list.o
    0x000022fa   0x00000014   Code   RO          321    i.LOS_ListDelete    los_task.o
    0x0000230e   0x00000014   Code   RO          621    i.LOS_ListDelete    los_mux.o
    0x00002322   0x00000014   Code   RO          800    i.LOS_ListDelete    los_sem.o
    0x00002336   0x00000014   Code   RO          903    i.LOS_ListDelete    los_memory.o
    0x0000234a   0x00000010   Code   RO          322    i.LOS_ListEmpty     los_task.o
    0x0000235a   0x00000010   Code   RO          622    i.LOS_ListEmpty     los_mux.o
    0x0000236a   0x00000010   Code   RO          695    i.LOS_ListEmpty     los_queue.o
    0x0000237a   0x00000010   Code   RO          801    i.LOS_ListEmpty     los_sem.o
    0x0000238a   0x00000006   Code   RO          323    i.LOS_ListInit      los_task.o
    0x00002390   0x00000006   Code   RO          623    i.LOS_ListInit      los_mux.o
    0x00002396   0x00000006   Code   RO          696    i.LOS_ListInit      los_queue.o
    0x0000239c   0x00000006   Code   RO          802    i.LOS_ListInit      los_sem.o
    0x000023a2   0x00000010   Code   RO          324    i.LOS_ListTailInsert  los_task.o
    0x000023b2   0x00000010   Code   RO          624    i.LOS_ListTailInsert  los_mux.o
    0x000023c2   0x00000010   Code   RO          803    i.LOS_ListTailInsert  los_sem.o
    0x000023d2   0x00000002   PAD
    0x000023d4   0x00000144   Code   RO         1058    i.LOS_Log2          los_multipledlinkhead.o
    0x00002518   0x0000003a   Code   RO          904    i.LOS_MemAlloc      los_memory.o
    0x00002552   0x0000006c   Code   RO          905    i.LOS_MemAllocAlign  los_memory.o
    0x000025be   0x00000054   Code   RO          906    i.LOS_MemFree       los_memory.o
    0x00002612   0x000000a6   Code   RO          907    i.LOS_MemInit       los_memory.o
    0x000026b8   0x00000040   Code   RO          869    i.LOS_MemboxAlloc   los_membox.o
    0x000026f8   0x0000001c   Code   RO          870    i.LOS_MemboxClr     los_membox.o
    0x00002714   0x000000a4   Code   RO          871    i.LOS_MemboxFree    los_membox.o
    0x000027b8   0x00000080   Code   RO          872    i.LOS_MemboxInit    los_membox.o
    0x00002838   0x00000064   Code   RO          625    i.LOS_MuxCreate     los_mux.o
    0x0000289c   0x00000068   Code   RO          626    i.LOS_MuxDelete     los_mux.o
    0x00002904   0x00000148   Code   RO          627    i.LOS_MuxPend       los_mux.o
    0x00002a4c   0x00000100   Code   RO          628    i.LOS_MuxPost       los_mux.o
    0x00002b4c   0x00000018   Code   RO            1    i.LOS_PriqueueDequeue  los_priqueue.o
    0x00002b64   0x00000024   Code   RO            2    i.LOS_PriqueueEnqueue  los_priqueue.o
    0x00002b88   0x00000028   Code   RO            3    i.LOS_PriqueueSize  los_priqueue.o
    0x00002bb0   0x0000003c   Code   RO            4    i.LOS_PriqueueTop   los_priqueue.o
    0x00002bec   0x0000007c   Code   RO          697    i.LOS_QueueCreate   los_queue.o
    0x00002c68   0x000000b0   Code   RO          698    i.LOS_QueueDelete   los_queue.o
    0x00002d18   0x00000130   Code   RO          699    i.LOS_QueueRead     los_queue.o
    0x00002e48   0x0000013c   Code   RO          700    i.LOS_QueueWrite    los_queue.o
    0x00002f84   0x00000040   Code   RO         1110    i.LOS_Schedule      los_hw.o
    0x00002fc4   0x0000006c   Code   RO          804    i.LOS_SemCreate     los_sem.o
    0x00003030   0x00000060   Code   RO          805    i.LOS_SemDelete     los_sem.o
    0x00003090   0x00000100   Code   RO          806    i.LOS_SemPend       los_sem.o
    0x00003190   0x000000b8   Code   RO          807    i.LOS_SemPost       los_sem.o
    0x00003248   0x0000000c   Code   RO         1141    i.LOS_SetTickSycle  los_hw_tick.o
    0x00003254   0x0000000c   Code   RO         1226    i.LOS_Start         los_config.o
    0x00003260   0x0000008c   Code   RO          111    i.LOS_SwtmrCreate   los_swtmr.o
    0x000032ec   0x00000084   Code   RO          112    i.LOS_SwtmrDelete   los_swtmr.o
    0x00003370   0x00000084   Code   RO          113    i.LOS_SwtmrStart    los_swtmr.o
    0x000033f4   0x00000080   Code   RO          114    i.LOS_SwtmrStop     los_swtmr.o
    0x00003474   0x0000009c   Code   RO          325    i.LOS_TaskCreate    los_task.o
    0x00003510   0x00000184   Code   RO          326    i.LOS_TaskCreateOnly  los_task.o
    0x00003694   0x00000080   Code   RO          327    i.LOS_TaskDelay     los_task.o
    0x00003714   0x00000168   Code   RO          328    i.LOS_TaskDelete    los_task.o
    0x0000387c   0x00000020   Code   RO          329    i.LOS_TaskLock      los_task.o
    0x0000389c   0x000000b0   Code   RO          332    i.LOS_TaskResume    los_task.o
    0x0000394c   0x000000e4   Code   RO          333    i.LOS_TaskSuspend   los_task.o
    0x00003a30   0x0000003c   Code   RO          334    i.LOS_TaskUnlock    los_task.o
    0x00003a6c   0x00000084   Code   RO          335    i.LOS_TaskYield     los_task.o
    0x00003af0   0x0000000c   Code   RO          252    i.LOS_TickCountGet  los_sys.o
    0x00003afc   0x00000038   Code   RO         1142    i.LOS_TickHandler   los_hw_tick.o
    0x00003b34   0x00000002   Code   RO         1623    i.LosAdapIntInit    los_bsp_adapter.o
    0x00003b36   0x00000008   Code   RO         1626    i.SysTick_Handler   los_bsp_adapter.o
    0x00003b3e   0x00000002   PAD
    0x00003b40   0x00000010   Code   RO         2487    i.SystemCoreClockUpdate  system_nrf52840.o
    0x00003b50   0x00000214   Code   RO         2488    i.SystemInit        system_nrf52840.o
    0x00003d64   0x00000050   Code   RO         2342    i.Timer1_Callback   los_api_timer.o
    0x00003db4   0x00000058   Code   RO         2343    i.Timer2_Callback   los_api_timer.o
    0x00003e0c   0x00000020   Code   RO         2836    i.__0printf         mc_w.l(printfa.o)
    0x00003e2c   0x0000000e   Code   RO         2936    i.__scatterload_copy  mc_w.l(handlers.o)
    0x00003e3a   0x00000002   Code   RO         2937    i.__scatterload_null  mc_w.l(handlers.o)
    0x00003e3c   0x0000000e   Code   RO         2938    i.__scatterload_zeroinit  mc_w.l(handlers.o)
    0x00003e4a   0x00000002   PAD
    0x00003e4c   0x00000164   Code   RO         2843    i._fp_digits        mc_w.l(printfa.o)
    0x00003fb0   0x000006dc   Code   RO         2844    i._printf_core      mc_w.l(printfa.o)
    0x0000468c   0x00000024   Code   RO         2845    i._printf_post_padding  mc_w.l(printfa.o)
    0x000046b0   0x0000002e   Code   RO         2846    i._printf_pre_padding  mc_w.l(printfa.o)
    0x000046de   0x00000002   PAD
    0x000046e0   0x00000034   Code   RO         1813    i.bsp_board_button_state_get  los_bsp_key.o
    0x00004714   0x0000004c   Code   RO         1814    i.bsp_board_buttons_init  los_bsp_key.o
    0x00004760   0x00000014   Code   RO         1874    i.bsp_board_led_off  los_bsp_led.o
    0x00004774   0x00000014   Code   RO         1875    i.bsp_board_led_on  los_bsp_led.o
    0x00004788   0x00000054   Code   RO         1876    i.bsp_board_leds_init  los_bsp_led.o
    0x000047dc   0x00000014   Code   RO         1877    i.bsp_board_leds_off  los_bsp_led.o
    0x000047f0   0x0000001c   Code   RO         2489    i.errata_103        system_nrf52840.o
    0x0000480c   0x0000001c   Code   RO         2490    i.errata_115        system_nrf52840.o
    0x00004828   0x0000001c   Code   RO         2491    i.errata_120        system_nrf52840.o
    0x00004844   0x0000001c   Code   RO         2492    i.errata_36         system_nrf52840.o
    0x00004860   0x0000001c   Code   RO         2493    i.errata_66         system_nrf52840.o
    0x0000487c   0x0000001c   Code   RO         2494    i.errata_98         system_nrf52840.o
    0x00004898   0x00000010   Code   RO         1952    i.fputc             los_bsp_uart.o
    0x000048a8   0x00000050   Code   RO         2864    i.free              mc_w.l(malloc.o)
    0x000048f8   0x00000022   Code   RO         2559    i.main              main.o
    0x0000491a   0x00000002   PAD
    0x0000491c   0x00000038   Code   RO         1953    i.nrf_gpio_cfg      los_bsp_uart.o
    0x00004954   0x00000020   Code   RO         1815    i.nrf_gpio_pin_port_decode  los_bsp_key.o
    0x00004974   0x00000020   Code   RO         1879    i.nrf_gpio_pin_port_decode  los_bsp_led.o
    0x00004994   0x00000042   Code   RO         1880    i.nrf_gpio_pin_write  los_bsp_led.o
    0x000049d6   0x00000008   Code   RO         1170    i.osHwiDefaultHandler  los_hwi.o
    0x000049de   0x00000002   PAD
    0x000049e0   0x00000024   Code   RO         1171    i.osHwiInit         los_hwi.o
    0x00004a04   0x00000004   Code   RO          336    i.osIdleTask        los_task.o
    0x00004a08   0x0000004c   Code   RO          337    i.osIdleTaskCreate  los_task.o
    0x00004a54   0x0000000c   Code   RO         1172    i.osIntNumGet       los_hwi.o
    0x00004a60   0x00000070   Code   RO         1229    i.osMain            los_config.o
    0x00004ad0   0x0000005c   Code   RO          909    i.osMemAllocWithCheck  los_memory.o
    0x00004b2c   0x00000098   Code   RO          910    i.osMemCheckUsedNode  los_memory.o
    0x00004bc4   0x00000050   Code   RO          911    i.osMemFindSuitableFreeBlock  los_memory.o
    0x00004c14   0x000000b2   Code   RO          912    i.osMemFreeNode     los_memory.o
    0x00004cc6   0x0000003e   Code   RO          913    i.osMemIsNodeValid  los_memory.o
    0x00004d04   0x00000024   Code   RO          914    i.osMemMergeNode    los_memory.o
    0x00004d28   0x00000020   Code   RO          915    i.osMemSetMagicNumAndTaskid  los_memory.o
    0x00004d48   0x0000005c   Code   RO          916    i.osMemSpitNode     los_memory.o
    0x00004da4   0x00000024   Code   RO          917    i.osMemSystemInit   los_memory.o
    0x00004dc8   0x0000005c   Code   RO          629    i.osMuxInit         los_mux.o
    0x00004e24   0x00000048   Code   RO            6    i.osPriqueueInit    los_priqueue.o
    0x00004e6c   0x00000070   Code   RO          701    i.osQueueCreate     los_queue.o
    0x00004edc   0x00000038   Code   RO          702    i.osQueueInit       los_queue.o
    0x00004f14   0x00000084   Code   RO          705    i.osQueuePend       los_queue.o
    0x00004f98   0x0000005a   Code   RO          706    i.osQueueWakeUp     los_queue.o
    0x00004ff2   0x00000002   PAD
    0x00004ff4   0x0000001c   Code   RO         1230    i.osRegister        los_config.o
    0x00005010   0x00000008   Code   RO         1111    i.osSchedule        los_hw.o
    0x00005018   0x00000058   Code   RO          808    i.osSemInit         los_sem.o
    0x00005070   0x000000ac   Code   RO          117    i.osSwTmrInit       los_swtmr.o
    0x0000511c   0x00000060   Code   RO          118    i.osSwTmrStart      los_swtmr.o
    0x0000517c   0x00000050   Code   RO          119    i.osSwTmrTask       los_swtmr.o
    0x000051cc   0x00000048   Code   RO          120    i.osSwTmrTaskCreate  los_swtmr.o
    0x00005214   0x0000008c   Code   RO          121    i.osSwTmrTimeoutHandle  los_swtmr.o
    0x000052a0   0x00000014   Code   RO          122    i.osSwtmrDelete     los_swtmr.o
    0x000052b4   0x00000024   Code   RO          123    i.osSwtmrScan       los_swtmr.o
    0x000052d8   0x00000048   Code   RO          124    i.osSwtmrStop       los_swtmr.o
    0x00005320   0x000000c0   Code   RO          338    i.osTaskAdd2TimerList  los_task.o
    0x000053e0   0x000000a4   Code   RO          339    i.osTaskEntry       los_task.o
    0x00005484   0x00000008   Code   RO         1112    i.osTaskExit        los_hw.o
    0x0000548c   0x00000128   Code   RO          340    i.osTaskInit        los_task.o
    0x000055b4   0x00000034   Code   RO         1027    i.osTaskMemUsedDec  los_memstat.o
    0x000055e8   0x0000003c   Code   RO         1028    i.osTaskMemUsedInc  los_memstat.o
    0x00005624   0x00000038   Code   RO          341    i.osTaskPriModify   los_task.o
    0x0000565c   0x000000dc   Code   RO          342    i.osTaskScan        los_task.o
    0x00005738   0x000000fc   Code   RO          343    i.osTaskSelfDelete  los_task.o
    0x00005834   0x00000028   Code   RO          520    i.osTickHandler     los_tick.o
    0x0000585c   0x0000006c   Code   RO         1627    i.osTickStart       los_bsp_adapter.o
    0x000058c8   0x00000048   Code   RO          344    i.osTimerListDelete  los_task.o
    0x00005910   0x0000004c   Code   RO          548    i.osTimesliceCheck  los_timeslice.o
    0x0000595c   0x00000010   Code   RO          549    i.osTimesliceInit   los_timeslice.o
    0x0000596c   0x00000140   Code   RO         1113    i.osTskStackInit    los_hw.o
    0x00005aac   0x000000cc   Code   RO         2169    i.recv_Entry        los_api_msgqueue.o
    0x00005b78   0x00000074   Code   RO         2170    i.send_Entry        los_api_msgqueue.o
    0x00005bec   0x00000070   Code   RO         1955    i.uart_init         los_bsp_uart.o
    0x00005c5c   0x00000020   Code   RO         1956    i.uart_send         los_bsp_uart.o
    0x00005c7c   0x00000009   Data   RO         1628    .constdata          los_bsp_adapter.o
    0x00005c85   0x00000004   Data   RO         1816    .constdata          los_bsp_key.o
    0x00005c89   0x00000004   Data   RO         1881    .constdata          los_bsp_led.o
    0x00005c8d   0x00000003   PAD
    0x00005c90   0x00000042   Data   RO         2231    .conststring        los_api_sem.o
    0x00005cd2   0x00000002   PAD
    0x00005cd4   0x00000020   Data   RO         2934    Region$$Table       anon$$obj.o


    Execution Region RW_IRAM1 (Base: 0x20000000, Size: 0x0000a910, Max: 0x00040000, ABSOLUTE, COMPRESSED[0x000000a4])

    Base Addr    Size         Type   Attr      Idx    E Section Name        Object

    0x20000000   0x00000004   Data   RW            7    .data               los_priqueue.o
    0x20000004   0x00000010   Data   RW          126    .data               los_swtmr.o
    0x20000014   0x00000044   Data   RW          345    .data               los_task.o
    0x20000058   0x00000010   Data   RW          521    .data               los_tick.o
    0x20000068   0x00000008   Data   RW          550    .data               los_timeslice.o
    0x20000070   0x0000000c   Data   RW          630    .data               los_mux.o
    0x2000007c   0x00000004   Data   RW          707    .data               los_queue.o
    0x20000080   0x0000000c   Data   RW          809    .data               los_sem.o
    0x2000008c   0x00000004   Data   RW         1143    .data               los_hw_tick.o
    0x20000090   0x00000004   Data   RW         1175    .data               los_hwi.o
    0x20000094   0x00000008   Data   RW         1231    .data               los_config.o
    0x2000009c   0x00000004   Data   RW         1629    .data               los_bsp_adapter.o
    0x200000a0   0x00000008   Data   RW         2070    .data               los_api_event.o
    0x200000a8   0x00000016   Data   RW         2171    .data               los_api_msgqueue.o
    0x200000be   0x00000002   PAD
    0x200000c0   0x0000000c   Data   RW         2201    .data               los_api_mutex.o
    0x200000cc   0x0000000c   Data   RW         2232    .data               los_api_sem.o
    0x200000d8   0x00000008   Data   RW         2300    .data               los_api_task.o
    0x200000e0   0x00000008   Data   RW         2344    .data               los_api_timer.o
    0x200000e8   0x000000a8   Data   RW         2436    .data               los_inspect_entry.o
    0x20000190   0x00000004   Data   RW         2495    .data               system_nrf52840.o
    0x20000194   0x00000004   Data   RW         2912    .data               mc_w.l(stdout.o)
    0x20000198   0x00000004   Data   RW         2919    .data               mc_w.l(mvars.o)
    0x2000019c   0x00000400   Data   RW         1176    .vector.bss         los_hwi.o
    0x2000059c   0x000000d0   Zero   RW          125    .bss                los_swtmr.o
    0x2000066c   0x00008000   Zero   RW          918    .bss                los_memory.o
    0x2000866c   0x00000040   Zero   RW         1029    .bss                los_memstat.o
    0x200086ac   0x0000000c   Zero   RW         2069    .bss                los_api_event.o
    0x200086b8   0x00000258   Zero   RW         2259    .bss                los_api_static_mem.o
    0x20008910   0x00002000   Zero   RW         2477    STACK               arm_startup_nrf52840.o


==============================================================================

Image component sizes


      Code (inc. data)   RO Data    RW Data    ZI Data      Debug   Object Name

        36          8        512          0       8192        972   arm_startup_nrf52840.o
         0          0          0          0          0      10452   cmsis_liteos.o
       272        138          0          0          0       2262   los_api_dynamic_mem.o
       508        284          0          8         12       1887   los_api_event.o
       418        172          0          0          0       1771   los_api_list.o
       608        282          0         22          0       3660   los_api_msgqueue.o
       832        492          0         12          0       2626   los_api_mutex.o
       784        440         66         12          0       2497   los_api_sem.o
       324        180          0          0        600       1730   los_api_static_mem.o
       216         90          0          0          0        842   los_api_systick.o
       884        542          0          8          0       2655   los_api_task.o
       432        196          0          8          0       2424   los_api_timer.o
       134         14          9          4          0      63593   los_bsp_adapter.o
       194         14          4          0          0       8394   los_bsp_key.o
       276         20          4          0          0      10215   los_bsp_led.o
       236         32          0          0          0       9637   los_bsp_uart.o
       188         18          0          8          0       4256   los_config.o
       236         24          0          0          0        480   los_dispatch_keil.o
       744         32          0          0          0       5594   los_event.o
       400         22          0          0          0       3378   los_hw.o
        68         10          0          4          0       1597   los_hw_tick.o
        56         10          0       1028          0       5530   los_hwi.o
       832        356          0        168          0       5223   los_inspect_entry.o
       384         10          0          0          0       4936   los_membox.o
      1210         14          0          0      32768      17060   los_memory.o
       112         24          0          0         64       2241   los_memstat.o
        28          0          0          0          0        696   los_misc.o
       396          4          0          0          0       5480   los_multipledlinkhead.o
       952         80          0         12          0      11404   los_mux.o
       232         22          0          4          0      15966   los_priqueue.o
      1346         86          0          4          0      20339   los_queue.o
       804         70          0         12          0       9032   los_sem.o
      1220        128          0         16        208      22886   los_swtmr.o
        18          6          0          0          0       1181   los_sys.o
      3064        276          0         68          0      30689   los_task.o
        40          6          0         16          0       1001   los_tick.o
        92         16          0          8          0       1517   los_timeslice.o
        34          0          0          0          0        647   main.o
       716         94          0          4          0      32386   system_nrf52840.o

    ----------------------------------------------------------------------
     19336       4212        632       1428      41844     329136   Object Totals
         0          0         32          0          0          0   (incl. Generated)
        10          0          5          2          0          0   (incl. Padding)

    ----------------------------------------------------------------------

      Code (inc. data)   RO Data    RW Data    ZI Data      Debug   Library Member Name

        86          0          0          0          0          0   __dczerorl2.o
         0          0          0          0          0          0   entry.o
         0          0          0          0          0          0   entry10a.o
         0          0          0          0          0          0   entry11a.o
         8          4          0          0          0          0   entry2.o
         4          0          0          0          0          0   entry5.o
         0          0          0          0          0          0   entry7b.o
         0          0          0          0          0          0   entry8b.o
         8          4          0          0          0          0   entry9a.o
        30          0          0          0          0          0   handlers.o
        36          8          0          0          0         68   init.o
         0          0          0          0          0          0   iusefp.o
        30          0          0          0          0         68   llshl.o
        36          0          0          0          0         68   llsshr.o
        32          0          0          0          0         68   llushr.o
        80          4          0          0          0         76   malloc.o
        36          0          0          0          0        108   memseta.o
         0          0          0          4          0          0   mvars.o
      2226         90          0          0          0        444   printfa.o
         0          0          0          4          0          0   stdout.o
        44          0          0          0          0         80   uidiv.o
        98          0          0          0          0         92   uldiv.o
        48          0          0          0          0         68   cdrcmple.o
       334          0          0          0          0        148   dadd.o
       222          0          0          0          0        100   ddiv.o
       186          0          0          0          0        176   depilogue.o
        48          0          0          0          0         68   dfixul.o
       228          0          0          0          0         96   dmul.o

    ----------------------------------------------------------------------
      3828        110          0          8          0       1728   Library Totals
         8          0          0          0          0          0   (incl. Padding)

    ----------------------------------------------------------------------

      Code (inc. data)   RO Data    RW Data    ZI Data      Debug   Library Name

      2754        110          0          8          0       1072   mc_w.l
      1066          0          0          0          0        656   mf_w.l

    ----------------------------------------------------------------------
      3828        110          0          8          0       1728   Library Totals

    ----------------------------------------------------------------------

==============================================================================


      Code (inc. data)   RO Data    RW Data    ZI Data      Debug   

     23164       4322        632       1436      41844     312964   Grand Totals
     23164       4322        632        164      41844     312964   ELF Image Totals (compressed)
     23164       4322        632        164          0          0   ROM Totals

==============================================================================

    Total RO  Size (Code + RO Data)                23796 (  23.24kB)
    Total RW  Size (RW Data + ZI Data)             43280 (  42.27kB)
    Total ROM Size (Code + RO Data + RW Data)      23960 (  23.40kB)

==============================================================================

