<html>
<body>
<pre>
<h1>µVision Build Log</h1>
<h2>Tool Versions:</h2>
IDE-Version: ¦ÌVision V5.23.0.0
Copyright (C) 2017 ARM Ltd and ARM Germany GmbH. All rights reserved.
License Information: wang xfish, Microsoft, LIC=LSNLQ-N5DAW-T38MI-TKR7Z-C9LMY-N9GV8
 
Tool Versions:
Toolchain:       MDK-ARM Plus  Version: 5.23
Toolchain Path:  d:\Keil_v5\ARM\ARMCC\Bin
C Compiler:      Armcc.exe V5.06 update 4 (build 422)
Assembler:       Armasm.exe V5.06 update 4 (build 422)
Linker/Locator:  ArmLink.exe V5.06 update 4 (build 422)
Library Manager: ArmAr.exe V5.06 update 4 (build 422)
Hex Converter:   FromElf.exe V5.06 update 4 (build 422)
CPU DLL:         SARMCM3.DLL V5.23
Dialog DLL:      DARMCM1.DLL V1.17.0.0
Target DLL:      Nu_Link.dll V2.01
Dialog DLL:      TARMCM1.DLL V1.12.0.0
 
<h2>Project:</h2>
E:\LITEOS\LiteOS_Kernel\LiteOS_Kernel\projects\NuTiny-Nano130K-KEIL\HuaweiLiteOS.uvprojx
Project File Date:  06/19/2017

<h2>Output:</h2>
*** Using Compiler 'V5.06 update 4 (build 422)', folder: 'd:\Keil_v5\ARM\ARMCC\Bin'
Rebuild target 'LiteOS'
compiling los_priqueue.c...
compiling los_swtmr.c...
compiling los_sys.c...
compiling los_task.c...
compiling los_tick.c...
compiling los_timeslice.c...
compiling los_event.c...
compiling los_mux.c...
compiling los_queue.c...
compiling los_sem.c...
compiling los_membox.c...
compiling los_memory.c...
compiling los_memstat.c...
compiling los_multipledlinkhead.c...
compiling los_misc.c...
compiling los_config.c...
compiling los_hw.c...
compiling los_hw_tick.c...
compiling los_hwi.c...
assembling los_dispatch_keil.s...
compiling cmsis_liteos.c...
compiling los_bsp_adapter.c...
compiling los_bsp_key.c...
compiling los_bsp_led.c...
compiling los_bsp_uart.c...
d:\Keil_v5\ARM\PACK\Nuvoton\NuMicro_DFP\1.0.9\Device\NANO100BN\Include\Nano100Series.h(14088): warning:  #47-D: incompatible redefinition of macro "TRUE"  (declared at line 111 of "..\..\kernel\include\los_typedef.h")
  #define TRUE           (1)      ///< Boolean true, define to use in API parameters or return value
d:\Keil_v5\ARM\PACK\Nuvoton\NuMicro_DFP\1.0.9\Device\NANO100BN\Include\Nano100Series.h(14089): warning:  #47-D: incompatible redefinition of macro "FALSE"  (declared at line 107 of "..\..\kernel\include\los_typedef.h")
  #define FALSE          (0)      ///< Boolean false, define to use in API parameters or return value
..\..\platform\NuTiny-Nano130K\los_bsp_uart.c: 2 warnings, 0 errors
compiling main.c...
d:\Keil_v5\ARM\PACK\Nuvoton\NuMicro_DFP\1.0.9\Device\NANO100BN\Include\Nano100Series.h(14088): warning:  #47-D: incompatible redefinition of macro "TRUE"  (declared at line 111 of "..\..\kernel\include\los_typedef.h")
  #define TRUE           (1)      ///< Boolean true, define to use in API parameters or return value
d:\Keil_v5\ARM\PACK\Nuvoton\NuMicro_DFP\1.0.9\Device\NANO100BN\Include\Nano100Series.h(14089): warning:  #47-D: incompatible redefinition of macro "FALSE"  (declared at line 107 of "..\..\kernel\include\los_typedef.h")
  #define FALSE          (0)      ///< Boolean false, define to use in API parameters or return value
..\..\user\main.c: 2 warnings, 0 errors
compiling clk.c...
compiling gpio.c...
compiling uart.c...
compiling los_api_dynamic_mem.c...
compiling los_api_event.c...
compiling los_api_fs.c...
compiling los_api_interrupt.c...
compiling los_api_list.c...
compiling los_api_msgqueue.c...
compiling los_api_mutex.c...
compiling los_api_sem.c...
compiling los_api_static_mem.c...
compiling los_api_systick.c...
compiling los_api_task.c...
compiling los_api_timer.c...
compiling los_cmsis_main.c...
compiling los_demo_entry.c...
compiling los_inspect_entry.c...
compiling retarget.c...
assembling startup_Nano100Series.s...
compiling system_Nano100Series.c...
linking...
Program Size: Code=20616 RO-data=352 RW-data=1444 ZI-data=12268  
".\Objects\HuaweiLiteOS.axf" - 0 Error(s), 4 Warning(s).

<h2>Software Packages used:</h2>

Package Vendor: ARM
                http://www.keil.com/pack/ARM.CMSIS.5.0.1.pack
                ARM::CMSIS:CORE:5.0.1
                CMSIS (Cortex Microcontroller Software Interface Standard)
   * Component: CORE Version: 5.0.1

Package Vendor: Nuvoton
                http://www.nuvoton.com/hq/enu/Documents/KEILSoftwarePack/Nuvoton.NuMicro_DFP.1.0.9.pack
                Nuvoton::Device:Startup:3.02.000
                Nuvoton ARM Cortex-M NuMicro Family Device Support
   * Component: Startup Version: 3.02.000

<h2>Collection of Component include folders:</h2>
  .\RTE\_LiteOS
  d:\Keil_v5\ARM\PACK\ARM\CMSIS\5.0.1\CMSIS\Include
  d:\Keil_v5\ARM\PACK\Nuvoton\NuMicro_DFP\1.0.9\Device\NANO100BN\Include

<h2>Collection of Component Files used:</h2>

   * Component: ARM::CMSIS:CORE:5.0.1

   * Component: Nuvoton::Device:Startup:3.02.000
      Include file:  Device\NANO100BN\Include\Nano100Series.h
      Source file:   Device\NANO100BN\Source\ARM\startup_Nano100Series.s
      Source file:   Device\NANO100BN\Source\system_Nano100Series.c
      Source file:   Device\NANO100BN\Driver\retarget.c
Build Time Elapsed:  00:00:21
</pre>
</body>
</html>
