<html>
<body>
<pre>
<h1>µVision Build Log</h1>
<h2>Tool Versions:</h2>
IDE-Version: ¦ÌVision V5.23.0.0
Copyright (C) 2017 ARM Ltd and ARM Germany GmbH. All rights reserved.
License Information: WANG WDC, HIT, LIC=UJWPC-72XED-BSMYX-HUX5S-HCELI-6YJ5B
 
Tool Versions:
Toolchain:       MDK-ARM Plus  Version: 5.23
Toolchain Path:  D:\Program Files (x86)\Keil5\ARM\ARMCC\Bin
C Compiler:      Armcc.exe V5.06 update 4 (build 422)
Assembler:       Armasm.exe V5.06 update 4 (build 422)
Linker/Locator:  ArmLink.exe V5.06 update 4 (build 422)
Library Manager: ArmAr.exe V5.06 update 4 (build 422)
Hex Converter:   FromElf.exe V5.06 update 4 (build 422)
CPU DLL:         SARMCM3.DLL V5.23
Dialog DLL:      DCM.DLL V1.15.0.0
Target DLL:      STLink\ST-LINKIII-KEIL_SWO.dll V2.0.18.0
Dialog DLL:      TCM.DLL V1.27.0.0
 
<h2>Project:</h2>
E:\Wang\Source\Repos\PortingContest\PortingContest_FRDM-STM32F103RB_WangDeCheng\projects\STM32F103RB-NUCLEO-KEIL\HuaweiLiteOS.uvprojx
Project File Date:  06/21/2017

<h2>Output:</h2>
*** Using Compiler 'V5.06 update 4 (build 422)', folder: 'D:\Program Files (x86)\Keil5\ARM\ARMCC\Bin'
Rebuild target 'LiteOS'
compiling los_tick.c...
compiling los_timeslice.c...
compiling los_mux.c...
compiling los_swtmr.c...
compiling los_queue.c...
compiling los_task.c...
compiling los_event.c...
compiling los_priqueue.c...
compiling los_sys.c...
compiling los_misc.c...
compiling los_config.c...
compiling los_memory.c...
compiling los_sem.c...
compiling los_memstat.c...
compiling los_membox.c...
compiling los_multipledlinkhead.c...
compiling los_hwi.c...
assembling los_dispatch_keil.s...
compiling los_hw_tick.c...
compiling cmsis_liteos.c...
compiling los_hw.c...
compiling system_stm32f10x.c...
assembling startup_stm32f10x_md.s...
compiling misc.c...
compiling main.c...
compiling los_bsp_led.c...
compiling los_bsp_adapter.c...
compiling los_bsp_key.c...
compiling los_bsp_uart.c...
compiling core_cm3.c...
compiling stm32f10x_iwdg.c...
compiling stm32f10x_exti.c...
compiling stm32f10x_i2c.c...
compiling stm32f10x_dbgmcu.c...
compiling stm32f10x_gpio.c...
compiling stm32f10x_fsmc.c...
compiling stm32f10x_flash.c...
compiling stm32f10x_usart.c...
compiling stm32f10x_sdio.c...
compiling stm32f10x_rcc.c...
compiling stm32f10x_wwdg.c...
compiling stm32f10x_pwr.c...
compiling stm32f10x_tim.c...
compiling stm32f10x_rtc.c...
compiling los_api_list.c...
compiling los_api_event.c...
compiling los_api_interrupt.c...
compiling los_api_mutex.c...
compiling los_api_msgqueue.c...
compiling los_api_dynamic_mem.c...
compiling los_api_task.c...
compiling los_cmsis_main.c...
compiling los_api_systick.c...
compiling los_api_static_mem.c...
compiling los_api_sem.c...
compiling los_api_fs.c...
compiling los_api_timer.c...
compiling los_demo_entry.c...
compiling los_inspect_entry.c...
linking...
Program Size: Code=23524 RO-data=348 RW-data=1452 ZI-data=12012  
".\Objects\HuaweiLiteOS.axf" - 0 Error(s), 0 Warning(s).

<h2>Collection of Component include folders:</h2>
  .\RTE\_LiteOS
  D:\Program Files (x86)\Keil5\ARM\PACK\Keil\STM32F1xx_DFP\2.1.0\Device\Include

<h2>Collection of Component Files used:</h2>
Build Time Elapsed:  00:00:08
</pre>
</body>
</html>
