Component: ARM Compiler 5.06 update 2 (build 183) Tool: armlink [4d35b7]

==============================================================================

Section Cross References

    los_priqueue.o(i.LOS_PriqueueEnqueue) refers to los_priqueue.o(.data) for g_pstLosPriorityQueueList
    los_priqueue.o(i.LOS_PriqueueSize) refers to los_priqueue.o(.data) for g_pstLosPriorityQueueList
    los_priqueue.o(i.LOS_PriqueueTop) refers to los_priqueue.o(.data) for g_pstLosPriorityQueueList
    los_priqueue.o(i.LOS_PriqueueTotalSize) refers to los_priqueue.o(i.LOS_PriqueueSize) for LOS_PriqueueSize
    los_priqueue.o(i.osPriqueueInit) refers to los_memory.o(i.LOS_MemAlloc) for LOS_MemAlloc
    los_priqueue.o(i.osPriqueueInit) refers to los_config.o(.data) for m_aucSysMem0
    los_priqueue.o(i.osPriqueueInit) refers to los_priqueue.o(.data) for g_pstLosPriorityQueueList
    los_swtmr.o(i.LOS_SwtmrCreate) refers to los_dispatch_keil.o(KERNEL) for LOS_IntLock
    los_swtmr.o(i.LOS_SwtmrCreate) refers to los_swtmr.o(.data) for m_pstSwtmrFreeList
    los_swtmr.o(i.LOS_SwtmrDelete) refers to los_dispatch_keil.o(KERNEL) for LOS_IntLock
    los_swtmr.o(i.LOS_SwtmrDelete) refers to los_swtmr.o(i.osSwtmrStop) for osSwtmrStop
    los_swtmr.o(i.LOS_SwtmrDelete) refers to los_swtmr.o(i.osSwtmrDelete) for osSwtmrDelete
    los_swtmr.o(i.LOS_SwtmrDelete) refers to los_swtmr.o(.data) for m_pstSwtmrCBArray
    los_swtmr.o(i.LOS_SwtmrStart) refers to los_dispatch_keil.o(KERNEL) for LOS_IntLock
    los_swtmr.o(i.LOS_SwtmrStart) refers to los_swtmr.o(i.osSwtmrStop) for osSwtmrStop
    los_swtmr.o(i.LOS_SwtmrStart) refers to los_swtmr.o(i.osSwTmrStart) for osSwTmrStart
    los_swtmr.o(i.LOS_SwtmrStart) refers to los_swtmr.o(.data) for m_pstSwtmrCBArray
    los_swtmr.o(i.LOS_SwtmrStop) refers to los_dispatch_keil.o(KERNEL) for LOS_IntLock
    los_swtmr.o(i.LOS_SwtmrStop) refers to los_swtmr.o(i.osSwtmrStop) for osSwtmrStop
    los_swtmr.o(i.LOS_SwtmrStop) refers to los_swtmr.o(.data) for m_pstSwtmrCBArray
    los_swtmr.o(i.osSwTmrAdjust) refers to los_swtmr.o(i.osSwTmrTimeoutHandle) for osSwTmrTimeoutHandle
    los_swtmr.o(i.osSwTmrAdjust) refers to los_swtmr.o(.data) for m_pstSwtmrSortList
    los_swtmr.o(i.osSwTmrGetNextTimeout) refers to los_swtmr.o(.data) for m_pstSwtmrSortList
    los_swtmr.o(i.osSwTmrInit) refers to los_memory.o(i.LOS_MemAlloc) for LOS_MemAlloc
    los_swtmr.o(i.osSwTmrInit) refers to memseta.o(.text) for __aeabi_memclr4
    los_swtmr.o(i.osSwTmrInit) refers to los_membox.o(i.LOS_MemboxInit) for LOS_MemboxInit
    los_swtmr.o(i.osSwTmrInit) refers to los_queue.o(i.LOS_QueueCreate) for LOS_QueueCreate
    los_swtmr.o(i.osSwTmrInit) refers to los_swtmr.o(i.osSwTmrTaskCreate) for osSwTmrTaskCreate
    los_swtmr.o(i.osSwTmrInit) refers to los_swtmr.o(.data) for m_pstSwtmrSortList
    los_swtmr.o(i.osSwTmrInit) refers to los_config.o(.data) for m_aucSysMem0
    los_swtmr.o(i.osSwTmrInit) refers to los_swtmr.o(.bss) for m_aucSwTmrHandlerPool
    los_swtmr.o(i.osSwTmrStart) refers to los_swtmr.o(.data) for m_pstSwtmrSortList
    los_swtmr.o(i.osSwTmrTask) refers to los_queue.o(i.LOS_QueueRead) for LOS_QueueRead
    los_swtmr.o(i.osSwTmrTask) refers to los_membox.o(i.LOS_MemboxFree) for LOS_MemboxFree
    los_swtmr.o(i.osSwTmrTask) refers to los_swtmr.o(.data) for m_uwSwTmrHandlerQueue
    los_swtmr.o(i.osSwTmrTask) refers to los_swtmr.o(.bss) for m_aucSwTmrHandlerPool
    los_swtmr.o(i.osSwTmrTaskCreate) refers to memseta.o(.text) for __aeabi_memclr4
    los_swtmr.o(i.osSwTmrTaskCreate) refers to los_task.o(i.LOS_TaskCreate) for LOS_TaskCreate
    los_swtmr.o(i.osSwTmrTaskCreate) refers to los_swtmr.o(i.osSwTmrTask) for osSwTmrTask
    los_swtmr.o(i.osSwTmrTaskCreate) refers to los_task.o(.data) for g_uwSwtmrTaskID
    los_swtmr.o(i.osSwTmrTimeoutHandle) refers to los_membox.o(i.LOS_MemboxAlloc) for LOS_MemboxAlloc
    los_swtmr.o(i.osSwTmrTimeoutHandle) refers to los_queue.o(i.LOS_QueueWrite) for LOS_QueueWrite
    los_swtmr.o(i.osSwTmrTimeoutHandle) refers to los_membox.o(i.LOS_MemboxFree) for LOS_MemboxFree
    los_swtmr.o(i.osSwTmrTimeoutHandle) refers to los_swtmr.o(i.osSwtmrDelete) for osSwtmrDelete
    los_swtmr.o(i.osSwTmrTimeoutHandle) refers to los_swtmr.o(i.osSwTmrStart) for osSwTmrStart
    los_swtmr.o(i.osSwTmrTimeoutHandle) refers to los_swtmr.o(.data) for m_pstSwtmrSortList
    los_swtmr.o(i.osSwTmrTimeoutHandle) refers to los_swtmr.o(.bss) for m_aucSwTmrHandlerPool
    los_swtmr.o(i.osSwtmrDelete) refers to los_swtmr.o(.data) for m_pstSwtmrFreeList
    los_swtmr.o(i.osSwtmrScan) refers to los_swtmr.o(i.osSwTmrTimeoutHandle) for osSwTmrTimeoutHandle
    los_swtmr.o(i.osSwtmrScan) refers to los_swtmr.o(.data) for m_pstSwtmrSortList
    los_swtmr.o(i.osSwtmrStop) refers to los_swtmr.o(.data) for m_pstSwtmrSortList
    los_sys.o(i.LOS_MS2Tick) refers to uldiv.o(.text) for __aeabi_uldivmod
    los_sys.o(i.LOS_Reboot) refers to los_dispatch_keil.o(KERNEL) for LOS_IntLock
[...]
    i.LOS_EvbLedInit                         0x08001d00   Section        0  los_bsp_led.o(i.LOS_EvbLedInit)
    i.LOS_EvbSetup                           0x08001d48   Section        0  los_bsp_adapter.o(i.LOS_EvbSetup)
    i.LOS_EvbUartInit                        0x08001d58   Section        0  los_bsp_uart.o(i.LOS_EvbUartInit)
    i.LOS_EvbUartWriteByte                   0x08001e28   Section        0  los_bsp_uart.o(i.LOS_EvbUartWriteByte)
    i.LOS_EventClear                         0x08001e48   Section        0  los_event.o(i.LOS_EventClear)
    i.LOS_EventInit                          0x08001e70   Section        0  los_event.o(i.LOS_EventInit)
    i.LOS_EventPoll                          0x08001e8c   Section        0  los_event.o(i.LOS_EventPoll)
    i.LOS_EventRead                          0x08001edc   Section        0  los_event.o(i.LOS_EventRead)
    i.LOS_EventWrite                         0x08002038   Section        0  los_event.o(i.LOS_EventWrite)
    i.LOS_InspectByID                        0x08002130   Section        0  los_inspect_entry.o(i.LOS_InspectByID)
    i.LOS_InspectStatusSetByID               0x08002294   Section        0  los_inspect_entry.o(i.LOS_InspectStatusSetByID)
    i.LOS_Inspect_Entry                      0x080022f4   Section        0  los_inspect_entry.o(i.LOS_Inspect_Entry)
    i.LOS_Inspect_KeyAndLed                  0x0800233c   Section        0  los_inspect_entry.o(i.LOS_Inspect_KeyAndLed)
    LOS_Inspect_KeyAndLed                    0x0800233d   Thumb Code    76  los_inspect_entry.o(i.LOS_Inspect_KeyAndLed)
    i.LOS_Inspect_TskDeal                    0x080023a4   Section        0  los_inspect_entry.o(i.LOS_Inspect_TskDeal)
    i.LOS_KernelInit                         0x08002470   Section        0  los_config.o(i.LOS_KernelInit)
    i.LOS_ListAdd                            0x08002482   Section        0  los_task.o(i.LOS_ListAdd)
    LOS_ListAdd                              0x08002483   Thumb Code    14  los_task.o(i.LOS_ListAdd)
    i.LOS_ListAdd                            0x08002490   Section        0  los_mux.o(i.LOS_ListAdd)
    LOS_ListAdd                              0x08002491   Thumb Code    14  los_mux.o(i.LOS_ListAdd)
    i.LOS_ListAdd                            0x0800249e   Section        0  los_queue.o(i.LOS_ListAdd)
    LOS_ListAdd                              0x0800249f   Thumb Code    14  los_queue.o(i.LOS_ListAdd)
    i.LOS_ListAdd                            0x080024ac   Section        0  los_sem.o(i.LOS_ListAdd)
    LOS_ListAdd                              0x080024ad   Thumb Code    14  los_sem.o(i.LOS_ListAdd)
    i.LOS_ListAdd                            0x080024ba   Section        0  los_memory.o(i.LOS_ListAdd)
    LOS_ListAdd                              0x080024bb   Thumb Code    14  los_memory.o(i.LOS_ListAdd)
    i.LOS_ListAdd                            0x080024c8   Section        0  los_api_list.o(i.LOS_ListAdd)
    LOS_ListAdd                              0x080024c9   Thumb Code    14  los_api_list.o(i.LOS_ListAdd)
    i.LOS_ListDelete                         0x080024d6   Section        0  los_task.o(i.LOS_ListDelete)
    LOS_ListDelete                           0x080024d7   Thumb Code    20  los_task.o(i.LOS_ListDelete)
    i.LOS_ListDelete                         0x080024ea   Section        0  los_mux.o(i.LOS_ListDelete)
    LOS_ListDelete                           0x080024eb   Thumb Code    20  los_mux.o(i.LOS_ListDelete)
    i.LOS_ListDelete                         0x080024fe   Section        0  los_sem.o(i.LOS_ListDelete)
    LOS_ListDelete                           0x080024ff   Thumb Code    20  los_sem.o(i.LOS_ListDelete)
    i.LOS_ListDelete                         0x08002512   Section        0  los_memory.o(i.LOS_ListDelete)
    LOS_ListDelete                           0x08002513   Thumb Code    20  los_memory.o(i.LOS_ListDelete)
    i.LOS_ListEmpty                          0x08002526   Section        0  los_task.o(i.LOS_ListEmpty)
    LOS_ListEmpty                            0x08002527   Thumb Code    16  los_task.o(i.LOS_ListEmpty)
    i.LOS_ListEmpty                          0x08002536   Section        0  los_mux.o(i.LOS_ListEmpty)
    LOS_ListEmpty                            0x08002537   Thumb Code    16  los_mux.o(i.LOS_ListEmpty)
    i.LOS_ListEmpty                          0x08002546   Section        0  los_queue.o(i.LOS_ListEmpty)
    LOS_ListEmpty                            0x08002547   Thumb Code    16  los_queue.o(i.LOS_ListEmpty)
    i.LOS_ListEmpty                          0x08002556   Section        0  los_sem.o(i.LOS_ListEmpty)
    LOS_ListEmpty                            0x08002557   Thumb Code    16  los_sem.o(i.LOS_ListEmpty)
    i.LOS_ListInit                           0x08002566   Section        0  los_task.o(i.LOS_ListInit)
    LOS_ListInit                             0x08002567   Thumb Code     6  los_task.o(i.LOS_ListInit)
    i.LOS_ListInit                           0x0800256c   Section        0  los_mux.o(i.LOS_ListInit)
    LOS_ListInit                             0x0800256d   Thumb Code     6  los_mux.o(i.LOS_ListInit)
    i.LOS_ListInit                           0x08002572   Section        0  los_queue.o(i.LOS_ListInit)
    LOS_ListInit                             0x08002573   Thumb Code     6  los_queue.o(i.LOS_ListInit)
    i.LOS_ListInit                           0x08002578   Section        0  los_sem.o(i.LOS_ListInit)
    LOS_ListInit                             0x08002579   Thumb Code     6  los_sem.o(i.LOS_ListInit)
    i.LOS_ListTailInsert                     0x0800257e   Section        0  los_task.o(i.LOS_ListTailInsert)
    LOS_ListTailInsert                       0x0800257f   Thumb Code    16  los_task.o(i.LOS_ListTailInsert)
    i.LOS_ListTailInsert                     0x0800258e   Section        0  los_mux.o(i.LOS_ListTailInsert)
    LOS_ListTailInsert                       0x0800258f   Thumb Code    16  los_mux.o(i.LOS_ListTailInsert)
    i.LOS_ListTailInsert                     0x0800259e   Section        0  los_sem.o(i.LOS_ListTailInsert)
    LOS_ListTailInsert                       0x0800259f   Thumb Code    16  los_sem.o(i.LOS_ListTailInsert)
    i.LOS_Log2                               0x080025b0   Section        0  los_multipledlinkhead.o(i.LOS_Log2)
    LOS_Log2                                 0x080025b1   Thumb Code   320  los_multipledlinkhead.o(i.LOS_Log2)
    i.LOS_MemAlloc                           0x080026f4   Section        0  los_memory.o(i.LOS_MemAlloc)
    i.LOS_MemAllocAlign                      0x0800272e   Section        0  los_memory.o(i.LOS_MemAllocAlign)
    i.LOS_MemFree                            0x0800279a   Section        0  los_memory.o(i.LOS_MemFree)
    i.LOS_MemInit                            0x080027ee   Section        0  los_memory.o(i.LOS_MemInit)
    i.LOS_MemboxAlloc                        0x08002894   Section        0  los_membox.o(i.LOS_MemboxAlloc)
    i.LOS_MemboxClr                          0x080028d4   Section        0  los_membox.o(i.LOS_MemboxClr)
    i.LOS_MemboxFree                         0x080028f0   Section        0  los_membox.o(i.LOS_MemboxFree)
    i.LOS_MemboxInit                         0x08002994   Section        0  los_membox.o(i.LOS_MemboxInit)
    i.LOS_MuxCreate                          0x08002a14   Section        0  los_mux.o(i.LOS_MuxCreate)
    i.LOS_MuxDelete                          0x08002a78   Section        0  los_mux.o(i.LOS_MuxDelete)
    i.LOS_MuxPend                            0x08002ae0   Section        0  los_mux.o(i.LOS_MuxPend)
    i.LOS_MuxPost                            0x08002c28   Section        0  los_mux.o(i.LOS_MuxPost)
    i.LOS_PriqueueDequeue                    0x08002d28   Section        0  los_priqueue.o(i.LOS_PriqueueDequeue)
    i.LOS_PriqueueEnqueue                    0x08002d40   Section        0  los_priqueue.o(i.LOS_PriqueueEnqueue)
    i.LOS_PriqueueSize                       0x08002d64   Section        0  los_priqueue.o(i.LOS_PriqueueSize)
    i.LOS_PriqueueTop                        0x08002d8c   Section        0  los_priqueue.o(i.LOS_PriqueueTop)
    i.LOS_QueueCreate                        0x08002dc8   Section        0  los_queue.o(i.LOS_QueueCreate)
    i.LOS_QueueDelete                        0x08002e44   Section        0  los_queue.o(i.LOS_QueueDelete)
    i.LOS_QueueRead                          0x08002ef4   Section        0  los_queue.o(i.LOS_QueueRead)
    i.LOS_QueueWrite                         0x08003024   Section        0  los_queue.o(i.LOS_QueueWrite)
    i.LOS_Schedule                           0x08003160   Section        0  los_hw.o(i.LOS_Schedule)
    i.LOS_SemCreate                          0x080031a0   Section        0  los_sem.o(i.LOS_SemCreate)
    i.LOS_SemDelete                          0x0800320c   Section        0  los_sem.o(i.LOS_SemDelete)
    i.LOS_SemPend                            0x0800326c   Section        0  los_sem.o(i.LOS_SemPend)
    i.LOS_SemPost                            0x0800336c   Section        0  los_sem.o(i.LOS_SemPost)
    i.LOS_SetTickSycle                       0x08003424   Section        0  los_hw_tick.o(i.LOS_SetTickSycle)
    i.LOS_Start                              0x08003430   Section        0  los_config.o(i.LOS_Start)
    i.LOS_SwtmrCreate                        0x0800343c   Section        0  los_swtmr.o(i.LOS_SwtmrCreate)
    i.LOS_SwtmrDelete                        0x080034c8   Section        0  los_swtmr.o(i.LOS_SwtmrDelete)
    i.LOS_SwtmrStart                         0x0800354c   Section        0  los_swtmr.o(i.LOS_SwtmrStart)
    i.LOS_SwtmrStop                          0x080035d0   Section        0  los_swtmr.o(i.LOS_SwtmrStop)
    i.LOS_TaskCreate                         0x08003650   Section        0  los_task.o(i.LOS_TaskCreate)
    i.LOS_TaskCreateOnly                     0x080036ec   Section        0  los_task.o(i.LOS_TaskCreateOnly)
    i.LOS_TaskDelay                          0x08003870   Section        0  los_task.o(i.LOS_TaskDelay)
    i.LOS_TaskDelete                         0x080038f0   Section        0  los_task.o(i.LOS_TaskDelete)
    i.LOS_TaskLock                           0x08003a58   Section        0  los_task.o(i.LOS_TaskLock)
    i.LOS_TaskResume                         0x08003a78   Section        0  los_task.o(i.LOS_TaskResume)
    i.LOS_TaskSuspend                        0x08003b28   Section        0  los_task.o(i.LOS_TaskSuspend)
    i.LOS_TaskUnlock                         0x08003c0c   Section        0  los_task.o(i.LOS_TaskUnlock)
    i.LOS_TaskYield                          0x08003c48   Section        0  los_task.o(i.LOS_TaskYield)
    i.LOS_TickCountGet                       0x08003ccc   Section        0  los_sys.o(i.LOS_TickCountGet)
    i.LOS_TickHandler                        0x08003cd8   Section        0  los_hw_tick.o(i.LOS_TickHandler)
    i.LosAdapIntInit                         0x08003d10   Section        0  los_bsp_adapter.o(i.LosAdapIntInit)
    i.MemManage_Handler                      0x08003d12   Section        0  gd32f10x_it.o(i.MemManage_Handler)
    i.NMI_Handler                            0x08003d16   Section        0  gd32f10x_it.o(i.NMI_Handler)
    i.RCC_APB1PeriphClock_Enable             0x08003d18   Section        0  gd32f10x_rcc.o(i.RCC_APB1PeriphClock_Enable)
    i.RCC_APB1PeriphReset_Enable             0x08003d38   Section        0  gd32f10x_rcc.o(i.RCC_APB1PeriphReset_Enable)
    i.RCC_APB2PeriphClock_Enable             0x08003d58   Section        0  gd32f10x_rcc.o(i.RCC_APB2PeriphClock_Enable)
    i.RCC_APB2PeriphReset_Enable             0x08003d78   Section        0  gd32f10x_rcc.o(i.RCC_APB2PeriphReset_Enable)
    i.RCC_GetClocksFreq                      0x08003d98   Section        0  gd32f10x_rcc.o(i.RCC_GetClocksFreq)
    i.SVC_Handler                            0x08003edc   Section        0  gd32f10x_it.o(i.SVC_Handler)
    i.SetSysClock                            0x08003ede   Section        0  system_gd32f10x.o(i.SetSysClock)
    SetSysClock                              0x08003edf   Thumb Code     8  system_gd32f10x.o(i.SetSysClock)
    i.SetSysClockTo108                       0x08003ee8   Section        0  system_gd32f10x.o(i.SetSysClockTo108)
    SetSysClockTo108                         0x08003ee9   Thumb Code   188  system_gd32f10x.o(i.SetSysClockTo108)
    i.SysTick_Handler                        0x08003fb0   Section        0  los_bsp_adapter.o(i.SysTick_Handler)
    i.SystemInit                             0x08003fb8   Section        0  system_gd32f10x.o(i.SystemInit)
    i.Timer1_Callback                        0x08004010   Section        0  los_api_timer.o(i.Timer1_Callback)
    i.Timer2_Callback                        0x08004060   Section        0  los_api_timer.o(i.Timer2_Callback)
    i.USART_DataSend                         0x080040b8   Section        0  gd32f10x_usart.o(i.USART_DataSend)
    i.USART_DeInit                           0x080040c0   Section        0  gd32f10x_usart.o(i.USART_DeInit)
    i.USART_Enable                           0x0800415c   Section        0  gd32f10x_usart.o(i.USART_Enable)
    i.USART_GetBitState                      0x08004172   Section        0  gd32f10x_usart.o(i.USART_GetBitState)
    i.USART_Init                             0x08004184   Section        0  gd32f10x_usart.o(i.USART_Init)
    i.UsageFault_Handler                     0x08004208   Section        0  gd32f10x_it.o(i.UsageFault_Handler)
    i.__0printf                              0x0800420c   Section        0  printfa.o(i.__0printf)
    i.__scatterload_copy                     0x0800422c   Section       14  handlers.o(i.__scatterload_copy)
    i.__scatterload_null                     0x0800423a   Section        2  handlers.o(i.__scatterload_null)
    i.__scatterload_zeroinit                 0x0800423c   Section       14  handlers.o(i.__scatterload_zeroinit)
    i._fp_digits                             0x0800424c   Section        0  printfa.o(i._fp_digits)
    _fp_digits                               0x0800424d   Thumb Code   334  printfa.o(i._fp_digits)
    i._printf_core                           0x080043b0   Section        0  printfa.o(i._printf_core)
    _printf_core                             0x080043b1   Thumb Code  1744  printfa.o(i._printf_core)
    i._printf_post_padding                   0x08004a8c   Section        0  printfa.o(i._printf_post_padding)
    _printf_post_padding                     0x08004a8d   Thumb Code    36  printfa.o(i._printf_post_padding)
    i._printf_pre_padding                    0x08004ab0   Section        0  printfa.o(i._printf_pre_padding)
    _printf_pre_padding                      0x08004ab1   Thumb Code    46  printfa.o(i._printf_pre_padding)
    i.fputc                                  0x08004ade   Section        0  los_bsp_uart.o(i.fputc)
    i.free                                   0x08004af0   Section        0  malloc.o(i.free)
    i.main                                   0x08004b40   Section        0  main.o(i.main)
    i.osHwiDefaultHandler                    0x08004b62   Section        0  los_hwi.o(i.osHwiDefaultHandler)
    i.osHwiInit                              0x08004b6c   Section        0  los_hwi.o(i.osHwiInit)
    i.osIdleTask                             0x08004b90   Section        0  los_task.o(i.osIdleTask)
    i.osIdleTaskCreate                       0x08004b94   Section        0  los_task.o(i.osIdleTaskCreate)
    i.osIntNumGet                            0x08004be0   Section        0  los_hwi.o(i.osIntNumGet)
    i.osMain                                 0x08004bec   Section        0  los_config.o(i.osMain)
    i.osMemAllocWithCheck                    0x08004c5c   Section        0  los_memory.o(i.osMemAllocWithCheck)
    osMemAllocWithCheck                      0x08004c5d   Thumb Code    92  los_memory.o(i.osMemAllocWithCheck)
    i.osMemCheckUsedNode                     0x08004cb8   Section        0  los_memory.o(i.osMemCheckUsedNode)
    osMemCheckUsedNode                       0x08004cb9   Thumb Code   152  los_memory.o(i.osMemCheckUsedNode)
    i.osMemFindSuitableFreeBlock             0x08004d50   Section        0  los_memory.o(i.osMemFindSuitableFreeBlock)
    osMemFindSuitableFreeBlock               0x08004d51   Thumb Code    80  los_memory.o(i.osMemFindSuitableFreeBlock)
    i.osMemFreeNode                          0x08004da0   Section        0  los_memory.o(i.osMemFreeNode)
    osMemFreeNode                            0x08004da1   Thumb Code   178  los_memory.o(i.osMemFreeNode)
    i.osMemIsNodeValid                       0x08004e52   Section        0  los_memory.o(i.osMemIsNodeValid)
    osMemIsNodeValid                         0x08004e53   Thumb Code    62  los_memory.o(i.osMemIsNodeValid)
    i.osMemMergeNode                         0x08004e90   Section        0  los_memory.o(i.osMemMergeNode)
    osMemMergeNode                           0x08004e91   Thumb Code    36  los_memory.o(i.osMemMergeNode)
    i.osMemSetMagicNumAndTaskid              0x08004eb4   Section        0  los_memory.o(i.osMemSetMagicNumAndTaskid)
    osMemSetMagicNumAndTaskid                0x08004eb5   Thumb Code    28  los_memory.o(i.osMemSetMagicNumAndTaskid)
    i.osMemSpitNode                          0x08004ed4   Section        0  los_memory.o(i.osMemSpitNode)
    osMemSpitNode                            0x08004ed5   Thumb Code    92  los_memory.o(i.osMemSpitNode)
    i.osMemSystemInit                        0x08004f30   Section        0  los_memory.o(i.osMemSystemInit)
    i.osMuxInit                              0x08004f54   Section        0  los_mux.o(i.osMuxInit)
    i.osPriqueueInit                         0x08004fb0   Section        0  los_priqueue.o(i.osPriqueueInit)
    i.osQueueCreate                          0x08004ff8   Section        0  los_queue.o(i.osQueueCreate)
    i.osQueueInit                            0x08005068   Section        0  los_queue.o(i.osQueueInit)
    i.osQueuePend                            0x080050a0   Section        0  los_queue.o(i.osQueuePend)
    osQueuePend                              0x080050a1   Thumb Code   132  los_queue.o(i.osQueuePend)
    i.osQueueWakeUp                          0x08005124   Section        0  los_queue.o(i.osQueueWakeUp)
    osQueueWakeUp                            0x08005125   Thumb Code    90  los_queue.o(i.osQueueWakeUp)
    i.osRegister                             0x08005180   Section        0  los_config.o(i.osRegister)
    i.osSchedule                             0x0800519c   Section        0  los_hw.o(i.osSchedule)
    i.osSemInit                              0x080051a4   Section        0  los_sem.o(i.osSemInit)
    i.osSwTmrInit                            0x080051fc   Section        0  los_swtmr.o(i.osSwTmrInit)
    i.osSwTmrStart                           0x080052a8   Section        0  los_swtmr.o(i.osSwTmrStart)
    i.osSwTmrTask                            0x08005308   Section        0  los_swtmr.o(i.osSwTmrTask)
    i.osSwTmrTaskCreate                      0x08005358   Section        0  los_swtmr.o(i.osSwTmrTaskCreate)
    i.osSwTmrTimeoutHandle                   0x080053a0   Section        0  los_swtmr.o(i.osSwTmrTimeoutHandle)
    osSwTmrTimeoutHandle                     0x080053a1   Thumb Code   128  los_swtmr.o(i.osSwTmrTimeoutHandle)
    i.osSwtmrDelete                          0x0800542c   Section        0  los_swtmr.o(i.osSwtmrDelete)
    osSwtmrDelete                            0x0800542d   Thumb Code    16  los_swtmr.o(i.osSwtmrDelete)
    i.osSwtmrScan                            0x08005440   Section        0  los_swtmr.o(i.osSwtmrScan)
    i.osSwtmrStop                            0x08005464   Section        0  los_swtmr.o(i.osSwtmrStop)
    i.osTaskAdd2TimerList                    0x080054ac   Section        0  los_task.o(i.osTaskAdd2TimerList)
    i.osTaskEntry                            0x0800556c   Section        0  los_task.o(i.osTaskEntry)
    i.osTaskExit                             0x08005610   Section        0  los_hw.o(i.osTaskExit)
    i.osTaskInit                             0x08005618   Section        0  los_task.o(i.osTaskInit)
    i.osTaskMemUsedDec                       0x08005740   Section        0  los_memstat.o(i.osTaskMemUsedDec)
    i.osTaskMemUsedInc                       0x08005774   Section        0  los_memstat.o(i.osTaskMemUsedInc)
    i.osTaskPriModify                        0x080057b0   Section        0  los_task.o(i.osTaskPriModify)
    i.osTaskScan                             0x080057e8   Section        0  los_task.o(i.osTaskScan)
    i.osTaskSelfDelete                       0x080058c4   Section        0  los_task.o(i.osTaskSelfDelete)
    i.osTickHandler                          0x080059c0   Section        0  los_tick.o(i.osTickHandler)
    i.osTickStart                            0x080059e8   Section        0  los_bsp_adapter.o(i.osTickStart)
    i.osTimerListDelete                      0x08005a28   Section        0  los_task.o(i.osTimerListDelete)
    i.osTimesliceCheck                       0x08005a70   Section        0  los_timeslice.o(i.osTimesliceCheck)
    i.osTimesliceInit                        0x08005abc   Section        0  los_timeslice.o(i.osTimesliceInit)
    i.osTskStackInit                         0x08005acc   Section        0  los_hw.o(i.osTskStackInit)
    i.recv_Entry                             0x08005b54   Section        0  los_api_msgqueue.o(i.recv_Entry)
    i.send_Entry                             0x08005c20   Section        0  los_api_msgqueue.o(i.send_Entry)
    .constdata                               0x08005c94   Section        9  los_bsp_adapter.o(.constdata)
    .conststring                             0x08005ca0   Section       66  los_api_sem.o(.conststring)
    .data                                    0x20000000   Section        4  los_priqueue.o(.data)
    .data                                    0x20000004   Section       16  los_swtmr.o(.data)
    .data                                    0x20000014   Section       68  los_task.o(.data)
    .data                                    0x20000058   Section       16  los_tick.o(.data)
    .data                                    0x20000068   Section        8  los_timeslice.o(.data)
    .data                                    0x20000070   Section       12  los_mux.o(.data)
    .data                                    0x2000007c   Section        4  los_queue.o(.data)
    .data                                    0x20000080   Section       12  los_sem.o(.data)
    .data                                    0x2000008c   Section        8  los_config.o(.data)
    .data                                    0x20000094   Section        4  los_hw_tick.o(.data)
    .data                                    0x20000098   Section        4  los_hwi.o(.data)
    .data                                    0x2000009c   Section        4  los_bsp_adapter.o(.data)
    g_ucycle_per_tick                        0x2000009c   Data           4  los_bsp_adapter.o(.data)
    .data                                    0x200000a0   Section       24  gd32f10x_rcc.o(.data)
    AHBPrescTable                            0x200000a0   Data          16  gd32f10x_rcc.o(.data)
    APBPrescTable                            0x200000b0   Data           8  gd32f10x_rcc.o(.data)
    .data                                    0x200000b8   Section        8  los_api_event.o(.data)
    .data                                    0x200000c0   Section       22  los_api_msgqueue.o(.data)
    g_uwQueue                                0x200000c0   Data           4  los_api_msgqueue.o(.data)
    .data                                    0x200000d8   Section       12  los_api_mutex.o(.data)
    .data                                    0x200000e4   Section       12  los_api_sem.o(.data)
    g_TestTaskID01                           0x200000e4   Data           4  los_api_sem.o(.data)
    g_TestTaskID02                           0x200000e8   Data           4  los_api_sem.o(.data)
    g_usSemID                                0x200000ec   Data           4  los_api_sem.o(.data)
    .data                                    0x200000f0   Section        8  los_api_task.o(.data)
    .data                                    0x200000f8   Section        8  los_api_timer.o(.data)
    .data                                    0x20000100   Section      168  los_inspect_entry.o(.data)
    gInspectErrCnt                           0x20000100   Data           4  los_inspect_entry.o(.data)
    g_uwDemoTaskID                           0x20000104   Data           4  los_inspect_entry.o(.data)
    gInspect                                 0x20000108   Data         160  los_inspect_entry.o(.data)
    .data                                    0x200001a8   Section        4  stdout.o(.data)
    .data                                    0x200001ac   Section        4  mvars.o(.data)
    .vector.bss                              0x200001b0   Section     1024  los_hwi.o(.vector.bss)
    .bss                                     0x200005b0   Section      208  los_swtmr.o(.bss)
    .bss                                     0x20000680   Section    32768  los_memory.o(.bss)
    .bss                                     0x20008680   Section       64  los_memstat.o(.bss)
    .bss                                     0x200086c0   Section       12  los_api_event.o(.bss)
    .bss                                     0x200086cc   Section      600  los_api_static_mem.o(.bss)
    STACK                                    0x20008928   Section     1024  startup_gd32f10x_hd.o(STACK)

    Global Symbols

    Symbol Name                              Value     Ov Type        Size  Object(Section)

    BuildAttributes$$THM_ISAv4$P$D$K$B$S$PE$A:L22UL41UL21$X:L11$S22US41US21$IEEE1$IW$USESV6$~STKCKD$USESV7$~SHL$OSPACE$ROPI$EBA8$MICROLIB$REQ8$PRES8$EABIv2 0x00000000   Number         0  anon$$obj.o ABSOLUTE
    __ARM_use_no_argv                        0x00000000   Number         0  main.o ABSOLUTE
    _printf_a                                0x00000000   Number         0  stubs.o ABSOLUTE
    _printf_c                                0x00000000   Number         0  stubs.o ABSOLUTE
    _printf_charcount                        0x00000000   Number         0  stubs.o ABSOLUTE
    _printf_d                                0x00000000   Number         0  stubs.o ABSOLUTE
    _printf_e                                0x00000000   Number         0  stubs.o ABSOLUTE
    _printf_f                                0x00000000   Number         0  stubs.o ABSOLUTE
    _printf_flags                            0x00000000   Number         0  stubs.o ABSOLUTE
    _printf_fp_dec                           0x00000000   Number         0  stubs.o ABSOLUTE
    _printf_fp_hex                           0x00000000   Number         0  stubs.o ABSOLUTE
    _printf_g                                0x00000000   Number         0  stubs.o ABSOLUTE
    _printf_i                                0x00000000   Number         0  stubs.o ABSOLUTE
    _printf_int_dec                          0x00000000   Number         0  stubs.o ABSOLUTE
    _printf_l                                0x00000000   Number         0  stubs.o ABSOLUTE
    _printf_lc                               0x00000000   Number         0  stubs.o ABSOLUTE
    _printf_ll                               0x00000000   Number         0  stubs.o ABSOLUTE
    _printf_lld                              0x00000000   Number         0  stubs.o ABSOLUTE
    _printf_lli                              0x00000000   Number         0  stubs.o ABSOLUTE
    _printf_llo                              0x00000000   Number         0  stubs.o ABSOLUTE
    _printf_llu                              0x00000000   Number         0  stubs.o ABSOLUTE
    _printf_llx                              0x00000000   Number         0  stubs.o ABSOLUTE
    _printf_longlong_dec                     0x00000000   Number         0  stubs.o ABSOLUTE
    _printf_longlong_hex                     0x00000000   Number         0  stubs.o ABSOLUTE
    _printf_longlong_oct                     0x00000000   Number         0  stubs.o ABSOLUTE
    _printf_ls                               0x00000000   Number         0  stubs.o ABSOLUTE
    _printf_mbtowc                           0x00000000   Number         0  stubs.o ABSOLUTE
    _printf_n                                0x00000000   Number         0  stubs.o ABSOLUTE
    _printf_o                                0x00000000   Number         0  stubs.o ABSOLUTE
    _printf_p                                0x00000000   Number         0  stubs.o ABSOLUTE
    _printf_percent                          0x00000000   Number         0  stubs.o ABSOLUTE
    _printf_pre_padding                      0x00000000   Number         0  stubs.o ABSOLUTE
    _printf_return_value                     0x00000000   Number         0  stubs.o ABSOLUTE
    _printf_s                                0x00000000   Number         0  stubs.o ABSOLUTE
    _printf_sizespec                         0x00000000   Number         0  stubs.o ABSOLUTE
    _printf_str                              0x00000000   Number         0  stubs.o ABSOLUTE
    _printf_truncate_signed                  0x00000000   Number         0  stubs.o ABSOLUTE
    _printf_truncate_unsigned                0x00000000   Number         0  stubs.o ABSOLUTE
    _printf_u                                0x00000000   Number         0  stubs.o ABSOLUTE
    _printf_wc                               0x00000000   Number         0  stubs.o ABSOLUTE
    _printf_wctomb                           0x00000000   Number         0  stubs.o ABSOLUTE
    _printf_widthprec                        0x00000000   Number         0  stubs.o ABSOLUTE
    _printf_x                                0x00000000   Number         0  stubs.o ABSOLUTE
    __cpp_initialize__aeabi_                  - Undefined Weak Reference
    __cxa_finalize                            - Undefined Weak Reference
    _clock_init                               - Undefined Weak Reference
    _microlib_exit                            - Undefined Weak Reference
    __Vectors_Size                           0x00000130   Number         0  startup_gd32f10x_hd.o ABSOLUTE
    __Vectors                                0x08000000   Data           4  startup_gd32f10x_hd.o(RESET)
    __Vectors_End                            0x08000130   Data           0  startup_gd32f10x_hd.o(RESET)
    __main                                   0x08000131   Thumb Code     0  entry.o(.ARM.Collect$$$$00000000)
    _main_stk                                0x08000131   Thumb Code     0  entry2.o(.ARM.Collect$$$$00000001)
    _main_scatterload                        0x08000135   Thumb Code     0  entry5.o(.ARM.Collect$$$$00000004)
    __main_after_scatterload                 0x08000139   Thumb Code     0  entry5.o(.ARM.Collect$$$$00000004)
    _main_clock                              0x08000139   Thumb Code     0  entry7b.o(.ARM.Collect$$$$00000008)
    _main_cpp_init                           0x08000139   Thumb Code     0  entry8b.o(.ARM.Collect$$$$0000000A)
    _main_init                               0x08000139   Thumb Code     0  entry9a.o(.ARM.Collect$$$$0000000B)
    __rt_final_cpp                           0x08000141   Thumb Code     0  entry10a.o(.ARM.Collect$$$$0000000D)
    __rt_final_exit                          0x08000141   Thumb Code     0  entry11a.o(.ARM.Collect$$$$0000000F)
    LOS_StartToRun                           0x08000145   Thumb Code     0  los_dispatch_keil.o(.text)
    Reset_Handler                            0x080001a1   Thumb Code     8  startup_gd32f10x_hd.o(.text)
    ADC1_2_IRQHandler                        0x080001bb   Thumb Code     0  startup_gd32f10x_hd.o(.text)
    ADC3_IRQHandler                          0x080001bb   Thumb Code     0  startup_gd32f10x_hd.o(.text)
    CAN1_RX1_IRQHandler                      0x080001bb   Thumb Code     0  startup_gd32f10x_hd.o(.text)
    CAN1_SCE_IRQHandler                      0x080001bb   Thumb Code     0  startup_gd32f10x_hd.o(.text)
    DMA1_Channel1_IRQHandler                 0x080001bb   Thumb Code     0  startup_gd32f10x_hd.o(.text)
    DMA1_Channel2_IRQHandler                 0x080001bb   Thumb Code     0  startup_gd32f10x_hd.o(.text)
    DMA1_Channel3_IRQHandler                 0x080001bb   Thumb Code     0  startup_gd32f10x_hd.o(.text)
    DMA1_Channel4_IRQHandler                 0x080001bb   Thumb Code     0  startup_gd32f10x_hd.o(.text)
    DMA1_Channel5_IRQHandler                 0x080001bb   Thumb Code     0  startup_gd32f10x_hd.o(.text)
    DMA1_Channel6_IRQHandler                 0x080001bb   Thumb Code     0  startup_gd32f10x_hd.o(.text)
    DMA1_Channel7_IRQHandler                 0x080001bb   Thumb Code     0  startup_gd32f10x_hd.o(.text)
    DMA2_Channel1_IRQHandler                 0x080001bb   Thumb Code     0  startup_gd32f10x_hd.o(.text)
    DMA2_Channel2_IRQHandler                 0x080001bb   Thumb Code     0  startup_gd32f10x_hd.o(.text)
    DMA2_Channel3_IRQHandler                 0x080001bb   Thumb Code     0  startup_gd32f10x_hd.o(.text)
    DMA2_Channel4_5_IRQHandler               0x080001bb   Thumb Code     0  startup_gd32f10x_hd.o(.text)
    EXMC_IRQHandler                          0x080001bb   Thumb Code     0  startup_gd32f10x_hd.o(.text)
    EXTI0_IRQHandler                         0x080001bb   Thumb Code     0  startup_gd32f10x_hd.o(.text)
    EXTI15_10_IRQHandler                     0x080001bb   Thumb Code     0  startup_gd32f10x_hd.o(.text)
    EXTI1_IRQHandler                         0x080001bb   Thumb Code     0  startup_gd32f10x_hd.o(.text)
    EXTI2_IRQHandler                         0x080001bb   Thumb Code     0  startup_gd32f10x_hd.o(.text)
    EXTI3_IRQHandler                         0x080001bb   Thumb Code     0  startup_gd32f10x_hd.o(.text)
    EXTI4_IRQHandler                         0x080001bb   Thumb Code     0  startup_gd32f10x_hd.o(.text)
    EXTI9_5_IRQHandler                       0x080001bb   Thumb Code     0  startup_gd32f10x_hd.o(.text)
    FMC_IRQHandler                           0x080001bb   Thumb Code     0  startup_gd32f10x_hd.o(.text)
    I2C1_ER_IRQHandler                       0x080001bb   Thumb Code     0  startup_gd32f10x_hd.o(.text)
    I2C1_EV_IRQHandler                       0x080001bb   Thumb Code     0  startup_gd32f10x_hd.o(.text)
    I2C2_ER_IRQHandler                       0x080001bb   Thumb Code     0  startup_gd32f10x_hd.o(.text)
    I2C2_EV_IRQHandler                       0x080001bb   Thumb Code     0  startup_gd32f10x_hd.o(.text)
    LVD_IRQHandler                           0x080001bb   Thumb Code     0  startup_gd32f10x_hd.o(.text)
    RCC_IRQHandler                           0x080001bb   Thumb Code     0  startup_gd32f10x_hd.o(.text)
    RTCAlarm_IRQHandler                      0x080001bb   Thumb Code     0  startup_gd32f10x_hd.o(.text)
    RTC_IRQHandler                           0x080001bb   Thumb Code     0  startup_gd32f10x_hd.o(.text)
    SDIO_IRQHandler                          0x080001bb   Thumb Code     0  startup_gd32f10x_hd.o(.text)
    SPI1_IRQHandler                          0x080001bb   Thumb Code     0  startup_gd32f10x_hd.o(.text)
    SPI2_IRQHandler                          0x080001bb   Thumb Code     0  startup_gd32f10x_hd.o(.text)
    SPI3_IRQHandler                          0x080001bb   Thumb Code     0  startup_gd32f10x_hd.o(.text)
    TAMPER_IRQHandler                        0x080001bb   Thumb Code     0  startup_gd32f10x_hd.o(.text)
    TIMER1_BRK_IRQHandler                    0x080001bb   Thumb Code     0  startup_gd32f10x_hd.o(.text)
    TIMER1_CC_IRQHandler                     0x080001bb   Thumb Code     0  startup_gd32f10x_hd.o(.text)
    TIMER1_TRG_COM_IRQHandler                0x080001bb   Thumb Code     0  startup_gd32f10x_hd.o(.text)
    TIMER1_UP_IRQHandler                     0x080001bb   Thumb Code     0  startup_gd32f10x_hd.o(.text)
    TIMER2_IRQHandler                        0x080001bb   Thumb Code     0  startup_gd32f10x_hd.o(.text)
    TIMER3_IRQHandler                        0x080001bb   Thumb Code     0  startup_gd32f10x_hd.o(.text)
    TIMER4_IRQHandler                        0x080001bb   Thumb Code     0  startup_gd32f10x_hd.o(.text)
    TIMER5_IRQHandler                        0x080001bb   Thumb Code     0  startup_gd32f10x_hd.o(.text)
    TIMER6_IRQHandler                        0x080001bb   Thumb Code     0  startup_gd32f10x_hd.o(.text)
    TIMER7_IRQHandler                        0x080001bb   Thumb Code     0  startup_gd32f10x_hd.o(.text)
    TIMER8_BRK_IRQHandler                    0x080001bb   Thumb Code     0  startup_gd32f10x_hd.o(.text)
    TIMER8_CC_IRQHandler                     0x080001bb   Thumb Code     0  startup_gd32f10x_hd.o(.text)
    TIMER8_TRG_COM_IRQHandler                0x080001bb   Thumb Code     0  startup_gd32f10x_hd.o(.text)
    TIMER8_UP_IRQHandler                     0x080001bb   Thumb Code     0  startup_gd32f10x_hd.o(.text)
    UART4_IRQHandler                         0x080001bb   Thumb Code     0  startup_gd32f10x_hd.o(.text)
    UART5_IRQHandler                         0x080001bb   Thumb Code     0  startup_gd32f10x_hd.o(.text)
    USART1_IRQHandler                        0x080001bb   Thumb Code     0  startup_gd32f10x_hd.o(.text)
    USART2_IRQHandler                        0x080001bb   Thumb Code     0  startup_gd32f10x_hd.o(.text)
    USART3_IRQHandler                        0x080001bb   Thumb Code     0  startup_gd32f10x_hd.o(.text)
    USBWakeUp_IRQHandler                     0x080001bb   Thumb Code     0  startup_gd32f10x_hd.o(.text)
    USB_HP_CAN1_TX_IRQHandler                0x080001bb   Thumb Code     0  startup_gd32f10x_hd.o(.text)
    USB_LP_CAN1_RX0_IRQHandler               0x080001bb   Thumb Code     0  startup_gd32f10x_hd.o(.text)
    WWDG_IRQHandler                          0x080001bb   Thumb Code     0  startup_gd32f10x_hd.o(.text)
    __aeabi_uldivmod                         0x080001c5   Thumb Code    98  uldiv.o(.text)
    __aeabi_memset                           0x08000227   Thumb Code    14  memseta.o(.text)
    __aeabi_memset4                          0x08000227   Thumb Code     0  memseta.o(.text)
    __aeabi_memset8                          0x08000227   Thumb Code     0  memseta.o(.text)
    __aeabi_memclr                           0x08000235   Thumb Code     4  memseta.o(.text)
    __aeabi_memclr4                          0x08000235   Thumb Code     0  memseta.o(.text)
    __aeabi_memclr8                          0x08000235   Thumb Code     0  memseta.o(.text)
    _memset$wrapper                          0x08000239   Thumb Code    18  memseta.o(.text)
    __aeabi_ddiv                             0x0800024b   Thumb Code   222  ddiv.o(.text)
    __aeabi_d2ulz                            0x08000329   Thumb Code    48  dfixul.o(.text)
    __aeabi_uidiv                            0x08000359   Thumb Code     0  uidiv.o(.text)
    __aeabi_uidivmod                         0x08000359   Thumb Code    44  uidiv.o(.text)
    __aeabi_llsl                             0x08000385   Thumb Code    30  llshl.o(.text)
    _ll_shift_l                              0x08000385   Thumb Code     0  llshl.o(.text)
    __aeabi_llsr                             0x080003a3   Thumb Code    32  llushr.o(.text)
    _ll_ushift_r                             0x080003a3   Thumb Code     0  llushr.o(.text)
    __I$use$fp                               0x080003c3   Thumb Code     0  iusefp.o(.text)
    _double_round                            0x080003c3   Thumb Code    30  depilogue.o(.text)
    _double_epilogue                         0x080003e1   Thumb Code   156  depilogue.o(.text)
    __aeabi_dadd                             0x0800047d   Thumb Code   322  dadd.o(.text)
    __aeabi_dsub                             0x080005bf   Thumb Code     6  dadd.o(.text)
    __aeabi_drsub                            0x080005c5   Thumb Code     6  dadd.o(.text)
    __aeabi_dmul                             0x080005cb   Thumb Code   228  dmul.o(.text)
    __aeabi_cdrcmple                         0x080006b1   Thumb Code    48  cdrcmple.o(.text)
    __scatterload                            0x080006e1   Thumb Code    28  init.o(.text)
    __scatterload_rt2                        0x080006e1   Thumb Code     0  init.o(.text)
    __aeabi_lasr                             0x08000705   Thumb Code    36  llsshr.o(.text)
    _ll_sshift_r                             0x08000705   Thumb Code     0  llsshr.o(.text)
    __decompress                             0x08000729   Thumb Code     0  __dczerorl2.o(.text)
    __decompress1                            0x08000729   Thumb Code    86  __dczerorl2.o(.text)
    LOS_IntNumGet                            0x08000781   Thumb Code     0  los_dispatch_keil.o(KERNEL)
    osDisableIRQ                             0x08000787   Thumb Code     0  los_dispatch_keil.o(KERNEL)
    LOS_IntLock                              0x0800078b   Thumb Code     0  los_dispatch_keil.o(KERNEL)
    LOS_IntUnLock                            0x08000793   Thumb Code     0  los_dispatch_keil.o(KERNEL)
    LOS_IntRestore                           0x0800079b   Thumb Code     0  los_dispatch_keil.o(KERNEL)
    osTaskSchedule                           0x080007a1   Thumb Code     0  los_dispatch_keil.o(KERNEL)
    PendSV_Handler                           0x080007ab   Thumb Code     0  los_dispatch_keil.o(KERNEL)
    BusFault_Handler                         0x08000809   Thumb Code     4  gd32f10x_it.o(i.BusFault_Handler)
    DebugMon_Handler                         0x0800080d   Thumb Code     2  gd32f10x_it.o(i.DebugMon_Handler)
    Example_Dyn_Mem                          0x08000811   Thumb Code   134  los_api_dynamic_mem.o(i.Example_Dyn_Mem)
    Example_Event                            0x08000921   Thumb Code    62  los_api_event.o(i.Example_Event)
    Example_GetTick                          0x080009c9   Thumb Code   126  los_api_systick.o(i.Example_GetTick)
    Example_MsgQueue                         0x08000aa1   Thumb Code   130  los_api_msgqueue.o(i.Example_MsgQueue)
    Example_MutexLock                        0x08000bc1   Thumb Code   184  los_api_mutex.o(i.Example_MutexLock)
    Example_MutexTask1                       0x08000d05   Thumb Code    94  los_api_mutex.o(i.Example_MutexTask1)
    Example_MutexTask2                       0x08000e1d   Thumb Code    62  los_api_mutex.o(i.Example_MutexTask2)
    Example_SemTask1                         0x08000f01   Thumb Code    88  los_api_sem.o(i.Example_SemTask1)
    Example_SemTask2                         0x08000fe1   Thumb Code    52  los_api_sem.o(i.Example_SemTask2)
    Example_Semphore                         0x080010b9   Thumb Code   204  los_api_sem.o(i.Example_Semphore)
    Example_SndRcvEvent                      0x08001211   Thumb Code   162  los_api_event.o(i.Example_SndRcvEvent)
    Example_StaticMem                        0x08001365   Thumb Code   144  los_api_static_mem.o(i.Example_StaticMem)
    Example_TaskHi                           0x080014a9   Thumb Code   102  los_api_task.o(i.Example_TaskHi)
    Example_TaskLo                           0x080015bd   Thumb Code    88  los_api_task.o(i.Example_TaskLo)
    Example_TskCaseEntry                     0x080016a1   Thumb Code   152  los_api_task.o(i.Example_TskCaseEntry)
    Example_list                             0x0800181d   Thumb Code   232  los_api_list.o(i.Example_list)
    Example_swTimer                          0x080019b1   Thumb Code   148  los_api_timer.o(i.Example_swTimer)
    GPIO_Init                                0x08001ab9   Thumb Code   278  gd32f10x_gpio.o(i.GPIO_Init)
    GPIO_ReadInputBit                        0x08001bcf   Thumb Code    18  gd32f10x_gpio.o(i.GPIO_ReadInputBit)
    HardFault_Handler                        0x08001be1   Thumb Code     4  gd32f10x_it.o(i.HardFault_Handler)
    LOS_Align                                0x08001be5   Thumb Code    28  los_misc.o(i.LOS_Align)
    LOS_CyclePerTickGet                      0x08001c01   Thumb Code     6  los_sys.o(i.LOS_CyclePerTickGet)
    LOS_DLnkInitMultiHead                    0x08001c07   Thumb Code    30  los_multipledlinkhead.o(i.LOS_DLnkInitMultiHead)
    LOS_DLnkMultiHead                        0x08001c25   Thumb Code    42  los_multipledlinkhead.o(i.LOS_DLnkMultiHead)
    LOS_EnableTick                           0x08001c4f   Thumb Code    18  los_config.o(i.LOS_EnableTick)
    LOS_EvbGetKeyVal                         0x08001c61   Thumb Code    24  los_bsp_key.o(i.LOS_EvbGetKeyVal)
    LOS_EvbKeyInit                           0x08001c7d   Thumb Code    40  los_bsp_key.o(i.LOS_EvbKeyInit)
    LOS_EvbLedControl                        0x08001ca9   Thumb Code    80  los_bsp_led.o(i.LOS_EvbLedControl)
    LOS_EvbLedInit                           0x08001d01   Thumb Code    64  los_bsp_led.o(i.LOS_EvbLedInit)
    LOS_EvbSetup                             0x08001d49   Thumb Code    16  los_bsp_adapter.o(i.LOS_EvbSetup)
    LOS_EvbUartInit                          0x08001d59   Thumb Code   138  los_bsp_uart.o(i.LOS_EvbUartInit)
    LOS_EvbUartWriteByte                     0x08001e29   Thumb Code    28  los_bsp_uart.o(i.LOS_EvbUartWriteByte)
    LOS_EventClear                           0x08001e49   Thumb Code    34  los_event.o(i.LOS_EventClear)
    LOS_EventInit                            0x08001e71   Thumb Code    24  los_event.o(i.LOS_EventInit)
    LOS_EventPoll                            0x08001e8d   Thumb Code    80  los_event.o(i.LOS_EventPoll)
    LOS_EventRead                            0x08001edd   Thumb Code   330  los_event.o(i.LOS_EventRead)
    LOS_EventWrite                           0x08002039   Thumb Code   244  los_event.o(i.LOS_EventWrite)
    LOS_InspectByID                          0x08002131   Thumb Code   204  los_inspect_entry.o(i.LOS_InspectByID)
    LOS_InspectStatusSetByID                 0x08002295   Thumb Code    64  los_inspect_entry.o(i.LOS_InspectStatusSetByID)
    LOS_Inspect_Entry                        0x080022f5   Thumb Code    52  los_inspect_entry.o(i.LOS_Inspect_Entry)
    LOS_Inspect_TskDeal                      0x080023a5   Thumb Code    80  los_inspect_entry.o(i.LOS_Inspect_TskDeal)
    LOS_KernelInit                           0x08002471   Thumb Code    18  los_config.o(i.LOS_KernelInit)
    LOS_MemAlloc                             0x080026f5   Thumb Code    58  los_memory.o(i.LOS_MemAlloc)
    LOS_MemAllocAlign                        0x0800272f   Thumb Code   108  los_memory.o(i.LOS_MemAllocAlign)
    LOS_MemFree                              0x0800279b   Thumb Code    84  los_memory.o(i.LOS_MemFree)
    LOS_MemInit                              0x080027ef   Thumb Code   166  los_memory.o(i.LOS_MemInit)
    LOS_MemboxAlloc                          0x08002895   Thumb Code    60  los_membox.o(i.LOS_MemboxAlloc)
    LOS_MemboxClr                            0x080028d5   Thumb Code    28  los_membox.o(i.LOS_MemboxClr)
    LOS_MemboxFree                           0x080028f1   Thumb Code   158  los_membox.o(i.LOS_MemboxFree)
    LOS_MemboxInit                           0x08002995   Thumb Code   128  los_membox.o(i.LOS_MemboxInit)
    LOS_MuxCreate                            0x08002a15   Thumb Code    90  los_mux.o(i.LOS_MuxCreate)
    LOS_MuxDelete                            0x08002a79   Thumb Code    90  los_mux.o(i.LOS_MuxDelete)
    LOS_MuxPend                              0x08002ae1   Thumb Code   308  los_mux.o(i.LOS_MuxPend)
    LOS_MuxPost                              0x08002c29   Thumb Code   238  los_mux.o(i.LOS_MuxPost)
    LOS_PriqueueDequeue                      0x08002d29   Thumb Code    24  los_priqueue.o(i.LOS_PriqueueDequeue)
    LOS_PriqueueEnqueue                      0x08002d41   Thumb Code    32  los_priqueue.o(i.LOS_PriqueueEnqueue)
    LOS_PriqueueSize                         0x08002d65   Thumb Code    36  los_priqueue.o(i.LOS_PriqueueSize)
    LOS_PriqueueTop                          0x08002d8d   Thumb Code    54  los_priqueue.o(i.LOS_PriqueueTop)
    LOS_QueueCreate                          0x08002dc9   Thumb Code   118  los_queue.o(i.LOS_QueueCreate)
    LOS_QueueDelete                          0x08002e45   Thumb Code   162  los_queue.o(i.LOS_QueueDelete)
    LOS_QueueRead                            0x08002ef5   Thumb Code   282  los_queue.o(i.LOS_QueueRead)
    LOS_QueueWrite                           0x08003025   Thumb Code   296  los_queue.o(i.LOS_QueueWrite)
    LOS_Schedule                             0x08003161   Thumb Code    56  los_hw.o(i.LOS_Schedule)
    LOS_SemCreate                            0x080031a1   Thumb Code    98  los_sem.o(i.LOS_SemCreate)
    LOS_SemDelete                            0x0800320d   Thumb Code    82  los_sem.o(i.LOS_SemDelete)
    LOS_SemPend                              0x0800326d   Thumb Code   236  los_sem.o(i.LOS_SemPend)
    LOS_SemPost                              0x0800336d   Thumb Code   176  los_sem.o(i.LOS_SemPost)
    LOS_SetTickSycle                         0x08003425   Thumb Code     6  los_hw_tick.o(i.LOS_SetTickSycle)
    LOS_Start                                0x08003431   Thumb Code    12  los_config.o(i.LOS_Start)
    LOS_SwtmrCreate                          0x0800343d   Thumb Code   130  los_swtmr.o(i.LOS_SwtmrCreate)
    LOS_SwtmrDelete                          0x080034c9   Thumb Code   122  los_swtmr.o(i.LOS_SwtmrDelete)
    LOS_SwtmrStart                           0x0800354d   Thumb Code   122  los_swtmr.o(i.LOS_SwtmrStart)
    LOS_SwtmrStop                            0x080035d1   Thumb Code   120  los_swtmr.o(i.LOS_SwtmrStop)
    LOS_TaskCreate                           0x08003651   Thumb Code   140  los_task.o(i.LOS_TaskCreate)
    LOS_TaskCreateOnly                       0x080036ed   Thumb Code   368  los_task.o(i.LOS_TaskCreateOnly)
    LOS_TaskDelay                            0x08003871   Thumb Code   106  los_task.o(i.LOS_TaskDelay)
    LOS_TaskDelete                           0x080038f1   Thumb Code   320  los_task.o(i.LOS_TaskDelete)
    LOS_TaskLock                             0x08003a59   Thumb Code    26  los_task.o(i.LOS_TaskLock)
    LOS_TaskResume                           0x08003a79   Thumb Code   158  los_task.o(i.LOS_TaskResume)
    LOS_TaskSuspend                          0x08003b29   Thumb Code   196  los_task.o(i.LOS_TaskSuspend)
    LOS_TaskUnlock                           0x08003c0d   Thumb Code    54  los_task.o(i.LOS_TaskUnlock)
    LOS_TaskYield                            0x08003c49   Thumb Code   118  los_task.o(i.LOS_TaskYield)
    LOS_TickCountGet                         0x08003ccd   Thumb Code     6  los_sys.o(i.LOS_TickCountGet)
    LOS_TickHandler                          0x08003cd9   Thumb Code    52  los_hw_tick.o(i.LOS_TickHandler)
    LosAdapIntInit                           0x08003d11   Thumb Code     2  los_bsp_adapter.o(i.LosAdapIntInit)
    MemManage_Handler                        0x08003d13   Thumb Code     4  gd32f10x_it.o(i.MemManage_Handler)
    NMI_Handler                              0x08003d17   Thumb Code     2  gd32f10x_it.o(i.NMI_Handler)
    RCC_APB1PeriphClock_Enable               0x08003d19   Thumb Code    26  gd32f10x_rcc.o(i.RCC_APB1PeriphClock_Enable)
    RCC_APB1PeriphReset_Enable               0x08003d39   Thumb Code    26  gd32f10x_rcc.o(i.RCC_APB1PeriphReset_Enable)
    RCC_APB2PeriphClock_Enable               0x08003d59   Thumb Code    26  gd32f10x_rcc.o(i.RCC_APB2PeriphClock_Enable)
    RCC_APB2PeriphReset_Enable               0x08003d79   Thumb Code    26  gd32f10x_rcc.o(i.RCC_APB2PeriphReset_Enable)
    RCC_GetClocksFreq                        0x08003d99   Thumb Code   304  gd32f10x_rcc.o(i.RCC_GetClocksFreq)
    SVC_Handler                              0x08003edd   Thumb Code     2  gd32f10x_it.o(i.SVC_Handler)
    SysTick_Handler                          0x08003fb1   Thumb Code     8  los_bsp_adapter.o(i.SysTick_Handler)
    SystemInit                               0x08003fb9   Thumb Code    72  system_gd32f10x.o(i.SystemInit)
    Timer1_Callback                          0x08004011   Thumb Code    40  los_api_timer.o(i.Timer1_Callback)
    Timer2_Callback                          0x08004061   Thumb Code    48  los_api_timer.o(i.Timer2_Callback)
    USART_DataSend                           0x080040b9   Thumb Code     8  gd32f10x_usart.o(i.USART_DataSend)
    USART_DeInit                             0x080040c1   Thumb Code   134  gd32f10x_usart.o(i.USART_DeInit)
    USART_Enable                             0x0800415d   Thumb Code    22  gd32f10x_usart.o(i.USART_Enable)
    USART_GetBitState                        0x08004173   Thumb Code    16  gd32f10x_usart.o(i.USART_GetBitState)
    USART_Init                               0x08004185   Thumb Code   126  gd32f10x_usart.o(i.USART_Init)
    UsageFault_Handler                       0x08004209   Thumb Code     4  gd32f10x_it.o(i.UsageFault_Handler)
    __0printf                                0x0800420d   Thumb Code    22  printfa.o(i.__0printf)
    __1printf                                0x0800420d   Thumb Code     0  printfa.o(i.__0printf)
    __2printf                                0x0800420d   Thumb Code     0  printfa.o(i.__0printf)
    __c89printf                              0x0800420d   Thumb Code     0  printfa.o(i.__0printf)
    printf                                   0x0800420d   Thumb Code     0  printfa.o(i.__0printf)
    __scatterload_copy                       0x0800422d   Thumb Code    14  handlers.o(i.__scatterload_copy)
    __scatterload_null                       0x0800423b   Thumb Code     2  handlers.o(i.__scatterload_null)
    __scatterload_zeroinit                   0x0800423d   Thumb Code    14  handlers.o(i.__scatterload_zeroinit)
    fputc                                    0x08004adf   Thumb Code    16  los_bsp_uart.o(i.fputc)
    free                                     0x08004af1   Thumb Code    76  malloc.o(i.free)
    main                                     0x08004b41   Thumb Code    34  main.o(i.main)
    osHwiDefaultHandler                      0x08004b63   Thumb Code     8  los_hwi.o(i.osHwiDefaultHandler)
    osHwiInit                                0x08004b6d   Thumb Code    26  los_hwi.o(i.osHwiInit)
    osIdleTask                               0x08004b91   Thumb Code     4  los_task.o(i.osIdleTask)
    osIdleTaskCreate                         0x08004b95   Thumb Code    54  los_task.o(i.osIdleTaskCreate)
    osIntNumGet                              0x08004be1   Thumb Code    12  los_hwi.o(i.osIntNumGet)
    osMain                                   0x08004bed   Thumb Code   108  los_config.o(i.osMain)
    osMemSystemInit                          0x08004f31   Thumb Code    26  los_memory.o(i.osMemSystemInit)
    osMuxInit                                0x08004f55   Thumb Code    74  los_mux.o(i.osMuxInit)
    osPriqueueInit                           0x08004fb1   Thumb Code    64  los_priqueue.o(i.osPriqueueInit)
    osQueueCreate                            0x08004ff9   Thumb Code   100  los_queue.o(i.osQueueCreate)
    osQueueInit                              0x08005069   Thumb Code    44  los_queue.o(i.osQueueInit)
    osRegister                               0x08005181   Thumb Code    14  los_config.o(i.osRegister)
    osSchedule                               0x0800519d   Thumb Code     8  los_hw.o(i.osSchedule)
    osSemInit                                0x080051a5   Thumb Code    70  los_sem.o(i.osSemInit)
    osSwTmrInit                              0x080051fd   Thumb Code   142  los_swtmr.o(i.osSwTmrInit)
    osSwTmrStart                             0x080052a9   Thumb Code    92  los_swtmr.o(i.osSwTmrStart)
    osSwTmrTask                              0x08005309   Thumb Code    70  los_swtmr.o(i.osSwTmrTask)
    osSwTmrTaskCreate                        0x08005359   Thumb Code    52  los_swtmr.o(i.osSwTmrTaskCreate)
    osSwtmrScan                              0x08005441   Thumb Code    32  los_swtmr.o(i.osSwtmrScan)
    osSwtmrStop                              0x08005465   Thumb Code    66  los_swtmr.o(i.osSwtmrStop)
    osTaskAdd2TimerList                      0x080054ad   Thumb Code   188  los_task.o(i.osTaskAdd2TimerList)
    osTaskEntry                              0x0800556d   Thumb Code   154  los_task.o(i.osTaskEntry)
    osTaskExit                               0x08005611   Thumb Code     8  los_hw.o(i.osTaskExit)
    osTaskInit                               0x08005619   Thumb Code   258  los_task.o(i.osTaskInit)
    osTaskMemUsedDec                         0x08005741   Thumb Code    40  los_memstat.o(i.osTaskMemUsedDec)
    osTaskMemUsedInc                         0x08005775   Thumb Code    48  los_memstat.o(i.osTaskMemUsedInc)
    osTaskPriModify                          0x080057b1   Thumb Code    56  los_task.o(i.osTaskPriModify)
    osTaskScan                               0x080057e9   Thumb Code   214  los_task.o(i.osTaskScan)
    osTaskSelfDelete                         0x080058c5   Thumb Code   236  los_task.o(i.osTaskSelfDelete)
    osTickHandler                            0x080059c1   Thumb Code    34  los_tick.o(i.osTickHandler)
    osTickStart                              0x080059e9   Thumb Code    52  los_bsp_adapter.o(i.osTickStart)
    osTimerListDelete                        0x08005a29   Thumb Code    66  los_task.o(i.osTimerListDelete)
    osTimesliceCheck                         0x08005a71   Thumb Code    64  los_timeslice.o(i.osTimesliceCheck)
    osTimesliceInit                          0x08005abd   Thumb Code    12  los_timeslice.o(i.osTimesliceInit)
    osTskStackInit                           0x08005acd   Thumb Code   128  los_hw.o(i.osTskStackInit)
    recv_Entry                               0x08005b55   Thumb Code   120  los_api_msgqueue.o(i.recv_Entry)
    send_Entry                               0x08005c21   Thumb Code    76  los_api_msgqueue.o(i.send_Entry)
    sys_clk_freq                             0x08005c94   Data           4  los_bsp_adapter.o(.constdata)
    tick_per_second                          0x08005c98   Data           4  los_bsp_adapter.o(.constdata)
    g_use_ram_vect                           0x08005c9c   Data           1  los_bsp_adapter.o(.constdata)
    Region$$Table$$Base                      0x08005ce4   Number         0  anon$$obj.o(Region$$Table)
    Region$$Table$$Limit                     0x08005d04   Number         0  anon$$obj.o(Region$$Table)
    g_pstLosPriorityQueueList                0x20000000   Data           4  los_priqueue.o(.data)
    m_uwSwTmrHandlerQueue                    0x20000004   Data           4  los_swtmr.o(.data)
    m_pstSwtmrCBArray                        0x20000008   Data           4  los_swtmr.o(.data)
    m_pstSwtmrFreeList                       0x2000000c   Data           4  los_swtmr.o(.data)
    m_pstSwtmrSortList                       0x20000010   Data           4  los_swtmr.o(.data)
    g_pstTaskCBArray                         0x20000014   Data           4  los_task.o(.data)
    g_stLosTask                              0x20000018   Data           8  los_task.o(.data)
    g_usLosTaskLock                          0x20000020   Data           2  los_task.o(.data)
    g_uwTskMaxNum                            0x20000024   Data           4  los_task.o(.data)
    g_uwIdleTaskID                           0x20000028   Data           4  los_task.o(.data)
    g_uwSwtmrTaskID                          0x2000002c   Data           4  los_task.o(.data)
    g_stTaskTimerList                        0x20000030   Data           8  los_task.o(.data)
    g_stLosFreeTask                          0x20000038   Data           8  los_task.o(.data)
    g_stTskRecyleList                        0x20000040   Data           8  los_task.o(.data)
    g_stTskSortLink                          0x20000048   Data           8  los_task.o(.data)
    g_bTaskScheduled                         0x20000050   Data           4  los_task.o(.data)
    g_pfnTskSwitchHook                       0x20000054   Data           4  los_task.o(.data)
    g_ullTickCount                           0x20000058   Data           8  los_tick.o(.data)
    g_uwTicksPerSec                          0x20000060   Data           4  los_tick.o(.data)
    g_uwCyclePerSec                          0x20000064   Data           4  los_tick.o(.data)
    g_stTaskTimeSlice                        0x20000068   Data           8  los_timeslice.o(.data)
    g_pstAllMux                              0x20000070   Data           4  los_mux.o(.data)
    g_stUnusedMuxList                        0x20000074   Data           8  los_mux.o(.data)
    g_pstAllQueue                            0x2000007c   Data           4  los_queue.o(.data)
    g_stUnusedSemList                        0x20000080   Data           8  los_sem.o(.data)
    g_pstAllSem                              0x20000088   Data           4  los_sem.o(.data)
    m_aucSysMem0                             0x2000008c   Data           4  los_config.o(.data)
    g_sys_mem_addr_end                       0x20000090   Data           4  los_config.o(.data)
    g_uwCyclesPerTick                        0x20000094   Data           4  los_hw_tick.o(.data)
    g_vuwIntCount                            0x20000098   Data           4  los_hwi.o(.data)
    g_TestTaskID                             0x200000b8   Data           4  los_api_event.o(.data)
    g_uweventTaskID                          0x200000bc   Data           4  los_api_event.o(.data)
    abuf                                     0x200000c4   Data          18  los_api_msgqueue.o(.data)
    g_Testmux01                              0x200000d8   Data           4  los_api_mutex.o(.data)
    g_TestTaskID01                           0x200000dc   Data           4  los_api_mutex.o(.data)
    g_TestTaskID02                           0x200000e0   Data           4  los_api_mutex.o(.data)
    g_uwTskHiID                              0x200000f0   Data           4  los_api_task.o(.data)
    g_uwTskLoID                              0x200000f4   Data           4  los_api_task.o(.data)
    g_timercount1                            0x200000f8   Data           4  los_api_timer.o(.data)
    g_timercount2                            0x200000fc   Data           4  los_api_timer.o(.data)
    __stdout                                 0x200001a8   Data           4  stdout.o(.data)
    __microlib_freelist                      0x200001ac   Data           4  mvars.o(.data)
    m_pstHwiForm                             0x200001b0   Data        1024  los_hwi.o(.vector.bss)
    m_aucSwTmrHandlerPool                    0x200005b0   Data         208  los_swtmr.o(.bss)
    g_ucMemStart                             0x20000680   Data       32768  los_memory.o(.bss)
    g_TskMemUsedInfo                         0x20008680   Data          64  los_memstat.o(.bss)
    example_event                            0x200086c0   Data          12  los_api_event.o(.bss)
    pBoxMem                                  0x200086cc   Data         600  los_api_static_mem.o(.bss)
    __initial_sp                             0x20008d28   Data           0  startup_gd32f10x_hd.o(STACK)



==============================================================================

Memory Map of the image

  Image Entry point : 0x08000131

  Load Region LR_IROM1 (Base: 0x08000000, Size: 0x000062b4, Max: 0x00040000, ABSOLUTE, COMPRESSED[0x00005db8])

    Execution Region ER_IROM1 (Base: 0x08000000, Size: 0x00005d04, Max: 0x00040000, ABSOLUTE)

    Base Addr    Size         Type   Attr      Idx    E Section Name        Object

    0x08000000   0x00000130   Data   RO         1973    RESET               startup_gd32f10x_hd.o
    0x08000130   0x00000000   Code   RO         5652  * .ARM.Collect$$$$00000000  mc_w.l(entry.o)
    0x08000130   0x00000004   Code   RO         5958    .ARM.Collect$$$$00000001  mc_w.l(entry2.o)
    0x08000134   0x00000004   Code   RO         5961    .ARM.Collect$$$$00000004  mc_w.l(entry5.o)
    0x08000138   0x00000000   Code   RO         5963    .ARM.Collect$$$$00000008  mc_w.l(entry7b.o)
    0x08000138   0x00000000   Code   RO         5965    .ARM.Collect$$$$0000000A  mc_w.l(entry8b.o)
    0x08000138   0x00000008   Code   RO         5966    .ARM.Collect$$$$0000000B  mc_w.l(entry9a.o)
    0x08000140   0x00000000   Code   RO         5968    .ARM.Collect$$$$0000000D  mc_w.l(entry10a.o)
    0x08000140   0x00000000   Code   RO         5970    .ARM.Collect$$$$0000000F  mc_w.l(entry11a.o)
    0x08000140   0x00000004   Code   RO         5959    .ARM.Collect$$$$00002712  mc_w.l(entry2.o)
    0x08000144   0x0000005c   Code   RO         1282    .text               los_dispatch_keil.o
    0x080001a0   0x00000024   Code   RO         1974    .text               startup_gd32f10x_hd.o
    0x080001c4   0x00000062   Code   RO         5655    .text               mc_w.l(uldiv.o)
    0x08000226   0x00000024   Code   RO         5659    .text               mc_w.l(memseta.o)
    0x0800024a   0x000000de   Code   RO         5952    .text               mf_w.l(ddiv.o)
    0x08000328   0x00000030   Code   RO         5956    .text               mf_w.l(dfixul.o)
    0x08000358   0x0000002c   Code   RO         5973    .text               mc_w.l(uidiv.o)
    0x08000384   0x0000001e   Code   RO         5975    .text               mc_w.l(llshl.o)
    0x080003a2   0x00000020   Code   RO         5977    .text               mc_w.l(llushr.o)
    0x080003c2   0x00000000   Code   RO         5981    .text               mc_w.l(iusefp.o)
    0x080003c2   0x000000ba   Code   RO         5982    .text               mf_w.l(depilogue.o)
    0x0800047c   0x0000014e   Code   RO         5984    .text               mf_w.l(dadd.o)
    0x080005ca   0x000000e4   Code   RO         5986    .text               mf_w.l(dmul.o)
    0x080006ae   0x00000002   PAD
    0x080006b0   0x00000030   Code   RO         5988    .text               mf_w.l(cdrcmple.o)
    0x080006e0   0x00000024   Code   RO         5990    .text               mc_w.l(init.o)
    0x08000704   0x00000024   Code   RO         5992    .text               mc_w.l(llsshr.o)
    0x08000728   0x00000056   Code   RO         6002    .text               mc_w.l(__dczerorl2.o)
    0x0800077e   0x00000002   PAD
    0x08000780   0x00000088   Code   RO         1283    KERNEL              los_dispatch_keil.o
    0x08000808   0x00000004   Code   RO         5214    i.BusFault_Handler  gd32f10x_it.o
    0x0800080c   0x00000002   Code   RO         5215    i.DebugMon_Handler  gd32f10x_it.o
    0x0800080e   0x00000002   PAD
    0x08000810   0x00000110   Code   RO         5274    i.Example_Dyn_Mem   los_api_dynamic_mem.o
    0x08000920   0x000000a8   Code   RO         5302    i.Example_Event     los_api_event.o
    0x080009c8   0x000000d8   Code   RO         5472    i.Example_GetTick   los_api_systick.o
    0x08000aa0   0x00000120   Code   RO         5376    i.Example_MsgQueue  los_api_msgqueue.o
    0x08000bc0   0x00000144   Code   RO         5403    i.Example_MutexLock  los_api_mutex.o
    0x08000d04   0x00000118   Code   RO         5404    i.Example_MutexTask1  los_api_mutex.o
    0x08000e1c   0x000000e4   Code   RO         5405    i.Example_MutexTask2  los_api_mutex.o
    0x08000f00   0x000000e0   Code   RO         5430    i.Example_SemTask1  los_api_sem.o
    0x08000fe0   0x000000d8   Code   RO         5431    i.Example_SemTask2  los_api_sem.o
    0x080010b8   0x00000158   Code   RO         5432    i.Example_Semphore  los_api_sem.o
    0x08001210   0x00000154   Code   RO         5303    i.Example_SndRcvEvent  los_api_event.o
    0x08001364   0x00000144   Code   RO         5457    i.Example_StaticMem  los_api_static_mem.o
    0x080014a8   0x00000114   Code   RO         5490    i.Example_TaskHi    los_api_task.o
    0x080015bc   0x000000e4   Code   RO         5491    i.Example_TaskLo    los_api_task.o
    0x080016a0   0x0000017c   Code   RO         5492    i.Example_TskCaseEntry  los_api_task.o
    0x0800181c   0x00000194   Code   RO         5359    i.Example_list      los_api_list.o
    0x080019b0   0x00000108   Code   RO         5531    i.Example_swTimer   los_api_timer.o
    0x08001ab8   0x00000116   Code   RO         3216    i.GPIO_Init         gd32f10x_gpio.o
    0x08001bce   0x00000012   Code   RO         3220    i.GPIO_ReadInputBit  gd32f10x_gpio.o
    0x08001be0   0x00000004   Code   RO         5216    i.HardFault_Handler  gd32f10x_it.o
    0x08001be4   0x0000001c   Code   RO         1088    i.LOS_Align         los_misc.o
    0x08001c00   0x00000006   Code   RO          248    i.LOS_CyclePerTickGet  los_sys.o
    0x08001c06   0x0000001e   Code   RO         1056    i.LOS_DLnkInitMultiHead  los_multipledlinkhead.o
    0x08001c24   0x0000002a   Code   RO         1057    i.LOS_DLnkMultiHead  los_multipledlinkhead.o
    0x08001c4e   0x00000012   Code   RO         1106    i.LOS_EnableTick    los_config.o
    0x08001c60   0x0000001c   Code   RO         1828    i.LOS_EvbGetKeyVal  los_bsp_key.o
    0x08001c7c   0x0000002c   Code   RO         1829    i.LOS_EvbKeyInit    los_bsp_key.o
    0x08001ca8   0x00000058   Code   RO         1882    i.LOS_EvbLedControl  los_bsp_led.o
    0x08001d00   0x00000048   Code   RO         1883    i.LOS_EvbLedInit    los_bsp_led.o
    0x08001d48   0x00000010   Code   RO         1761    i.LOS_EvbSetup      los_bsp_adapter.o
    0x08001d58   0x000000d0   Code   RO         1908    i.LOS_EvbUartInit   los_bsp_uart.o
    0x08001e28   0x00000020   Code   RO         1911    i.LOS_EvbUartWriteByte  los_bsp_uart.o
    0x08001e48   0x00000028   Code   RO          572    i.LOS_EventClear    los_event.o
    0x08001e70   0x0000001c   Code   RO          574    i.LOS_EventInit     los_event.o
    0x08001e8c   0x00000050   Code   RO          575    i.LOS_EventPoll     los_event.o
    0x08001edc   0x0000015c   Code   RO          576    i.LOS_EventRead     los_event.o
    0x08002038   0x000000f8   Code   RO          577    i.LOS_EventWrite    los_event.o
    0x08002130   0x00000164   Code   RO         5612    i.LOS_InspectByID   los_inspect_entry.o
    0x08002294   0x00000060   Code   RO         5613    i.LOS_InspectStatusSetByID  los_inspect_entry.o
    0x080022f4   0x00000048   Code   RO         5614    i.LOS_Inspect_Entry  los_inspect_entry.o
    0x0800233c   0x00000068   Code   RO         5615    i.LOS_Inspect_KeyAndLed  los_inspect_entry.o
    0x080023a4   0x000000cc   Code   RO         5616    i.LOS_Inspect_TskDeal  los_inspect_entry.o
    0x08002470   0x00000012   Code   RO         1107    i.LOS_KernelInit    los_config.o
    0x08002482   0x0000000e   Code   RO          320    i.LOS_ListAdd       los_task.o
    0x08002490   0x0000000e   Code   RO          620    i.LOS_ListAdd       los_mux.o
    0x0800249e   0x0000000e   Code   RO          694    i.LOS_ListAdd       los_queue.o
    0x080024ac   0x0000000e   Code   RO          799    i.LOS_ListAdd       los_sem.o
    0x080024ba   0x0000000e   Code   RO          902    i.LOS_ListAdd       los_memory.o
    0x080024c8   0x0000000e   Code   RO         5360    i.LOS_ListAdd       los_api_list.o
    0x080024d6   0x00000014   Code   RO          321    i.LOS_ListDelete    los_task.o
    0x080024ea   0x00000014   Code   RO          621    i.LOS_ListDelete    los_mux.o
    0x080024fe   0x00000014   Code   RO          800    i.LOS_ListDelete    los_sem.o
    0x08002512   0x00000014   Code   RO          903    i.LOS_ListDelete    los_memory.o
    0x08002526   0x00000010   Code   RO          322    i.LOS_ListEmpty     los_task.o
    0x08002536   0x00000010   Code   RO          622    i.LOS_ListEmpty     los_mux.o
    0x08002546   0x00000010   Code   RO          695    i.LOS_ListEmpty     los_queue.o
    0x08002556   0x00000010   Code   RO          801    i.LOS_ListEmpty     los_sem.o
    0x08002566   0x00000006   Code   RO          323    i.LOS_ListInit      los_task.o
    0x0800256c   0x00000006   Code   RO          623    i.LOS_ListInit      los_mux.o
    0x08002572   0x00000006   Code   RO          696    i.LOS_ListInit      los_queue.o
    0x08002578   0x00000006   Code   RO          802    i.LOS_ListInit      los_sem.o
    0x0800257e   0x00000010   Code   RO          324    i.LOS_ListTailInsert  los_task.o
    0x0800258e   0x00000010   Code   RO          624    i.LOS_ListTailInsert  los_mux.o
    0x0800259e   0x00000010   Code   RO          803    i.LOS_ListTailInsert  los_sem.o
    0x080025ae   0x00000002   PAD
    0x080025b0   0x00000144   Code   RO         1058    i.LOS_Log2          los_multipledlinkhead.o
    0x080026f4   0x0000003a   Code   RO          904    i.LOS_MemAlloc      los_memory.o
    0x0800272e   0x0000006c   Code   RO          905    i.LOS_MemAllocAlign  los_memory.o
    0x0800279a   0x00000054   Code   RO          906    i.LOS_MemFree       los_memory.o
    0x080027ee   0x000000a6   Code   RO          907    i.LOS_MemInit       los_memory.o
    0x08002894   0x00000040   Code   RO          869    i.LOS_MemboxAlloc   los_membox.o
    0x080028d4   0x0000001c   Code   RO          870    i.LOS_MemboxClr     los_membox.o
    0x080028f0   0x000000a4   Code   RO          871    i.LOS_MemboxFree    los_membox.o
    0x08002994   0x00000080   Code   RO          872    i.LOS_MemboxInit    los_membox.o
    0x08002a14   0x00000064   Code   RO          625    i.LOS_MuxCreate     los_mux.o
    0x08002a78   0x00000068   Code   RO          626    i.LOS_MuxDelete     los_mux.o
    0x08002ae0   0x00000148   Code   RO          627    i.LOS_MuxPend       los_mux.o
    0x08002c28   0x00000100   Code   RO          628    i.LOS_MuxPost       los_mux.o
    0x08002d28   0x00000018   Code   RO            1    i.LOS_PriqueueDequeue  los_priqueue.o
    0x08002d40   0x00000024   Code   RO            2    i.LOS_PriqueueEnqueue  los_priqueue.o
    0x08002d64   0x00000028   Code   RO            3    i.LOS_PriqueueSize  los_priqueue.o
    0x08002d8c   0x0000003c   Code   RO            4    i.LOS_PriqueueTop   los_priqueue.o
    0x08002dc8   0x0000007c   Code   RO          697    i.LOS_QueueCreate   los_queue.o
    0x08002e44   0x000000b0   Code   RO          698    i.LOS_QueueDelete   los_queue.o
    0x08002ef4   0x00000130   Code   RO          699    i.LOS_QueueRead     los_queue.o
    0x08003024   0x0000013c   Code   RO          700    i.LOS_QueueWrite    los_queue.o
    0x08003160   0x00000040   Code   RO         1165    i.LOS_Schedule      los_hw.o
    0x080031a0   0x0000006c   Code   RO          804    i.LOS_SemCreate     los_sem.o
    0x0800320c   0x00000060   Code   RO          805    i.LOS_SemDelete     los_sem.o
    0x0800326c   0x00000100   Code   RO          806    i.LOS_SemPend       los_sem.o
    0x0800336c   0x000000b8   Code   RO          807    i.LOS_SemPost       los_sem.o
    0x08003424   0x0000000c   Code   RO         1199    i.LOS_SetTickSycle  los_hw_tick.o
    0x08003430   0x0000000c   Code   RO         1108    i.LOS_Start         los_config.o
    0x0800343c   0x0000008c   Code   RO          111    i.LOS_SwtmrCreate   los_swtmr.o
    0x080034c8   0x00000084   Code   RO          112    i.LOS_SwtmrDelete   los_swtmr.o
    0x0800354c   0x00000084   Code   RO          113    i.LOS_SwtmrStart    los_swtmr.o
    0x080035d0   0x00000080   Code   RO          114    i.LOS_SwtmrStop     los_swtmr.o
    0x08003650   0x0000009c   Code   RO          325    i.LOS_TaskCreate    los_task.o
    0x080036ec   0x00000184   Code   RO          326    i.LOS_TaskCreateOnly  los_task.o
    0x08003870   0x00000080   Code   RO          327    i.LOS_TaskDelay     los_task.o
    0x080038f0   0x00000168   Code   RO          328    i.LOS_TaskDelete    los_task.o
    0x08003a58   0x00000020   Code   RO          329    i.LOS_TaskLock      los_task.o
    0x08003a78   0x000000b0   Code   RO          332    i.LOS_TaskResume    los_task.o
    0x08003b28   0x000000e4   Code   RO          333    i.LOS_TaskSuspend   los_task.o
    0x08003c0c   0x0000003c   Code   RO          334    i.LOS_TaskUnlock    los_task.o
    0x08003c48   0x00000084   Code   RO          335    i.LOS_TaskYield     los_task.o
    0x08003ccc   0x0000000c   Code   RO          252    i.LOS_TickCountGet  los_sys.o
    0x08003cd8   0x00000038   Code   RO         1200    i.LOS_TickHandler   los_hw_tick.o
    0x08003d10   0x00000002   Code   RO         1763    i.LosAdapIntInit    los_bsp_adapter.o
    0x08003d12   0x00000004   Code   RO         5217    i.MemManage_Handler  gd32f10x_it.o
    0x08003d16   0x00000002   Code   RO         5218    i.NMI_Handler       gd32f10x_it.o
    0x08003d18   0x00000020   Code   RO         3751    i.RCC_APB1PeriphClock_Enable  gd32f10x_rcc.o
    0x08003d38   0x00000020   Code   RO         3752    i.RCC_APB1PeriphReset_Enable  gd32f10x_rcc.o
    0x08003d58   0x00000020   Code   RO         3754    i.RCC_APB2PeriphClock_Enable  gd32f10x_rcc.o
    0x08003d78   0x00000020   Code   RO         3755    i.RCC_APB2PeriphReset_Enable  gd32f10x_rcc.o
    0x08003d98   0x00000144   Code   RO         3765    i.RCC_GetClocksFreq  gd32f10x_rcc.o
    0x08003edc   0x00000002   Code   RO         5219    i.SVC_Handler       gd32f10x_it.o
    0x08003ede   0x00000008   Code   RO         1636    i.SetSysClock       system_gd32f10x.o
    0x08003ee6   0x00000002   PAD
    0x08003ee8   0x000000c8   Code   RO         1637    i.SetSysClockTo108  system_gd32f10x.o
    0x08003fb0   0x00000008   Code   RO         1766    i.SysTick_Handler   los_bsp_adapter.o
    0x08003fb8   0x00000058   Code   RO         1639    i.SystemInit        system_gd32f10x.o
    0x08004010   0x00000050   Code   RO         5532    i.Timer1_Callback   los_api_timer.o
    0x08004060   0x00000058   Code   RO         5533    i.Timer2_Callback   los_api_timer.o
    0x080040b8   0x00000008   Code   RO         4980    i.USART_DataSend    gd32f10x_usart.o
    0x080040c0   0x0000009c   Code   RO         4981    i.USART_DeInit      gd32f10x_usart.o
    0x0800415c   0x00000016   Code   RO         4982    i.USART_Enable      gd32f10x_usart.o
    0x08004172   0x00000010   Code   RO         4983    i.USART_GetBitState  gd32f10x_usart.o
    0x08004182   0x00000002   PAD
    0x08004184   0x00000084   Code   RO         4988    i.USART_Init        gd32f10x_usart.o
    0x08004208   0x00000004   Code   RO         5220    i.UsageFault_Handler  gd32f10x_it.o
    0x0800420c   0x00000020   Code   RO         5896    i.__0printf         mc_w.l(printfa.o)
    0x0800422c   0x0000000e   Code   RO         5996    i.__scatterload_copy  mc_w.l(handlers.o)
    0x0800423a   0x00000002   Code   RO         5997    i.__scatterload_null  mc_w.l(handlers.o)
    0x0800423c   0x0000000e   Code   RO         5998    i.__scatterload_zeroinit  mc_w.l(handlers.o)
    0x0800424a   0x00000002   PAD
    0x0800424c   0x00000164   Code   RO         5903    i._fp_digits        mc_w.l(printfa.o)
    0x080043b0   0x000006dc   Code   RO         5904    i._printf_core      mc_w.l(printfa.o)
    0x08004a8c   0x00000024   Code   RO         5905    i._printf_post_padding  mc_w.l(printfa.o)
    0x08004ab0   0x0000002e   Code   RO         5906    i._printf_pre_padding  mc_w.l(printfa.o)
    0x08004ade   0x00000010   Code   RO         1913    i.fputc             los_bsp_uart.o
    0x08004aee   0x00000002   PAD
    0x08004af0   0x00000050   Code   RO         5924    i.free              mc_w.l(malloc.o)
    0x08004b40   0x00000022   Code   RO         1982    i.main              main.o
    0x08004b62   0x00000008   Code   RO         1228    i.osHwiDefaultHandler  los_hwi.o
    0x08004b6a   0x00000002   PAD
    0x08004b6c   0x00000024   Code   RO         1229    i.osHwiInit         los_hwi.o
    0x08004b90   0x00000004   Code   RO          336    i.osIdleTask        los_task.o
    0x08004b94   0x0000004c   Code   RO          337    i.osIdleTaskCreate  los_task.o
    0x08004be0   0x0000000c   Code   RO         1230    i.osIntNumGet       los_hwi.o
    0x08004bec   0x00000070   Code   RO         1111    i.osMain            los_config.o
    0x08004c5c   0x0000005c   Code   RO          909    i.osMemAllocWithCheck  los_memory.o
    0x08004cb8   0x00000098   Code   RO          910    i.osMemCheckUsedNode  los_memory.o
    0x08004d50   0x00000050   Code   RO          911    i.osMemFindSuitableFreeBlock  los_memory.o
    0x08004da0   0x000000b2   Code   RO          912    i.osMemFreeNode     los_memory.o
    0x08004e52   0x0000003e   Code   RO          913    i.osMemIsNodeValid  los_memory.o
    0x08004e90   0x00000024   Code   RO          914    i.osMemMergeNode    los_memory.o
    0x08004eb4   0x00000020   Code   RO          915    i.osMemSetMagicNumAndTaskid  los_memory.o
    0x08004ed4   0x0000005c   Code   RO          916    i.osMemSpitNode     los_memory.o
    0x08004f30   0x00000024   Code   RO          917    i.osMemSystemInit   los_memory.o
    0x08004f54   0x0000005c   Code   RO          629    i.osMuxInit         los_mux.o
    0x08004fb0   0x00000048   Code   RO            6    i.osPriqueueInit    los_priqueue.o
    0x08004ff8   0x00000070   Code   RO          701    i.osQueueCreate     los_queue.o
    0x08005068   0x00000038   Code   RO          702    i.osQueueInit       los_queue.o
    0x080050a0   0x00000084   Code   RO          705    i.osQueuePend       los_queue.o
    0x08005124   0x0000005a   Code   RO          706    i.osQueueWakeUp     los_queue.o
    0x0800517e   0x00000002   PAD
    0x08005180   0x0000001c   Code   RO         1112    i.osRegister        los_config.o
    0x0800519c   0x00000008   Code   RO         1166    i.osSchedule        los_hw.o
    0x080051a4   0x00000058   Code   RO          808    i.osSemInit         los_sem.o
    0x080051fc   0x000000ac   Code   RO          117    i.osSwTmrInit       los_swtmr.o
    0x080052a8   0x00000060   Code   RO          118    i.osSwTmrStart      los_swtmr.o
    0x08005308   0x00000050   Code   RO          119    i.osSwTmrTask       los_swtmr.o
    0x08005358   0x00000048   Code   RO          120    i.osSwTmrTaskCreate  los_swtmr.o
    0x080053a0   0x0000008c   Code   RO          121    i.osSwTmrTimeoutHandle  los_swtmr.o
    0x0800542c   0x00000014   Code   RO          122    i.osSwtmrDelete     los_swtmr.o
    0x08005440   0x00000024   Code   RO          123    i.osSwtmrScan       los_swtmr.o
    0x08005464   0x00000048   Code   RO          124    i.osSwtmrStop       los_swtmr.o
    0x080054ac   0x000000c0   Code   RO          338    i.osTaskAdd2TimerList  los_task.o
    0x0800556c   0x000000a4   Code   RO          339    i.osTaskEntry       los_task.o
    0x08005610   0x00000008   Code   RO         1167    i.osTaskExit        los_hw.o
    0x08005618   0x00000128   Code   RO          340    i.osTaskInit        los_task.o
    0x08005740   0x00000034   Code   RO         1027    i.osTaskMemUsedDec  los_memstat.o
    0x08005774   0x0000003c   Code   RO         1028    i.osTaskMemUsedInc  los_memstat.o
    0x080057b0   0x00000038   Code   RO          341    i.osTaskPriModify   los_task.o
    0x080057e8   0x000000dc   Code   RO          342    i.osTaskScan        los_task.o
    0x080058c4   0x000000fc   Code   RO          343    i.osTaskSelfDelete  los_task.o
    0x080059c0   0x00000028   Code   RO          520    i.osTickHandler     los_tick.o
    0x080059e8   0x00000040   Code   RO         1767    i.osTickStart       los_bsp_adapter.o
    0x08005a28   0x00000048   Code   RO          344    i.osTimerListDelete  los_task.o
    0x08005a70   0x0000004c   Code   RO          548    i.osTimesliceCheck  los_timeslice.o
    0x08005abc   0x00000010   Code   RO          549    i.osTimesliceInit   los_timeslice.o
    0x08005acc   0x00000088   Code   RO         1168    i.osTskStackInit    los_hw.o
    0x08005b54   0x000000cc   Code   RO         5377    i.recv_Entry        los_api_msgqueue.o
    0x08005c20   0x00000074   Code   RO         5378    i.send_Entry        los_api_msgqueue.o
    0x08005c94   0x00000009   Data   RO         1768    .constdata          los_bsp_adapter.o
    0x08005c9d   0x00000003   PAD
    0x08005ca0   0x00000042   Data   RO         5433    .conststring        los_api_sem.o
    0x08005ce2   0x00000002   PAD
    0x08005ce4   0x00000020   Data   RO         5994    Region$$Table       anon$$obj.o


    Execution Region RW_IRAM1 (Base: 0x20000000, Size: 0x00008d28, Max: 0x0000c000, ABSOLUTE, COMPRESSED[0x000000b4])

    Base Addr    Size         Type   Attr      Idx    E Section Name        Object

    0x20000000   0x00000004   Data   RW            7    .data               los_priqueue.o
    0x20000004   0x00000010   Data   RW          126    .data               los_swtmr.o
    0x20000014   0x00000044   Data   RW          345    .data               los_task.o
    0x20000058   0x00000010   Data   RW          521    .data               los_tick.o
    0x20000068   0x00000008   Data   RW          550    .data               los_timeslice.o
    0x20000070   0x0000000c   Data   RW          630    .data               los_mux.o
    0x2000007c   0x00000004   Data   RW          707    .data               los_queue.o
    0x20000080   0x0000000c   Data   RW          809    .data               los_sem.o
    0x2000008c   0x00000008   Data   RW         1113    .data               los_config.o
    0x20000094   0x00000004   Data   RW         1201    .data               los_hw_tick.o
    0x20000098   0x00000004   Data   RW         1233    .data               los_hwi.o
    0x2000009c   0x00000004   Data   RW         1769    .data               los_bsp_adapter.o
    0x200000a0   0x00000018   Data   RW         3780    .data               gd32f10x_rcc.o
    0x200000b8   0x00000008   Data   RW         5305    .data               los_api_event.o
    0x200000c0   0x00000016   Data   RW         5379    .data               los_api_msgqueue.o
    0x200000d6   0x00000002   PAD
    0x200000d8   0x0000000c   Data   RW         5406    .data               los_api_mutex.o
    0x200000e4   0x0000000c   Data   RW         5434    .data               los_api_sem.o
    0x200000f0   0x00000008   Data   RW         5493    .data               los_api_task.o
    0x200000f8   0x00000008   Data   RW         5534    .data               los_api_timer.o
    0x20000100   0x000000a8   Data   RW         5617    .data               los_inspect_entry.o
    0x200001a8   0x00000004   Data   RW         5972    .data               mc_w.l(stdout.o)
    0x200001ac   0x00000004   Data   RW         5979    .data               mc_w.l(mvars.o)
    0x200001b0   0x00000400   Data   RW         1234    .vector.bss         los_hwi.o
    0x200005b0   0x000000d0   Zero   RW          125    .bss                los_swtmr.o
    0x20000680   0x00008000   Zero   RW          918    .bss                los_memory.o
    0x20008680   0x00000040   Zero   RW         1029    .bss                los_memstat.o
    0x200086c0   0x0000000c   Zero   RW         5304    .bss                los_api_event.o
    0x200086cc   0x00000258   Zero   RW         5458    .bss                los_api_static_mem.o
    0x20008924   0x00000004   PAD
    0x20008928   0x00000400   Zero   RW         1971    STACK               startup_gd32f10x_hd.o


==============================================================================

Image component sizes


      Code (inc. data)   RO Data    RW Data    ZI Data      Debug   Object Name

         0          0          0          0          0      10336   cmsis_liteos.o
         0          0          0          0          0       8516   gd32f10x_adc.o
       296          0          0          0          0       7536   gd32f10x_gpio.o
        22          0          0          0          0       3563   gd32f10x_it.o
       452         52          0         24          0      13944   gd32f10x_rcc.o
       334         28          0          0          0       7176   gd32f10x_usart.o
       272        138          0          0          0       2106   los_api_dynamic_mem.o
       508        284          0          8         12       1707   los_api_event.o
       418        172          0          0          0       1607   los_api_list.o
       608        282          0         22          0       3352   los_api_msgqueue.o
       832        492          0         12          0       2362   los_api_mutex.o
       784        440         66         12          0       2237   los_api_sem.o
       324        180          0          0        600       1590   los_api_static_mem.o
       216         90          0          0          0        762   los_api_systick.o
       884        542          0          8          0       2391   los_api_task.o
       432        196          0          8          0       2160   los_api_timer.o
        90         12          9          4          0       2610   los_bsp_adapter.o
        72          8          0          0          0     236700   los_bsp_key.o
       160         16          0          0          0       1213   los_bsp_led.o
       256         74          0          0          0       3693   los_bsp_uart.o
       188         18          0          8          0       3788   los_config.o
       228         30          0          0          0        788   los_dispatch_keil.o
       744         32          0          0          0       5146   los_event.o
       216         16          0          0          0       3634   los_hw.o
        68         10          0          4          0       1417   los_hw_tick.o
        56         10          0       1028          0       5190   los_hwi.o
       832        356          0        168          0       4763   los_inspect_entry.o
       384         10          0          0          0       4572   los_membox.o
      1210         14          0          0      32768      15720   los_memory.o
       112         24          0          0         64       2005   los_memstat.o
        28          0          0          0          0        612   los_misc.o
       396          4          0          0          0       5192   los_multipledlinkhead.o
       952         80          0         12          0      10496   los_mux.o
       232         22          0          4          0      15350   los_priqueue.o
      1346         86          0          4          0      19243   los_queue.o
       804         70          0         12          0       8152   los_sem.o
      1220        128          0         16        208      21694   los_swtmr.o
        18          6          0          0          0       1025   los_sys.o
      3064        276          0         68          0      27425   los_task.o
        40          6          0         16          0        897   los_tick.o
        92         16          0          8          0       1333   los_timeslice.o
        34          0          0          0          0        563   main.o
        36          8        304          0       1024        860   startup_gd32f10x_hd.o
       296         28          0          0          0      10441   system_gd32f10x.o

    ----------------------------------------------------------------------
     19570       4256        416       1448      34680     485867   Object Totals
         0          0         32          0          0          0   (incl. Generated)
        14          0          5          2          4          0   (incl. Padding)

    ----------------------------------------------------------------------

      Code (inc. data)   RO Data    RW Data    ZI Data      Debug   Library Member Name

        86          0          0          0          0          0   __dczerorl2.o
         0          0          0          0          0          0   entry.o
         0          0          0          0          0          0   entry10a.o
         0          0          0          0          0          0   entry11a.o
         8          4          0          0          0          0   entry2.o
         4          0          0          0          0          0   entry5.o
         0          0          0          0          0          0   entry7b.o
         0          0          0          0          0          0   entry8b.o
         8          4          0          0          0          0   entry9a.o
        30          0          0          0          0          0   handlers.o
        36          8          0          0          0         68   init.o
         0          0          0          0          0          0   iusefp.o
        30          0          0          0          0         68   llshl.o
        36          0          0          0          0         68   llsshr.o
        32          0          0          0          0         68   llushr.o
        80          4          0          0          0         76   malloc.o
        36          0          0          0          0        108   memseta.o
         0          0          0          4          0          0   mvars.o
      2226         90          0          0          0        444   printfa.o
         0          0          0          4          0          0   stdout.o
        44          0          0          0          0         80   uidiv.o
        98          0          0          0          0         92   uldiv.o
        48          0          0          0          0         68   cdrcmple.o
       334          0          0          0          0        148   dadd.o
       222          0          0          0          0        100   ddiv.o
       186          0          0          0          0        176   depilogue.o
        48          0          0          0          0         68   dfixul.o
       228          0          0          0          0         96   dmul.o

    ----------------------------------------------------------------------
      3826        110          0          8          0       1728   Library Totals
         6          0          0          0          0          0   (incl. Padding)

    ----------------------------------------------------------------------

      Code (inc. data)   RO Data    RW Data    ZI Data      Debug   Library Name

      2754        110          0          8          0       1072   mc_w.l
      1066          0          0          0          0        656   mf_w.l

    ----------------------------------------------------------------------
      3826        110          0          8          0       1728   Library Totals

    ----------------------------------------------------------------------

==============================================================================


      Code (inc. data)   RO Data    RW Data    ZI Data      Debug   

     23396       4366        416       1456      34680     477739   Grand Totals
     23396       4366        416        180      34680     477739   ELF Image Totals (compressed)
     23396       4366        416        180          0          0   ROM Totals

==============================================================================

    Total RO  Size (Code + RO Data)                23812 (  23.25kB)
    Total RW  Size (RW Data + ZI Data)             36136 (  35.29kB)
    Total ROM Size (Code + RO Data + RW Data)      23992 (  23.43kB)

==============================================================================

