Component: ARM Compiler 5.05 update 1 (build 106) Tool: armlink [4d0efa]

==============================================================================

Section Cross References

    los_priqueue.o(i.LOS_PriqueueEnqueue) refers to los_priqueue.o(.data) for g_pstLosPriorityQueueList
    los_priqueue.o(i.LOS_PriqueueSize) refers to los_priqueue.o(.data) for g_pstLosPriorityQueueList
    los_priqueue.o(i.LOS_PriqueueTop) refers to los_priqueue.o(.data) for g_pstLosPriorityQueueList
    los_priqueue.o(i.LOS_PriqueueTotalSize) refers to los_priqueue.o(i.LOS_PriqueueSize) for LOS_PriqueueSize
    los_priqueue.o(i.osPriqueueInit) refers to los_memory.o(i.LOS_MemAlloc) for LOS_MemAlloc
    los_priqueue.o(i.osPriqueueInit) refers to los_config.o(.data) for m_aucSysMem0
    los_priqueue.o(i.osPriqueueInit) refers to los_priqueue.o(.data) for g_pstLosPriorityQueueList
    los_swtmr.o(i.LOS_SwtmrCreate) refers to los_dispatch_keil.o(KERNEL) for LOS_IntLock
    los_swtmr.o(i.LOS_SwtmrCreate) refers to los_swtmr.o(.data) for m_pstSwtmrFreeList
    los_swtmr.o(i.LOS_SwtmrDelete) refers to los_dispatch_keil.o(KERNEL) for LOS_IntLock
    los_swtmr.o(i.LOS_SwtmrDelete) refers to los_swtmr.o(i.osSwtmrStop) for osSwtmrStop
    los_swtmr.o(i.LOS_SwtmrDelete) refers to los_swtmr.o(i.osSwtmrDelete) for osSwtmrDelete
    los_swtmr.o(i.LOS_SwtmrDelete) refers to los_swtmr.o(.data) for m_pstSwtmrCBArray
    los_swtmr.o(i.LOS_SwtmrStart) refers to los_dispatch_keil.o(KERNEL) for LOS_IntLock
    los_swtmr.o(i.LOS_SwtmrStart) refers to los_swtmr.o(i.osSwtmrStop) for osSwtmrStop
    los_swtmr.o(i.LOS_SwtmrStart) refers to los_swtmr.o(i.osSwTmrStart) for osSwTmrStart
    los_swtmr.o(i.LOS_SwtmrStart) refers to los_swtmr.o(.data) for m_pstSwtmrCBArray
    los_swtmr.o(i.LOS_SwtmrStop) refers to los_dispatch_keil.o(KERNEL) for LOS_IntLock
    los_swtmr.o(i.LOS_SwtmrStop) refers to los_swtmr.o(i.osSwtmrStop) for osSwtmrStop
    los_swtmr.o(i.LOS_SwtmrStop) refers to los_swtmr.o(.data) for m_pstSwtmrCBArray
    los_swtmr.o(i.osSwTmrAdjust) refers to los_swtmr.o(i.osSwTmrTimeoutHandle) for osSwTmrTimeoutHandle
    los_swtmr.o(i.osSwTmrAdjust) refers to los_swtmr.o(.data) for m_pstSwtmrSortList
    los_swtmr.o(i.osSwTmrGetNextTimeout) refers to los_swtmr.o(.data) for m_pstSwtmrSortList
    los_swtmr.o(i.osSwTmrInit) refers to los_memory.o(i.LOS_MemAlloc) for LOS_MemAlloc
    los_swtmr.o(i.osSwTmrInit) refers to memseta.o(.text) for __aeabi_memclr4
    los_swtmr.o(i.osSwTmrInit) refers to los_membox.o(i.LOS_MemboxInit) for LOS_MemboxInit
    los_swtmr.o(i.osSwTmrInit) refers to los_queue.o(i.LOS_QueueCreate) for LOS_QueueCreate
    los_swtmr.o(i.osSwTmrInit) refers to los_swtmr.o(i.osSwTmrTaskCreate) for osSwTmrTaskCreate
    los_swtmr.o(i.osSwTmrInit) refers to los_swtmr.o(.data) for m_pstSwtmrSortList
    los_swtmr.o(i.osSwTmrInit) refers to los_config.o(.data) for m_aucSysMem0
    los_swtmr.o(i.osSwTmrInit) refers to los_swtmr.o(.bss) for m_aucSwTmrHandlerPool
    los_swtmr.o(i.osSwTmrStart) refers to los_swtmr.o(.data) for m_pstSwtmrSortList
    los_swtmr.o(i.osSwTmrTask) refers to los_queue.o(i.LOS_QueueRead) for LOS_QueueRead
    los_swtmr.o(i.osSwTmrTask) refers to los_membox.o(i.LOS_MemboxFree) for LOS_MemboxFree
    los_swtmr.o(i.osSwTmrTask) refers to los_swtmr.o(.data) for m_uwSwTmrHandlerQueue
    los_swtmr.o(i.osSwTmrTask) refers to los_swtmr.o(.bss) for m_aucSwTmrHandlerPool
    los_swtmr.o(i.osSwTmrTaskCreate) refers to memseta.o(.text) for __aeabi_memclr4
    los_swtmr.o(i.osSwTmrTaskCreate) refers to los_task.o(i.LOS_TaskCreate) for LOS_TaskCreate
    los_swtmr.o(i.osSwTmrTaskCreate) refers to los_swtmr.o(i.osSwTmrTask) for osSwTmrTask
    los_swtmr.o(i.osSwTmrTaskCreate) refers to los_task.o(.data) for g_uwSwtmrTaskID
    los_swtmr.o(i.osSwTmrTimeoutHandle) refers to los_membox.o(i.LOS_MemboxAlloc) for LOS_MemboxAlloc
    los_swtmr.o(i.osSwTmrTimeoutHandle) refers to los_queue.o(i.LOS_QueueWrite) for LOS_QueueWrite
    los_swtmr.o(i.osSwTmrTimeoutHandle) refers to los_membox.o(i.LOS_MemboxFree) for LOS_MemboxFree
    los_swtmr.o(i.osSwTmrTimeoutHandle) refers to los_swtmr.o(i.osSwtmrDelete) for osSwtmrDelete
    los_swtmr.o(i.osSwTmrTimeoutHandle) refers to los_swtmr.o(i.osSwTmrStart) for osSwTmrStart
    los_swtmr.o(i.osSwTmrTimeoutHandle) refers to los_swtmr.o(.data) for m_pstSwtmrSortList
    los_swtmr.o(i.osSwTmrTimeoutHandle) refers to los_swtmr.o(.bss) for m_aucSwTmrHandlerPool
    los_swtmr.o(i.osSwtmrDelete) refers to los_swtmr.o(.data) for m_pstSwtmrFreeList
    los_swtmr.o(i.osSwtmrScan) refers to los_swtmr.o(i.osSwTmrTimeoutHandle) for osSwTmrTimeoutHandle
    los_swtmr.o(i.osSwtmrScan) refers to los_swtmr.o(.data) for m_pstSwtmrSortList
    los_swtmr.o(i.osSwtmrStop) refers to los_swtmr.o(.data) for m_pstSwtmrSortList
    los_sys.o(i.LOS_MS2Tick) refers to los_sys.o(i.__ARM_common_ll_muluu) for __ARM_common_ll_muluu
    los_sys.o(i.LOS_MS2Tick) refers to uldiv.o(.text) for __aeabi_uldivmod
[...]
    printf0.o(i.__0sprintf$0) refers to printf0.o(i._printf_core) for _printf_core
    printf0.o(i.__0sprintf$0) refers to printf0.o(i._sputc) for _sputc
    printf0.o(i.__0vfprintf$0) refers to printf0.o(i._printf_core) for _printf_core
    printf0.o(i.__0vfprintf$0) refers to fputc.o(i.fputc) for fputc
    printf0.o(i.__0vprintf$0) refers to printf0.o(i._printf_core) for _printf_core
    printf0.o(i.__0vprintf$0) refers to fputc.o(i.fputc) for fputc
    printf0.o(i.__0vprintf$0) refers to stdout.o(.data) for __stdout
    printf0.o(i.__0vsnprintf$0) refers to printf0.o(i._printf_core) for _printf_core
    printf0.o(i.__0vsnprintf$0) refers to printf0.o(i._snputc) for _snputc
    printf0.o(i.__0vsprintf$0) refers to printf0.o(i._printf_core) for _printf_core
    printf0.o(i.__0vsprintf$0) refers to printf0.o(i._sputc) for _sputc
    printf1.o(i.__0fprintf$1) refers to printf1.o(i._printf_core) for _printf_core
    printf1.o(i.__0fprintf$1) refers to fputc.o(i.fputc) for fputc
    printf1.o(i.__0printf$1) refers to printf1.o(i._printf_core) for _printf_core
    printf1.o(i.__0printf$1) refers to fputc.o(i.fputc) for fputc
    printf1.o(i.__0printf$1) refers to stdout.o(.data) for __stdout
    printf1.o(i.__0snprintf$1) refers to printf1.o(i._printf_core) for _printf_core
    printf1.o(i.__0snprintf$1) refers to printf1.o(i._snputc) for _snputc
    printf1.o(i.__0sprintf$1) refers to printf1.o(i._printf_core) for _printf_core
    printf1.o(i.__0sprintf$1) refers to printf1.o(i._sputc) for _sputc
    printf1.o(i.__0vfprintf$1) refers to printf1.o(i._printf_core) for _printf_core
    printf1.o(i.__0vfprintf$1) refers to fputc.o(i.fputc) for fputc
    printf1.o(i.__0vprintf$1) refers to printf1.o(i._printf_core) for _printf_core
    printf1.o(i.__0vprintf$1) refers to fputc.o(i.fputc) for fputc
    printf1.o(i.__0vprintf$1) refers to stdout.o(.data) for __stdout
    printf1.o(i.__0vsnprintf$1) refers to printf1.o(i._printf_core) for _printf_core
    printf1.o(i.__0vsnprintf$1) refers to printf1.o(i._snputc) for _snputc
    printf1.o(i.__0vsprintf$1) refers to printf1.o(i._printf_core) for _printf_core
    printf1.o(i.__0vsprintf$1) refers to printf1.o(i._sputc) for _sputc
    printf1.o(i._printf_core) refers to uidiv.o(.text) for __aeabi_uidivmod
    printf2.o(i.__0fprintf$2) refers to printf2.o(i._printf_core) for _printf_core
    printf2.o(i.__0fprintf$2) refers to fputc.o(i.fputc) for fputc
    printf2.o(i.__0printf$2) refers to printf2.o(i._printf_core) for _printf_core
    printf2.o(i.__0printf$2) refers to fputc.o(i.fputc) for fputc
    printf2.o(i.__0printf$2) refers to stdout.o(.data) for __stdout
    printf2.o(i.__0snprintf$2) refers to printf2.o(i._printf_core) for _printf_core
    printf2.o(i.__0snprintf$2) refers to printf2.o(i._snputc) for _snputc
    printf2.o(i.__0sprintf$2) refers to printf2.o(i._printf_core) for _printf_core
    printf2.o(i.__0sprintf$2) refers to printf2.o(i._sputc) for _sputc
    printf2.o(i.__0vfprintf$2) refers to printf2.o(i._printf_core) for _printf_core
    printf2.o(i.__0vfprintf$2) refers to fputc.o(i.fputc) for fputc
    printf2.o(i.__0vprintf$2) refers to printf2.o(i._printf_core) for _printf_core
    printf2.o(i.__0vprintf$2) refers to fputc.o(i.fputc) for fputc
    printf2.o(i.__0vprintf$2) refers to stdout.o(.data) for __stdout
    printf2.o(i.__0vsnprintf$2) refers to printf2.o(i._printf_core) for _printf_core
    printf2.o(i.__0vsnprintf$2) refers to printf2.o(i._snputc) for _snputc
    printf2.o(i.__0vsprintf$2) refers to printf2.o(i._printf_core) for _printf_core
    printf2.o(i.__0vsprintf$2) refers to printf2.o(i._sputc) for _sputc
    printf3.o(i.__0fprintf$3) refers to printf3.o(i._printf_core) for _printf_core
    printf3.o(i.__0fprintf$3) refers to fputc.o(i.fputc) for fputc
    printf3.o(i.__0printf$3) refers to printf3.o(i._printf_core) for _printf_core
    printf3.o(i.__0printf$3) refers to fputc.o(i.fputc) for fputc
    printf3.o(i.__0printf$3) refers to stdout.o(.data) for __stdout
    printf3.o(i.__0snprintf$3) refers to printf3.o(i._printf_core) for _printf_core
    printf3.o(i.__0snprintf$3) refers to printf3.o(i._snputc) for _snputc
    printf3.o(i.__0sprintf$3) refers to printf3.o(i._printf_core) for _printf_core
    printf3.o(i.__0sprintf$3) refers to printf3.o(i._sputc) for _sputc
    printf3.o(i.__0vfprintf$3) refers to printf3.o(i._printf_core) for _printf_core
    printf3.o(i.__0vfprintf$3) refers to fputc.o(i.fputc) for fputc
    printf3.o(i.__0vprintf$3) refers to printf3.o(i._printf_core) for _printf_core
    printf3.o(i.__0vprintf$3) refers to fputc.o(i.fputc) for fputc
    printf3.o(i.__0vprintf$3) refers to stdout.o(.data) for __stdout
    printf3.o(i.__0vsnprintf$3) refers to printf3.o(i._printf_core) for _printf_core
    printf3.o(i.__0vsnprintf$3) refers to printf3.o(i._snputc) for _snputc
    printf3.o(i.__0vsprintf$3) refers to printf3.o(i._printf_core) for _printf_core
    printf3.o(i.__0vsprintf$3) refers to printf3.o(i._sputc) for _sputc
    printf3.o(i._printf_core) refers to uidiv.o(.text) for __aeabi_uidivmod
    printf4.o(i.__0fprintf$4) refers to printf4.o(i._printf_core) for _printf_core
    printf4.o(i.__0fprintf$4) refers to fputc.o(i.fputc) for fputc
    printf4.o(i.__0printf$4) refers to printf4.o(i._printf_core) for _printf_core
    printf4.o(i.__0printf$4) refers to fputc.o(i.fputc) for fputc
    printf4.o(i.__0printf$4) refers to stdout.o(.data) for __stdout
    printf4.o(i.__0snprintf$4) refers to printf4.o(i._printf_core) for _printf_core
    printf4.o(i.__0snprintf$4) refers to printf4.o(i._snputc) for _snputc
    printf4.o(i.__0sprintf$4) refers to printf4.o(i._printf_core) for _printf_core
    printf4.o(i.__0sprintf$4) refers to printf4.o(i._sputc) for _sputc
    printf4.o(i.__0vfprintf$4) refers to printf4.o(i._printf_core) for _printf_core
    printf4.o(i.__0vfprintf$4) refers to fputc.o(i.fputc) for fputc
    printf4.o(i.__0vprintf$4) refers to printf4.o(i._printf_core) for _printf_core
    printf4.o(i.__0vprintf$4) refers to fputc.o(i.fputc) for fputc
    printf4.o(i.__0vprintf$4) refers to stdout.o(.data) for __stdout
    printf4.o(i.__0vsnprintf$4) refers to printf4.o(i._printf_core) for _printf_core
    printf4.o(i.__0vsnprintf$4) refers to printf4.o(i._snputc) for _snputc
    printf4.o(i.__0vsprintf$4) refers to printf4.o(i._printf_core) for _printf_core
    printf4.o(i.__0vsprintf$4) refers to printf4.o(i._sputc) for _sputc
    printf4.o(i._printf_core) refers to uldiv.o(.text) for __aeabi_uldivmod
    printf5.o(i.__0fprintf$5) refers to printf5.o(i._printf_core) for _printf_core
    printf5.o(i.__0fprintf$5) refers to fputc.o(i.fputc) for fputc
    printf5.o(i.__0printf$5) refers to printf5.o(i._printf_core) for _printf_core
    printf5.o(i.__0printf$5) refers to fputc.o(i.fputc) for fputc
    printf5.o(i.__0printf$5) refers to stdout.o(.data) for __stdout
    printf5.o(i.__0snprintf$5) refers to printf5.o(i._printf_core) for _printf_core
    printf5.o(i.__0snprintf$5) refers to printf5.o(i._snputc) for _snputc
    printf5.o(i.__0sprintf$5) refers to printf5.o(i._printf_core) for _printf_core
    printf5.o(i.__0sprintf$5) refers to printf5.o(i._sputc) for _sputc
    printf5.o(i.__0vfprintf$5) refers to printf5.o(i._printf_core) for _printf_core
    printf5.o(i.__0vfprintf$5) refers to fputc.o(i.fputc) for fputc
    printf5.o(i.__0vprintf$5) refers to printf5.o(i._printf_core) for _printf_core
    printf5.o(i.__0vprintf$5) refers to fputc.o(i.fputc) for fputc
    printf5.o(i.__0vprintf$5) refers to stdout.o(.data) for __stdout
    printf5.o(i.__0vsnprintf$5) refers to printf5.o(i._printf_core) for _printf_core
    printf5.o(i.__0vsnprintf$5) refers to printf5.o(i._snputc) for _snputc
    printf5.o(i.__0vsprintf$5) refers to printf5.o(i._printf_core) for _printf_core
    printf5.o(i.__0vsprintf$5) refers to printf5.o(i._sputc) for _sputc
    printf5.o(i._printf_core) refers to uldiv.o(.text) for __aeabi_uldivmod
    printf6.o(i.__0fprintf$6) refers to printf6.o(i._printf_core) for _printf_core
    printf6.o(i.__0fprintf$6) refers to fputc.o(i.fputc) for fputc
    printf6.o(i.__0printf$6) refers to printf6.o(i._printf_core) for _printf_core
    printf6.o(i.__0printf$6) refers to fputc.o(i.fputc) for fputc
    printf6.o(i.__0printf$6) refers to stdout.o(.data) for __stdout
    printf6.o(i.__0snprintf$6) refers to printf6.o(i._printf_core) for _printf_core
    printf6.o(i.__0snprintf$6) refers to printf6.o(i._snputc) for _snputc
    printf6.o(i.__0sprintf$6) refers to printf6.o(i._printf_core) for _printf_core
    printf6.o(i.__0sprintf$6) refers to printf6.o(i._sputc) for _sputc
    printf6.o(i.__0vfprintf$6) refers to printf6.o(i._printf_core) for _printf_core
    printf6.o(i.__0vfprintf$6) refers to fputc.o(i.fputc) for fputc
    printf6.o(i.__0vprintf$6) refers to printf6.o(i._printf_core) for _printf_core
    printf6.o(i.__0vprintf$6) refers to fputc.o(i.fputc) for fputc
    printf6.o(i.__0vprintf$6) refers to stdout.o(.data) for __stdout
    printf6.o(i.__0vsnprintf$6) refers to printf6.o(i._printf_core) for _printf_core
    printf6.o(i.__0vsnprintf$6) refers to printf6.o(i._snputc) for _snputc
    printf6.o(i.__0vsprintf$6) refers to printf6.o(i._printf_core) for _printf_core
    printf6.o(i.__0vsprintf$6) refers to printf6.o(i._sputc) for _sputc
    printf6.o(i._printf_core) refers to printf6.o(i._printf_pre_padding) for _printf_pre_padding
    printf6.o(i._printf_core) refers to printf6.o(i._printf_post_padding) for _printf_post_padding
    printf6.o(i._printf_core) refers to uidiv.o(.text) for __aeabi_uidivmod
    printf7.o(i.__0fprintf$7) refers to printf7.o(i._printf_core) for _printf_core
    printf7.o(i.__0fprintf$7) refers to fputc.o(i.fputc) for fputc
    printf7.o(i.__0printf$7) refers to printf7.o(i._printf_core) for _printf_core
    printf7.o(i.__0printf$7) refers to fputc.o(i.fputc) for fputc
    printf7.o(i.__0printf$7) refers to stdout.o(.data) for __stdout
    printf7.o(i.__0snprintf$7) refers to printf7.o(i._printf_core) for _printf_core
    printf7.o(i.__0snprintf$7) refers to printf7.o(i._snputc) for _snputc
    printf7.o(i.__0sprintf$7) refers to printf7.o(i._printf_core) for _printf_core
    printf7.o(i.__0sprintf$7) refers to printf7.o(i._sputc) for _sputc
    printf7.o(i.__0vfprintf$7) refers to printf7.o(i._printf_core) for _printf_core
    printf7.o(i.__0vfprintf$7) refers to fputc.o(i.fputc) for fputc
    printf7.o(i.__0vprintf$7) refers to printf7.o(i._printf_core) for _printf_core
    printf7.o(i.__0vprintf$7) refers to fputc.o(i.fputc) for fputc
    printf7.o(i.__0vprintf$7) refers to stdout.o(.data) for __stdout
    printf7.o(i.__0vsnprintf$7) refers to printf7.o(i._printf_core) for _printf_core
    printf7.o(i.__0vsnprintf$7) refers to printf7.o(i._snputc) for _snputc
    printf7.o(i.__0vsprintf$7) refers to printf7.o(i._printf_core) for _printf_core
    printf7.o(i.__0vsprintf$7) refers to printf7.o(i._sputc) for _sputc
    printf7.o(i._printf_core) refers to printf7.o(i._printf_pre_padding) for _printf_pre_padding
    printf7.o(i._printf_core) refers to printf7.o(i._printf_post_padding) for _printf_post_padding
    printf7.o(i._printf_core) refers to uldiv.o(.text) for __aeabi_uldivmod
    printf8.o(i.__0fprintf$8) refers to printf8.o(i._printf_core) for _printf_core
    printf8.o(i.__0fprintf$8) refers to fputc.o(i.fputc) for fputc
    printf8.o(i.__0printf$8) refers to printf8.o(i._printf_core) for _printf_core
    printf8.o(i.__0printf$8) refers to fputc.o(i.fputc) for fputc
    printf8.o(i.__0printf$8) refers to stdout.o(.data) for __stdout
    printf8.o(i.__0snprintf$8) refers to printf8.o(i._printf_core) for _printf_core
    printf8.o(i.__0snprintf$8) refers to printf8.o(i._snputc) for _snputc
    printf8.o(i.__0sprintf$8) refers to printf8.o(i._printf_core) for _printf_core
    printf8.o(i.__0sprintf$8) refers to printf8.o(i._sputc) for _sputc
    printf8.o(i.__0vfprintf$8) refers to printf8.o(i._printf_core) for _printf_core
    printf8.o(i.__0vfprintf$8) refers to fputc.o(i.fputc) for fputc
    printf8.o(i.__0vprintf$8) refers to printf8.o(i._printf_core) for _printf_core
    printf8.o(i.__0vprintf$8) refers to fputc.o(i.fputc) for fputc
    printf8.o(i.__0vprintf$8) refers to stdout.o(.data) for __stdout
    printf8.o(i.__0vsnprintf$8) refers to printf8.o(i._printf_core) for _printf_core
    printf8.o(i.__0vsnprintf$8) refers to printf8.o(i._snputc) for _snputc
    printf8.o(i.__0vsprintf$8) refers to printf8.o(i._printf_core) for _printf_core
    printf8.o(i.__0vsprintf$8) refers to printf8.o(i._sputc) for _sputc
    printf8.o(i._printf_core) refers to printf8.o(i._printf_pre_padding) for _printf_pre_padding
    printf8.o(i._printf_core) refers to printf8.o(i._printf_post_padding) for _printf_post_padding
    printf8.o(i._printf_core) refers to uldiv.o(.text) for __aeabi_uldivmod
    printfa.o(i.__0fprintf) refers (Special) to iusefp.o(.text) for __I$use$fp
    printfa.o(i.__0fprintf) refers to printfa.o(i._printf_core) for _printf_core
    printfa.o(i.__0fprintf) refers to fputc.o(i.fputc) for fputc
    printfa.o(i.__0printf) refers (Special) to iusefp.o(.text) for __I$use$fp
    printfa.o(i.__0printf) refers to printfa.o(i._printf_core) for _printf_core
    printfa.o(i.__0printf) refers to fputc.o(i.fputc) for fputc
    printfa.o(i.__0printf) refers to stdout.o(.data) for __stdout
    printfa.o(i.__0snprintf) refers (Special) to iusefp.o(.text) for __I$use$fp
    printfa.o(i.__0snprintf) refers to printfa.o(i._printf_core) for _printf_core
    printfa.o(i.__0snprintf) refers to printfa.o(i._snputc) for _snputc
    printfa.o(i.__0sprintf) refers (Special) to iusefp.o(.text) for __I$use$fp
    printfa.o(i.__0sprintf) refers to printfa.o(i._printf_core) for _printf_core
    printfa.o(i.__0sprintf) refers to printfa.o(i._sputc) for _sputc
    printfa.o(i.__0vfprintf) refers (Special) to iusefp.o(.text) for __I$use$fp
    printfa.o(i.__0vfprintf) refers to printfa.o(i._printf_core) for _printf_core
    printfa.o(i.__0vfprintf) refers to fputc.o(i.fputc) for fputc
    printfa.o(i.__0vprintf) refers (Special) to iusefp.o(.text) for __I$use$fp
    printfa.o(i.__0vprintf) refers to printfa.o(i._printf_core) for _printf_core
    printfa.o(i.__0vprintf) refers to fputc.o(i.fputc) for fputc
    printfa.o(i.__0vprintf) refers to stdout.o(.data) for __stdout
    printfa.o(i.__0vsnprintf) refers (Special) to iusefp.o(.text) for __I$use$fp
    printfa.o(i.__0vsnprintf) refers to printfa.o(i._printf_core) for _printf_core
    printfa.o(i.__0vsnprintf) refers to printfa.o(i._snputc) for _snputc
    printfa.o(i.__0vsprintf) refers (Special) to iusefp.o(.text) for __I$use$fp
    printfa.o(i.__0vsprintf) refers to printfa.o(i._printf_core) for _printf_core
    printfa.o(i.__0vsprintf) refers to printfa.o(i._sputc) for _sputc
    printfa.o(i._fp_digits) refers (Special) to iusefp.o(.text) for __I$use$fp
    printfa.o(i._fp_digits) refers to dmul.o(.text) for __aeabi_dmul
    printfa.o(i._fp_digits) refers to ddiv.o(.text) for __aeabi_ddiv
    printfa.o(i._fp_digits) refers to cdrcmple.o(.text) for __aeabi_cdrcmple
    printfa.o(i._fp_digits) refers to dadd.o(.text) for __aeabi_dadd
    printfa.o(i._fp_digits) refers to dfixul.o(.text) for __aeabi_d2ulz
    printfa.o(i._fp_digits) refers to uldiv.o(.text) for __aeabi_uldivmod
    printfa.o(i._printf_core) refers (Special) to iusefp.o(.text) for __I$use$fp
    printfa.o(i._printf_core) refers to printfa.o(i._printf_pre_padding) for _printf_pre_padding
    printfa.o(i._printf_core) refers to uldiv.o(.text) for __aeabi_uldivmod
    printfa.o(i._printf_core) refers to printfa.o(i._printf_post_padding) for _printf_post_padding
    printfa.o(i._printf_core) refers to printfa.o(i._fp_digits) for _fp_digits
    printfa.o(i._printf_core) refers to uidiv.o(.text) for __aeabi_uidivmod
    printfa.o(i._printf_post_padding) refers (Special) to iusefp.o(.text) for __I$use$fp
    printfa.o(i._printf_pre_padding) refers (Special) to iusefp.o(.text) for __I$use$fp
    printfa.o(i._snputc) refers (Special) to iusefp.o(.text) for __I$use$fp
    printfa.o(i._sputc) refers (Special) to iusefp.o(.text) for __I$use$fp
    malloc.o(i.free) refers to mvars.o(.data) for __microlib_freelist
    malloc.o(i.malloc) refers to mvars.o(.data) for __microlib_freelist_initialised
    malloc.o(i.malloc) refers to mvars.o(.data) for __microlib_freelist
    malloc.o(i.malloc) refers to los_startup_keil.o(HEAP) for __heap_base
    mallocr.o(i.__free$realloc) refers to mvars.o(.data) for __microlib_freelist
    mallocr.o(i.__malloc$realloc) refers to mallocr.o(i.internal_alloc) for internal_alloc
    mallocr.o(i.__malloc$realloc) refers to mvars.o(.data) for __microlib_freelist_initialised
    mallocr.o(i.__malloc$realloc) refers to los_startup_keil.o(HEAP) for __heap_base
    mallocr.o(i.__malloc$realloc) refers to mvars.o(.data) for __microlib_freelist
    mallocr.o(i.internal_alloc) refers to memcpya.o(.text) for __aeabi_memcpy
    mallocr.o(i.internal_alloc) refers to mvars.o(.data) for __microlib_freelist
    mallocr.o(i.realloc) refers to mallocr.o(i.__free$realloc) for __free$realloc
    mallocr.o(i.realloc) refers to mallocr.o(i.internal_alloc) for internal_alloc
    mallocr.o(i.realloc) refers to mallocr.o(i.__malloc$realloc) for __malloc$realloc
    mallocr.o(i.realloc) refers to mvars.o(.data) for __microlib_freelist
    malloca.o(i.__aligned_malloc) refers to mvars.o(.data) for __microlib_freelist
    malloca.o(i.__aligned_malloc) refers to mvars.o(.data) for __microlib_freelist_initialised
    malloca.o(i.__aligned_malloc) refers to los_startup_keil.o(HEAP) for __heap_base
    malloca.o(i.__free$memalign) refers to mvars.o(.data) for __microlib_freelist
    malloca.o(i.__malloc$memalign) refers to malloca.o(i.__aligned_malloc) for __aligned_malloc
    mallocra.o(i.__aligned_malloc$realloc) refers to mallocra.o(i.internal_alloc) for internal_alloc
    mallocra.o(i.__aligned_malloc$realloc) refers to los_startup_keil.o(HEAP) for __heap_base
    mallocra.o(i.__aligned_malloc$realloc) refers to mvars.o(.data) for __microlib_freelist
    mallocra.o(i.__aligned_malloc$realloc) refers to mvars.o(.data) for __microlib_freelist_initialised
    mallocra.o(i.__free$realloc$memalign) refers to mvars.o(.data) for __microlib_freelist
    mallocra.o(i.__malloc$realloc$memalign) refers to mallocra.o(i.__aligned_malloc$realloc) for __aligned_malloc$realloc
    mallocra.o(i.__realloc$memalign) refers to mallocra.o(i.__free$realloc$memalign) for __free$realloc$memalign
    mallocra.o(i.__realloc$memalign) refers to mallocra.o(i.internal_alloc) for internal_alloc
    mallocra.o(i.__realloc$memalign) refers to mallocra.o(i.__malloc$realloc$memalign) for __malloc$realloc$memalign
    mallocra.o(i.__realloc$memalign) refers to mvars.o(.data) for __microlib_freelist
    mallocra.o(i.internal_alloc) refers to memcpya.o(.text) for __aeabi_memcpy
    mallocra.o(i.internal_alloc) refers to mvars.o(.data) for __microlib_freelist
    ddiv.o(.text) refers (Special) to iusefp.o(.text) for __I$use$fp
    ddiv.o(.text) refers to depilogue.o(.text) for _double_round
    dfltul.o(.text) refers (Special) to iusefp.o(.text) for __I$use$fp
    dfltul.o(.text) refers to depilogue.o(.text) for _double_epilogue
    dfixul.o(.text) refers (Special) to iusefp.o(.text) for __I$use$fp
    dfixul.o(.text) refers to llushr.o(.text) for __aeabi_llsr
    dfixul.o(.text) refers to llshl.o(.text) for __aeabi_llsl
    entry2.o(.ARM.Collect$$$$00000001) refers to entry2.o(.ARM.Collect$$$$00002712) for __lit__00000000
    entry2.o(.ARM.Collect$$$$00002712) refers to los_startup_keil.o(STACK) for __initial_sp
    entry2.o(__vectab_stack_and_reset_area) refers to los_startup_keil.o(STACK) for __initial_sp
    entry2.o(__vectab_stack_and_reset_area) refers to entry.o(.ARM.Collect$$$$00000000) for __main
    entry5.o(.ARM.Collect$$$$00000004) refers to init.o(.text) for __scatterload
    entry9a.o(.ARM.Collect$$$$0000000B) refers to main.o(i.main) for main
    entry9b.o(.ARM.Collect$$$$0000000C) refers to main.o(i.main) for main
    fputc.o(i.fputc) refers (Special) to iusesemip.o(.text) for __I$use$semihosting$fputc
    fputc.o(i.fputc) refers (Special) to semi.o(.text) for __semihosting_library_function
    depilogue.o(.text) refers to depilogue.o(i.__ARM_clz) for __ARM_clz
    depilogue.o(.text) refers to llshl.o(.text) for __aeabi_llsl
    depilogue.o(.text) refers to llushr.o(.text) for __aeabi_llsr
    dadd.o(.text) refers to llshl.o(.text) for __aeabi_llsl
    dadd.o(.text) refers to llsshr.o(.text) for __aeabi_lasr
    dadd.o(.text) refers to depilogue.o(.text) for _double_epilogue
    dmul.o(.text) refers to depilogue.o(.text) for _double_epilogue
    init.o(.text) refers to entry5.o(.ARM.Collect$$$$00000004) for __main_after_scatterload


==============================================================================

Removing Unused input sections from the image.

    Removing los_priqueue.o(i.LOS_PriqueueTotalSize), (28 bytes).
    Removing los_swtmr.o(i.LOS_SwtmrCreate), (140 bytes).
    Removing los_swtmr.o(i.LOS_SwtmrDelete), (132 bytes).
    Removing los_swtmr.o(i.LOS_SwtmrStart), (132 bytes).
    Removing los_swtmr.o(i.LOS_SwtmrStop), (128 bytes).
    Removing los_swtmr.o(i.osSwTmrAdjust), (56 bytes).
    Removing los_swtmr.o(i.osSwTmrGetNextTimeout), (24 bytes).
    Removing los_swtmr.o(i.osSwtmrStop), (76 bytes).
    Removing los_sys.o(i.LOS_CyclePerTickGet), (6 bytes).
    Removing los_sys.o(i.LOS_MS2Tick), (38 bytes).
    Removing los_sys.o(i.LOS_Reboot), (8 bytes).
    Removing los_sys.o(i.LOS_Tick2MS), (28 bytes).
    Removing los_sys.o(i.LOS_TickCountGet), (12 bytes).
    Removing los_sys.o(i.get_jiffies_64), (8 bytes).
    Removing los_sys.o(i.jiffies_to_msecs), (12 bytes).
    Removing los_sys.o(i.osCpuTick2MS), (104 bytes).
    Removing los_sys.o(i.osCpuTick2US), (104 bytes).
    Removing los_task.o(i.LOS_CurTaskIDGet), (28 bytes).
    Removing los_task.o(i.LOS_CurTaskPriSet), (28 bytes).
    Removing los_task.o(i.LOS_TaskDelete), (360 bytes).
    Removing los_task.o(i.LOS_TaskPriGet), (76 bytes).
    Removing los_task.o(i.LOS_TaskPriSet), (168 bytes).
    Removing los_task.o(i.LOS_TaskResume), (176 bytes).
    Removing los_task.o(i.LOS_TaskSuspend), (228 bytes).
    Removing los_task.o(i.osTaskPriModify), (56 bytes).
    Removing los_event.o(i.LOS_EventClear), (40 bytes).
    Removing los_event.o(i.LOS_EventDestory), (28 bytes).
    Removing los_event.o(i.LOS_EventInit), (32 bytes).
    Removing los_event.o(i.LOS_EventPoll), (86 bytes).
    Removing los_event.o(i.LOS_EventRead), (368 bytes).
    Removing los_event.o(i.LOS_EventWrite), (260 bytes).
    Removing los_mux.o(i.LOS_ListDelete), (20 bytes).
    Removing los_mux.o(i.LOS_ListEmpty), (16 bytes).
    Removing los_mux.o(i.LOS_MuxCreate), (100 bytes).
    Removing los_mux.o(i.LOS_MuxDelete), (108 bytes).
    Removing los_mux.o(i.LOS_MuxPend), (336 bytes).
    Removing los_mux.o(i.LOS_MuxPost), (264 bytes).
    Removing los_queue.o(i.LOS_QueueDelete), (176 bytes).
    Removing los_queue.o(i.osQueueMailAlloc), (176 bytes).
    Removing los_queue.o(i.osQueueMailFree), (156 bytes).
    Removing los_sem.o(i.LOS_SemCreate), (108 bytes).
    Removing los_sem.o(i.LOS_SemDelete), (100 bytes).
    Removing los_sem.o(i.LOS_SemPend), (268 bytes).
    Removing los_membox.o(i.LOS_MemboxClr), (32 bytes).
    Removing los_memory.o(i.LOS_MemRealloc), (370 bytes).
    Removing los_memstat.o(i.osTaskMemUsage), (24 bytes).
    Removing los_misc.o(i.LOS_Msleep), (52 bytes).
    Removing los_hw_tick.o(i.LOS_GetCpuCycle), (140 bytes).
    Removing los_hwi.o(i.LOS_HwiCreate), (128 bytes).
    Removing los_hwi.o(i.LOS_HwiDelete), (60 bytes).
    Removing los_hwi.o(i.osGetVectorAddr), (8 bytes).
    Removing los_hwi.o(i.osHwiDefaultHandler), (8 bytes).
    Removing los_hwi.o(i.osHwiInit), (36 bytes).
    Removing los_hwi.o(i.osIntNumGet), (12 bytes).
    Removing los_hwi.o(i.osInterrupt), (80 bytes).
    Removing los_hwi.o(.bss), (1024 bytes).
    Removing los_hwi.o(.vector.bss), (1024 bytes).
    Removing los_config.o(i.osBackTrace), (2 bytes).
    Removing los_config.o(i.osEnableFPU), (20 bytes).
    Removing cmsis_liteos.o(i.osDelay), (60 bytes).
    Removing cmsis_liteos.o(i.osKernelInitialize), (28 bytes).
    Removing cmsis_liteos.o(i.osKernelStart), (10 bytes).
    Removing cmsis_liteos.o(i.osKernelSysTick), (12 bytes).
    Removing cmsis_liteos.o(i.osMailAlloc), (38 bytes).
    Removing cmsis_liteos.o(i.osMailCAlloc), (40 bytes).
    Removing cmsis_liteos.o(i.osMailClear), (66 bytes).
    Removing cmsis_liteos.o(i.osMailCreate), (82 bytes).
    Removing cmsis_liteos.o(i.osMailFree), (72 bytes).
    Removing cmsis_liteos.o(i.osMailGet), (72 bytes).
    Removing cmsis_liteos.o(i.osMailPut), (36 bytes).
    Removing cmsis_liteos.o(i.osMessageCreate), (46 bytes).
    Removing cmsis_liteos.o(i.osMessageGet), (112 bytes).
    Removing cmsis_liteos.o(i.osMessagePut), (84 bytes).
    Removing cmsis_liteos.o(i.osMutexCreate), (48 bytes).
    Removing cmsis_liteos.o(i.osMutexDelete), (64 bytes).
    Removing cmsis_liteos.o(i.osMutexRelease), (48 bytes).
    Removing cmsis_liteos.o(i.osMutexWait), (100 bytes).
    Removing cmsis_liteos.o(i.osPoolAlloc), (22 bytes).
    Removing cmsis_liteos.o(i.osPoolCAlloc), (30 bytes).
    Removing cmsis_liteos.o(i.osPoolCreate), (76 bytes).
    Removing cmsis_liteos.o(i.osPoolFree), (36 bytes).
    Removing cmsis_liteos.o(i.osSemaphoreCreate), (48 bytes).
    Removing cmsis_liteos.o(i.osSemaphoreDelete), (64 bytes).
    Removing cmsis_liteos.o(i.osSemaphoreRelease), (48 bytes).
    Removing cmsis_liteos.o(i.osSemaphoreWait), (68 bytes).
    Removing cmsis_liteos.o(i.osSignalClear), (64 bytes).
    Removing cmsis_liteos.o(i.osSignalSet), (90 bytes).
    Removing cmsis_liteos.o(i.osSignalWait), (264 bytes).
    Removing cmsis_liteos.o(i.osThreadCreate), (120 bytes).
    Removing cmsis_liteos.o(i.osThreadGetId), (12 bytes).
    Removing cmsis_liteos.o(i.osThreadGetPId), (6 bytes).
    Removing cmsis_liteos.o(i.osThreadGetPriority), (46 bytes).
    Removing cmsis_liteos.o(i.osThreadSetPriority), (72 bytes).
    Removing cmsis_liteos.o(i.osThreadTerminate), (48 bytes).
    Removing cmsis_liteos.o(i.osThreadYield), (36 bytes).
    Removing cmsis_liteos.o(i.osTimerCreate), (100 bytes).
    Removing cmsis_liteos.o(i.osTimerDelete), (48 bytes).
    Removing cmsis_liteos.o(i.osTimerStart), (72 bytes).
    Removing cmsis_liteos.o(i.osTimerStop), (48 bytes).
    Removing cmsis_liteos.o(i.osWait), (96 bytes).
    Removing los_bsp_adapter.o(i.LOS_EvbTrace), (12 bytes).
    Removing los_bsp_adapter.o(i.LosAdapIntInit), (2 bytes).
    Removing los_bsp_adapter.o(i.LosAdapIrpEnable), (48 bytes).
    Removing los_bsp_adapter.o(i.LosAdapIrqDisable), (24 bytes).
    Removing los_bsp_adapter.o(.constdata), (9 bytes).
    Removing los_bsp_key.o(i.LOS_EvbGetKeyVal), (6 bytes).
    Removing los_bsp_uart.o(i.LOS_EvbUartPrintf), (2 bytes).
    Removing los_bsp_uart.o(i.LOS_EvbUartReadByte), (2 bytes).
    Removing los_bsp_uart.o(i.LOS_EvbUartWriteByte), (2 bytes).
    Removing los_api_dynamic_mem.o(i.Example_Dyn_Mem), (276 bytes).
    Removing los_api_event.o(i.Example_Event), (168 bytes).
    Removing los_api_event.o(i.Example_SndRcvEvent), (348 bytes).
    Removing los_api_event.o(.bss), (12 bytes).
    Removing los_api_event.o(.data), (8 bytes).
    Removing los_api_interrupt.o(i.Example_Exti0_Init), (2 bytes).
    Removing los_api_interrupt.o(i.Example_Interrupt), (44 bytes).
    Removing los_api_interrupt.o(i.User_IRQHandler), (32 bytes).
    Removing los_api_list.o(i.Example_list), (404 bytes).
    Removing los_api_list.o(i.LOS_ListAdd), (14 bytes).
    Removing los_api_msgqueue.o(i.Example_MsgQueue), (292 bytes).
    Removing los_api_msgqueue.o(i.recv_Entry), (200 bytes).
    Removing los_api_msgqueue.o(i.send_Entry), (108 bytes).
    Removing los_api_msgqueue.o(.data), (22 bytes).
    Removing los_api_mutex.o(i.Example_MutexLock), (332 bytes).
    Removing los_api_mutex.o(i.Example_MutexTask1), (284 bytes).
    Removing los_api_mutex.o(i.Example_MutexTask2), (228 bytes).
    Removing los_api_mutex.o(.data), (12 bytes).
    Removing los_api_sem.o(i.Example_SemTask1), (228 bytes).
    Removing los_api_sem.o(i.Example_SemTask2), (220 bytes).
    Removing los_api_sem.o(i.Example_Semphore), (352 bytes).
    Removing los_api_sem.o(.conststring), (66 bytes).
    Removing los_api_sem.o(.data), (12 bytes).
    Removing los_api_static_mem.o(i.Example_StaticMem), (328 bytes).
    Removing los_api_static_mem.o(.bss), (600 bytes).
    Removing los_api_systick.o(i.Example_GetTick), (212 bytes).
    Removing los_api_systick.o(i.Example_TransformTime), (68 bytes).
    Removing los_api_task.o(i.Example_TaskHi), (280 bytes).
    Removing los_api_task.o(i.Example_TaskLo), (236 bytes).
    Removing los_api_task.o(i.Example_TskCaseEntry), (388 bytes).
    Removing los_api_task.o(.data), (8 bytes).
    Removing los_api_timer.o(i.Example_swTimer), (264 bytes).
    Removing los_api_timer.o(i.Timer1_Callback), (80 bytes).
    Removing los_api_timer.o(i.Timer2_Callback), (88 bytes).
    Removing los_api_timer.o(.data), (8 bytes).
    Removing los_cmsis_main.o(i.Cmsis_Task_Test), (14 bytes).
    Removing los_cmsis_main.o(i.Create_Cmsis_Task), (28 bytes).
    Removing los_cmsis_main.o(.constdata), (20 bytes).
    Removing los_cmsis_main.o(.conststring), (16 bytes).
    Removing los_demo_entry.o(i.LOS_Demo_Entry), (112 bytes).
    Removing los_demo_entry.o(i.LOS_Demo_Tskfunc), (10 bytes).
    Removing los_demo_entry.o(i.dprintf_1), (8 bytes).
    Removing los_demo_entry.o(.data), (4 bytes).
    Removing los_inspect_entry.o(i.LOS_InspectByID), (6 bytes).
    Removing los_inspect_entry.o(i.LOS_InspectStatusSetByID), (6 bytes).
    Removing los_inspect_entry.o(i.LOS_Inspect_Entry), (76 bytes).
    Removing los_inspect_entry.o(i.LOS_Inspect_KeyAndLed), (92 bytes).
    Removing los_inspect_entry.o(i.LOS_Inspect_TskDeal), (208 bytes).
    Removing los_inspect_entry.o(.data), (8 bytes).
    Removing los_startup_keil.o(HEAP), (512 bytes).
    Removing ddiv.o(.text), (240 bytes).
    Removing dfltul.o(.text), (28 bytes).
    Removing dfixul.o(.text), (64 bytes).
    Removing depilogue.o(.text), (190 bytes).
    Removing dadd.o(.text), (356 bytes).
    Removing dmul.o(.text), (208 bytes).
    Removing cdrcmple.o(.text), (40 bytes).
    Removing los_sys.o(i.__ARM_common_ll_muluu), (48 bytes).
    Removing depilogue.o(i.__ARM_clz), (46 bytes).

168 unused section(s) (total 19021 bytes) removed from the image.

==============================================================================

Image Symbol Table

    Local Symbols

    Symbol Name                              Value     Ov Type        Size  Object(Section)

    RESET                                    0x00000000   Section       72  los_startup_keil.o(RESET)
    ../clib/microlib/division.c              0x00000000   Number         0  uldiv.o ABSOLUTE
    ../clib/microlib/division.c              0x00000000   Number         0  uidiv.o ABSOLUTE
    ../clib/microlib/init/entry.s            0x00000000   Number         0  entry8b.o ABSOLUTE
    ../clib/microlib/init/entry.s            0x00000000   Number         0  entry7b.o ABSOLUTE
    ../clib/microlib/init/entry.s            0x00000000   Number         0  entry5.o ABSOLUTE
    ../clib/microlib/init/entry.s            0x00000000   Number         0  entry11b.o ABSOLUTE
    ../clib/microlib/init/entry.s            0x00000000   Number         0  entry.o ABSOLUTE
    ../clib/microlib/init/entry.s            0x00000000   Number         0  entry11a.o ABSOLUTE
    ../clib/microlib/init/entry.s            0x00000000   Number         0  entry2.o ABSOLUTE
    ../clib/microlib/init/entry.s            0x00000000   Number         0  entry10b.o ABSOLUTE
    ../clib/microlib/init/entry.s            0x00000000   Number         0  entry10a.o ABSOLUTE
    ../clib/microlib/init/entry.s            0x00000000   Number         0  entry9b.o ABSOLUTE
    ../clib/microlib/init/entry.s            0x00000000   Number         0  entry9a.o ABSOLUTE
    ../clib/microlib/init/entry.s            0x00000000   Number         0  entry7a.o ABSOLUTE
    ../clib/microlib/init/entry.s            0x00000000   Number         0  entry8a.o ABSOLUTE
    ../clib/microlib/longlong.c              0x00000000   Number         0  llsshr.o ABSOLUTE
    ../clib/microlib/longlong.c              0x00000000   Number         0  llushr.o ABSOLUTE
    ../clib/microlib/longlong.c              0x00000000   Number         0  llshl.o ABSOLUTE
    ../clib/microlib/longlong.c              0x00000000   Number         0  llmul.o ABSOLUTE
    ../clib/microlib/malloc/malloc.c         0x00000000   Number         0  mallocra.o ABSOLUTE
    ../clib/microlib/malloc/malloc.c         0x00000000   Number         0  malloca.o ABSOLUTE
    ../clib/microlib/malloc/malloc.c         0x00000000   Number         0  mallocr.o ABSOLUTE
    ../clib/microlib/malloc/malloc.c         0x00000000   Number         0  malloc.o ABSOLUTE
    ../clib/microlib/malloc/mvars.c          0x00000000   Number         0  mvars.o ABSOLUTE
    ../clib/microlib/printf/printf.c         0x00000000   Number         0  printf6.o ABSOLUTE
    ../clib/microlib/printf/printf.c         0x00000000   Number         0  printf5.o ABSOLUTE
    ../clib/microlib/printf/printf.c         0x00000000   Number         0  printf4.o ABSOLUTE
    ../clib/microlib/printf/printf.c         0x00000000   Number         0  printf0.o ABSOLUTE
    ../clib/microlib/printf/printf.c         0x00000000   Number         0  printf1.o ABSOLUTE
    ../clib/microlib/printf/printf.c         0x00000000   Number         0  printf2.o ABSOLUTE
    ../clib/microlib/printf/printf.c         0x00000000   Number         0  printfb.o ABSOLUTE
    ../clib/microlib/printf/printf.c         0x00000000   Number         0  printfa.o ABSOLUTE
    ../clib/microlib/printf/printf.c         0x00000000   Number         0  printf3.o ABSOLUTE
    ../clib/microlib/printf/printf.c         0x00000000   Number         0  printf8.o ABSOLUTE
    ../clib/microlib/printf/printf.c         0x00000000   Number         0  printf7.o ABSOLUTE
    ../clib/microlib/printf/stubs.s          0x00000000   Number         0  stubs.o ABSOLUTE
    ../clib/microlib/stdio/fputc.c           0x00000000   Number         0  fputc.o ABSOLUTE
    ../clib/microlib/stdio/semi.s            0x00000000   Number         0  semi.o ABSOLUTE
    ../clib/microlib/stdio/streams.c         0x00000000   Number         0  stdout.o ABSOLUTE
    ../clib/microlib/string/memcpy.c         0x00000000   Number         0  memcpyb.o ABSOLUTE
    ../clib/microlib/string/memcpy.c         0x00000000   Number         0  memcpya.o ABSOLUTE
    ../clib/microlib/string/memset.c         0x00000000   Number         0  memseta.o ABSOLUTE
    ../clib/microlib/stubs.s                 0x00000000   Number         0  iusesemip.o ABSOLUTE
    ../clib/microlib/stubs.s                 0x00000000   Number         0  iusefp.o ABSOLUTE
    ../fplib/microlib/fpadd.c                0x00000000   Number         0  dadd.o ABSOLUTE
    ../fplib/microlib/fpdiv.c                0x00000000   Number         0  ddiv.o ABSOLUTE
    ../fplib/microlib/fpepilogue.c           0x00000000   Number         0  depilogue.o ABSOLUTE
    ../fplib/microlib/fpfix.c                0x00000000   Number         0  dfixul.o ABSOLUTE
    ../fplib/microlib/fpflt.c                0x00000000   Number         0  dfltul.o ABSOLUTE
    ../fplib/microlib/fpmul.c                0x00000000   Number         0  dmul.o ABSOLUTE
    ..\..\example\api\los_api_dynamic_mem.c  0x00000000   Number         0  los_api_dynamic_mem.o ABSOLUTE
    ..\..\example\api\los_api_event.c        0x00000000   Number         0  los_api_event.o ABSOLUTE
    ..\..\example\api\los_api_interrupt.c    0x00000000   Number         0  los_api_interrupt.o ABSOLUTE
    ..\..\example\api\los_api_list.c         0x00000000   Number         0  los_api_list.o ABSOLUTE
    ..\..\example\api\los_api_msgqueue.c     0x00000000   Number         0  los_api_msgqueue.o ABSOLUTE
    ..\..\example\api\los_api_mutex.c        0x00000000   Number         0  los_api_mutex.o ABSOLUTE
    ..\..\example\api\los_api_sem.c          0x00000000   Number         0  los_api_sem.o ABSOLUTE
    ..\..\example\api\los_api_static_mem.c   0x00000000   Number         0  los_api_static_mem.o ABSOLUTE
    ..\..\example\api\los_api_systick.c      0x00000000   Number         0  los_api_systick.o ABSOLUTE
    ..\..\example\api\los_api_task.c         0x00000000   Number         0  los_api_task.o ABSOLUTE
    ..\..\example\api\los_api_timer.c        0x00000000   Number         0  los_api_timer.o ABSOLUTE
    ..\..\example\api\los_cmsis_main.c       0x00000000   Number         0  los_cmsis_main.o ABSOLUTE
    ..\..\example\api\los_demo_entry.c       0x00000000   Number         0  los_demo_entry.o ABSOLUTE
    ..\..\example\api\los_inspect_entry.c    0x00000000   Number         0  los_inspect_entry.o ABSOLUTE
    ..\..\kernel\base\core\los_priqueue.c    0x00000000   Number         0  los_priqueue.o ABSOLUTE
    ..\..\kernel\base\core\los_swtmr.c       0x00000000   Number         0  los_swtmr.o ABSOLUTE
    ..\..\kernel\base\core\los_sys.c         0x00000000   Number         0  los_sys.o ABSOLUTE
    ..\..\kernel\base\core\los_task.c        0x00000000   Number         0  los_task.o ABSOLUTE
    ..\..\kernel\base\core\los_tick.c        0x00000000   Number         0  los_tick.o ABSOLUTE
    ..\..\kernel\base\core\los_timeslice.c   0x00000000   Number         0  los_timeslice.o ABSOLUTE
    ..\..\kernel\base\ipc\los_event.c        0x00000000   Number         0  los_event.o ABSOLUTE
    ..\..\kernel\base\ipc\los_mux.c          0x00000000   Number         0  los_mux.o ABSOLUTE
    ..\..\kernel\base\ipc\los_queue.c        0x00000000   Number         0  los_queue.o ABSOLUTE
    ..\..\kernel\base\ipc\los_sem.c          0x00000000   Number         0  los_sem.o ABSOLUTE
    ..\..\kernel\base\mem\los_membox.c       0x00000000   Number         0  los_membox.o ABSOLUTE
    ..\..\kernel\base\mem\los_memory.c       0x00000000   Number         0  los_memory.o ABSOLUTE
    ..\..\kernel\base\mem\los_memstat.c      0x00000000   Number         0  los_memstat.o ABSOLUTE
    ..\..\kernel\base\mem\los_multipledlinkhead.c 0x00000000   Number         0  los_multipledlinkhead.o ABSOLUTE
    ..\..\kernel\base\misc\los_misc.c        0x00000000   Number         0  los_misc.o ABSOLUTE
    ..\..\kernel\cmsis\cmsis_liteos.c        0x00000000   Number         0  cmsis_liteos.o ABSOLUTE
    ..\..\kernel\config\los_config.c         0x00000000   Number         0  los_config.o ABSOLUTE
    ..\..\kernel\cpu\arm\cortex-m0\los_dispatch_keil.s 0x00000000   Number         0  los_dispatch_keil.o ABSOLUTE
    ..\..\kernel\cpu\arm\cortex-m0\los_hw.c  0x00000000   Number         0  los_hw.o ABSOLUTE
    ..\..\kernel\cpu\arm\cortex-m0\los_hw_tick.c 0x00000000   Number         0  los_hw_tick.o ABSOLUTE
    ..\..\kernel\cpu\arm\cortex-m0\los_hwi.c 0x00000000   Number         0  los_hwi.o ABSOLUTE
    ..\..\platform\LPC824_LITE\los_bsp_adapter.c 0x00000000   Number         0  los_bsp_adapter.o ABSOLUTE
    ..\..\platform\LPC824_LITE\los_bsp_key.c 0x00000000   Number         0  los_bsp_key.o ABSOLUTE
    ..\..\platform\LPC824_LITE\los_bsp_led.c 0x00000000   Number         0  los_bsp_led.o ABSOLUTE
    ..\..\platform\LPC824_LITE\los_bsp_uart.c 0x00000000   Number         0  los_bsp_uart.o ABSOLUTE
    ..\..\platform\LPC824_LITE\los_startup_keil.s 0x00000000   Number         0  los_startup_keil.o ABSOLUTE
    ..\..\user\main.c                        0x00000000   Number         0  main.o ABSOLUTE
    cdrcmple.s                               0x00000000   Number         0  cdrcmple.o ABSOLUTE
    dc.s                                     0x00000000   Number         0  dc.o ABSOLUTE
    handlers.s                               0x00000000   Number         0  handlers.o ABSOLUTE
    init.s                                   0x00000000   Number         0  init.o ABSOLUTE
    .ARM.Collect$$$$00000000                 0x00000048   Section        0  entry.o(.ARM.Collect$$$$00000000)
    .ARM.Collect$$$$00000001                 0x00000048   Section        4  entry2.o(.ARM.Collect$$$$00000001)
    .ARM.Collect$$$$00000004                 0x0000004c   Section        4  entry5.o(.ARM.Collect$$$$00000004)
    .ARM.Collect$$$$00000008                 0x00000050   Section        0  entry7b.o(.ARM.Collect$$$$00000008)
    .ARM.Collect$$$$0000000A                 0x00000050   Section        0  entry8b.o(.ARM.Collect$$$$0000000A)
    .ARM.Collect$$$$0000000B                 0x00000050   Section        8  entry9a.o(.ARM.Collect$$$$0000000B)
    .ARM.Collect$$$$0000000D                 0x00000058   Section        0  entry10a.o(.ARM.Collect$$$$0000000D)
    .ARM.Collect$$$$0000000F                 0x00000058   Section        0  entry11a.o(.ARM.Collect$$$$0000000F)
    .ARM.Collect$$$$00002712                 0x00000058   Section        4  entry2.o(.ARM.Collect$$$$00002712)
    __lit__00000000                          0x00000058   Data           4  entry2.o(.ARM.Collect$$$$00002712)
    .text                                    0x0000005c   Section       84  los_dispatch_keil.o(.text)
    .text                                    0x000000b0   Section        0  uidiv.o(.text)
    .text                                    0x000000dc   Section        0  memseta.o(.text)
    .text                                    0x00000100   Section       36  init.o(.text)
    KERNEL                                   0x00000124   Section      144  los_dispatch_keil.o(KERNEL)
    i.LOS_Align                              0x000001b4   Section        0  los_misc.o(i.LOS_Align)
    i.LOS_BoadExampleEntry                   0x000001d0   Section        0  main.o(i.LOS_BoadExampleEntry)
    i.LOS_BoadExampleTskfunc                 0x0000021c   Section        0  main.o(i.LOS_BoadExampleTskfunc)
    i.LOS_DLnkInitMultiHead                  0x00000254   Section        0  los_multipledlinkhead.o(i.LOS_DLnkInitMultiHead)
    i.LOS_DLnkMultiHead                      0x00000272   Section        0  los_multipledlinkhead.o(i.LOS_DLnkMultiHead)
    i.LOS_EnableTick                         0x00000298   Section        0  los_config.o(i.LOS_EnableTick)
    i.LOS_EvbKeyInit                         0x000002ac   Section        0  los_bsp_key.o(i.LOS_EvbKeyInit)
    i.LOS_EvbLedControl                      0x000002ae   Section        0  los_bsp_led.o(i.LOS_EvbLedControl)
    i.LOS_EvbLedInit                         0x000002b0   Section        0  los_bsp_led.o(i.LOS_EvbLedInit)
    i.LOS_EvbSetup                           0x000002b2   Section        0  los_bsp_adapter.o(i.LOS_EvbSetup)
    i.LOS_EvbUartInit                        0x000002c2   Section        0  los_bsp_uart.o(i.LOS_EvbUartInit)
    i.LOS_EvbUartWriteStr                    0x000002c4   Section        0  los_bsp_uart.o(i.LOS_EvbUartWriteStr)
    i.LOS_KernelInit                         0x000002c6   Section        0  los_config.o(i.LOS_KernelInit)
    i.LOS_ListAdd                            0x000002da   Section        0  los_task.o(i.LOS_ListAdd)
    LOS_ListAdd                              0x000002db   Thumb Code    14  los_task.o(i.LOS_ListAdd)
    i.LOS_ListAdd                            0x000002e8   Section        0  los_mux.o(i.LOS_ListAdd)
    LOS_ListAdd                              0x000002e9   Thumb Code    14  los_mux.o(i.LOS_ListAdd)
    i.LOS_ListAdd                            0x000002f6   Section        0  los_queue.o(i.LOS_ListAdd)
    LOS_ListAdd                              0x000002f7   Thumb Code    14  los_queue.o(i.LOS_ListAdd)
    i.LOS_ListAdd                            0x00000304   Section        0  los_sem.o(i.LOS_ListAdd)
    LOS_ListAdd                              0x00000305   Thumb Code    14  los_sem.o(i.LOS_ListAdd)
    i.LOS_ListAdd                            0x00000312   Section        0  los_memory.o(i.LOS_ListAdd)
    LOS_ListAdd                              0x00000313   Thumb Code    14  los_memory.o(i.LOS_ListAdd)
    i.LOS_ListDelete                         0x00000320   Section        0  los_task.o(i.LOS_ListDelete)
    LOS_ListDelete                           0x00000321   Thumb Code    20  los_task.o(i.LOS_ListDelete)
    i.LOS_ListDelete                         0x00000334   Section        0  los_sem.o(i.LOS_ListDelete)
    LOS_ListDelete                           0x00000335   Thumb Code    20  los_sem.o(i.LOS_ListDelete)
    i.LOS_ListDelete                         0x00000348   Section        0  los_memory.o(i.LOS_ListDelete)
    LOS_ListDelete                           0x00000349   Thumb Code    20  los_memory.o(i.LOS_ListDelete)
    i.LOS_ListEmpty                          0x0000035c   Section        0  los_task.o(i.LOS_ListEmpty)
    LOS_ListEmpty                            0x0000035d   Thumb Code    16  los_task.o(i.LOS_ListEmpty)
    i.LOS_ListEmpty                          0x0000036c   Section        0  los_queue.o(i.LOS_ListEmpty)
    LOS_ListEmpty                            0x0000036d   Thumb Code    16  los_queue.o(i.LOS_ListEmpty)
    i.LOS_ListEmpty                          0x0000037c   Section        0  los_sem.o(i.LOS_ListEmpty)
    LOS_ListEmpty                            0x0000037d   Thumb Code    16  los_sem.o(i.LOS_ListEmpty)
    i.LOS_ListInit                           0x0000038c   Section        0  los_task.o(i.LOS_ListInit)
    LOS_ListInit                             0x0000038d   Thumb Code     6  los_task.o(i.LOS_ListInit)
    i.LOS_ListInit                           0x00000392   Section        0  los_mux.o(i.LOS_ListInit)
    LOS_ListInit                             0x00000393   Thumb Code     6  los_mux.o(i.LOS_ListInit)
    i.LOS_ListInit                           0x00000398   Section        0  los_queue.o(i.LOS_ListInit)
    LOS_ListInit                             0x00000399   Thumb Code     6  los_queue.o(i.LOS_ListInit)
    i.LOS_ListInit                           0x0000039e   Section        0  los_sem.o(i.LOS_ListInit)
    LOS_ListInit                             0x0000039f   Thumb Code     6  los_sem.o(i.LOS_ListInit)
    i.LOS_ListTailInsert                     0x000003a4   Section        0  los_task.o(i.LOS_ListTailInsert)
    LOS_ListTailInsert                       0x000003a5   Thumb Code    16  los_task.o(i.LOS_ListTailInsert)
    i.LOS_ListTailInsert                     0x000003b4   Section        0  los_mux.o(i.LOS_ListTailInsert)
    LOS_ListTailInsert                       0x000003b5   Thumb Code    16  los_mux.o(i.LOS_ListTailInsert)
    i.LOS_ListTailInsert                     0x000003c4   Section        0  los_sem.o(i.LOS_ListTailInsert)
    LOS_ListTailInsert                       0x000003c5   Thumb Code    16  los_sem.o(i.LOS_ListTailInsert)
    i.LOS_Log2                               0x000003d4   Section        0  los_multipledlinkhead.o(i.LOS_Log2)
    LOS_Log2                                 0x000003d5   Thumb Code   422  los_multipledlinkhead.o(i.LOS_Log2)
    i.LOS_MemAlloc                           0x00000584   Section        0  los_memory.o(i.LOS_MemAlloc)
    i.LOS_MemAllocAlign                      0x000005c0   Section        0  los_memory.o(i.LOS_MemAllocAlign)
    i.LOS_MemFree                            0x0000063a   Section        0  los_memory.o(i.LOS_MemFree)
    i.LOS_MemInit                            0x000006a0   Section        0  los_memory.o(i.LOS_MemInit)
    i.LOS_MemboxAlloc                        0x0000074c   Section        0  los_membox.o(i.LOS_MemboxAlloc)
    i.LOS_MemboxFree                         0x0000078c   Section        0  los_membox.o(i.LOS_MemboxFree)
    i.LOS_MemboxInit                         0x00000828   Section        0  los_membox.o(i.LOS_MemboxInit)
    i.LOS_PriqueueDequeue                    0x000008ae   Section        0  los_priqueue.o(i.LOS_PriqueueDequeue)
    i.LOS_PriqueueEnqueue                    0x000008c8   Section        0  los_priqueue.o(i.LOS_PriqueueEnqueue)
    i.LOS_PriqueueSize                       0x000008ec   Section        0  los_priqueue.o(i.LOS_PriqueueSize)
    i.LOS_PriqueueTop                        0x00000918   Section        0  los_priqueue.o(i.LOS_PriqueueTop)
    i.LOS_QueueCreate                        0x00000954   Section        0  los_queue.o(i.LOS_QueueCreate)
    i.LOS_QueueRead                          0x000009d0   Section        0  los_queue.o(i.LOS_QueueRead)
    i.LOS_QueueWrite                         0x00000b0c   Section        0  los_queue.o(i.LOS_QueueWrite)
    i.LOS_Schedule                           0x00000c58   Section        0  los_hw.o(i.LOS_Schedule)
    i.LOS_SemPost                            0x00000c9c   Section        0  los_sem.o(i.LOS_SemPost)
    i.LOS_SetTickSycle                       0x00000d5c   Section        0  los_hw_tick.o(i.LOS_SetTickSycle)
    i.LOS_Start                              0x00000d68   Section        0  los_config.o(i.LOS_Start)
    i.LOS_TaskCreate                         0x00000d74   Section        0  los_task.o(i.LOS_TaskCreate)
    i.LOS_TaskCreateOnly                     0x00000e10   Section        0  los_task.o(i.LOS_TaskCreateOnly)
    i.LOS_TaskDelay                          0x00000fa8   Section        0  los_task.o(i.LOS_TaskDelay)
    i.LOS_TaskLock                           0x0000102c   Section        0  los_task.o(i.LOS_TaskLock)
    i.LOS_TaskUnlock                         0x0000104c   Section        0  los_task.o(i.LOS_TaskUnlock)
    i.LOS_TaskYield                          0x00001088   Section        0  los_task.o(i.LOS_TaskYield)
    i.LOS_TickHandler                        0x0000110c   Section        0  los_hw_tick.o(i.LOS_TickHandler)
    i.SysTick_Handler                        0x00001144   Section        0  los_bsp_adapter.o(i.SysTick_Handler)
    i.__scatterload_copy                     0x0000114c   Section       14  handlers.o(i.__scatterload_copy)
    i.__scatterload_null                     0x0000115a   Section        2  handlers.o(i.__scatterload_null)
    i.__scatterload_zeroinit                 0x0000115c   Section       14  handlers.o(i.__scatterload_zeroinit)
    i.main                                   0x0000116a   Section        0  main.o(i.main)
    i.osIdleTask                             0x0000118e   Section        0  los_task.o(i.osIdleTask)
    i.osIdleTaskCreate                       0x00001194   Section        0  los_task.o(i.osIdleTaskCreate)
    i.osMain                                 0x000011e0   Section        0  los_config.o(i.osMain)
    i.osMemAllocWithCheck                    0x00001250   Section        0  los_memory.o(i.osMemAllocWithCheck)
    osMemAllocWithCheck                      0x00001251   Thumb Code    90  los_memory.o(i.osMemAllocWithCheck)
    i.osMemCheckUsedNode                     0x000012aa   Section        0  los_memory.o(i.osMemCheckUsedNode)
    osMemCheckUsedNode                       0x000012ab   Thumb Code   164  los_memory.o(i.osMemCheckUsedNode)
    i.osMemFindSuitableFreeBlock             0x0000134e   Section        0  los_memory.o(i.osMemFindSuitableFreeBlock)
    osMemFindSuitableFreeBlock               0x0000134f   Thumb Code    80  los_memory.o(i.osMemFindSuitableFreeBlock)
    i.osMemFreeNode                          0x0000139e   Section        0  los_memory.o(i.osMemFreeNode)
    osMemFreeNode                            0x0000139f   Thumb Code   184  los_memory.o(i.osMemFreeNode)
    i.osMemIsNodeValid                       0x00001456   Section        0  los_memory.o(i.osMemIsNodeValid)
    osMemIsNodeValid                         0x00001457   Thumb Code    66  los_memory.o(i.osMemIsNodeValid)
    i.osMemMergeNode                         0x00001498   Section        0  los_memory.o(i.osMemMergeNode)
    osMemMergeNode                           0x00001499   Thumb Code    36  los_memory.o(i.osMemMergeNode)
    i.osMemSetMagicNumAndTaskid              0x000014bc   Section        0  los_memory.o(i.osMemSetMagicNumAndTaskid)
    osMemSetMagicNumAndTaskid                0x000014bd   Thumb Code    30  los_memory.o(i.osMemSetMagicNumAndTaskid)
    i.osMemSpitNode                          0x000014e0   Section        0  los_memory.o(i.osMemSpitNode)
    osMemSpitNode                            0x000014e1   Thumb Code    94  los_memory.o(i.osMemSpitNode)
    i.osMemSystemInit                        0x00001540   Section        0  los_memory.o(i.osMemSystemInit)
    i.osMuxInit                              0x00001564   Section        0  los_mux.o(i.osMuxInit)
    i.osPriqueueInit                         0x000015c0   Section        0  los_priqueue.o(i.osPriqueueInit)
    i.osQueueCreate                          0x0000160c   Section        0  los_queue.o(i.osQueueCreate)
    i.osQueueInit                            0x00001680   Section        0  los_queue.o(i.osQueueInit)
    i.osQueuePend                            0x000016b8   Section        0  los_queue.o(i.osQueuePend)
    osQueuePend                              0x000016b9   Thumb Code   130  los_queue.o(i.osQueuePend)
    i.osQueueWakeUp                          0x0000173a   Section        0  los_queue.o(i.osQueueWakeUp)
    osQueueWakeUp                            0x0000173b   Thumb Code    96  los_queue.o(i.osQueueWakeUp)
    i.osRegister                             0x0000179c   Section        0  los_config.o(i.osRegister)
    i.osSchedule                             0x000017b8   Section        0  los_hw.o(i.osSchedule)
    i.osSemInit                              0x000017c0   Section        0  los_sem.o(i.osSemInit)
    i.osSwTmrInit                            0x00001818   Section        0  los_swtmr.o(i.osSwTmrInit)
    i.osSwTmrStart                           0x000018c8   Section        0  los_swtmr.o(i.osSwTmrStart)
    i.osSwTmrTask                            0x00001930   Section        0  los_swtmr.o(i.osSwTmrTask)
    i.osSwTmrTaskCreate                      0x00001980   Section        0  los_swtmr.o(i.osSwTmrTaskCreate)
    i.osSwTmrTimeoutHandle                   0x000019c8   Section        0  los_swtmr.o(i.osSwTmrTimeoutHandle)
    osSwTmrTimeoutHandle                     0x000019c9   Thumb Code   134  los_swtmr.o(i.osSwTmrTimeoutHandle)
    i.osSwtmrDelete                          0x00001a60   Section        0  los_swtmr.o(i.osSwtmrDelete)
    osSwtmrDelete                            0x00001a61   Thumb Code    16  los_swtmr.o(i.osSwtmrDelete)
    i.osSwtmrScan                            0x00001a74   Section        0  los_swtmr.o(i.osSwtmrScan)
    i.osTaskAdd2TimerList                    0x00001a9c   Section        0  los_task.o(i.osTaskAdd2TimerList)
    i.osTaskEntry                            0x00001b64   Section        0  los_task.o(i.osTaskEntry)
    i.osTaskExit                             0x00001c04   Section        0  los_hw.o(i.osTaskExit)
    i.osTaskInit                             0x00001c0c   Section        0  los_task.o(i.osTaskInit)
    i.osTaskMemUsedDec                       0x00001d20   Section        0  los_memstat.o(i.osTaskMemUsedDec)
    i.osTaskMemUsedInc                       0x00001d58   Section        0  los_memstat.o(i.osTaskMemUsedInc)
    i.osTaskScan                             0x00001d9c   Section        0  los_task.o(i.osTaskScan)
    i.osTaskSelfDelete                       0x00001e88   Section        0  los_task.o(i.osTaskSelfDelete)
    i.osTickHandler                          0x00001f80   Section        0  los_tick.o(i.osTickHandler)
    i.osTickStart                            0x00001fa8   Section        0  los_bsp_adapter.o(i.osTickStart)
    i.osTimerListDelete                      0x00001fe8   Section        0  los_task.o(i.osTimerListDelete)
    i.osTimesliceCheck                       0x0000202c   Section        0  los_timeslice.o(i.osTimesliceCheck)
    i.osTimesliceInit                        0x00002078   Section        0  los_timeslice.o(i.osTimesliceInit)
    i.osTskStackInit                         0x00002088   Section        0  los_hw.o(i.osTskStackInit)
    .data                                    0x10000000   Section        4  los_priqueue.o(.data)
    .data                                    0x10000004   Section       16  los_swtmr.o(.data)
    .data                                    0x10000014   Section       68  los_task.o(.data)
    .data                                    0x10000058   Section       16  los_tick.o(.data)
    .data                                    0x10000068   Section        8  los_timeslice.o(.data)
    .data                                    0x10000070   Section       12  los_mux.o(.data)
    .data                                    0x1000007c   Section        4  los_queue.o(.data)
    .data                                    0x10000080   Section       12  los_sem.o(.data)
    .data                                    0x1000008c   Section        4  los_hw_tick.o(.data)
    .data                                    0x10000090   Section        4  los_hwi.o(.data)
    .data                                    0x10000094   Section        8  los_config.o(.data)
    .data                                    0x1000009c   Section        4  los_bsp_adapter.o(.data)
    g_ucycle_per_tick                        0x1000009c   Data           4  los_bsp_adapter.o(.data)
    .data                                    0x100000a0   Section        4  main.o(.data)
    g_uwboadTaskID                           0x100000a0   Data           4  main.o(.data)
    .bss                                     0x100000a4   Section       64  los_swtmr.o(.bss)
    .bss                                     0x100000e4   Section     6144  los_memory.o(.bss)
    .bss                                     0x100018e4   Section       20  los_memstat.o(.bss)
    STACK                                    0x100018f8   Section     1024  los_startup_keil.o(STACK)

    Global Symbols

    Symbol Name                              Value     Ov Type        Size  Object(Section)

    BuildAttributes$$THM_ISAv3M$S$PE$A:L22$X:L11$S22$IEEE1$IW$USESV6$~STKCKD$USESV7$~SHL$OSPACE$ROPI$EBA8$MICROLIB$REQ8$PRES8$EABIv2 0x00000000   Number         0  anon$$obj.o ABSOLUTE
    _BootVectors                             0x00000000   Data           0  los_startup_keil.o(RESET)
    __ARM_use_no_argv                        0x00000000   Number         0  main.o ABSOLUTE
    _printf_a                                0x00000000   Number         0  stubs.o ABSOLUTE
    _printf_c                                0x00000000   Number         0  stubs.o ABSOLUTE
    _printf_charcount                        0x00000000   Number         0  stubs.o ABSOLUTE
    _printf_d                                0x00000000   Number         0  stubs.o ABSOLUTE
    _printf_e                                0x00000000   Number         0  stubs.o ABSOLUTE
    _printf_f                                0x00000000   Number         0  stubs.o ABSOLUTE
    _printf_flags                            0x00000000   Number         0  stubs.o ABSOLUTE
    _printf_fp_dec                           0x00000000   Number         0  stubs.o ABSOLUTE
    _printf_fp_hex                           0x00000000   Number         0  stubs.o ABSOLUTE
    _printf_g                                0x00000000   Number         0  stubs.o ABSOLUTE
    _printf_i                                0x00000000   Number         0  stubs.o ABSOLUTE
    _printf_int_dec                          0x00000000   Number         0  stubs.o ABSOLUTE
    _printf_l                                0x00000000   Number         0  stubs.o ABSOLUTE
    _printf_lc                               0x00000000   Number         0  stubs.o ABSOLUTE
    _printf_ll                               0x00000000   Number         0  stubs.o ABSOLUTE
    _printf_lld                              0x00000000   Number         0  stubs.o ABSOLUTE
    _printf_lli                              0x00000000   Number         0  stubs.o ABSOLUTE
    _printf_llo                              0x00000000   Number         0  stubs.o ABSOLUTE
    _printf_llu                              0x00000000   Number         0  stubs.o ABSOLUTE
    _printf_llx                              0x00000000   Number         0  stubs.o ABSOLUTE
    _printf_longlong_dec                     0x00000000   Number         0  stubs.o ABSOLUTE
    _printf_longlong_hex                     0x00000000   Number         0  stubs.o ABSOLUTE
    _printf_longlong_oct                     0x00000000   Number         0  stubs.o ABSOLUTE
    _printf_ls                               0x00000000   Number         0  stubs.o ABSOLUTE
    _printf_mbtowc                           0x00000000   Number         0  stubs.o ABSOLUTE
    _printf_n                                0x00000000   Number         0  stubs.o ABSOLUTE
    _printf_o                                0x00000000   Number         0  stubs.o ABSOLUTE
    _printf_p                                0x00000000   Number         0  stubs.o ABSOLUTE
    _printf_percent                          0x00000000   Number         0  stubs.o ABSOLUTE
    _printf_pre_padding                      0x00000000   Number         0  stubs.o ABSOLUTE
    _printf_return_value                     0x00000000   Number         0  stubs.o ABSOLUTE
    _printf_s                                0x00000000   Number         0  stubs.o ABSOLUTE
    _printf_sizespec                         0x00000000   Number         0  stubs.o ABSOLUTE
    _printf_str                              0x00000000   Number         0  stubs.o ABSOLUTE
    _printf_truncate_signed                  0x00000000   Number         0  stubs.o ABSOLUTE
    _printf_truncate_unsigned                0x00000000   Number         0  stubs.o ABSOLUTE
    _printf_u                                0x00000000   Number         0  stubs.o ABSOLUTE
    _printf_wc                               0x00000000   Number         0  stubs.o ABSOLUTE
    _printf_wctomb                           0x00000000   Number         0  stubs.o ABSOLUTE
    _printf_widthprec                        0x00000000   Number         0  stubs.o ABSOLUTE
    _printf_x                                0x00000000   Number         0  stubs.o ABSOLUTE
    __cpp_initialize__aeabi_                  - Undefined Weak Reference
    __cxa_finalize                            - Undefined Weak Reference
    __decompress                              - Undefined Weak Reference
    _clock_init                               - Undefined Weak Reference
    _microlib_exit                            - Undefined Weak Reference
    Reset_Handler                            0x00000041   Thumb Code     0  los_startup_keil.o(RESET)
    __main                                   0x00000049   Thumb Code     0  entry.o(.ARM.Collect$$$$00000000)
    _main_stk                                0x00000049   Thumb Code     0  entry2.o(.ARM.Collect$$$$00000001)
    _main_scatterload                        0x0000004d   Thumb Code     0  entry5.o(.ARM.Collect$$$$00000004)
    __main_after_scatterload                 0x00000051   Thumb Code     0  entry5.o(.ARM.Collect$$$$00000004)
    _main_clock                              0x00000051   Thumb Code     0  entry7b.o(.ARM.Collect$$$$00000008)
    _main_cpp_init                           0x00000051   Thumb Code     0  entry8b.o(.ARM.Collect$$$$0000000A)
    _main_init                               0x00000051   Thumb Code     0  entry9a.o(.ARM.Collect$$$$0000000B)
    __rt_final_cpp                           0x00000059   Thumb Code     0  entry10a.o(.ARM.Collect$$$$0000000D)
    __rt_final_exit                          0x00000059   Thumb Code     0  entry11a.o(.ARM.Collect$$$$0000000F)
    LOS_StartToRun                           0x0000005d   Thumb Code     0  los_dispatch_keil.o(.text)
    __aeabi_uidiv                            0x000000b1   Thumb Code     0  uidiv.o(.text)
    __aeabi_uidivmod                         0x000000b1   Thumb Code    44  uidiv.o(.text)
    __aeabi_memset                           0x000000dd   Thumb Code    14  memseta.o(.text)
    __aeabi_memset4                          0x000000dd   Thumb Code     0  memseta.o(.text)
    __aeabi_memset8                          0x000000dd   Thumb Code     0  memseta.o(.text)
    __aeabi_memclr                           0x000000eb   Thumb Code     4  memseta.o(.text)
    __aeabi_memclr4                          0x000000eb   Thumb Code     0  memseta.o(.text)
    __aeabi_memclr8                          0x000000eb   Thumb Code     0  memseta.o(.text)
    _memset$wrapper                          0x000000ef   Thumb Code    18  memseta.o(.text)
    __scatterload                            0x00000101   Thumb Code    28  init.o(.text)
    __scatterload_rt2                        0x00000101   Thumb Code     0  init.o(.text)
    LOS_IntNumGet                            0x00000125   Thumb Code     0  los_dispatch_keil.o(KERNEL)
    osDisableIRQ                             0x0000012b   Thumb Code     0  los_dispatch_keil.o(KERNEL)
    LOS_IntLock                              0x0000012f   Thumb Code     0  los_dispatch_keil.o(KERNEL)
    LOS_IntUnLock                            0x00000137   Thumb Code     0  los_dispatch_keil.o(KERNEL)
    LOS_IntRestore                           0x0000013f   Thumb Code     0  los_dispatch_keil.o(KERNEL)
    osTaskSchedule                           0x00000145   Thumb Code     0  los_dispatch_keil.o(KERNEL)
    PendSV_Handler                           0x0000014d   Thumb Code     0  los_dispatch_keil.o(KERNEL)
    LOS_Align                                0x000001b5   Thumb Code    28  los_misc.o(i.LOS_Align)
    LOS_BoadExampleEntry                     0x000001d1   Thumb Code    54  main.o(i.LOS_BoadExampleEntry)
    LOS_BoadExampleTskfunc                   0x0000021d   Thumb Code    42  main.o(i.LOS_BoadExampleTskfunc)
    LOS_DLnkInitMultiHead                    0x00000255   Thumb Code    30  los_multipledlinkhead.o(i.LOS_DLnkInitMultiHead)
    LOS_DLnkMultiHead                        0x00000273   Thumb Code    38  los_multipledlinkhead.o(i.LOS_DLnkMultiHead)
    LOS_EnableTick                           0x00000299   Thumb Code    20  los_config.o(i.LOS_EnableTick)
    LOS_EvbKeyInit                           0x000002ad   Thumb Code     2  los_bsp_key.o(i.LOS_EvbKeyInit)
    LOS_EvbLedControl                        0x000002af   Thumb Code     2  los_bsp_led.o(i.LOS_EvbLedControl)
    LOS_EvbLedInit                           0x000002b1   Thumb Code     2  los_bsp_led.o(i.LOS_EvbLedInit)
    LOS_EvbSetup                             0x000002b3   Thumb Code    16  los_bsp_adapter.o(i.LOS_EvbSetup)
    LOS_EvbUartInit                          0x000002c3   Thumb Code     2  los_bsp_uart.o(i.LOS_EvbUartInit)
    LOS_EvbUartWriteStr                      0x000002c5   Thumb Code     2  los_bsp_uart.o(i.LOS_EvbUartWriteStr)
    LOS_KernelInit                           0x000002c7   Thumb Code    20  los_config.o(i.LOS_KernelInit)
    LOS_MemAlloc                             0x00000585   Thumb Code    60  los_memory.o(i.LOS_MemAlloc)
    LOS_MemAllocAlign                        0x000005c1   Thumb Code   122  los_memory.o(i.LOS_MemAllocAlign)
    LOS_MemFree                              0x0000063b   Thumb Code   102  los_memory.o(i.LOS_MemFree)
    LOS_MemInit                              0x000006a1   Thumb Code   170  los_memory.o(i.LOS_MemInit)
    LOS_MemboxAlloc                          0x0000074d   Thumb Code    60  los_membox.o(i.LOS_MemboxAlloc)
    LOS_MemboxFree                           0x0000078d   Thumb Code   150  los_membox.o(i.LOS_MemboxFree)
    LOS_MemboxInit                           0x00000829   Thumb Code   134  los_membox.o(i.LOS_MemboxInit)
    LOS_PriqueueDequeue                      0x000008af   Thumb Code    24  los_priqueue.o(i.LOS_PriqueueDequeue)
    LOS_PriqueueEnqueue                      0x000008c9   Thumb Code    32  los_priqueue.o(i.LOS_PriqueueEnqueue)
    LOS_PriqueueSize                         0x000008ed   Thumb Code    38  los_priqueue.o(i.LOS_PriqueueSize)
    LOS_PriqueueTop                          0x00000919   Thumb Code    56  los_priqueue.o(i.LOS_PriqueueTop)
    LOS_QueueCreate                          0x00000955   Thumb Code   116  los_queue.o(i.LOS_QueueCreate)
    LOS_QueueRead                            0x000009d1   Thumb Code   294  los_queue.o(i.LOS_QueueRead)
    LOS_QueueWrite                           0x00000b0d   Thumb Code   310  los_queue.o(i.LOS_QueueWrite)
    LOS_Schedule                             0x00000c59   Thumb Code    58  los_hw.o(i.LOS_Schedule)
    LOS_SemPost                              0x00000c9d   Thumb Code   178  los_sem.o(i.LOS_SemPost)
    LOS_SetTickSycle                         0x00000d5d   Thumb Code     6  los_hw_tick.o(i.LOS_SetTickSycle)
    LOS_Start                                0x00000d69   Thumb Code    12  los_config.o(i.LOS_Start)
    LOS_TaskCreate                           0x00000d75   Thumb Code   138  los_task.o(i.LOS_TaskCreate)
    LOS_TaskCreateOnly                       0x00000e11   Thumb Code   386  los_task.o(i.LOS_TaskCreateOnly)
    LOS_TaskDelay                            0x00000fa9   Thumb Code   112  los_task.o(i.LOS_TaskDelay)
    LOS_TaskLock                             0x0000102d   Thumb Code    26  los_task.o(i.LOS_TaskLock)
    LOS_TaskUnlock                           0x0000104d   Thumb Code    56  los_task.o(i.LOS_TaskUnlock)
    LOS_TaskYield                            0x00001089   Thumb Code   118  los_task.o(i.LOS_TaskYield)
    LOS_TickHandler                          0x0000110d   Thumb Code    52  los_hw_tick.o(i.LOS_TickHandler)
    SysTick_Handler                          0x00001145   Thumb Code     8  los_bsp_adapter.o(i.SysTick_Handler)
    __scatterload_copy                       0x0000114d   Thumb Code    14  handlers.o(i.__scatterload_copy)
    __scatterload_null                       0x0000115b   Thumb Code     2  handlers.o(i.__scatterload_null)
    __scatterload_zeroinit                   0x0000115d   Thumb Code    14  handlers.o(i.__scatterload_zeroinit)
    main                                     0x0000116b   Thumb Code    36  main.o(i.main)
    osIdleTask                               0x0000118f   Thumb Code     4  los_task.o(i.osIdleTask)
    osIdleTaskCreate                         0x00001195   Thumb Code    56  los_task.o(i.osIdleTaskCreate)
    osMain                                   0x000011e1   Thumb Code   112  los_config.o(i.osMain)
    osMemSystemInit                          0x00001541   Thumb Code    26  los_memory.o(i.osMemSystemInit)
    osMuxInit                                0x00001565   Thumb Code    74  los_mux.o(i.osMuxInit)
    osPriqueueInit                           0x000015c1   Thumb Code    66  los_priqueue.o(i.osPriqueueInit)
    osQueueCreate                            0x0000160d   Thumb Code   102  los_queue.o(i.osQueueCreate)
    osQueueInit                              0x00001681   Thumb Code    42  los_queue.o(i.osQueueInit)
    osRegister                               0x0000179d   Thumb Code    14  los_config.o(i.osRegister)
    osSchedule                               0x000017b9   Thumb Code     8  los_hw.o(i.osSchedule)
    osSemInit                                0x000017c1   Thumb Code    72  los_sem.o(i.osSemInit)
    osSwTmrInit                              0x00001819   Thumb Code   146  los_swtmr.o(i.osSwTmrInit)
    osSwTmrStart                             0x000018c9   Thumb Code   100  los_swtmr.o(i.osSwTmrStart)
    osSwTmrTask                              0x00001931   Thumb Code    70  los_swtmr.o(i.osSwTmrTask)
    osSwTmrTaskCreate                        0x00001981   Thumb Code    52  los_swtmr.o(i.osSwTmrTaskCreate)
    osSwtmrScan                              0x00001a75   Thumb Code    36  los_swtmr.o(i.osSwtmrScan)
    osTaskAdd2TimerList                      0x00001a9d   Thumb Code   196  los_task.o(i.osTaskAdd2TimerList)
    osTaskEntry                              0x00001b65   Thumb Code   152  los_task.o(i.osTaskEntry)
    osTaskExit                               0x00001c05   Thumb Code     8  los_hw.o(i.osTaskExit)
    osTaskInit                               0x00001c0d   Thumb Code   238  los_task.o(i.osTaskInit)
    osTaskMemUsedDec                         0x00001d21   Thumb Code    44  los_memstat.o(i.osTaskMemUsedDec)
    osTaskMemUsedInc                         0x00001d59   Thumb Code    54  los_memstat.o(i.osTaskMemUsedInc)
    osTaskScan                               0x00001d9d   Thumb Code   230  los_task.o(i.osTaskScan)
    osTaskSelfDelete                         0x00001e89   Thumb Code   226  los_task.o(i.osTaskSelfDelete)
    osTickHandler                            0x00001f81   Thumb Code    34  los_tick.o(i.osTickHandler)
    osTickStart                              0x00001fa9   Thumb Code    50  los_bsp_adapter.o(i.osTickStart)
    osTimerListDelete                        0x00001fe9   Thumb Code    62  los_task.o(i.osTimerListDelete)
    osTimesliceCheck                         0x0000202d   Thumb Code    64  los_timeslice.o(i.osTimesliceCheck)
    osTimesliceInit                          0x00002079   Thumb Code    12  los_timeslice.o(i.osTimesliceInit)
    osTskStackInit                           0x00002089   Thumb Code   102  los_hw.o(i.osTskStackInit)
    Region$$Table$$Base                      0x0000212c   Number         0  anon$$obj.o(Region$$Table)
    Region$$Table$$Limit                     0x0000214c   Number         0  anon$$obj.o(Region$$Table)
    g_pstLosPriorityQueueList                0x10000000   Data           4  los_priqueue.o(.data)
    m_uwSwTmrHandlerQueue                    0x10000004   Data           4  los_swtmr.o(.data)
    m_pstSwtmrCBArray                        0x10000008   Data           4  los_swtmr.o(.data)
    m_pstSwtmrFreeList                       0x1000000c   Data           4  los_swtmr.o(.data)
    m_pstSwtmrSortList                       0x10000010   Data           4  los_swtmr.o(.data)
    g_pstTaskCBArray                         0x10000014   Data           4  los_task.o(.data)
    g_stLosTask                              0x10000018   Data           8  los_task.o(.data)
    g_usLosTaskLock                          0x10000020   Data           2  los_task.o(.data)
    g_uwTskMaxNum                            0x10000024   Data           4  los_task.o(.data)
    g_uwIdleTaskID                           0x10000028   Data           4  los_task.o(.data)
    g_uwSwtmrTaskID                          0x1000002c   Data           4  los_task.o(.data)
    g_stTaskTimerList                        0x10000030   Data           8  los_task.o(.data)
    g_stLosFreeTask                          0x10000038   Data           8  los_task.o(.data)
    g_stTskRecyleList                        0x10000040   Data           8  los_task.o(.data)
    g_stTskSortLink                          0x10000048   Data           8  los_task.o(.data)
    g_bTaskScheduled                         0x10000050   Data           4  los_task.o(.data)
    g_pfnTskSwitchHook                       0x10000054   Data           4  los_task.o(.data)
    g_ullTickCount                           0x10000058   Data           8  los_tick.o(.data)
    g_uwTicksPerSec                          0x10000060   Data           4  los_tick.o(.data)
    g_uwCyclePerSec                          0x10000064   Data           4  los_tick.o(.data)
    g_stTaskTimeSlice                        0x10000068   Data           8  los_timeslice.o(.data)
    g_pstAllMux                              0x10000070   Data           4  los_mux.o(.data)
    g_stUnusedMuxList                        0x10000074   Data           8  los_mux.o(.data)
    g_pstAllQueue                            0x1000007c   Data           4  los_queue.o(.data)
    g_stUnusedSemList                        0x10000080   Data           8  los_sem.o(.data)
    g_pstAllSem                              0x10000088   Data           4  los_sem.o(.data)
    g_uwCyclesPerTick                        0x1000008c   Data           4  los_hw_tick.o(.data)
    g_vuwIntCount                            0x10000090   Data           4  los_hwi.o(.data)
    m_aucSysMem0                             0x10000094   Data           4  los_config.o(.data)
    g_sys_mem_addr_end                       0x10000098   Data           4  los_config.o(.data)
    m_aucSwTmrHandlerPool                    0x100000a4   Data          64  los_swtmr.o(.bss)
    g_ucMemStart                             0x100000e4   Data        6144  los_memory.o(.bss)
    g_TskMemUsedInfo                         0x100018e4   Data          20  los_memstat.o(.bss)
    __initial_sp                             0x10001cf8   Data           0  los_startup_keil.o(STACK)



==============================================================================

Memory Map of the image

  Image Entry point : 0x00000049

  Load Region LR_IROM1 (Base: 0x00000000, Size: 0x000021f0, Max: 0x00008000, ABSOLUTE)

    Execution Region ER_IROM1 (Base: 0x00000000, Size: 0x0000214c, Max: 0x00008000, ABSOLUTE)

    Base Addr    Size         Type   Attr      Idx    E Section Name        Object

    0x00000000   0x00000048   Code   RO         2182    RESET               los_startup_keil.o
    0x00000048   0x00000000   Code   RO         2211  * .ARM.Collect$$$$00000000  mc_p.l(entry.o)
    0x00000048   0x00000004   Code   RO         2521    .ARM.Collect$$$$00000001  mc_p.l(entry2.o)
    0x0000004c   0x00000004   Code   RO         2524    .ARM.Collect$$$$00000004  mc_p.l(entry5.o)
    0x00000050   0x00000000   Code   RO         2526    .ARM.Collect$$$$00000008  mc_p.l(entry7b.o)
    0x00000050   0x00000000   Code   RO         2528    .ARM.Collect$$$$0000000A  mc_p.l(entry8b.o)
    0x00000050   0x00000008   Code   RO         2529    .ARM.Collect$$$$0000000B  mc_p.l(entry9a.o)
    0x00000058   0x00000000   Code   RO         2531    .ARM.Collect$$$$0000000D  mc_p.l(entry10a.o)
    0x00000058   0x00000000   Code   RO         2533    .ARM.Collect$$$$0000000F  mc_p.l(entry11a.o)
    0x00000058   0x00000004   Code   RO         2522    .ARM.Collect$$$$00002712  mc_p.l(entry2.o)
    0x0000005c   0x00000054   Code   RO         1222    .text               los_dispatch_keil.o
    0x000000b0   0x0000002c   Code   RO         2214    .text               mc_p.l(uidiv.o)
    0x000000dc   0x00000024   Code   RO         2222    .text               mc_p.l(memseta.o)
    0x00000100   0x00000024   Code   RO         2555    .text               mc_p.l(init.o)
    0x00000124   0x00000090   Code   RO         1223    KERNEL              los_dispatch_keil.o
    0x000001b4   0x0000001c   Code   RO         1090    i.LOS_Align         los_misc.o
    0x000001d0   0x0000004c   Code   RO         2185    i.LOS_BoadExampleEntry  main.o
    0x0000021c   0x00000038   Code   RO         2186    i.LOS_BoadExampleTskfunc  main.o
    0x00000254   0x0000001e   Code   RO         1058    i.LOS_DLnkInitMultiHead  los_multipledlinkhead.o
    0x00000272   0x00000026   Code   RO         1059    i.LOS_DLnkMultiHead  los_multipledlinkhead.o
    0x00000298   0x00000014   Code   RO         1229    i.LOS_EnableTick    los_config.o
    0x000002ac   0x00000002   Code   RO         1688    i.LOS_EvbKeyInit    los_bsp_key.o
    0x000002ae   0x00000002   Code   RO         1705    i.LOS_EvbLedControl  los_bsp_led.o
    0x000002b0   0x00000002   Code   RO         1706    i.LOS_EvbLedInit    los_bsp_led.o
    0x000002b2   0x00000010   Code   RO         1623    i.LOS_EvbSetup      los_bsp_adapter.o
    0x000002c2   0x00000002   Code   RO         1723    i.LOS_EvbUartInit   los_bsp_uart.o
    0x000002c4   0x00000002   Code   RO         1727    i.LOS_EvbUartWriteStr  los_bsp_uart.o
    0x000002c6   0x00000014   Code   RO         1230    i.LOS_KernelInit    los_config.o
    0x000002da   0x0000000e   Code   RO          322    i.LOS_ListAdd       los_task.o
    0x000002e8   0x0000000e   Code   RO          622    i.LOS_ListAdd       los_mux.o
    0x000002f6   0x0000000e   Code   RO          696    i.LOS_ListAdd       los_queue.o
    0x00000304   0x0000000e   Code   RO          801    i.LOS_ListAdd       los_sem.o
    0x00000312   0x0000000e   Code   RO          904    i.LOS_ListAdd       los_memory.o
    0x00000320   0x00000014   Code   RO          323    i.LOS_ListDelete    los_task.o
    0x00000334   0x00000014   Code   RO          802    i.LOS_ListDelete    los_sem.o
    0x00000348   0x00000014   Code   RO          905    i.LOS_ListDelete    los_memory.o
    0x0000035c   0x00000010   Code   RO          324    i.LOS_ListEmpty     los_task.o
    0x0000036c   0x00000010   Code   RO          697    i.LOS_ListEmpty     los_queue.o
    0x0000037c   0x00000010   Code   RO          803    i.LOS_ListEmpty     los_sem.o
    0x0000038c   0x00000006   Code   RO          325    i.LOS_ListInit      los_task.o
    0x00000392   0x00000006   Code   RO          625    i.LOS_ListInit      los_mux.o
    0x00000398   0x00000006   Code   RO          698    i.LOS_ListInit      los_queue.o
    0x0000039e   0x00000006   Code   RO          804    i.LOS_ListInit      los_sem.o
    0x000003a4   0x00000010   Code   RO          326    i.LOS_ListTailInsert  los_task.o
    0x000003b4   0x00000010   Code   RO          626    i.LOS_ListTailInsert  los_mux.o
    0x000003c4   0x00000010   Code   RO          805    i.LOS_ListTailInsert  los_sem.o
    0x000003d4   0x000001b0   Code   RO         1060    i.LOS_Log2          los_multipledlinkhead.o
    0x00000584   0x0000003c   Code   RO          906    i.LOS_MemAlloc      los_memory.o
    0x000005c0   0x0000007a   Code   RO          907    i.LOS_MemAllocAlign  los_memory.o
    0x0000063a   0x00000066   Code   RO          908    i.LOS_MemFree       los_memory.o
    0x000006a0   0x000000aa   Code   RO          909    i.LOS_MemInit       los_memory.o
    0x0000074a   0x00000002   PAD
    0x0000074c   0x00000040   Code   RO          871    i.LOS_MemboxAlloc   los_membox.o
    0x0000078c   0x0000009c   Code   RO          873    i.LOS_MemboxFree    los_membox.o
    0x00000828   0x00000086   Code   RO          874    i.LOS_MemboxInit    los_membox.o
    0x000008ae   0x00000018   Code   RO            1    i.LOS_PriqueueDequeue  los_priqueue.o
    0x000008c6   0x00000002   PAD
    0x000008c8   0x00000024   Code   RO            2    i.LOS_PriqueueEnqueue  los_priqueue.o
    0x000008ec   0x0000002c   Code   RO            3    i.LOS_PriqueueSize  los_priqueue.o
    0x00000918   0x0000003c   Code   RO            4    i.LOS_PriqueueTop   los_priqueue.o
    0x00000954   0x0000007c   Code   RO          699    i.LOS_QueueCreate   los_queue.o
    0x000009d0   0x0000013c   Code   RO          701    i.LOS_QueueRead     los_queue.o
    0x00000b0c   0x0000014c   Code   RO          702    i.LOS_QueueWrite    los_queue.o
    0x00000c58   0x00000044   Code   RO         1108    i.LOS_Schedule      los_hw.o
    0x00000c9c   0x000000c0   Code   RO          809    i.LOS_SemPost       los_sem.o
    0x00000d5c   0x0000000c   Code   RO         1139    i.LOS_SetTickSycle  los_hw_tick.o
    0x00000d68   0x0000000c   Code   RO         1231    i.LOS_Start         los_config.o
    0x00000d74   0x0000009c   Code   RO          327    i.LOS_TaskCreate    los_task.o
    0x00000e10   0x00000198   Code   RO          328    i.LOS_TaskCreateOnly  los_task.o
    0x00000fa8   0x00000084   Code   RO          329    i.LOS_TaskDelay     los_task.o
    0x0000102c   0x00000020   Code   RO          331    i.LOS_TaskLock      los_task.o
    0x0000104c   0x0000003c   Code   RO          336    i.LOS_TaskUnlock    los_task.o
    0x00001088   0x00000084   Code   RO          337    i.LOS_TaskYield     los_task.o
    0x0000110c   0x00000038   Code   RO         1140    i.LOS_TickHandler   los_hw_tick.o
    0x00001144   0x00000008   Code   RO         1628    i.SysTick_Handler   los_bsp_adapter.o
    0x0000114c   0x0000000e   Code   RO         2563    i.__scatterload_copy  mc_p.l(handlers.o)
    0x0000115a   0x00000002   Code   RO         2564    i.__scatterload_null  mc_p.l(handlers.o)
    0x0000115c   0x0000000e   Code   RO         2565    i.__scatterload_zeroinit  mc_p.l(handlers.o)
    0x0000116a   0x00000024   Code   RO         2187    i.main              main.o
    0x0000118e   0x00000004   Code   RO          338    i.osIdleTask        los_task.o
    0x00001192   0x00000002   PAD
    0x00001194   0x0000004c   Code   RO          339    i.osIdleTaskCreate  los_task.o
    0x000011e0   0x00000070   Code   RO         1234    i.osMain            los_config.o
    0x00001250   0x0000005a   Code   RO          911    i.osMemAllocWithCheck  los_memory.o
    0x000012aa   0x000000a4   Code   RO          912    i.osMemCheckUsedNode  los_memory.o
    0x0000134e   0x00000050   Code   RO          913    i.osMemFindSuitableFreeBlock  los_memory.o
    0x0000139e   0x000000b8   Code   RO          914    i.osMemFreeNode     los_memory.o
    0x00001456   0x00000042   Code   RO          915    i.osMemIsNodeValid  los_memory.o
    0x00001498   0x00000024   Code   RO          916    i.osMemMergeNode    los_memory.o
    0x000014bc   0x00000024   Code   RO          917    i.osMemSetMagicNumAndTaskid  los_memory.o
    0x000014e0   0x0000005e   Code   RO          918    i.osMemSpitNode     los_memory.o
    0x0000153e   0x00000002   PAD
    0x00001540   0x00000024   Code   RO          919    i.osMemSystemInit   los_memory.o
    0x00001564   0x0000005c   Code   RO          631    i.osMuxInit         los_mux.o
    0x000015c0   0x0000004c   Code   RO            6    i.osPriqueueInit    los_priqueue.o
    0x0000160c   0x00000074   Code   RO          703    i.osQueueCreate     los_queue.o
    0x00001680   0x00000038   Code   RO          704    i.osQueueInit       los_queue.o
    0x000016b8   0x00000082   Code   RO          707    i.osQueuePend       los_queue.o
    0x0000173a   0x00000060   Code   RO          708    i.osQueueWakeUp     los_queue.o
    0x0000179a   0x00000002   PAD
    0x0000179c   0x0000001c   Code   RO         1235    i.osRegister        los_config.o
    0x000017b8   0x00000008   Code   RO         1109    i.osSchedule        los_hw.o
    0x000017c0   0x00000058   Code   RO          810    i.osSemInit         los_sem.o
    0x00001818   0x000000b0   Code   RO          117    i.osSwTmrInit       los_swtmr.o
    0x000018c8   0x00000068   Code   RO          118    i.osSwTmrStart      los_swtmr.o
    0x00001930   0x00000050   Code   RO          119    i.osSwTmrTask       los_swtmr.o
    0x00001980   0x00000048   Code   RO          120    i.osSwTmrTaskCreate  los_swtmr.o
    0x000019c8   0x00000098   Code   RO          121    i.osSwTmrTimeoutHandle  los_swtmr.o
    0x00001a60   0x00000014   Code   RO          122    i.osSwtmrDelete     los_swtmr.o
    0x00001a74   0x00000028   Code   RO          123    i.osSwtmrScan       los_swtmr.o
    0x00001a9c   0x000000c8   Code   RO          340    i.osTaskAdd2TimerList  los_task.o
    0x00001b64   0x000000a0   Code   RO          341    i.osTaskEntry       los_task.o
    0x00001c04   0x00000008   Code   RO         1110    i.osTaskExit        los_hw.o
    0x00001c0c   0x00000114   Code   RO          342    i.osTaskInit        los_task.o
    0x00001d20   0x00000038   Code   RO         1029    i.osTaskMemUsedDec  los_memstat.o
    0x00001d58   0x00000044   Code   RO         1030    i.osTaskMemUsedInc  los_memstat.o
    0x00001d9c   0x000000ec   Code   RO          344    i.osTaskScan        los_task.o
    0x00001e88   0x000000f8   Code   RO          345    i.osTaskSelfDelete  los_task.o
    0x00001f80   0x00000028   Code   RO          522    i.osTickHandler     los_tick.o
    0x00001fa8   0x00000040   Code   RO         1629    i.osTickStart       los_bsp_adapter.o
    0x00001fe8   0x00000044   Code   RO          346    i.osTimerListDelete  los_task.o
    0x0000202c   0x0000004c   Code   RO          550    i.osTimesliceCheck  los_timeslice.o
    0x00002078   0x00000010   Code   RO          551    i.osTimesliceInit   los_timeslice.o
    0x00002088   0x000000a4   Code   RO         1111    i.osTskStackInit    los_hw.o
    0x0000212c   0x00000020   Data   RO         2561    Region$$Table       anon$$obj.o


    Execution Region RW_IRAM1 (Base: 0x10000000, Size: 0x00001cf8, Max: 0x00002000, ABSOLUTE)

    Base Addr    Size         Type   Attr      Idx    E Section Name        Object

    0x10000000   0x00000004   Data   RW            7    .data               los_priqueue.o
    0x10000004   0x00000010   Data   RW          126    .data               los_swtmr.o
    0x10000014   0x00000044   Data   RW          347    .data               los_task.o
    0x10000058   0x00000010   Data   RW          523    .data               los_tick.o
    0x10000068   0x00000008   Data   RW          552    .data               los_timeslice.o
    0x10000070   0x0000000c   Data   RW          632    .data               los_mux.o
    0x1000007c   0x00000004   Data   RW          709    .data               los_queue.o
    0x10000080   0x0000000c   Data   RW          811    .data               los_sem.o
    0x1000008c   0x00000004   Data   RW         1141    .data               los_hw_tick.o
    0x10000090   0x00000004   Data   RW         1173    .data               los_hwi.o
    0x10000094   0x00000008   Data   RW         1236    .data               los_config.o
    0x1000009c   0x00000004   Data   RW         1631    .data               los_bsp_adapter.o
    0x100000a0   0x00000004   Data   RW         2188    .data               main.o
    0x100000a4   0x00000040   Zero   RW          125    .bss                los_swtmr.o
    0x100000e4   0x00001800   Zero   RW          920    .bss                los_memory.o
    0x100018e4   0x00000014   Zero   RW         1031    .bss                los_memstat.o
    0x100018f8   0x00000400   Zero   RW         2180    STACK               los_startup_keil.o


==============================================================================

Image component sizes


      Code (inc. data)   RO Data    RW Data    ZI Data      Debug   Object Name

        88         14          0          4          0       2013   los_bsp_adapter.o
         2          0          0          0          0        465   los_bsp_key.o
         4          0          0          0          0       1009   los_bsp_led.o
         4          0          0          0          0        996   los_bsp_uart.o
       192         14          0          8          0       3672   los_config.o
       228         30          0          0          0        780   los_dispatch_keil.o
       248         72          0          0          0       2782   los_hw.o
        68         10          0          4          0       1353   los_hw_tick.o
         0          0          0          4          0       3478   los_hwi.o
       354         10          0          0          0       3880   los_membox.o
      1274         16          0          0       6144      15244   los_memory.o
       124         26          0          0         20       1969   los_memstat.o
        28          0          0          0          0        584   los_misc.o
       500         10          0          0          0       5036   los_multipledlinkhead.o
       128         18          0         12          0       5752   los_mux.o
       240         24          0          4          0       8478   los_priqueue.o
      1206         80          0          4          0      17909   los_queue.o
       352         30          0         12          0       5258   los_sem.o
        72         68          0          0       1024        320   los_startup_keil.o
       644         90          0         16         64      17227   los_swtmr.o
      2260        188          0         68          0      24151   los_task.o
        40          6          0         16          0        857   los_tick.o
        92         16          0          8          0       1269   los_timeslice.o
       168         36          0          4          0       1831   main.o

    ----------------------------------------------------------------------
      8326        758         32        164       7252     126313   Object Totals
         0          0         32          0          0          0   (incl. Generated)
        10          0          0          0          0          0   (incl. Padding)

    ----------------------------------------------------------------------

      Code (inc. data)   RO Data    RW Data    ZI Data      Debug   Library Member Name

         0          0          0          0          0          0   entry.o
         0          0          0          0          0          0   entry10a.o
         0          0          0          0          0          0   entry11a.o
         8          4          0          0          0          0   entry2.o
         4          0          0          0          0          0   entry5.o
         0          0          0          0          0          0   entry7b.o
         0          0          0          0          0          0   entry8b.o
         8          4          0          0          0          0   entry9a.o
        30          0          0          0          0          0   handlers.o
        36          8          0          0          0         68   init.o
        36          0          0          0          0        100   memseta.o
        44          0          0          0          0         72   uidiv.o

    ----------------------------------------------------------------------
       166         16          0          0          0        240   Library Totals
         0          0          0          0          0          0   (incl. Padding)

    ----------------------------------------------------------------------

      Code (inc. data)   RO Data    RW Data    ZI Data      Debug   Library Name

       166         16          0          0          0        240   mc_p.l

    ----------------------------------------------------------------------
       166         16          0          0          0        240   Library Totals

    ----------------------------------------------------------------------

==============================================================================


      Code (inc. data)   RO Data    RW Data    ZI Data      Debug   

      8492        774         32        164       7252     122489   Grand Totals
      8492        774         32        164       7252     122489   ELF Image Totals
      8492        774         32        164          0          0   ROM Totals

==============================================================================

    Total RO  Size (Code + RO Data)                 8524 (   8.32kB)
    Total RW  Size (RW Data + ZI Data)              7416 (   7.24kB)
    Total ROM Size (Code + RO Data + RW Data)       8688 (   8.48kB)

==============================================================================

