###############################################################################
#
# IAR ELF Linker V7.40.3.8902/W32 for ARM                 19/Apr/2017  23:15:26
# Copyright 2007-2015 IAR Systems AB.
#
#    Output file  =  
#        F:\Work\Software\LiteOS\Port_EFM32HG\PortingContest_HAPPYGECKO-STARTER-KIT(SLSTK3400A)_ianhom_1\projects\HAPPYGECKO-STARTER-KIT(SLSTK3400A)_IAR\Debug\Exe\HuawerLiteOS.out
#    Map file     =  
#        F:\Work\Software\LiteOS\Port_EFM32HG\PortingContest_HAPPYGECKO-STARTER-KIT(SLSTK3400A)_ianhom_1\projects\HAPPYGECKO-STARTER-KIT(SLSTK3400A)_IAR\Debug\List\HuawerLiteOS.map
#    Command line =  
#        "F:\Work\Software\LiteOS\Port_EFM32HG\PortingContest_HAPPYGECKO-STARTER-KIT(SLSTK3400A)_ianhom_1\projects\HAPPYGECKO-STARTER-KIT(SLSTK3400A)_IAR\Debug\Obj\bsp_bcc.o"
#        "F:\Work\Software\LiteOS\Port_EFM32HG\PortingContest_HAPPYGECKO-STARTER-KIT(SLSTK3400A)_ianhom_1\projects\HAPPYGECKO-STARTER-KIT(SLSTK3400A)_IAR\Debug\Obj\bsp_stk.o"
#        "F:\Work\Software\LiteOS\Port_EFM32HG\PortingContest_HAPPYGECKO-STARTER-KIT(SLSTK3400A)_ianhom_1\projects\HAPPYGECKO-STARTER-KIT(SLSTK3400A)_IAR\Debug\Obj\bsp_stk_leds.o"
#        "F:\Work\Software\LiteOS\Port_EFM32HG\PortingContest_HAPPYGECKO-STARTER-KIT(SLSTK3400A)_ianhom_1\projects\HAPPYGECKO-STARTER-KIT(SLSTK3400A)_IAR\Debug\Obj\bsp_trace.o"
#        "F:\Work\Software\LiteOS\Port_EFM32HG\PortingContest_HAPPYGECKO-STARTER-KIT(SLSTK3400A)_ianhom_1\projects\HAPPYGECKO-STARTER-KIT(SLSTK3400A)_IAR\Debug\Obj\cmsis_liteos.o"
#        "F:\Work\Software\LiteOS\Port_EFM32HG\PortingContest_HAPPYGECKO-STARTER-KIT(SLSTK3400A)_ianhom_1\projects\HAPPYGECKO-STARTER-KIT(SLSTK3400A)_IAR\Debug\Obj\comm_routines.o"
#        "F:\Work\Software\LiteOS\Port_EFM32HG\PortingContest_HAPPYGECKO-STARTER-KIT(SLSTK3400A)_ianhom_1\projects\HAPPYGECKO-STARTER-KIT(SLSTK3400A)_IAR\Debug\Obj\cslib_config.o"
#        "F:\Work\Software\LiteOS\Port_EFM32HG\PortingContest_HAPPYGECKO-STARTER-KIT(SLSTK3400A)_ianhom_1\projects\HAPPYGECKO-STARTER-KIT(SLSTK3400A)_IAR\Debug\Obj\device_init.o"
#        "F:\Work\Software\LiteOS\Port_EFM32HG\PortingContest_HAPPYGECKO-STARTER-KIT(SLSTK3400A)_ianhom_1\projects\HAPPYGECKO-STARTER-KIT(SLSTK3400A)_IAR\Debug\Obj\em_acmp.o"
#        "F:\Work\Software\LiteOS\Port_EFM32HG\PortingContest_HAPPYGECKO-STARTER-KIT(SLSTK3400A)_ianhom_1\projects\HAPPYGECKO-STARTER-KIT(SLSTK3400A)_IAR\Debug\Obj\em_assert.o"
#        "F:\Work\Software\LiteOS\Port_EFM32HG\PortingContest_HAPPYGECKO-STARTER-KIT(SLSTK3400A)_ianhom_1\projects\HAPPYGECKO-STARTER-KIT(SLSTK3400A)_IAR\Debug\Obj\em_cmu.o"
#        "F:\Work\Software\LiteOS\Port_EFM32HG\PortingContest_HAPPYGECKO-STARTER-KIT(SLSTK3400A)_ianhom_1\projects\HAPPYGECKO-STARTER-KIT(SLSTK3400A)_IAR\Debug\Obj\em_core.o"
#        "F:\Work\Software\LiteOS\Port_EFM32HG\PortingContest_HAPPYGECKO-STARTER-KIT(SLSTK3400A)_ianhom_1\projects\HAPPYGECKO-STARTER-KIT(SLSTK3400A)_IAR\Debug\Obj\em_ebi.o"
#        "F:\Work\Software\LiteOS\Port_EFM32HG\PortingContest_HAPPYGECKO-STARTER-KIT(SLSTK3400A)_ianhom_1\projects\HAPPYGECKO-STARTER-KIT(SLSTK3400A)_IAR\Debug\Obj\em_emu.o"
#        "F:\Work\Software\LiteOS\Port_EFM32HG\PortingContest_HAPPYGECKO-STARTER-KIT(SLSTK3400A)_ianhom_1\projects\HAPPYGECKO-STARTER-KIT(SLSTK3400A)_IAR\Debug\Obj\em_gpio.o"
#        "F:\Work\Software\LiteOS\Port_EFM32HG\PortingContest_HAPPYGECKO-STARTER-KIT(SLSTK3400A)_ianhom_1\projects\HAPPYGECKO-STARTER-KIT(SLSTK3400A)_IAR\Debug\Obj\em_leuart.o"
#        "F:\Work\Software\LiteOS\Port_EFM32HG\PortingContest_HAPPYGECKO-STARTER-KIT(SLSTK3400A)_ianhom_1\projects\HAPPYGECKO-STARTER-KIT(SLSTK3400A)_IAR\Debug\Obj\em_rtc.o"
#        "F:\Work\Software\LiteOS\Port_EFM32HG\PortingContest_HAPPYGECKO-STARTER-KIT(SLSTK3400A)_ianhom_1\projects\HAPPYGECKO-STARTER-KIT(SLSTK3400A)_IAR\Debug\Obj\em_system.o"
#        "F:\Work\Software\LiteOS\Port_EFM32HG\PortingContest_HAPPYGECKO-STARTER-KIT(SLSTK3400A)_ianhom_1\projects\HAPPYGECKO-STARTER-KIT(SLSTK3400A)_IAR\Debug\Obj\em_usart.o"
#        "F:\Work\Software\LiteOS\Port_EFM32HG\PortingContest_HAPPYGECKO-STARTER-KIT(SLSTK3400A)_ianhom_1\projects\HAPPYGECKO-STARTER-KIT(SLSTK3400A)_IAR\Debug\Obj\hardware_config.o"
#        "F:\Work\Software\LiteOS\Port_EFM32HG\PortingContest_HAPPYGECKO-STARTER-KIT(SLSTK3400A)_ianhom_1\projects\HAPPYGECKO-STARTER-KIT(SLSTK3400A)_IAR\Debug\Obj\hardware_routines.o"
#        "F:\Work\Software\LiteOS\Port_EFM32HG\PortingContest_HAPPYGECKO-STARTER-KIT(SLSTK3400A)_ianhom_1\projects\HAPPYGECKO-STARTER-KIT(SLSTK3400A)_IAR\Debug\Obj\los_api_dynamic_mem.o"
#        "F:\Work\Software\LiteOS\Port_EFM32HG\PortingContest_HAPPYGECKO-STARTER-KIT(SLSTK3400A)_ianhom_1\projects\HAPPYGECKO-STARTER-KIT(SLSTK3400A)_IAR\Debug\Obj\los_api_event.o"
#        "F:\Work\Software\LiteOS\Port_EFM32HG\PortingContest_HAPPYGECKO-STARTER-KIT(SLSTK3400A)_ianhom_1\projects\HAPPYGECKO-STARTER-KIT(SLSTK3400A)_IAR\Debug\Obj\los_api_interrupt.o"
#        "F:\Work\Software\LiteOS\Port_EFM32HG\PortingContest_HAPPYGECKO-STARTER-KIT(SLSTK3400A)_ianhom_1\projects\HAPPYGECKO-STARTER-KIT(SLSTK3400A)_IAR\Debug\Obj\los_api_list.o"
#        "F:\Work\Software\LiteOS\Port_EFM32HG\PortingContest_HAPPYGECKO-STARTER-KIT(SLSTK3400A)_ianhom_1\projects\HAPPYGECKO-STARTER-KIT(SLSTK3400A)_IAR\Debug\Obj\los_api_msgqueue.o"
#        "F:\Work\Software\LiteOS\Port_EFM32HG\PortingContest_HAPPYGECKO-STARTER-KIT(SLSTK3400A)_ianhom_1\projects\HAPPYGECKO-STARTER-KIT(SLSTK3400A)_IAR\Debug\Obj\los_api_mutex.o"
#        "F:\Work\Software\LiteOS\Port_EFM32HG\PortingContest_HAPPYGECKO-STARTER-KIT(SLSTK3400A)_ianhom_1\projects\HAPPYGECKO-STARTER-KIT(SLSTK3400A)_IAR\Debug\Obj\los_api_sem.o"
#        "F:\Work\Software\LiteOS\Port_EFM32HG\PortingContest_HAPPYGECKO-STARTER-KIT(SLSTK3400A)_ianhom_1\projects\HAPPYGECKO-STARTER-KIT(SLSTK3400A)_IAR\Debug\Obj\los_api_static_mem.o"
#        "F:\Work\Software\LiteOS\Port_EFM32HG\PortingContest_HAPPYGECKO-STARTER-KIT(SLSTK3400A)_ianhom_1\projects\HAPPYGECKO-STARTER-KIT(SLSTK3400A)_IAR\Debug\Obj\los_api_systick.o"
#        "F:\Work\Software\LiteOS\Port_EFM32HG\PortingContest_HAPPYGECKO-STARTER-KIT(SLSTK3400A)_ianhom_1\projects\HAPPYGECKO-STARTER-KIT(SLSTK3400A)_IAR\Debug\Obj\los_api_task.o"
#        "F:\Work\Software\LiteOS\Port_EFM32HG\PortingContest_HAPPYGECKO-STARTER-KIT(SLSTK3400A)_ianhom_1\projects\HAPPYGECKO-STARTER-KIT(SLSTK3400A)_IAR\Debug\Obj\los_api_timer.o"
#        "F:\Work\Software\LiteOS\Port_EFM32HG\PortingContest_HAPPYGECKO-STARTER-KIT(SLSTK3400A)_ianhom_1\projects\HAPPYGECKO-STARTER-KIT(SLSTK3400A)_IAR\Debug\Obj\los_bsp_adapter.o"
#        "F:\Work\Software\LiteOS\Port_EFM32HG\PortingContest_HAPPYGECKO-STARTER-KIT(SLSTK3400A)_ianhom_1\projects\HAPPYGECKO-STARTER-KIT(SLSTK3400A)_IAR\Debug\Obj\los_bsp_key.o"
#        "F:\Work\Software\LiteOS\Port_EFM32HG\PortingContest_HAPPYGECKO-STARTER-KIT(SLSTK3400A)_ianhom_1\projects\HAPPYGECKO-STARTER-KIT(SLSTK3400A)_IAR\Debug\Obj\los_bsp_led.o"
#        "F:\Work\Software\LiteOS\Port_EFM32HG\PortingContest_HAPPYGECKO-STARTER-KIT(SLSTK3400A)_ianhom_1\projects\HAPPYGECKO-STARTER-KIT(SLSTK3400A)_IAR\Debug\Obj\los_bsp_uart.o"
#        "F:\Work\Software\LiteOS\Port_EFM32HG\PortingContest_HAPPYGECKO-STARTER-KIT(SLSTK3400A)_ianhom_1\projects\HAPPYGECKO-STARTER-KIT(SLSTK3400A)_IAR\Debug\Obj\los_cmsis_main.o"
#        "F:\Work\Software\LiteOS\Port_EFM32HG\PortingContest_HAPPYGECKO-STARTER-KIT(SLSTK3400A)_ianhom_1\projects\HAPPYGECKO-STARTER-KIT(SLSTK3400A)_IAR\Debug\Obj\los_config.o"
#        "F:\Work\Software\LiteOS\Port_EFM32HG\PortingContest_HAPPYGECKO-STARTER-KIT(SLSTK3400A)_ianhom_1\projects\HAPPYGECKO-STARTER-KIT(SLSTK3400A)_IAR\Debug\Obj\los_demo_entry.o"
#        "F:\Work\Software\LiteOS\Port_EFM32HG\PortingContest_HAPPYGECKO-STARTER-KIT(SLSTK3400A)_ianhom_1\projects\HAPPYGECKO-STARTER-KIT(SLSTK3400A)_IAR\Debug\Obj\los_dispatch_iar.o"
#        "F:\Work\Software\LiteOS\Port_EFM32HG\PortingContest_HAPPYGECKO-STARTER-KIT(SLSTK3400A)_ianhom_1\projects\HAPPYGECKO-STARTER-KIT(SLSTK3400A)_IAR\Debug\Obj\los_event.o"
#        "F:\Work\Software\LiteOS\Port_EFM32HG\PortingContest_HAPPYGECKO-STARTER-KIT(SLSTK3400A)_ianhom_1\projects\HAPPYGECKO-STARTER-KIT(SLSTK3400A)_IAR\Debug\Obj\los_hw.o"
#        "F:\Work\Software\LiteOS\Port_EFM32HG\PortingContest_HAPPYGECKO-STARTER-KIT(SLSTK3400A)_ianhom_1\projects\HAPPYGECKO-STARTER-KIT(SLSTK3400A)_IAR\Debug\Obj\los_hw_tick.o"
#        "F:\Work\Software\LiteOS\Port_EFM32HG\PortingContest_HAPPYGECKO-STARTER-KIT(SLSTK3400A)_ianhom_1\projects\HAPPYGECKO-STARTER-KIT(SLSTK3400A)_IAR\Debug\Obj\los_hwi.o"
#        "F:\Work\Software\LiteOS\Port_EFM32HG\PortingContest_HAPPYGECKO-STARTER-KIT(SLSTK3400A)_ianhom_1\projects\HAPPYGECKO-STARTER-KIT(SLSTK3400A)_IAR\Debug\Obj\los_inspect_entry.o"
#        "F:\Work\Software\LiteOS\Port_EFM32HG\PortingContest_HAPPYGECKO-STARTER-KIT(SLSTK3400A)_ianhom_1\projects\HAPPYGECKO-STARTER-KIT(SLSTK3400A)_IAR\Debug\Obj\los_membox.o"
#        "F:\Work\Software\LiteOS\Port_EFM32HG\PortingContest_HAPPYGECKO-STARTER-KIT(SLSTK3400A)_ianhom_1\projects\HAPPYGECKO-STARTER-KIT(SLSTK3400A)_IAR\Debug\Obj\los_memory.o"
#        "F:\Work\Software\LiteOS\Port_EFM32HG\PortingContest_HAPPYGECKO-STARTER-KIT(SLSTK3400A)_ianhom_1\projects\HAPPYGECKO-STARTER-KIT(SLSTK3400A)_IAR\Debug\Obj\los_memstat.o"
#        "F:\Work\Software\LiteOS\Port_EFM32HG\PortingContest_HAPPYGECKO-STARTER-KIT(SLSTK3400A)_ianhom_1\projects\HAPPYGECKO-STARTER-KIT(SLSTK3400A)_IAR\Debug\Obj\los_misc.o"
#        "F:\Work\Software\LiteOS\Port_EFM32HG\PortingContest_HAPPYGECKO-STARTER-KIT(SLSTK3400A)_ianhom_1\projects\HAPPYGECKO-STARTER-KIT(SLSTK3400A)_IAR\Debug\Obj\los_multipledlinkhead.o"
#        "F:\Work\Software\LiteOS\Port_EFM32HG\PortingContest_HAPPYGECKO-STARTER-KIT(SLSTK3400A)_ianhom_1\projects\HAPPYGECKO-STARTER-KIT(SLSTK3400A)_IAR\Debug\Obj\los_mux.o"
#        "F:\Work\Software\LiteOS\Port_EFM32HG\PortingContest_HAPPYGECKO-STARTER-KIT(SLSTK3400A)_ianhom_1\projects\HAPPYGECKO-STARTER-KIT(SLSTK3400A)_IAR\Debug\Obj\los_priqueue.o"
#        "F:\Work\Software\LiteOS\Port_EFM32HG\PortingContest_HAPPYGECKO-STARTER-KIT(SLSTK3400A)_ianhom_1\projects\HAPPYGECKO-STARTER-KIT(SLSTK3400A)_IAR\Debug\Obj\los_queue.o"
#        "F:\Work\Software\LiteOS\Port_EFM32HG\PortingContest_HAPPYGECKO-STARTER-KIT(SLSTK3400A)_ianhom_1\projects\HAPPYGECKO-STARTER-KIT(SLSTK3400A)_IAR\Debug\Obj\los_sem.o"
#        "F:\Work\Software\LiteOS\Port_EFM32HG\PortingContest_HAPPYGECKO-STARTER-KIT(SLSTK3400A)_ianhom_1\projects\HAPPYGECKO-STARTER-KIT(SLSTK3400A)_IAR\Debug\Obj\los_startup_iar.o"
#        "F:\Work\Software\LiteOS\Port_EFM32HG\PortingContest_HAPPYGECKO-STARTER-KIT(SLSTK3400A)_ianhom_1\projects\HAPPYGECKO-STARTER-KIT(SLSTK3400A)_IAR\Debug\Obj\los_swtmr.o"
#        "F:\Work\Software\LiteOS\Port_EFM32HG\PortingContest_HAPPYGECKO-STARTER-KIT(SLSTK3400A)_ianhom_1\projects\HAPPYGECKO-STARTER-KIT(SLSTK3400A)_IAR\Debug\Obj\los_sys.o"
#        "F:\Work\Software\LiteOS\Port_EFM32HG\PortingContest_HAPPYGECKO-STARTER-KIT(SLSTK3400A)_ianhom_1\projects\HAPPYGECKO-STARTER-KIT(SLSTK3400A)_IAR\Debug\Obj\los_task.o"
#        "F:\Work\Software\LiteOS\Port_EFM32HG\PortingContest_HAPPYGECKO-STARTER-KIT(SLSTK3400A)_ianhom_1\projects\HAPPYGECKO-STARTER-KIT(SLSTK3400A)_IAR\Debug\Obj\los_tick.o"
#        "F:\Work\Software\LiteOS\Port_EFM32HG\PortingContest_HAPPYGECKO-STARTER-KIT(SLSTK3400A)_ianhom_1\projects\HAPPYGECKO-STARTER-KIT(SLSTK3400A)_IAR\Debug\Obj\los_timeslice.o"
#        "F:\Work\Software\LiteOS\Port_EFM32HG\PortingContest_HAPPYGECKO-STARTER-KIT(SLSTK3400A)_ianhom_1\projects\HAPPYGECKO-STARTER-KIT(SLSTK3400A)_IAR\Debug\Obj\low_power_config.o"
#        "F:\Work\Software\LiteOS\Port_EFM32HG\PortingContest_HAPPYGECKO-STARTER-KIT(SLSTK3400A)_ianhom_1\projects\HAPPYGECKO-STARTER-KIT(SLSTK3400A)_IAR\Debug\Obj\main.o"
#        "F:\Work\Software\LiteOS\Port_EFM32HG\PortingContest_HAPPYGECKO-STARTER-KIT(SLSTK3400A)_ianhom_1\projects\HAPPYGECKO-STARTER-KIT(SLSTK3400A)_IAR\Debug\Obj\profiler_interface.o"
#        "F:\Work\Software\LiteOS\Port_EFM32HG\PortingContest_HAPPYGECKO-STARTER-KIT(SLSTK3400A)_ianhom_1\projects\HAPPYGECKO-STARTER-KIT(SLSTK3400A)_IAR\Debug\Obj\retargetio.o"
#        "F:\Work\Software\LiteOS\Port_EFM32HG\PortingContest_HAPPYGECKO-STARTER-KIT(SLSTK3400A)_ianhom_1\projects\HAPPYGECKO-STARTER-KIT(SLSTK3400A)_IAR\Debug\Obj\retargetvirtual.o"
#        "F:\Work\Software\LiteOS\Port_EFM32HG\PortingContest_HAPPYGECKO-STARTER-KIT(SLSTK3400A)_ianhom_1\projects\HAPPYGECKO-STARTER-KIT(SLSTK3400A)_IAR\Debug\Obj\sensor_descriptors.o"
#        "F:\Work\Software\LiteOS\Port_EFM32HG\PortingContest_HAPPYGECKO-STARTER-KIT(SLSTK3400A)_ianhom_1\projects\HAPPYGECKO-STARTER-KIT(SLSTK3400A)_IAR\Debug\Obj\system_efm32hg.o"
#        -o
#        "F:\Work\Software\LiteOS\Port_EFM32HG\PortingContest_HAPPYGECKO-STARTER-KIT(SLSTK3400A)_ianhom_1\projects\HAPPYGECKO-STARTER-KIT(SLSTK3400A)_IAR\Debug\Exe\HuawerLiteOS.out"
#        --map
#        "F:\Work\Software\LiteOS\Port_EFM32HG\PortingContest_HAPPYGECKO-STARTER-KIT(SLSTK3400A)_ianhom_1\projects\HAPPYGECKO-STARTER-KIT(SLSTK3400A)_IAR\Debug\List\HuawerLiteOS.map"
#        --config "C:\Program Files (x86)\IAR Systems\Embedded Workbench
#        7.2\arm\config\linker\SiliconLaboratories\EFM32HG322F64.icf"
#        --semihosting
#        "F:\Work\Software\LiteOS\Port_EFM32HG\PortingContest_HAPPYGECKO-STARTER-KIT(SLSTK3400A)_ianhom_1\projects\HAPPYGECKO-STARTER-KIT(SLSTK3400A)_IAR\..\..\platform\HAPPYGECKO-STARTER-KIT(SLSTK3400A)\Library\libCSLIB_M0_IAR.a"
#        --entry __iar_program_start --vfe
#
###############################################################################

*******************************************************************************
*** RUNTIME MODEL ATTRIBUTES
***

CppFlavor       = *
__Heap_Handler  = Basic
__SystemLibrary = DLib


*******************************************************************************
*** PLACEMENT SUMMARY
***

"A1":  place at 0x00000000 { ro section .intvec };
"P1":  place in [from 0x00000000 to 0x0000ffff] { ro };
"P2":  place in [from 0x20000000 to 0x20001fff] { rw, block CSTACK, block HEAP };

  Section            Kind        Address    Size  Object
  -------            ----        -------    ----  ------
"A1":                                       0x94
  .intvec            ro code  0x00000000    0x94  los_startup_iar.o [1]
                            - 0x00000094    0x94

"P1":                                     0x7f40
  .text              ro code  0x00000094   0xebe  xprintffull_nomb.o [3]
  .text              ro code  0x00000f52    0x14  strchr.o [6]
  .text              ro code  0x00000f66    0x10  strlen.o [6]
  .text              ro code  0x00000f76    0x18  memchr.o [6]
  .text              ro code  0x00000f8e    0x6a  I64DivMod.o [6]
  .text              ro code  0x00000ff8    0x5c  ABImemcpy.o [6]
  .text              ro code  0x00001054    0x44  xdnorm.o [5]
  .text              ro code  0x00001098    0x32  DblCmpLe.o [5]
  .text              ro code  0x000010ca    0x32  DblCmpGe.o [5]
  .text              ro code  0x000010fc   0x11c  xdscale.o [5]
  .text              ro code  0x00001218    0x52  DblToI32.o [5]
  .rodata            const    0x0000126a     0x2  hardware_config.o [1]
  .text              ro code  0x0000126c    0x34  I32ToDbl.o [5]
  .text              ro code  0x000012a0   0x1a8  DblAddSub.o [5]
  .text              ro code  0x00001448    0xe0  I32DivModFast.o [6]
  .text              ro code  0x00001528   0x184  DblMul.o [5]
  .text              ro code  0x000016ac    0xc2  DblDiv.o [5]
  .text              ro code  0x0000176e    0x20  div.o [3]
  .rodata            const    0x0000178e     0x2  hardware_config.o [1]
  .text              ro code  0x00001790     0x2  I64DivZer.o [6]
  .rodata            const    0x00001792     0x2  hardware_config.o [1]
  .text              ro code  0x00001794     0x2  IntDivZer.o [6]
  .text              ro code  0x00001796     0x2  los_startup_iar.o [1]
  .text              ro code  0x00001798   0xb10  los_task.o [1]
  .text              ro code  0x000022a8   0x100  los_priqueue.o [1]
  .text              ro code  0x000023a8    0xfc  los_hw.o [1]
  .text              ro code  0x000024a4   0x470  los_memory.o [1]
  .text              ro code  0x00002914    0x54  ABImemset.o [6]
  .text              ro code  0x00002968    0xdc  los_dispatch_iar.o [1]
  .text              ro code  0x00002a44   0x31c  los_sem.o [1]
  .text              ro code  0x00002d60    0x1a  los_misc.o [1]
  .text              ro code  0x00002d7a     0x2  los_startup_iar.o [1]
  .text              ro code  0x00002d7c   0x192  los_multipledlinkhead.o [1]
  .text              ro code  0x00002f0e     0x2  los_startup_iar.o [1]
  .text              ro code  0x00002f10    0x64  los_memstat.o [1]
  .text              ro code  0x00002f74   0x988  em_cmu.o [1]
  .text              ro code  0x000038fc     0x4  em_assert.o [1]
  .text              ro code  0x00003900    0xfc  system_efm32hg.o [1]
  .text              ro code  0x000039fc    0x14  em_emu.o [1]
  .text              ro code  0x00003a10   0x520  los_queue.o [1]
  .text              ro code  0x00003f30   0x47c  los_swtmr.o [1]
  .text              ro code  0x000043ac   0x152  los_membox.o [1]
  .text              ro code  0x000044fe     0x2  los_startup_iar.o [1]
  .text              ro code  0x00004500   0x3a4  los_mux.o [1]
  .text              ro code  0x000048a4   0x308  los_event.o [1]
  .text              ro code  0x00004bac   0x224  los_inspect_entry.o [1]
  .text              ro code  0x00004dd0    0x24  printf.o [3]
  .text              ro code  0x00004df4    0xdc  los_bsp_key.o [1]
  .text              ro code  0x00004ed0    0x44  los_bsp_led.o [1]
  .text              ro code  0x00004f14   0x1fc  em_gpio.o [1]
  .text              ro code  0x00005110   0x188  bsp_stk_leds.o [1]
  .text              ro code  0x00005298   0x218  em_usart.o [1]
  .text              ro code  0x000054b0   0x1f4  hardware_routines.o [1]
  .text              ro code  0x000056a4    0x98  em_acmp.o [1]
  .text              ro code  0x0000573c     0xa  low_power_config.o [1]
  .text              ro code  0x00005746     0x2  los_startup_iar.o [1]
  .text              ro code  0x00005748    0xa8  em_rtc.o [1]
  .text              ro code  0x000057f0   0x1b8  los_api_task.o [1]
  .text              ro code  0x000059a8   0x1b0  los_api_sem.o [1]
  .text              ro code  0x00005b58   0x1a8  los_api_mutex.o [1]
  .text              ro code  0x00005d00   0x1a8  retargetvirtual.o [1]
  .text              ro code  0x00005ea8   0x168  los_api_msgqueue.o [1]
  .text              ro code  0x00006010   0x140  los_bsp_adapter.o [1]
  .text              ro code  0x00006150    0x3c  los_hw_tick.o [1]
  .text              ro code  0x0000618c    0x3c  los_hwi.o [1]
  .text              ro code  0x000061c8     0xe  los_bsp_uart.o [1]
  .text              ro code  0x000061d6     0x2  los_startup_iar.o [1]
  .text              ro code  0x000061d8    0x24  los_tick.o [1]
  .text              ro code  0x000061fc    0x5c  los_timeslice.o [1]
  .text              ro code  0x00006258   0x134  los_api_list.o [1]
  .text              ro code  0x0000638c    0x88  xxmemxfree.o [3]
  .text              ro code  0x00006414   0x120  los_api_timer.o [1]
  .text              ro code  0x00006534    0x14  los_sys.o [1]
  .text              ro code  0x00006548   0x118  los_api_event.o [1]
  .rodata            const    0x00006660    0xd4  los_bsp_key.o [1]
  .text              ro code  0x00006734    0xb0  los_api_static_mem.o [1]
  .text              ro code  0x000067e4    0xa8  los_api_dynamic_mem.o [1]
  .rodata            const    0x0000688c    0xa0  bsp_stk_leds.o [1]
  .rodata            const    0x0000692c    0xa0  em_acmp.o [1]
  .rodata            const    0x000069cc    0xa0  em_cmu.o [1]
  .rodata            const    0x00006a6c    0xa0  em_cmu.o [1]
  .rodata            const    0x00006b0c    0xa0  em_gpio.o [1]
  .rodata            const    0x00006bac    0xa0  em_gpio.o [1]
  .rodata            const    0x00006c4c    0xa0  em_rtc.o [1]
  .rodata            const    0x00006cec    0xa0  em_usart.o [1]
  .text              ro code  0x00006d8c    0x9a  los_config.o [1]
  .text              ro code  0x00006e26     0x2  los_startup_iar.o [1]
  .text              ro code  0x00006e28    0x7c  los_api_systick.o [1]
  .text              ro code  0x00006ea4    0x54  threshold_routines.o [4]
  .text              ro code  0x00006ef8    0x52  retargetio.o [1]
  .text              ro code  0x00006f4a     0x2  los_startup_iar.o [1]
  .text              ro code  0x00006f4c    0x48  device_init.o [1]
  .rodata            const    0x00006f94    0x44  los_api_sem.o [1]
  .text              ro code  0x00006fd8    0x44  master_algorithm_config.o [4]
  .text              ro code  0x0000701c    0x34  sensor_node_routines.o [4]
  .text              ro code  0x00007050     0x2  baseline_routines.o [4]
  .text              ro code  0x00007052     0x2  los_startup_iar.o [1]
  .text              ro code  0x00007054     0xc  data_shaping_routines.o [4]
  .text              ro code  0x00007060     0xc  noise_routines.o [4]
  .text              ro code  0x0000706c    0x1c  low_power_routines.o [4]
  .text              ro code  0x00007088    0x20  data_processing.o [4]
  .text              ro code  0x000070a8    0x3c  exponential_averaging.o [4]
  .rodata            const    0x000070e4    0x40  los_api_sem.o [1]
  .rodata            const    0x00007124    0x40  los_api_sem.o [1]
  .rodata            const    0x00007164    0x3c  los_api_sem.o [1]
  .text              ro code  0x000071a0    0x3c  zero_init3.o [6]
  .rodata            const    0x000071dc    0x38  los_api_sem.o [1]
  .rodata            const    0x00007214    0x34  los_api_mutex.o [1]
  .rodata            const    0x00007248    0x34  los_api_mutex.o [1]
  .rodata            const    0x0000727c    0x34  los_api_mutex.o [1]
  .rodata            const    0x000072b0    0x34  los_inspect_entry.o [1]
  .text              ro code  0x000072e4    0x34  main.o [1]
  .rodata            const    0x00007318    0x30  los_inspect_entry.o [1]
  .text              ro code  0x00007348    0x30  copy_init3.o [6]
  .rodata            const    0x00007378    0x2c  los_inspect_entry.o [1]
  .rodata            const    0x000073a4    0x2c  los_inspect_entry.o [1]
  .rodata            const    0x000073d0    0x28  los_api_event.o [1]
  .rodata            const    0x000073f8    0x28  los_api_mutex.o [1]
  .rodata            const    0x00007420    0x28  los_api_mutex.o [1]
  .rodata            const    0x00007448    0x28  los_api_mutex.o [1]
  .rodata            const    0x00007470    0x28  los_api_sem.o [1]
  .text              ro code  0x00007498    0x28  data_init.o [6]
  .rodata            const    0x000074c0    0x24  los_api_event.o [1]
  .rodata            const    0x000074e4    0x24  los_api_systick.o [1]
  .rodata            const    0x00007508    0x24  los_api_task.o [1]
  .rodata            const    0x0000752c    0x24  los_api_task.o [1]
  .rodata            const    0x00007550    0x24  los_api_task.o [1]
  .rodata            const    0x00007574    0x24  los_api_task.o [1]
  .text              ro code  0x00007598    0x24  putchar.o [3]
  .iar.init_table    const    0x000075bc    0x24  - Linker created -
  .rodata            const    0x000075e0    0x20  los_api_event.o [1]
  .rodata            const    0x00007600    0x20  los_api_event.o [1]
  .rodata            const    0x00007620    0x20  los_api_list.o [1]
  .rodata            const    0x00007640    0x20  los_api_msgqueue.o [1]
  .rodata            const    0x00007660    0x20  los_api_msgqueue.o [1]
  .rodata            const    0x00007680    0x20  los_api_msgqueue.o [1]
  .rodata            const    0x000076a0    0x20  los_api_msgqueue.o [1]
  .rodata            const    0x000076c0    0x20  los_api_msgqueue.o [1]
  .rodata            const    0x000076e0    0x20  los_api_mutex.o [1]
  .rodata            const    0x00007700    0x20  los_api_task.o [1]
  .rodata            const    0x00007720    0x20  los_api_task.o [1]
  .rodata            const    0x00007740    0x20  los_api_task.o [1]
  .rodata            const    0x00007760    0x1c  los_api_msgqueue.o [1]
  .rodata            const    0x0000777c    0x1c  los_api_msgqueue.o [1]
  .rodata            const    0x00007798    0x1c  los_api_mutex.o [1]
  .rodata            const    0x000077b4    0x1c  los_api_static_mem.o [1]
  .rodata            const    0x000077d0    0x1c  los_api_systick.o [1]
  .rodata            const    0x000077ec    0x1c  los_api_task.o [1]
  .rodata            const    0x00007808    0x1c  los_api_task.o [1]
  .rodata            const    0x00007824    0x1c  los_inspect_entry.o [1]
  .text              ro code  0x00007840    0x1a  cmain.o [6]
  .text              ro code  0x0000785a     0x4  low_level_init.o [3]
  .text              ro code  0x0000785e     0x8  exit.o [3]
  .text              ro code  0x00007866     0x2  los_startup_iar.o [1]
  .text              ro code  0x00007868     0xa  cexit.o [6]
  .text              ro code  0x00007872     0x2  los_startup_iar.o [1]
  .text              ro code  0x00007874    0x14  exit.o [7]
  .rodata            const    0x00007888    0x18  los_api_dynamic_mem.o [1]
  .rodata            const    0x000078a0    0x18  los_api_event.o [1]
  .rodata            const    0x000078b8    0x18  los_api_event.o [1]
  .rodata            const    0x000078d0    0x18  los_api_event.o [1]
  .rodata            const    0x000078e8    0x18  los_api_event.o [1]
  .rodata            const    0x00007900    0x18  los_api_list.o [1]
  .rodata            const    0x00007918    0x18  los_api_mutex.o [1]
  .rodata            const    0x00007930    0x18  los_api_mutex.o [1]
  .rodata            const    0x00007948    0x18  los_api_mutex.o [1]
  .rodata            const    0x00007960    0x18  los_api_mutex.o [1]
  .rodata            const    0x00007978    0x18  los_api_sem.o [1]
  .rodata            const    0x00007990    0x18  los_api_sem.o [1]
  .rodata            const    0x000079a8    0x18  los_api_sem.o [1]
  .rodata            const    0x000079c0    0x18  los_api_sem.o [1]
  .rodata            const    0x000079d8    0x18  los_api_static_mem.o [1]
  .rodata            const    0x000079f0    0x18  los_api_static_mem.o [1]
  .rodata            const    0x00007a08    0x18  los_api_static_mem.o [1]
  .rodata            const    0x00007a20    0x18  los_api_systick.o [1]
  .rodata            const    0x00007a38    0x18  los_api_task.o [1]
  .rodata            const    0x00007a50    0x18  los_api_task.o [1]
  .rodata            const    0x00007a68    0x18  los_api_task.o [1]
  .rodata            const    0x00007a80    0x18  los_api_task.o [1]
  .rodata            const    0x00007a98    0x18  los_api_task.o [1]
  .rodata            const    0x00007ab0    0x18  los_api_task.o [1]
  .rodata            const    0x00007ac8    0x18  los_api_task.o [1]
  .rodata            const    0x00007ae0    0x18  los_api_timer.o [1]
  .rodata            const    0x00007af8    0x18  los_api_timer.o [1]
  .rodata            const    0x00007b10    0x18  los_api_timer.o [1]
  .rodata            const    0x00007b28    0x18  los_inspect_entry.o [1]
  .rodata            const    0x00007b40    0x18  los_inspect_entry.o [1]
  .rodata            const    0x00007b58    0x18  los_inspect_entry.o [1]
  .rodata            const    0x00007b70    0x18  retargetvirtual.o [1]
  .rodata            const    0x00007b88    0x18  xprintffull_nomb.o [3]
  .text              ro code  0x00007ba0    0x16  xprout.o [3]
  .text              ro code  0x00007bb6     0x2  los_startup_iar.o [1]
  .rodata            const    0x00007bb8    0x14  hardware_routines.o [1]
  .rodata            const    0x00007bcc    0x14  los_api_dynamic_mem.o [1]
  .rodata            const    0x00007be0    0x14  los_api_dynamic_mem.o [1]
  .rodata            const    0x00007bf4    0x14  los_api_dynamic_mem.o [1]
  .rodata            const    0x00007c08    0x14  los_api_list.o [1]
  .rodata            const    0x00007c1c    0x14  los_api_list.o [1]
  .rodata            const    0x00007c30    0x14  los_api_list.o [1]
  .rodata            const    0x00007c44    0x14  los_api_list.o [1]
  .rodata            const    0x00007c58    0x14  los_api_msgqueue.o [1]
  .rodata            const    0x00007c6c    0x14  los_api_static_mem.o [1]
  .rodata            const    0x00007c80    0x14  los_api_static_mem.o [1]
  .rodata            const    0x00007c94    0x14  los_api_static_mem.o [1]
  .rodata            const    0x00007ca8    0x14  los_api_timer.o [1]
  .rodata            const    0x00007cbc    0x14  los_api_timer.o [1]
  .rodata            const    0x00007cd0    0x14  los_api_timer.o [1]
  .rodata            const    0x00007ce4    0x10  bsp_stk_leds.o [1]
  .rodata            const    0x00007cf4    0x10  los_api_dynamic_mem.o [1]
  .rodata            const    0x00007d04    0x10  los_api_dynamic_mem.o [1]
  .rodata            const    0x00007d14    0x10  los_api_dynamic_mem.o [1]
  .rodata            const    0x00007d24    0x10  los_api_event.o [1]
  .rodata            const    0x00007d34    0x10  los_api_list.o [1]
  .rodata            const    0x00007d44    0x10  los_api_list.o [1]
  .rodata            const    0x00007d54    0x10  los_api_static_mem.o [1]
  .rodata            const    0x00007d64    0x10  los_api_timer.o [1]
  .rodata            const    0x00007d74    0x10  los_api_timer.o [1]
  .rodata            const    0x00007d84    0x10  los_api_timer.o [1]
  .rodata            const    0x00007d94     0xc  los_api_event.o [1]
  .rodata            const    0x00007da0     0xc  los_api_msgqueue.o [1]
  .rodata            const    0x00007dac     0xc  los_api_mutex.o [1]
  .rodata            const    0x00007db8     0xc  los_api_mutex.o [1]
  .rodata            const    0x00007dc4     0xc  los_api_sem.o [1]
  .rodata            const    0x00007dd0     0xc  los_api_sem.o [1]
  .rodata            const    0x00007ddc     0xc  los_api_task.o [1]
  .rodata            const    0x00007de8     0xc  los_api_task.o [1]
  .rodata            const    0x00007df4     0xc  los_inspect_entry.o [1]
  .rodata            const    0x00007e00     0xc  los_swtmr.o [1]
  .rodata            const    0x00007e0c     0xc  los_task.o [1]
  .text              ro code  0x00007e18     0xc  cstartup_M.o [6]
  .rodata            const    0x00007e24     0x8  los_api_msgqueue.o [1]
  .text              ro code  0x00007e2c     0x8  los_startup_iar.o [1]
  .rodata            const    0x00007e34     0x4  hardware_routines.o [1]
  .rodata            const    0x00007e38     0x4  los_bsp_adapter.o [1]
  .rodata            const    0x00007e3c     0x4  los_bsp_adapter.o [1]
  .text              ro code  0x00007e40     0x2  los_startup_iar.o [1]
  .text              ro code  0x00007e42     0x2  los_startup_iar.o [1]
  .text              ro code  0x00007e44     0x2  los_startup_iar.o [1]
  .text              ro code  0x00007e46     0x2  los_startup_iar.o [1]
  .text              ro code  0x00007e48     0x2  los_startup_iar.o [1]
  .text              ro code  0x00007e4a     0x2  los_startup_iar.o [1]
  .text              ro code  0x00007e4c     0x2  los_startup_iar.o [1]
  .text              ro code  0x00007e4e     0x2  los_startup_iar.o [1]
  .text              ro code  0x00007e50     0x2  los_startup_iar.o [1]
  .rodata            const    0x00007e52     0x1  los_bsp_adapter.o [1]
  .rodata            const    0x00007e53     0x0  zero_init3.o [6]
  .rodata            const    0x00007e53     0x0  copy_init3.o [6]
  Initializer bytes  const    0x00007e54   0x180  <for P2 s0>
                            - 0x00007fd4  0x7f40

"P2":                                     0x1ff0
  P2 s0                       0x20000000   0x180  <Init block>
    .vector          inited   0x20000000    0xc0  los_hwi.o [1]
    .data            inited   0x200000c0    0xa0  los_inspect_entry.o [1]
    .data            inited   0x20000160    0x14  los_api_msgqueue.o [1]
    .data            inited   0x20000174     0x4  system_efm32hg.o [1]
    .data            inited   0x20000178     0x4  system_efm32hg.o [1]
    .data            inited   0x2000017c     0x1  cslib_config.o [1]
    .data            inited   0x2000017d     0x1  cslib_config.o [1]
    .data            inited   0x2000017e     0x1  cslib_config.o [1]
  .bss               zero     0x20000180  0x1650  los_memory.o [1]
  .bss               zero     0x200017d0   0x258  los_api_static_mem.o [1]
  .bss               zero     0x20001a28    0x64  los_swtmr.o [1]
  .bss               zero     0x20001a8c    0x20  cslib_config.o [1]
  .bss               zero     0x20001aac    0x20  los_memstat.o [1]
  .bss               zero     0x20001acc     0xc  los_api_event.o [1]
  .bss               zero     0x20001ad8     0xc  noise_routines.o [4]
  .bss               zero     0x20001ae4     0x8  los_mux.o [1]
  .bss               zero     0x20001aec     0x8  los_sem.o [1]
  .bss               zero     0x20001af4     0x8  los_task.o [1]
  .bss               zero     0x20001afc     0x8  los_task.o [1]
  .bss               zero     0x20001b04     0x8  los_task.o [1]
  .bss               zero     0x20001b0c     0x8  los_task.o [1]
  .bss               zero     0x20001b14     0x8  los_task.o [1]
  .bss               zero     0x20001b1c     0x4  em_emu.o [1]
  .bss               zero     0x20001b20     0x8  los_tick.o [1]
  .bss               zero     0x20001b28     0x8  los_timeslice.o [1]
  .bss               zero     0x20001b30     0x8  retargetvirtual.o [1]
  .bss               zero     0x20001b38     0x8  xxmemxmalloc.o [3]
  .bss               zero     0x20001b40     0x4  hardware_config.o [1]
  .bss               zero     0x20001b44     0x4  hardware_config.o [1]
  .bss               zero     0x20001b48     0x4  los_api_event.o [1]
  .bss               zero     0x20001b4c     0x4  los_api_msgqueue.o [1]
  .bss               zero     0x20001b50     0x4  los_api_mutex.o [1]
  .bss               zero     0x20001b54     0x4  los_api_mutex.o [1]
  .bss               zero     0x20001b58     0x4  los_api_mutex.o [1]
  .bss               zero     0x20001b5c     0x4  los_api_sem.o [1]
  .bss               zero     0x20001b60     0x4  los_api_sem.o [1]
  .bss               zero     0x20001b64     0x4  los_api_sem.o [1]
  .bss               zero     0x20001b68     0x4  los_api_task.o [1]
  .bss               zero     0x20001b6c     0x4  los_api_task.o [1]
  .bss               zero     0x20001b70     0x4  los_api_timer.o [1]
  .bss               zero     0x20001b74     0x4  los_api_timer.o [1]
  .bss               zero     0x20001b78     0x4  los_bsp_adapter.o [1]
  .bss               zero     0x20001b7c     0x4  los_config.o [1]
  .bss               zero     0x20001b80     0x4  los_config.o [1]
  .bss               zero     0x20001b84     0x4  los_hw_tick.o [1]
  .bss               zero     0x20001b88     0x4  los_hwi.o [1]
  .bss               zero     0x20001b8c     0x4  los_inspect_entry.o [1]
  .bss               zero     0x20001b90     0x4  los_inspect_entry.o [1]
  .bss               zero     0x20001b94     0x4  los_mux.o [1]
  .bss               zero     0x20001b98     0x4  los_priqueue.o [1]
  .bss               zero     0x20001b9c     0x4  los_queue.o [1]
  .bss               zero     0x20001ba0     0x4  los_sem.o [1]
  .bss               zero     0x20001ba4     0x4  los_swtmr.o [1]
  .bss               zero     0x20001ba8     0x4  los_swtmr.o [1]
  .bss               zero     0x20001bac     0x4  los_swtmr.o [1]
  .bss               zero     0x20001bb0     0x4  los_swtmr.o [1]
  .bss               zero     0x20001bb4     0x4  los_task.o [1]
  .bss               zero     0x20001bb8     0x4  los_task.o [1]
  .bss               zero     0x20001bbc     0x4  los_task.o [1]
  .bss               zero     0x20001bc0     0x4  los_task.o [1]
  .bss               zero     0x20001bc4     0x4  los_task.o [1]
  .bss               zero     0x20001bc8     0x4  retargetvirtual.o [1]
  .bss               zero     0x20001bcc     0x4  retargetvirtual.o [1]
  .bss               zero     0x20001bd0     0x4  retargetvirtual.o [1]
  .bss               zero     0x20001bd4     0x4  system_efm32hg.o [1]
  .bss               zero     0x20001bd8     0x4  scanning_routines.o [4]
  .bss               zero     0x20001bdc     0x4  low_power_routines.o [4]
  .bss               zero     0x20001be0     0x2  hardware_routines.o [1]
  .bss               zero     0x20001be2     0x2  los_task.o [1]
  .bss               zero     0x20001be4     0x1  hardware_routines.o [1]
  .bss               zero     0x20001be5     0x1  low_power_config.o [1]
  .bss               zero     0x20001be6     0x1  retargetvirtual.o [1]
  .bss               zero     0x20001be7     0x1  retargetvirtual.o [1]
  .bss               zero     0x20001be8     0x1  exponential_averaging.o [4]
  CSTACK                      0x20001bf0   0x400  <Block>
    CSTACK           uninit   0x20001bf0   0x400  <Block tail>
                            - 0x20001ff0  0x1ff0


*******************************************************************************
*** INIT TABLE
***

          Address     Size
          -------     ----
Zero (__iar_zero_init3)
    1 destination range, total size 0x1a69:
          0x20000180  0x1a69

Copy (__iar_copy_init3)
    1 source range, total size 0x180 (100% of destination):
          0x00007e54   0x180
    1 destination range, total size 0x17f:
          0x20000000   0x17f



*******************************************************************************
*** MODULE SUMMARY
***

    Module                     ro code  ro data  rw data
    ------                     -------  -------  -------
F:\Work\Software\LiteOS\Port_EFM32HG\PortingContest_HAPPYGECKO-STARTER-KIT(SLSTK3400A)_ianhom_1\projects\HAPPYGECKO-STARTER-KIT(SLSTK3400A)_IAR\Debug\Obj: [1]
    bsp_stk_leds.o                 392      176
    cslib_config.o                            3       35
    device_init.o                   72
    em_acmp.o                      152      160
    em_assert.o                      4
    em_cmu.o                     2 440      320
    em_emu.o                        20                 4
    em_gpio.o                      508      320
    em_rtc.o                       168      160
    em_usart.o                     536      160
    hardware_config.o                         6        8
    hardware_routines.o            500       24        3
    los_api_dynamic_mem.o          168      132
    los_api_event.o                280      264       16
    los_api_list.o                 308      168
    los_api_msgqueue.o             360      276       24
    los_api_mutex.o                424      456       12
    los_api_sem.o                  432      472       12
    los_api_static_mem.o           176      176      600
    los_api_systick.o              124       88
    los_api_task.o                 440      488        8
    los_api_timer.o                288      180        8
    los_bsp_adapter.o              320        9        4
    los_bsp_key.o                  220      212
    los_bsp_led.o                   68
    los_bsp_uart.o                  14
    los_config.o                   154                 8
    los_dispatch_iar.o             220
    los_event.o                    776
    los_hw.o                       252
    los_hw_tick.o                   60                 4
    los_hwi.o                       60      192      196
    los_inspect_entry.o            548      460      168
    los_membox.o                   338
    los_memory.o                 1 136             5 712
    los_memstat.o                  100                32
    los_misc.o                      26
    los_multipledlinkhead.o        402
    los_mux.o                      932                12
    los_priqueue.o                 256                 4
    los_queue.o                  1 312                 4
    los_sem.o                      796                12
    los_startup_iar.o              198
    los_swtmr.o                  1 148       12      116
    los_sys.o                       20
    los_task.o                   2 832       12       62
    los_tick.o                      36                 8
    los_timeslice.o                 92                 8
    low_power_config.o              10                 1
    main.o                          52
    retargetio.o                    82
    retargetvirtual.o              424       24       22
    system_efm32hg.o               252        8       12
    ----------------------------------------------------
    Total:                      20 928    4 958    7 115

command line: [2]
    ----------------------------------------------------
    Total:

dl6M_tln.a: [3]
    div.o                           32
    exit.o                           8
    low_level_init.o                 4
    printf.o                        36
    putchar.o                       36
    xprintffull_nomb.o           3 774       24
    xprout.o                        22
    xxmemxfree.o                   136
    xxmemxmalloc.o                                     8
    ----------------------------------------------------
    Total:                       4 048       24        8

libCSLIB_M0_IAR.a: [4]
    baseline_routines.o              2
    data_processing.o               32
    data_shaping_routines.o         12
    exponential_averaging.o         60                 1
    low_power_routines.o            28                 4
    master_algorithm_config.o       68
    noise_routines.o                12                12
    scanning_routines.o                                4
    sensor_node_routines.o          52
    threshold_routines.o            84
    ----------------------------------------------------
    Total:                         350                21

m6M_tl.a: [5]
    DblAddSub.o                    424
    DblCmpGe.o                      50
    DblCmpLe.o                      50
    DblDiv.o                       194
    DblMul.o                       388
    DblToI32.o                      82
    I32ToDbl.o                      52
    xdnorm.o                        68
    xdscale.o                      284
    ----------------------------------------------------
    Total:                       1 592

rt6M_tl.a: [6]
    ABImemcpy.o                     92
    ABImemset.o                     84
    I32DivModFast.o                224
    I64DivMod.o                    106
    I64DivZer.o                      2
    IntDivZer.o                      2
    cexit.o                         10
    cmain.o                         26
    copy_init3.o                    48
    cstartup_M.o                    12
    data_init.o                     40
    memchr.o                        24
    strchr.o                        20
    strlen.o                        16
    zero_init3.o                    60
    ----------------------------------------------------
    Total:                         766

shb_l.a: [7]
    exit.o                          20
    ----------------------------------------------------
    Total:                          20

    Linker created                           38    1 024
--------------------------------------------------------
    Grand Total:                27 704    5 020    8 168


*******************************************************************************
*** ENTRY LIST
***

Entry                      Address    Size  Type      Object
-----                      -------    ----  ----      ------
.iar.init_table$$Base   0x000075bc           --   Gb  - Linker created -
.iar.init_table$$Limit  0x000075e0           --   Gb  - Linker created -
?main                   0x00007841          Code  Gb  cmain.o [6]
ACMP_CapsenseInit       0x000056bf    0x70  Code  Gb  em_acmp.o [1]
BSP_LedClear            0x00005221    0x2a  Code  Gb  bsp_stk_leds.o [1]
BSP_LedSet              0x00005259    0x2a  Code  Gb  bsp_stk_leds.o [1]
BSP_LedsInit            0x000051e1    0x3a  Code  Gb  bsp_stk_leds.o [1]
BUS_RegBitRead          0x00002fa5     0xc  Code  Lc  em_cmu.o [1]
BUS_RegBitRead          0x00004df5     0xc  Code  Lc  los_bsp_key.o [1]
BUS_RegBitWrite         0x000056a5    0x1a  Code  Lc  em_acmp.o [1]
BUS_RegBitWrite         0x00002f8b    0x1a  Code  Lc  em_cmu.o [1]
BUS_RegBitWrite         0x00005749    0x1a  Code  Lc  em_rtc.o [1]
CAPSENSE_Init           0x000054f3    0x86  Code  Gb  hardware_routines.o [1]
CHIP_Init               0x00006f55    0x20  Code  Lc  device_init.o [1]
CMU_ClockDivSet         0x00003245   0x132  Code  Gb  em_cmu.o [1]
CMU_ClockEnable         0x00003385    0x7c  Code  Gb  em_cmu.o [1]
CMU_ClockFreqGet        0x00003419    0xc4  Code  Gb  em_cmu.o [1]
CMU_ClockSelectGet      0x00003509   0x124  Code  Gb  em_cmu.o [1]
CMU_ClockSelectSet      0x00003665   0x1d0  Code  Gb  em_cmu.o [1]
CMU_DivToLog2           0x00002fb1    0x22  Code  Lc  em_cmu.o [1]
CMU_OscillatorEnable    0x00003861    0x82  Code  Gb  em_cmu.o [1]
CSLIB_activeThreshold   0x0000126a     0x2  Data  Gb  hardware_config.o [1]
CSLIB_averageTouchDelta
                        0x00001792     0x2  Data  Gb  hardware_config.o [1]
CSLIB_freeRunSetting    0x2000017e     0x1  Data  Gb  cslib_config.o [1]
CSLIB_inactiveThreshold
                        0x0000178e     0x2  Data  Gb  hardware_config.o [1]
CSLIB_initHardware      0x00006fd9     0xc  Code  Gb  master_algorithm_config.o [4]
CSLIB_initLibrary       0x00006fe5    0x34  Code  Gb  master_algorithm_config.o [4]
CSLIB_node              0x20001a8c    0x20  Data  Gb  cslib_config.o [1]
CSLIB_numSensors        0x2000017c     0x1  Data  Gb  cslib_config.o [1]
CSLIB_resetSensorStruct
                        0x0000701d    0x28  Code  Gb  sensor_node_routines.o [4]
CSLIB_sensorBufferSize  0x2000017d     0x1  Data  Gb  cslib_config.o [1]
CSLIB_systemNoiseAverage
                        0x20001ada     0x2  Data  Gb  noise_routines.o [4]
CSLIB_systemNoiseAverage_internal
                        0x20001ae0     0x4  Data  Gb  noise_routines.o [4]
CSTACK$$Base            0x20001bf0           --   Gb  - Linker created -
CSTACK$$Limit           0x20001ff0           --   Gb  - Linker created -
CS_newData              0x20001bd8     0x2  Data  Gb  scanning_routines.o [4]
EMU_UpdateOscConfig     0x000039fd     0xa  Code  Gb  em_emu.o [1]
Example_Dyn_Mem         0x000067e5    0xa8  Code  Gb  los_api_dynamic_mem.o [1]
Example_Event           0x00006549    0x3c  Code  Gb  los_api_event.o [1]
Example_GetTick         0x00006e29    0x6e  Code  Gb  los_api_systick.o [1]
Example_MsgQueue        0x00005f51    0x88  Code  Gb  los_api_msgqueue.o [1]
Example_MutexLock       0x00005bf1    0xc0  Code  Gb  los_api_mutex.o [1]
Example_MutexTask1      0x00005b59    0x5c  Code  Gb  los_api_mutex.o [1]
Example_MutexTask2      0x00005bb5    0x3c  Code  Gb  los_api_mutex.o [1]
Example_SemTask1        0x000059a9    0x56  Code  Gb  los_api_sem.o [1]
Example_SemTask2        0x000059ff    0x34  Code  Gb  los_api_sem.o [1]
Example_Semphore        0x00005a33    0xde  Code  Gb  los_api_sem.o [1]
Example_SndRcvEvent     0x00006585    0xa6  Code  Gb  los_api_event.o [1]
Example_StaticMem       0x00006735    0xb0  Code  Gb  los_api_static_mem.o [1]
Example_TaskHi          0x000057f1    0x68  Code  Gb  los_api_task.o [1]
Example_TaskLo          0x00005859    0x5a  Code  Gb  los_api_task.o [1]
Example_TskCaseEntry    0x000058b3    0x9e  Code  Gb  los_api_task.o [1]
Example_list            0x0000629f    0xc8  Code  Gb  los_api_list.o [1]
Example_swTimer         0x00006469    0x98  Code  Gb  los_api_timer.o [1]
GPIO_PinInGet           0x00004e01    0x6a  Code  Lc  los_bsp_key.o [1]
GPIO_PinModeSet         0x00004fed   0x116  Code  Gb  em_gpio.o [1]
GPIO_PinOutClear        0x00005111    0x68  Code  Lc  bsp_stk_leds.o [1]
GPIO_PinOutClear        0x00004f15    0x68  Code  Lc  em_gpio.o [1]
GPIO_PinOutSet          0x00005179    0x68  Code  Lc  bsp_stk_leds.o [1]
GPIO_PinOutSet          0x00004f7d    0x68  Code  Lc  em_gpio.o [1]
HAL_init                0x000072e5    0x10  Code  Gb  main.o [1]
Init_BaselineRoutines   0x00007051     0x2  Code  Gb  baseline_routines.o [4]
Init_DataShapingRoutines
                        0x00007055     0xc  Code  Gb  data_shaping_routines.o [4]
Init_ExponentialAveraging
                        0x000070a9    0x2e  Code  Gb  exponential_averaging.o [4]
Init_LowPowerRoutines   0x0000706d    0x14  Code  Gb  low_power_routines.o [4]
Init_NoiseRoutines      0x00007061     0x8  Code  Gb  noise_routines.o [4]
Init_ProcessData        0x00007089    0x16  Code  Gb  data_processing.o [4]
Init_ThresholdRoutines  0x00006ea5    0x40  Code  Gb  threshold_routines.o [4]
LESENSE_sleepScan       0x20001bda     0x2  Data  Gb  scanning_routines.o [4]
LFtoCRLF                0x20001be6     0x1  Data  Lc  retargetvirtual.o [1]
LOS_Align               0x00002d61    0x1a  Code  Gb  los_misc.o [1]
LOS_CyclePerTickGet     0x0000653b     0x4  Code  Gb  los_sys.o [1]
LOS_DLnkInitMultiHead   0x00002ed5    0x18  Code  Gb  los_multipledlinkhead.o [1]
LOS_DLnkMultiHead       0x00002eed    0x22  Code  Gb  los_multipledlinkhead.o [1]
LOS_DLnkNextMultiHead   0x000024d3    0x14  Code  Lc  los_memory.o [1]
LOS_EnableTick          0x00006d9b     0xc  Code  Gb  los_config.o [1]
LOS_EvbGetKeyVal        0x00004ea9    0x28  Code  Gb  los_bsp_key.o [1]
LOS_EvbKeyInit          0x00004e6b    0x24  Code  Gb  los_bsp_key.o [1]
LOS_EvbLedControl       0x00004edf    0x36  Code  Gb  los_bsp_led.o [1]
LOS_EvbLedInit          0x00004ed1     0xe  Code  Gb  los_bsp_led.o [1]
LOS_EvbSetup            0x00006141    0x10  Code  Gb  los_bsp_adapter.o [1]
LOS_EvbUartInit         0x000061c9     0xe  Code  Gb  los_bsp_uart.o [1]
LOS_EventClear          0x00004b57    0x20  Code  Gb  los_event.o [1]
LOS_EventInit           0x000048eb    0x18  Code  Gb  los_event.o [1]
LOS_EventPoll           0x00004903    0x4a  Code  Gb  los_event.o [1]
LOS_EventRead           0x0000494d   0x134  Code  Gb  los_event.o [1]
LOS_EventWrite          0x00004a81    0xd6  Code  Gb  los_event.o [1]
LOS_InspectByID         0x00004bf3    0xde  Code  Gb  los_inspect_entry.o [1]
LOS_InspectStatusSetByID
                        0x00004bad    0x46  Code  Gb  los_inspect_entry.o [1]
LOS_Inspect_Entry       0x00004d67    0x34  Code  Gb  los_inspect_entry.o [1]
LOS_Inspect_KeyAndLed   0x00004cd1    0x44  Code  Lc  los_inspect_entry.o [1]
LOS_Inspect_TskDeal     0x00004d15    0x52  Code  Gb  los_inspect_entry.o [1]
LOS_IntLock             0x000029b3          Code  Gb  los_dispatch_iar.o [1]
LOS_IntNumGet           0x000029a9          Code  Gb  los_dispatch_iar.o [1]
LOS_IntRestore          0x000029c3          Code  Gb  los_dispatch_iar.o [1]
LOS_IntUnLock           0x000029bb          Code  Gb  los_dispatch_iar.o [1]
LOS_KernelInit          0x00006e15    0x12  Code  Gb  los_config.o [1]
LOS_ListAdd             0x0000625f     0xe  Code  Lc  los_api_list.o [1]
LOS_ListAdd             0x000048ab     0xe  Code  Lc  los_event.o [1]
LOS_ListAdd             0x000024a5     0xe  Code  Lc  los_memory.o [1]
LOS_ListAdd             0x00004507     0xe  Code  Lc  los_mux.o [1]
LOS_ListAdd             0x000022af     0xe  Code  Lc  los_priqueue.o [1]
LOS_ListAdd             0x00003a17     0xe  Code  Lc  los_queue.o [1]
LOS_ListAdd             0x00002a4b     0xe  Code  Lc  los_sem.o [1]
LOS_ListAdd             0x0000179f     0xe  Code  Lc  los_task.o [1]
LOS_ListDelete          0x00006277    0x16  Code  Lc  los_api_list.o [1]
LOS_ListDelete          0x000048c3    0x16  Code  Lc  los_event.o [1]
LOS_ListDelete          0x000024bd    0x16  Code  Lc  los_memory.o [1]
LOS_ListDelete          0x0000451f    0x16  Code  Lc  los_mux.o [1]
LOS_ListDelete          0x000022c7    0x16  Code  Lc  los_priqueue.o [1]
LOS_ListDelete          0x00003a2f    0x16  Code  Lc  los_queue.o [1]
LOS_ListDelete          0x00002a63    0x16  Code  Lc  los_sem.o [1]
LOS_ListDelete          0x000017b7    0x16  Code  Lc  los_task.o [1]
LOS_ListEmpty           0x0000628d    0x12  Code  Lc  los_api_list.o [1]
LOS_ListEmpty           0x000048d9    0x12  Code  Lc  los_event.o [1]
LOS_ListEmpty           0x00004535    0x12  Code  Lc  los_mux.o [1]
LOS_ListEmpty           0x000022dd    0x12  Code  Lc  los_priqueue.o [1]
LOS_ListEmpty           0x00003a45    0x12  Code  Lc  los_queue.o [1]
LOS_ListEmpty           0x00002a79    0x12  Code  Lc  los_sem.o [1]
LOS_ListEmpty           0x000017cd    0x12  Code  Lc  los_task.o [1]
LOS_ListInit            0x00006259     0x6  Code  Lc  los_api_list.o [1]
LOS_ListInit            0x000048a5     0x6  Code  Lc  los_event.o [1]
LOS_ListInit            0x00002d7d     0x6  Code  Lc  los_multipledlinkhead.o [1]
LOS_ListInit            0x00004501     0x6  Code  Lc  los_mux.o [1]
LOS_ListInit            0x000022a9     0x6  Code  Lc  los_priqueue.o [1]
LOS_ListInit            0x00003a11     0x6  Code  Lc  los_queue.o [1]
LOS_ListInit            0x00002a45     0x6  Code  Lc  los_sem.o [1]
LOS_ListInit            0x00001799     0x6  Code  Lc  los_task.o [1]
LOS_ListTailInsert      0x0000626d     0xa  Code  Lc  los_api_list.o [1]
LOS_ListTailInsert      0x000048b9     0xa  Code  Lc  los_event.o [1]
LOS_ListTailInsert      0x000024b3     0xa  Code  Lc  los_memory.o [1]
LOS_ListTailInsert      0x00004515     0xa  Code  Lc  los_mux.o [1]
LOS_ListTailInsert      0x000022bd     0xa  Code  Lc  los_priqueue.o [1]
LOS_ListTailInsert      0x00003a25     0xa  Code  Lc  los_queue.o [1]
LOS_ListTailInsert      0x00002a59     0xa  Code  Lc  los_sem.o [1]
LOS_ListTailInsert      0x000017ad     0xa  Code  Lc  los_task.o [1]
LOS_Log2                0x00002d83   0x14a  Code  Lc  los_multipledlinkhead.o [1]
LOS_MemAlloc            0x00002837    0x30  Code  Gb  los_memory.o [1]
LOS_MemAllocAlign       0x00002867    0x56  Code  Gb  los_memory.o [1]
LOS_MemFree             0x000028bd    0x50  Code  Gb  los_memory.o [1]
LOS_MemInit             0x000027a7    0x90  Code  Gb  los_memory.o [1]
LOS_MemboxAlloc         0x0000446b    0x3a  Code  Gb  los_membox.o [1]
LOS_MemboxClr           0x000044e3    0x1c  Code  Gb  los_membox.o [1]
LOS_MemboxFree          0x000044a9    0x3a  Code  Gb  los_membox.o [1]
LOS_MemboxInit          0x000043f5    0x76  Code  Gb  los_membox.o [1]
LOS_MuxCreate           0x0000458f    0x58  Code  Gb  los_mux.o [1]
LOS_MuxDelete           0x000045e7    0x5c  Code  Gb  los_mux.o [1]
LOS_MuxPend             0x00004643   0x128  Code  Gb  los_mux.o [1]
LOS_MuxPost             0x00004785    0xea  Code  Gb  los_mux.o [1]
LOS_PriqueueDequeue     0x0000233d     0x8  Code  Gb  los_priqueue.o [1]
LOS_PriqueueEnqueue     0x00002327    0x16  Code  Gb  los_priqueue.o [1]
LOS_PriqueueSize        0x00002377    0x2a  Code  Gb  los_priqueue.o [1]
LOS_PriqueueTop         0x00002345    0x32  Code  Gb  los_priqueue.o [1]
LOS_QueueCreate         0x00003ba5    0x7a  Code  Gb  los_queue.o [1]
LOS_QueueDelete         0x00003e81    0x86  Code  Gb  los_queue.o [1]
LOS_QueueRead           0x00003c29    0xf6  Code  Gb  los_queue.o [1]
LOS_QueueWrite          0x00003d41   0x100  Code  Gb  los_queue.o [1]
LOS_Schedule            0x000023b1    0x3a  Code  Gb  los_hw.o [1]
LOS_SemCreate           0x00002ad3    0x5c  Code  Gb  los_sem.o [1]
LOS_SemDelete           0x00002b2f    0x56  Code  Gb  los_sem.o [1]
LOS_SemPend             0x00002b85    0xe0  Code  Gb  los_sem.o [1]
LOS_SemPost             0x00002c65    0xa6  Code  Gb  los_sem.o [1]
LOS_SetTickSycle        0x0000617d     0x6  Code  Gb  los_hw_tick.o [1]
LOS_Start               0x00006da7     0xc  Code  Gb  los_config.o [1]
LOS_StartToRun          0x00002969          Code  Gb  los_dispatch_iar.o [1]
LOS_SwtmrCreate         0x000041ad    0x7c  Code  Gb  los_swtmr.o [1]
LOS_SwtmrDelete         0x00004315    0x6c  Code  Gb  los_swtmr.o [1]
LOS_SwtmrStart          0x00004239    0x6c  Code  Gb  los_swtmr.o [1]
LOS_SwtmrStop           0x000042a9    0x68  Code  Gb  los_swtmr.o [1]
LOS_TaskCreate          0x00001e05    0x82  Code  Gb  los_task.o [1]
LOS_TaskCreateOnly      0x00001ca5   0x15c  Code  Gb  los_task.o [1]
LOS_TaskDelay           0x00002121    0x6e  Code  Gb  los_task.o [1]
LOS_TaskDelete          0x00001ff9   0x11c  Code  Gb  los_task.o [1]
LOS_TaskLock            0x00002231    0x16  Code  Gb  los_task.o [1]
LOS_TaskResume          0x00001e8d    0x84  Code  Gb  los_task.o [1]
LOS_TaskSuspend         0x00001f41    0xa4  Code  Gb  los_task.o [1]
LOS_TaskUnlock          0x0000224d    0x30  Code  Gb  los_task.o [1]
LOS_TaskYield           0x000021c5    0x6c  Code  Gb  los_task.o [1]
LOS_TickCountGet        0x00006535     0x6  Code  Gb  los_sys.o [1]
LOS_TickHandler         0x00006151    0x2c  Code  Gb  los_hw_tick.o [1]
LoadInt                 0x00000651    0x68  Code  Lc  xprintffull_nomb.o [3]
LosAdapIntInit          0x000060f7    0x1a  Code  Gb  los_bsp_adapter.o [1]
NVIC_ClearPendingIRQ    0x00005d0f     0xe  Code  Lc  retargetvirtual.o [1]
NVIC_EnableIRQ          0x000054b1     0xe  Code  Lc  hardware_routines.o [1]
NVIC_EnableIRQ          0x00005d01     0xe  Code  Lc  retargetvirtual.o [1]
NVIC_SetPriority        0x00006011    0x86  Code  Lc  los_bsp_adapter.o [1]
PendSV_Handler          0x000029d1          Code  Gb  los_dispatch_iar.o [1]
RETARGET_SerialCrLf     0x00005d7f    0x16  Code  Gb  retargetvirtual.o [1]
RETARGET_SerialInit     0x00005d95    0x8c  Code  Gb  retargetvirtual.o [1]
RETARGET_WriteChar      0x00005e21    0x4c  Code  Gb  retargetvirtual.o [1]
RTC_CompareSet          0x00005763    0x30  Code  Gb  em_rtc.o [1]
RTC_CounterReset        0x000057e1    0x10  Code  Gb  em_rtc.o [1]
RTC_Enable              0x00005793    0x10  Code  Gb  em_rtc.o [1]
RTC_IRQHandler          0x0000560f    0x10  Code  Gb  hardware_routines.o [1]
RTC_Init                0x000057a3    0x2c  Code  Gb  em_rtc.o [1]
RTC_IntClear            0x000054bf     0x6  Code  Lc  hardware_routines.o [1]
RTC_IntEnable           0x000054c5     0xc  Code  Lc  hardware_routines.o [1]
Region$$Table$$Base     0x000075bc           --   Gb  - Linker created -
Region$$Table$$Limit    0x000075e0           --   Gb  - Linker created -
Reset_Handler           0x00007e2d          Code  Wk  los_startup_iar.o [1]
SYSTEM_GetProdRev       0x00002fd3     0xa  Code  Lc  em_cmu.o [1]
SysTick_Config          0x00006097    0x30  Code  Lc  los_bsp_adapter.o [1]
SysTick_Handler         0x000060ef     0x8  Code  Gb  los_bsp_adapter.o [1]
SystemCoreClock         0x20001bd4     0x4  Data  Gb  system_efm32hg.o [1]
SystemCoreClockGet      0x00003901    0x16  Code  Gb  system_efm32hg.o [1]
SystemCoreClockUpdate   0x00006f4d     0x8  Code  Lc  device_init.o [1]
SystemHFClockGet        0x0000391b    0x98  Code  Gb  system_efm32hg.o [1]
SystemHFXOClock         0x20000174     0x4  Data  Lc  system_efm32hg.o [1]
SystemLFRCOClockGet     0x000039b3     0x6  Code  Gb  system_efm32hg.o [1]
SystemLFXOClock         0x20000178     0x4  Data  Lc  system_efm32hg.o [1]
SystemLFXOClockGet      0x000039bf     0x6  Code  Gb  system_efm32hg.o [1]
SystemMaxCoreClockGet   0x00003917     0x4  Code  Gb  system_efm32hg.o [1]
SystemULFRCOClockGet    0x000039b9     0x6  Code  Gb  system_efm32hg.o [1]
TIMER0_IRQHandler       0x000054d1    0x22  Code  Gb  hardware_routines.o [1]
Timer1_Callback         0x00006415    0x26  Code  Gb  los_api_timer.o [1]
Timer2_Callback         0x0000643b    0x2e  Code  Gb  los_api_timer.o [1]
TxBuf                   0x00006ef9    0x1c  Code  Lc  retargetio.o [1]
USART1_RX_IRQHandler    0x00005d29    0x56  Code  Gb  retargetvirtual.o [1]
USART_BaudrateAsyncSet  0x00005299    0xd8  Code  Gb  em_usart.o [1]
USART_Enable            0x00005371    0x2e  Code  Gb  em_usart.o [1]
USART_InitAsync         0x0000539f    0x60  Code  Gb  em_usart.o [1]
USART_IntClear          0x00005d1d     0x4  Code  Lc  retargetvirtual.o [1]
USART_IntEnable         0x00005d21     0x8  Code  Lc  retargetvirtual.o [1]
USART_Reset             0x00005411    0x5e  Code  Gb  em_usart.o [1]
USART_Rx                0x00005495     0xe  Code  Gb  em_usart.o [1]
USART_Tx                0x000054a3     0xe  Code  Gb  em_usart.o [1]
_GenldFullNoMb          0x00000c81   0x2a0  Code  Lc  xprintffull_nomb.o [3]
_LdtobFullNoMb          0x000007ed   0x480  Code  Lc  xprintffull_nomb.o [3]
_LitobFullNoMb          0x000006b9   0x12e  Code  Lc  xprintffull_nomb.o [3]
_PrintfFullNoMb         0x00000095   0x5bc  Code  Gb  xprintffull_nomb.o [3]
_Prout                  0x00007ba1    0x16  Code  Gb  xprout.o [3]
_PutcharsFullNoMb       0x00000f21    0x30  Code  Lc  xprintffull_nomb.o [3]
__Vectors               0x00000000           --   Gb  los_startup_iar.o [1]
__Vectors_End           0x00000094          Data  Gb  los_startup_iar.o [1]
__Vectors_Size {Abs}    0x00000094           --   Gb  los_startup_iar.o [1]
__aeabi_cdcmple         0x00001099          Code  Gb  DblCmpLe.o [5]
__aeabi_cdrcmple        0x000010cb          Code  Gb  DblCmpGe.o [5]
__aeabi_d2iz            0x00001219          Code  Gb  DblToI32.o [5]
__aeabi_d2uiz           0x0000123d          Code  Gb  DblToI32.o [5]
__aeabi_ddiv            0x000016ad          Code  Gb  DblDiv.o [5]
__aeabi_dmul            0x00001529          Code  Gb  DblMul.o [5]
__aeabi_dsub            0x0000135b          Code  Gb  DblAddSub.o [5]
__aeabi_i2d             0x0000126d          Code  Gb  I32ToDbl.o [5]
__aeabi_idiv            0x00001475          Code  Gb  I32DivModFast.o [6]
__aeabi_idiv0           0x00001795          Code  Gb  IntDivZer.o [6]
__aeabi_idivmod         0x00001475          Code  Gb  I32DivModFast.o [6]
__aeabi_ldiv0           0x00001791          Code  Gb  I64DivZer.o [6]
__aeabi_memcpy          0x00000ff9          Code  Gb  ABImemcpy.o [6]
__aeabi_memcpy4         0x00001021          Code  Wk  ABImemcpy.o [6]
__aeabi_memset          0x00002915          Code  Gb  ABImemset.o [6]
__aeabi_ui2d            0x00001281          Code  Gb  I32ToDbl.o [5]
__aeabi_uidiv           0x0000147b          Code  Gb  I32DivModFast.o [6]
__aeabi_uidivmod        0x0000147b          Code  Gb  I32DivModFast.o [6]
__aeabi_uldivmod        0x00000f8f          Code  Gb  I64DivMod.o [6]
__cmain                 0x00007841          Code  Gb  cmain.o [6]
__cmsis_iar_clz         0x00002f75    0x16  Code  Lc  em_cmu.o [1]
__data_Aldata           0x20001b38     0x8  Data  Gb  xxmemxmalloc.o [3]
__exit                  0x00007875    0x14  Code  Gb  exit.o [7]
__iar_Dnorm             0x00001055    0x44  Code  Gb  xdnorm.o [5]
__iar_Dscale            0x000010fd   0x11c  Code  Gb  xdscale.o [5]
__iar_Memchr            0x00000f77    0x18  Code  Gb  memchr.o [6]
__iar_Memset4_word      0x00002935          Code  Gb  ABImemset.o [6]
__iar_Memset_word       0x00002921          Code  Gb  ABImemset.o [6]
__iar_Strchr            0x00000f53    0x14  Code  Gb  strchr.o [6]
__iar_copy_init3        0x00007349    0x30  Code  Gb  copy_init3.o [6]
__iar_d2uiz             0x00001241          Code  Gb  DblToI32.o [5]
__iar_data_init3        0x00007499    0x28  Code  Gb  data_init.o [6]
__iar_program_start     0x00007e19          Code  Gb  cstartup_M.o [6]
__iar_ui2d              0x00001285          Code  Gb  I32ToDbl.o [5]
__iar_zero_init3        0x000071a1    0x3c  Code  Gb  zero_init3.o [6]
__low_level_init        0x0000785b     0x4  Code  Gb  low_level_init.o [3]
__vector_table          0x00000000          Data  Gb  los_startup_iar.o [1]
__vector_table_0x1c     0x0000001c          Data  Gb  los_startup_iar.o [1]
__write                 0x00006f15    0x36  Code  Gb  retargetio.o [1]
_call_main              0x0000784d          Code  Gb  cmain.o [6]
_exit                   0x00007869          Code  Gb  cexit.o [6]
_main                   0x00007857          Code  Gb  cmain.o [6]
abuf                    0x20000160    0x14  Data  Gb  los_api_msgqueue.o [1]
active_thresh           0x20001b40     0x4  Data  Gb  hardware_config.o [1]
active_timer_go_to_sleep
                        0x20001bdd     0x1  Data  Gb  low_power_routines.o [4]
assertEFM               0x000038fd     0x4  Code  Gb  em_assert.o [1]
auxClkGet               0x00002fdd    0x6c  Code  Lc  em_cmu.o [1]
cmuStatus               0x20001b1c     0x4  Data  Lc  em_emu.o [1]
configureRelaxOscActiveMode
                        0x00005581     0xc  Code  Gb  hardware_routines.o [1]
configureSensorForActiveMode
                        0x00005579     0x8  Code  Gb  hardware_routines.o [1]
configureTimerForActiveMode
                        0x0000573d     0xa  Code  Gb  low_power_config.o [1]
dbgClkGet               0x00003049    0x2c  Code  Lc  em_cmu.o [1]
div                     0x0000176f    0x20  Code  Gb  div.o [3]
example_event           0x20001acc     0xc  Data  Gb  los_api_event.o [1]
exit                    0x0000785f     0x8  Code  Gb  exit.o [3]
exp_av_divider          0x20001be8     0x1  Data  Gb  exponential_averaging.o [4]
flashWaitStateControl   0x00003075    0x4a  Code  Lc  em_cmu.o [1]
flashWaitStateMax       0x000030bf     0xc  Code  Lc  em_cmu.o [1]
free                    0x0000638d    0x82  Code  Gb  xxmemxfree.o [3]
gInspect                0x200000c0    0xa0  Data  Lc  los_inspect_entry.o [1]
gInspectErrCnt          0x20001b8c     0x4  Data  Lc  los_inspect_entry.o [1]
g_TestTaskID            0x20001b48     0x4  Data  Gb  los_api_event.o [1]
g_TestTaskID01          0x20001b54     0x4  Data  Gb  los_api_mutex.o [1]
g_TestTaskID01          0x20001b5c     0x4  Data  Lc  los_api_sem.o [1]
g_TestTaskID02          0x20001b58     0x4  Data  Gb  los_api_mutex.o [1]
g_TestTaskID02          0x20001b60     0x4  Data  Lc  los_api_sem.o [1]
g_Testmux01             0x20001b50     0x4  Data  Gb  los_api_mutex.o [1]
g_TskMemUsedInfo        0x20001aac    0x20  Data  Gb  los_memstat.o [1]
g_bTaskScheduled        0x20001bc4     0x4  Data  Gb  los_task.o [1]
g_pstAllMux             0x20001b94     0x4  Data  Gb  los_mux.o [1]
g_pstAllQueue           0x20001b9c     0x4  Data  Gb  los_queue.o [1]
g_pstAllSem             0x20001ba0     0x4  Data  Gb  los_sem.o [1]
g_pstLosPriorityQueueList
                        0x20001b98     0x4  Data  Gb  los_priqueue.o [1]
g_pstTaskCBArray        0x20001bb4     0x4  Data  Gb  los_task.o [1]
g_stLosFreeTask         0x20001b04     0x8  Data  Gb  los_task.o [1]
g_stLosTask             0x20001af4     0x8  Data  Gb  los_task.o [1]
g_stTaskTimeSlice       0x20001b28     0x8  Data  Gb  los_timeslice.o [1]
g_stTaskTimerList       0x20001afc     0x8  Data  Gb  los_task.o [1]
g_stTskRecyleList       0x20001b0c     0x8  Data  Gb  los_task.o [1]
g_stTskSortLink         0x20001b14     0x8  Data  Gb  los_task.o [1]
g_stUnusedMuxList       0x20001ae4     0x8  Data  Gb  los_mux.o [1]
g_stUnusedSemList       0x20001aec     0x8  Data  Gb  los_sem.o [1]
g_sys_mem_addr_end      0x20001b7c     0x4  Data  Gb  los_config.o [1]
g_timercount1           0x20001b70     0x4  Data  Gb  los_api_timer.o [1]
g_timercount2           0x20001b74     0x4  Data  Gb  los_api_timer.o [1]
g_ucMemStart            0x20000180  0x1650  Data  Gb  los_memory.o [1]
g_ucycle_per_tick       0x20001b78     0x4  Data  Lc  los_bsp_adapter.o [1]
g_ullTickCount          0x20001b20     0x8  Data  Gb  los_tick.o [1]
g_usLosTaskLock         0x20001be2     0x2  Data  Gb  los_task.o [1]
g_usSemID               0x20001b64     0x4  Data  Lc  los_api_sem.o [1]
g_use_ram_vect          0x00007e52     0x1  Data  Gb  los_bsp_adapter.o [1]
g_uwCyclesPerTick       0x20001b84     0x4  Data  Gb  los_hw_tick.o [1]
g_uwDemoTaskID          0x20001b90     0x4  Data  Lc  los_inspect_entry.o [1]
g_uwIdleTaskID          0x20001bbc     0x4  Data  Gb  los_task.o [1]
g_uwQueue               0x20001b4c     0x4  Data  Lc  los_api_msgqueue.o [1]
g_uwSwtmrTaskID         0x20001bc0     0x4  Data  Gb  los_task.o [1]
g_uwTskHiID             0x20001b68     0x4  Data  Gb  los_api_task.o [1]
g_uwTskLoID             0x20001b6c     0x4  Data  Gb  los_api_task.o [1]
g_uwTskMaxNum           0x20001bb8     0x4  Data  Gb  los_task.o [1]
g_vuwIntCount           0x20001b88     0x4  Data  Gb  los_hwi.o [1]
inactive_thresh         0x20001b44     0x4  Data  Gb  hardware_config.o [1]
initialized             0x20001be7     0x1  Data  Lc  retargetvirtual.o [1]
ledArray                0x00007ce4    0x10  Data  Lc  bsp_stk_leds.o [1]
lfClkGet                0x000030cb    0xca  Code  Lc  em_cmu.o [1]
m_aucSwTmrHandlerPool   0x20001a28    0x64  Data  Gb  los_swtmr.o [1]
m_aucSysMem0            0x20001b80     0x4  Data  Gb  los_config.o [1]
m_pstHwiForm            0x20000000    0xc0  Data  Gb  los_hwi.o [1]
m_pstSwtmrCBArray       0x20001ba8     0x4  Data  Gb  los_swtmr.o [1]
m_pstSwtmrFreeList      0x20001bac     0x4  Data  Gb  los_swtmr.o [1]
m_pstSwtmrSortList      0x20001bb0     0x4  Data  Gb  los_swtmr.o [1]
m_uwSwTmrHandlerQueue   0x20001ba4     0x4  Data  Gb  los_swtmr.o [1]
main                    0x000072f5    0x24  Code  Gb  main.o [1]
measurementComplete     0x20001be4     0x1  Data  Lc  hardware_routines.o [1]
mode                    0x20001bdc     0x1  Data  Gb  low_power_routines.o [4]
noise_level             0x20001ad8     0x1  Data  Gb  noise_routines.o [4]
osCheckBoxMem           0x000043ad    0x48  Code  Lc  los_membox.o [1]
osDisableIRQ            0x000029af          Code  Gb  los_dispatch_iar.o [1]
osGetVectorAddr         0x0000619f     0x4  Code  Gb  los_hwi.o [1]
osHwiDefaultHandler     0x00006195     0xa  Code  Gb  los_hwi.o [1]
osHwiInit               0x000061a3    0x1c  Code  Gb  los_hwi.o [1]
osIdleTask              0x000017df     0x4  Code  Gb  los_task.o [1]
osIdleTaskCreate        0x00001ab9    0x36  Code  Gb  los_task.o [1]
osIntNumGet             0x0000618d     0x8  Code  Gb  los_hwi.o [1]
osMain                  0x00006db3    0x52  Code  Gb  los_config.o [1]
osMemAllocWithCheck     0x0000274d    0x5a  Code  Lc  los_memory.o [1]
osMemCheckUsedNode      0x00002681    0x9c  Code  Lc  los_memory.o [1]
osMemClearNode          0x00002537     0xe  Code  Lc  los_memory.o [1]
osMemFindSuitableFreeBlock
                        0x000024fb    0x3c  Code  Lc  los_memory.o [1]
osMemFreeNode           0x000025ab    0x98  Code  Lc  los_memory.o [1]
osMemIsNodeValid        0x00002643    0x3e  Code  Lc  los_memory.o [1]
osMemMergeNode          0x00002545    0x1e  Code  Lc  los_memory.o [1]
osMemSetMagicNumAndTaskid
                        0x0000271d    0x24  Code  Lc  los_memory.o [1]
osMemSpitNode           0x00002563    0x48  Code  Lc  los_memory.o [1]
osMemSystemInit         0x000024e7    0x14  Code  Gb  los_memory.o [1]
osMuxInit               0x00004547    0x48  Code  Gb  los_mux.o [1]
osPriqueueInit          0x000022ef    0x38  Code  Gb  los_priqueue.o [1]
osQueueCreate           0x00003a89    0x60  Code  Gb  los_queue.o [1]
osQueueInit             0x00003a57    0x32  Code  Gb  los_queue.o [1]
osQueuePend             0x00003ae9    0x7a  Code  Lc  los_queue.o [1]
osQueueWakeUp           0x00003b63    0x42  Code  Lc  los_queue.o [1]
osRegister              0x00006d8d     0xe  Code  Gb  los_config.o [1]
osSchedule              0x000023a9     0x8  Code  Gb  los_hw.o [1]
osSemInit               0x00002a8b    0x48  Code  Gb  los_sem.o [1]
osSwTmrInit             0x00003fa7    0x86  Code  Gb  los_swtmr.o [1]
osSwTmrStart            0x0000402d    0x60  Code  Gb  los_swtmr.o [1]
osSwTmrTask             0x00003f31    0x42  Code  Gb  los_swtmr.o [1]
osSwTmrTaskCreate       0x00003f73    0x34  Code  Gb  los_swtmr.o [1]
osSwTmrTimeoutHandle    0x0000409d    0x80  Code  Lc  los_swtmr.o [1]
osSwtmrDelete           0x0000408d    0x10  Code  Lc  los_swtmr.o [1]
osSwtmrScan             0x0000411d    0x2a  Code  Gb  los_swtmr.o [1]
osSwtmrStop             0x0000414d    0x44  Code  Gb  los_swtmr.o [1]
osTaskAdd2TimerList     0x00001819    0xb0  Code  Gb  los_task.o [1]
osTaskEntry             0x00001bdd    0x90  Code  Gb  los_task.o [1]
osTaskExit              0x000023eb     0x8  Code  Gb  los_hw.o [1]
osTaskInit              0x000019c3    0xf6  Code  Gb  los_task.o [1]
osTaskMemUsedDec        0x00002f41    0x28  Code  Gb  los_memstat.o [1]
osTaskMemUsedInc        0x00002f11    0x30  Code  Gb  los_memstat.o [1]
osTaskPriModify         0x000017e3    0x36  Code  Gb  los_task.o [1]
osTaskScan              0x00001903    0xc0  Code  Gb  los_task.o [1]
osTaskSchedule          0x000029c9          Code  Gb  los_dispatch_iar.o [1]
osTaskSelfDelete        0x00001af9    0xd6  Code  Gb  los_task.o [1]
osTickHandler           0x000061d9    0x24  Code  Gb  los_tick.o [1]
osTickStart             0x000060c7    0x28  Code  Gb  los_bsp_adapter.o [1]
osTimerListDelete       0x000018c9    0x3a  Code  Gb  los_task.o [1]
osTimesliceCheck        0x0000620b    0x40  Code  Gb  los_timeslice.o [1]
osTimesliceInit         0x000061fd     0xe  Code  Gb  los_timeslice.o [1]
osTskStackInit          0x000023f3    0x68  Code  Gb  los_hw.o [1]
pBoxMem                 0x200017d0   0x258  Data  Gb  los_api_static_mem.o [1]
palClockSetup           0x0000558d    0x16  Code  Lc  hardware_routines.o [1]
printf                  0x00004dd1    0x24  Code  Gb  printf.o [3]
putchar                 0x00007599    0x24  Code  Gb  putchar.o [3]
recv_Entry              0x00005ee9    0x68  Code  Gb  los_api_msgqueue.o [1]
rtcSetup                0x000055a3    0x6c  Code  Gb  hardware_routines.o [1]
rxBuffer                0x20001b30     0x8  Data  Lc  retargetvirtual.o [1]
rxCount                 0x20001bd0     0x4  Data  Lc  retargetvirtual.o [1]
rxReadIndex             0x20001bc8     0x4  Data  Lc  retargetvirtual.o [1]
rxWriteIndex            0x20001bcc     0x4  Data  Lc  retargetvirtual.o [1]
scanResult              0x20001be0     0x2  Data  Lc  hardware_routines.o [1]
send_Entry              0x00005ea9    0x40  Code  Gb  los_api_msgqueue.o [1]
strlen                  0x00000f67    0x10  Code  Gb  strlen.o [6]
syncReg                 0x00003195    0x16  Code  Lc  em_cmu.o [1]
sys_clk_freq            0x00007e38     0x4  Data  Gb  los_bsp_adapter.o [1]
systemInit              0x00006f89     0xc  Code  Gb  device_init.o [1]
system_noise            0x20001adc     0x2  Data  Gb  noise_routines.o [4]
tick_per_second         0x00007e3c     0x4  Data  Gb  los_bsp_adapter.o [1]
timerTick               0x20001be5     0x1  Data  Gb  low_power_config.o [1]
usbCClkGet              0x000031ab    0x2e  Code  Lc  em_cmu.o [1]


[1] = F:\Work\Software\LiteOS\Port_EFM32HG\PortingContest_HAPPYGECKO-STARTER-KIT(SLSTK3400A)_ianhom_1\projects\HAPPYGECKO-STARTER-KIT(SLSTK3400A)_IAR\Debug\Obj
[2] = command line
[3] = dl6M_tln.a
[4] = libCSLIB_M0_IAR.a
[5] = m6M_tl.a
[6] = rt6M_tl.a
[7] = shb_l.a

  27 704 bytes of readonly  code memory
   5 020 bytes of readonly  data memory
   8 168 bytes of readwrite data memory

Errors: none
Warnings: none
